\BOOKMARK [1][-]{section.1}{\376\377\000T\000h\000e\000\040\000P\000r\000o\000b\000l\000e\000m\000\040\000o\000f\000\040\000F\000r\000a\000g\000m\000e\000n\000t\000e\000d\000\040\000O\000n\000t\000o\000l\000o\000g\000i\000e\000s}{}% 1
\BOOKMARK [1][-]{section.2}{\376\377\000M\000a\000t\000h\000e\000m\000a\000t\000i\000c\000a\000l\000\040\000V\000o\000c\000a\000b\000u\000l\000a\000r\000y\000\040\000o\000f\000\040\000t\000h\000e\000\040\000S\000t\000a\000c\000k}{}% 2
\BOOKMARK [1][-]{section.3}{\376\377\000T\000h\000e\000\040\000G\000r\000a\000m\000m\000a\000r\000\040\000o\000f\000\040\000D\000y\000n\000a\000m\000i\000c\000s}{}% 3
\BOOKMARK [1][-]{section.4}{\376\377\000T\000h\000e\000\040\000L\000a\000w\000s\000\040\000B\000e\000n\000e\000a\000t\000h\000\040\000t\000h\000e\000\040\000S\000t\000a\000c\000k}{}% 4
\BOOKMARK [1][-]{section.5}{\376\377\000M\000e\000a\000s\000u\000r\000i\000n\000g\000\040\000M\000e\000a\000n\000i\000n\000g\000\040\000a\000n\000d\000\040\000C\000o\000h\000e\000r\000e\000n\000c\000e}{}% 5
\BOOKMARK [1][-]{section.6}{\376\377\000T\000h\000e\000\040\000S\000e\000m\000a\000n\000t\000i\000c\000s\000\040\000o\000f\000\040\000E\000c\000o\000n\000o\000m\000y}{}% 6
\BOOKMARK [1][-]{section.7}{\376\377\000T\000h\000o\000u\000g\000h\000t\000\040\000a\000s\000\040\000S\000p\000a\000r\000s\000e\000\040\000F\000l\000o\000w}{}% 7
\BOOKMARK [1][-]{section.8}{\376\377\000I\000n\000s\000t\000i\000t\000u\000t\000i\000o\000n\000s\000\040\000a\000s\000\040\000T\000h\000e\000r\000m\000o\000d\000y\000n\000a\000m\000i\000c\000\040\000S\000p\000h\000e\000r\000e\000s}{}% 8
\BOOKMARK [1][-]{section.9}{\376\377\000M\000e\000m\000o\000r\000y\000\040\000L\000a\000t\000t\000i\000c\000e\000s\000\040\000a\000n\000d\000\040\000R\000e\000c\000u\000r\000s\000i\000v\000e\000\040\000C\000o\000n\000t\000i\000n\000u\000i\000t\000y}{}% 9
\BOOKMARK [1][-]{section.10}{\376\377\000D\000e\000s\000c\000e\000n\000t\000\040\000i\000n\000t\000o\000\040\000C\000o\000g\000n\000i\000t\000i\000v\000e\000\040\000O\000p\000t\000i\000m\000i\000z\000a\000t\000i\000o\000n}{}% 10
\BOOKMARK [1][-]{section.11}{\376\377\000U\000n\000i\000v\000e\000r\000s\000a\000l\000\040\000P\000a\000t\000t\000e\000r\000n\000s\000\040\000o\000f\000\040\000C\000o\000l\000l\000a\000p\000s\000e}{}% 11
\BOOKMARK [1][-]{section.12}{\376\377\000E\000m\000p\000i\000r\000i\000c\000a\000l\000\040\000H\000o\000r\000i\000z\000o\000n\000s\000:\000\040\000E\000n\000t\000r\000o\000p\000i\000c\000\040\000R\000e\000d\000s\000h\000i\000f\000t}{}% 12
\BOOKMARK [1][-]{section.13}{\376\377\000C\000a\000t\000e\000g\000o\000r\000i\000c\000a\000l\000\040\000C\000o\000a\000r\000s\000e\000-\000G\000r\000a\000i\000n\000i\000n\000g\000\040\000o\000f\000\040\000t\000h\000e\000\040\000S\000t\000a\000c\000k}{}% 13
\BOOKMARK [1][-]{section.14}{\376\377\000L\000i\000n\000e\000a\000r\000\040\000S\000t\000a\000b\000i\000l\000i\000t\000y\000\040\000a\000n\000d\000\040\000B\000i\000f\000u\000r\000c\000a\000t\000i\000o\000n}{}% 14
\BOOKMARK [1][-]{section.15}{\376\377\000N\000u\000m\000e\000r\000i\000c\000a\000l\000\040\000S\000c\000h\000e\000m\000e\000s\000\040\000a\000n\000d\000\040\000C\000o\000m\000p\000u\000t\000a\000t\000i\000o\000n\000a\000l\000\040\000V\000a\000l\000i\000d\000a\000t\000i\000o\000n}{}% 15
\BOOKMARK [1][-]{section.16}{\376\377\000O\000b\000s\000e\000r\000v\000a\000b\000l\000e\000s\000\040\000a\000n\000d\000\040\000C\000o\000h\000e\000r\000e\000n\000c\000e\000\040\000E\000v\000o\000l\000u\000t\000i\000o\000n}{}% 16
\BOOKMARK [1][-]{section.17}{\376\377\000R\000e\000d\000s\000h\000i\000f\000t\000\040\000C\000a\000l\000i\000b\000r\000a\000t\000i\000o\000n\000\040\000a\000n\000d\000\040\000C\000o\000s\000m\000o\000l\000o\000g\000i\000c\000a\000l\000\040\000T\000e\000s\000t\000s}{}% 17
\BOOKMARK [1][-]{section.18}{\376\377\000C\000L\000I\000O\000\040\000A\000r\000c\000h\000i\000t\000e\000c\000t\000u\000r\000e\000s\000\040\000a\000n\000d\000\040\000N\000e\000u\000r\000a\000l\000\040\000I\000m\000p\000l\000e\000m\000e\000n\000t\000a\000t\000i\000o\000n}{}% 18
\BOOKMARK [1][-]{section.19}{\376\377\000T\000A\000R\000T\000A\000N\000\040\000G\000e\000n\000e\000r\000a\000l\000i\000z\000a\000t\000i\000o\000n\000\040\000a\000n\000d\000\040\000O\000u\000t\000-\000o\000f\000-\000D\000i\000s\000t\000r\000i\000b\000u\000t\000i\000o\000n\000\040\000R\000o\000b\000u\000s\000t\000n\000e\000s\000s}{}% 19
\BOOKMARK [1][-]{section.20}{\376\377\000S\000p\000h\000e\000r\000e\000p\000o\000p\000\040\000M\000o\000n\000t\000e\000\040\000C\000a\000r\000l\000o\000\040\000a\000n\000d\000\040\000I\000n\000s\000t\000i\000t\000u\000t\000i\000o\000n\000a\000l\000\040\000D\000y\000n\000a\000m\000i\000c\000s}{}% 20
\BOOKMARK [1][-]{section.21}{\376\377\000P\000h\000i\000l\000o\000s\000o\000p\000h\000i\000c\000a\000l\000\040\000I\000m\000p\000l\000i\000c\000a\000t\000i\000o\000n\000s}{}% 21
\BOOKMARK [1][-]{section.22}{\376\377\000H\000i\000s\000t\000o\000r\000i\000c\000a\000l\000\040\000L\000i\000n\000e\000a\000g\000e}{}% 22
\BOOKMARK [1][-]{section.23}{\376\377\000F\000u\000t\000u\000r\000e\000\040\000D\000i\000r\000e\000c\000t\000i\000o\000n\000s\000\040\000a\000n\000d\000\040\000O\000p\000e\000n\000\040\000P\000r\000o\000b\000l\000e\000m\000s}{}% 23
\BOOKMARK [1][-]{appendix.A}{\376\377\000C\000a\000t\000e\000g\000o\000r\000i\000c\000a\000l\000\040\000C\000o\000a\000r\000s\000e\000-\000G\000r\000a\000i\000n\000i\000n\000g}{}% 24
\BOOKMARK [1][-]{appendix.B}{\376\377\000N\000u\000m\000e\000r\000i\000c\000a\000l\000\040\000I\000m\000p\000l\000e\000m\000e\000n\000t\000a\000t\000i\000o\000n}{}% 25
\BOOKMARK [1][-]{appendix.C}{\376\377\000L\000i\000n\000e\000a\000r\000\040\000S\000t\000a\000b\000i\000l\000i\000t\000y\000\040\000A\000n\000a\000l\000y\000s\000i\000s}{}% 26
