\BOOKMARK [1][-]{section.1}{\376\377\000I\000n\000t\000r\000o\000d\000u\000c\000t\000i\000o\000n\000:\000\040\000F\000r\000o\000m\000\040\000P\000h\000e\000n\000o\000m\000e\000n\000o\000l\000o\000g\000y\000\040\000t\000o\000\040\000F\000i\000e\000l\000d\000\040\000G\000e\000o\000m\000e\000t\000r\000y}{}% 1
\BOOKMARK [2][-]{subsection.1.1}{\376\377\000A\000c\000c\000e\000s\000s\000\040\000a\000n\000d\000\040\000P\000h\000e\000n\000o\000m\000e\000n\000a\000l\000\040\000C\000o\000n\000s\000c\000i\000o\000u\000s\000n\000e\000s\000s}{section.1}% 2
\BOOKMARK [2][-]{subsection.1.2}{\376\377\000T\000h\000e\000\040\000C\000o\000g\000n\000i\000t\000i\000v\000e\000\040\000A\000c\000t\000i\000o\000n\000\040\000F\000u\000n\000c\000t\000i\000o\000n\000a\000l}{section.1}% 3
\BOOKMARK [2][-]{subsection.1.3}{\376\377\000P\000h\000e\000n\000o\000m\000e\000n\000o\000l\000o\000g\000i\000c\000a\000l\000\040\000S\000u\000p\000p\000r\000e\000s\000s\000i\000o\000n\000\040\000a\000s\000\040\000B\000o\000u\000n\000d\000a\000r\000y\000\040\000C\000o\000n\000s\000t\000r\000a\000i\000n\000t}{section.1}% 4
\BOOKMARK [2][-]{subsection.1.4}{\376\377\000T\000h\000e\000\040\000S\000e\000m\000a\000n\000t\000i\000c\000\040\000C\000o\000n\000t\000i\000n\000u\000i\000t\000y\000\040\000E\000q\000u\000a\000t\000i\000o\000n}{section.1}% 5
\BOOKMARK [2][-]{subsection.1.5}{\376\377\000P\000h\000e\000n\000o\000m\000e\000n\000o\000l\000o\000g\000i\000c\000a\000l\000\040\000N\000u\000l\000l\000\040\000R\000e\000g\000i\000m\000e}{section.1}% 6
\BOOKMARK [2][-]{subsection.1.6}{\376\377\000E\000n\000t\000r\000o\000p\000y\000\040\000F\000u\000n\000c\000t\000i\000o\000n\000a\000l\000\040\000a\000n\000d\000\040\000N\000e\000g\000e\000n\000t\000r\000o\000p\000i\000c\000\040\000P\000o\000t\000e\000n\000t\000i\000a\000l}{section.1}% 7
\BOOKMARK [2][-]{subsection.1.7}{\376\377\000D\000i\000s\000c\000u\000s\000s\000i\000o\000n\000:\000\040\000C\000o\000g\000n\000i\000t\000i\000v\000e\000\040\000G\000e\000o\000m\000e\000t\000r\000y\000\040\000a\000s\000\040\000E\000n\000t\000r\000o\000p\000i\000c\000\040\000D\000y\000n\000a\000m\000i\000c\000s}{section.1}% 8
\BOOKMARK [1][-]{section.2}{\376\377\000H\000i\000s\000t\000o\000r\000i\000c\000a\000l\000,\000\040\000E\000m\000p\000i\000r\000i\000c\000a\000l\000,\000\040\000a\000n\000d\000\040\000T\000h\000e\000o\000r\000e\000t\000i\000c\000a\000l\000\040\000C\000o\000n\000t\000e\000x\000t}{}% 9
\BOOKMARK [2][-]{subsection.2.1}{\376\377\0002\000.\0001\000\040\000T\000h\000e\000\040\000I\000m\000a\000g\000e\000r\000y\000\040\000D\000e\000b\000a\000t\000e\000\040\000a\000n\000d\000\040\000t\000h\000e\000\040\000A\000p\000h\000a\000n\000t\000a\000s\000i\000a\000\040\000P\000a\000r\000a\000d\000i\000g\000m}{section.2}% 10
\BOOKMARK [2][-]{subsection.2.2}{\376\377\0002\000.\0002\000\040\000C\000o\000x\040\031\000s\000\040\000M\000i\000m\000e\000t\000i\000c\000\040\000H\000y\000p\000o\000t\000h\000e\000s\000i\000s}{section.2}% 11
\BOOKMARK [2][-]{subsection.2.3}{\376\377\0002\000.\0003\000\040\000F\000o\000r\000m\000a\000l\000\040\000T\000r\000a\000n\000s\000l\000a\000t\000i\000o\000n\000\040\000i\000n\000t\000o\000\040\000R\000S\000V\000P}{section.2}% 12
\BOOKMARK [2][-]{subsection.2.4}{\376\377\0002\000.\0004\000\040\000E\000m\000p\000i\000r\000i\000c\000a\000l\000\040\000C\000o\000r\000r\000e\000s\000p\000o\000n\000d\000e\000n\000c\000e}{section.2}% 13
\BOOKMARK [2][-]{subsection.2.5}{\376\377\0002\000.\0005\000\040\000E\000x\000t\000e\000n\000d\000e\000d\000\040\000a\000n\000d\000\040\000E\000n\000a\000c\000t\000i\000v\000e\000\040\000C\000o\000g\000n\000i\000t\000i\000o\000n}{section.2}% 14
\BOOKMARK [2][-]{subsection.2.6}{\376\377\0002\000.\0006\000\040\000S\000u\000m\000m\000a\000r\000y}{section.2}% 15
\BOOKMARK [1][-]{section.3}{\376\377\000M\000a\000t\000h\000e\000m\000a\000t\000i\000c\000a\000l\000\040\000F\000o\000u\000n\000d\000a\000t\000i\000o\000n\000s}{}% 16
\BOOKMARK [2][-]{subsection.3.1}{\376\377\0003\000.\0001\000\040\000G\000e\000o\000m\000e\000t\000r\000i\000c\000\040\000S\000t\000r\000u\000c\000t\000u\000r\000e\000\040\000o\000f\000\040\000t\000h\000e\000\040\000C\000o\000g\000n\000i\000t\000i\000v\000e\000\040\000M\000a\000n\000i\000f\000o\000l\000d}{section.3}% 17
\BOOKMARK [2][-]{subsection.3.2}{\376\377\0003\000.\0002\000\040\000C\000u\000r\000v\000a\000t\000u\000r\000e\000\040\000a\000n\000d\000\040\000D\000i\000f\000f\000u\000s\000i\000o\000n}{section.3}% 18
\BOOKMARK [2][-]{subsection.3.3}{\376\377\0003\000.\0003\000\040\000F\000u\000n\000c\000t\000i\000o\000n\000-\000S\000p\000a\000c\000e\000\040\000T\000o\000p\000o\000l\000o\000g\000y\000\040\000a\000n\000d\000\040\000W\000e\000l\000l\000-\000P\000o\000s\000e\000d\000n\000e\000s\000s}{section.3}% 19
\BOOKMARK [2][-]{subsection.3.4}{\376\377\0003\000.\0004\000\040\000H\000o\000d\000g\000e\000\040\000a\000n\000d\000\040\000H\000e\000l\000m\000h\000o\000l\000t\000z\000\040\000D\000e\000c\000o\000m\000p\000o\000s\000i\000t\000i\000o\000n\000s}{section.3}% 20
\BOOKMARK [2][-]{subsection.3.5}{\376\377\0003\000.\0005\000\040\000S\000p\000e\000c\000t\000r\000a\000l\000\040\000E\000x\000p\000a\000n\000s\000i\000o\000n\000\040\000a\000n\000d\000\040\000M\000o\000d\000e\000\040\000A\000n\000a\000l\000y\000s\000i\000s}{section.3}% 21
\BOOKMARK [2][-]{subsection.3.6}{\376\377\0003\000.\0006\000\040\000D\000i\000s\000c\000u\000s\000s\000i\000o\000n}{section.3}% 22
\BOOKMARK [1][-]{section.4}{\376\377\000M\000i\000m\000e\000t\000i\000c\000\040\000P\000r\000o\000j\000e\000c\000t\000i\000o\000n\000\040\000L\000a\000y\000e\000r\000s}{}% 23
\BOOKMARK [2][-]{subsection.4.1}{\376\377\0004\000.\0001\000\040\000F\000u\000n\000c\000t\000i\000o\000n\000a\000l\000\040\000D\000e\000c\000o\000m\000p\000o\000s\000i\000t\000i\000o\000n\000\040\000o\000f\000\040\000C\000o\000g\000n\000i\000t\000i\000v\000e\000\040\000F\000i\000e\000l\000d\000s}{section.4}% 24
\BOOKMARK [2][-]{subsection.4.2}{\376\377\0004\000.\0002\000\040\000P\000r\000o\000j\000e\000c\000t\000i\000o\000n\000\040\000K\000e\000r\000n\000e\000l\000s\000\040\000a\000n\000d\000\040\000R\000e\000p\000r\000o\000d\000u\000c\000i\000n\000g\000\040\000G\000e\000o\000m\000e\000t\000r\000y}{section.4}% 25
\BOOKMARK [2][-]{subsection.4.3}{\376\377\0004\000.\0003\000\040\000I\000n\000f\000o\000r\000m\000a\000t\000i\000o\000n\000-\000T\000h\000e\000o\000r\000e\000t\000i\000c\000\040\000F\000o\000r\000m\000u\000l\000a\000t\000i\000o\000n}{section.4}% 26
\BOOKMARK [2][-]{subsection.4.4}{\376\377\0004\000.\0004\000\040\000C\000o\000m\000p\000u\000t\000a\000t\000i\000o\000n\000a\000l\000\040\000E\000f\000f\000i\000c\000i\000e\000n\000c\000y\000\040\000T\000h\000e\000o\000r\000e\000m}{section.4}% 27
\BOOKMARK [2][-]{subsection.4.5}{\376\377\0004\000.\0005\000\040\000N\000e\000u\000r\000a\000l\000\040\000C\000o\000r\000r\000e\000l\000a\000t\000e\000s}{section.4}% 28
\BOOKMARK [2][-]{subsection.4.6}{\376\377\0004\000.\0006\000\040\000E\000n\000t\000r\000o\000p\000i\000c\000\040\000S\000t\000a\000b\000i\000l\000i\000t\000y\000\040\000o\000f\000\040\000P\000r\000o\000j\000e\000c\000t\000i\000o\000n\000\040\000M\000o\000d\000e\000s}{section.4}% 29
\BOOKMARK [2][-]{subsection.4.7}{\376\377\0004\000.\0007\000\040\000D\000i\000s\000c\000u\000s\000s\000i\000o\000n}{section.4}% 30
\BOOKMARK [1][-]{section.5}{\376\377\000M\000i\000m\000e\000t\000i\000c\000\040\000P\000r\000o\000x\000i\000e\000s\000\040\000\050\000C\000o\000x\000\051}{}% 31
\BOOKMARK [2][-]{subsection.5.1}{\376\377\0005\000.\0001\000\040\000F\000r\000o\000m\000\040\000C\000o\000v\000e\000r\000t\000\040\000S\000i\000m\000u\000l\000a\000t\000i\000o\000n\000\040\000t\000o\000\040\000F\000i\000e\000l\000d\000\040\000C\000o\000u\000p\000l\000i\000n\000g}{section.5}% 32
\BOOKMARK [2][-]{subsection.5.2}{\376\377\0005\000.\0002\000\040\000C\000o\000u\000p\000l\000i\000n\000g\000\040\000F\000u\000n\000c\000t\000i\000o\000n\000a\000l\000\040\000a\000n\000d\000\040\000V\000a\000r\000i\000a\000t\000i\000o\000n\000a\000l\000\040\000D\000y\000n\000a\000m\000i\000c\000s}{section.5}% 33
\BOOKMARK [2][-]{subsection.5.3}{\376\377\0005\000.\0003\000\040\000H\000i\000e\000r\000a\000r\000c\000h\000i\000c\000a\000l\000\040\000M\000o\000t\000o\000r\000\040\000S\000i\000m\000u\000l\000a\000t\000i\000o\000n}{section.5}% 34
\BOOKMARK [2][-]{subsection.5.4}{\376\377\0005\000.\0004\000\040\000M\000i\000r\000r\000o\000r\000\040\000N\000e\000u\000r\000o\000n\000\040\000a\000n\000d\000\040\000I\000d\000e\000o\000m\000o\000t\000o\000r\000\040\000I\000n\000t\000e\000r\000p\000r\000e\000t\000a\000t\000i\000o\000n\000s}{section.5}% 35
\BOOKMARK [2][-]{subsection.5.5}{\376\377\0005\000.\0005\000\040\000E\000m\000b\000o\000d\000i\000e\000d\000\040\000S\000t\000i\000g\000m\000e\000r\000g\000y}{section.5}% 36
\BOOKMARK [2][-]{subsection.5.6}{\376\377\0005\000.\0006\000\040\000C\000a\000s\000e\000\040\000S\000t\000u\000d\000y\000:\000\040\000G\000e\000s\000t\000u\000r\000e\000\040\000a\000s\000\040\000C\000o\000g\000n\000i\000t\000i\000v\000e\000\040\000P\000r\000o\000p\000a\000g\000a\000t\000i\000o\000n}{section.5}% 37
\BOOKMARK [2][-]{subsection.5.7}{\376\377\0005\000.\0007\000\040\000D\000i\000s\000c\000u\000s\000s\000i\000o\000n}{section.5}% 38
\BOOKMARK [1][-]{section.6}{\376\377\000M\000i\000d\000b\000r\000a\000i\000n\000\040\000M\000o\000d\000u\000l\000a\000t\000i\000o\000n\000\040\000a\000n\000d\000\040\000A\000m\000p\000l\000i\000t\000w\000i\000s\000t\000o\000r\000\040\000D\000y\000n\000a\000m\000i\000c\000s}{}% 39
\BOOKMARK [2][-]{subsection.6.1}{\376\377\0006\000.\0001\000\040\000C\000e\000n\000t\000r\000a\000l\000\040\000P\000a\000t\000t\000e\000r\000n\000\040\000G\000e\000n\000e\000r\000a\000t\000o\000r\000\040\000A\000r\000c\000h\000i\000t\000e\000c\000t\000u\000r\000e}{section.6}% 40
\BOOKMARK [2][-]{subsection.6.2}{\376\377\0006\000.\0002\000\040\000C\000o\000u\000p\000l\000i\000n\000g\000\040\000t\000o\000\040\000R\000S\000V\000P\000\040\000F\000i\000e\000l\000d\000s}{section.6}% 41
\BOOKMARK [2][-]{subsection.6.3}{\376\377\0006\000.\0003\000\040\000A\000m\000p\000l\000i\000t\000w\000i\000s\000t\000o\000r\000\040\000R\000e\000p\000r\000e\000s\000e\000n\000t\000a\000t\000i\000o\000n}{section.6}% 42
\BOOKMARK [2][-]{subsection.6.4}{\376\377\0006\000.\0004\000\040\000B\000i\000f\000u\000r\000c\000a\000t\000i\000o\000n\000\040\000a\000n\000d\000\040\000S\000t\000a\000b\000i\000l\000i\000t\000y\000\040\000A\000n\000a\000l\000y\000s\000i\000s}{section.6}% 43
\BOOKMARK [2][-]{subsection.6.5}{\376\377\0006\000.\0005\000\040\000K\000u\000r\000a\000m\000o\000t\000o\000\040\000P\000h\000a\000s\000e\000\040\000S\000y\000n\000c\000h\000r\000o\000n\000i\000z\000a\000t\000i\000o\000n}{section.6}% 44
\BOOKMARK [2][-]{subsection.6.6}{\376\377\0006\000.\0006\000\040\000N\000e\000u\000r\000o\000a\000n\000a\000t\000o\000m\000i\000c\000a\000l\000\040\000M\000a\000p\000p\000i\000n\000g}{section.6}% 45
\BOOKMARK [2][-]{subsection.6.7}{\376\377\0006\000.\0007\000\040\000A\000m\000p\000l\000i\000t\000w\000i\000s\000t\000o\000r\000\040\000F\000i\000e\000l\000d\000\040\000E\000n\000e\000r\000g\000y}{section.6}% 46
\BOOKMARK [2][-]{subsection.6.8}{\376\377\0006\000.\0008\000\040\000D\000i\000s\000c\000u\000s\000s\000i\000o\000n}{section.6}% 47
\BOOKMARK [1][-]{section.7}{\376\377\000T\000A\000R\000T\000A\000N\000:\000\040\000T\000r\000a\000j\000e\000c\000t\000o\000r\000y\040\023\000A\000w\000a\000r\000e\000\040\000R\000e\000c\000u\000r\000s\000i\000v\000e\000\040\000T\000i\000l\000i\000n\000g\000\040\000w\000i\000t\000h\000\040\000A\000n\000n\000o\000t\000a\000t\000e\000d\000\040\000N\000o\000i\000s\000e}{}% 48
\BOOKMARK [2][-]{subsection.7.1}{\376\377\0007\000.\0001\000\040\000M\000o\000t\000i\000v\000a\000t\000i\000o\000n\000\040\000a\000n\000d\000\040\000C\000o\000n\000c\000e\000p\000t\000u\000a\000l\000\040\000F\000r\000a\000m\000e\000w\000o\000r\000k}{section.7}% 49
\BOOKMARK [2][-]{subsection.7.2}{\376\377\0007\000.\0002\000\040\000R\000e\000n\000o\000r\000m\000a\000l\000i\000z\000a\000t\000i\000o\000n\000\040\000O\000p\000e\000r\000a\000t\000o\000r\000\040\000a\000n\000d\000\040\000A\000n\000n\000o\000t\000a\000t\000e\000d\000\040\000N\000o\000i\000s\000e}{section.7}% 50
\BOOKMARK [2][-]{subsection.7.3}{\376\377\0007\000.\0003\000\040\000T\000h\000e\000\040\000R\000e\000n\000o\000r\000m\000a\000l\000i\000z\000a\000t\000i\000o\000n\000\040\000F\000l\000o\000w\000\040\000T\000h\000e\000o\000r\000e\000m}{section.7}% 51
\BOOKMARK [2][-]{subsection.7.4}{\376\377\0007\000.\0004\000\040\000A\000l\000g\000o\000r\000i\000t\000h\000m\000i\000c\000\040\000I\000m\000p\000l\000e\000m\000e\000n\000t\000a\000t\000i\000o\000n}{section.7}% 52
\BOOKMARK [2][-]{subsection.7.5}{\376\377\0007\000.\0005\000\040\000E\000n\000t\000r\000o\000p\000i\000c\000\040\000E\000n\000e\000r\000g\000y\000\040\000a\000n\000d\000\040\000F\000i\000x\000e\000d\000-\000P\000o\000i\000n\000t\000\040\000C\000o\000n\000d\000i\000t\000i\000o\000n\000s}{section.7}% 53
\BOOKMARK [2][-]{subsection.7.6}{\376\377\0007\000.\0006\000\040\000G\000e\000o\000m\000e\000t\000r\000i\000c\000\040\000I\000n\000t\000e\000r\000p\000r\000e\000t\000a\000t\000i\000o\000n}{section.7}% 54
\BOOKMARK [2][-]{subsection.7.7}{\376\377\0007\000.\0007\000\040\000N\000u\000m\000e\000r\000i\000c\000a\000l\000\040\000I\000l\000l\000u\000s\000t\000r\000a\000t\000i\000o\000n}{section.7}% 55
\BOOKMARK [2][-]{subsection.7.8}{\376\377\0007\000.\0008\000\040\000D\000i\000s\000c\000u\000s\000s\000i\000o\000n}{section.7}% 56
\BOOKMARK [1][-]{section.8}{\376\377\000C\000L\000I\000O\000:\000\040\000C\000o\000g\000n\000i\000t\000i\000v\000e\000\040\000L\000o\000o\000p\000\040\000v\000i\000a\000\040\000I\000n\000-\000S\000i\000t\000u\000\040\000O\000p\000t\000i\000m\000i\000z\000a\000t\000i\000o\000n}{}% 57
\BOOKMARK [2][-]{subsection.8.1}{\376\377\0008\000.\0001\000\040\000O\000v\000e\000r\000v\000i\000e\000w\000\040\000a\000n\000d\000\040\000F\000u\000n\000c\000t\000i\000o\000n\000a\000l\000\040\000D\000e\000f\000i\000n\000i\000t\000i\000o\000n}{section.8}% 58
\BOOKMARK [2][-]{subsection.8.2}{\376\377\0008\000.\0002\000\040\000V\000a\000r\000i\000a\000t\000i\000o\000n\000a\000l\000\040\000D\000e\000r\000i\000v\000a\000t\000i\000v\000e\000s\000\040\000a\000n\000d\000\040\000F\000i\000e\000l\000d\000\040\000E\000q\000u\000a\000t\000i\000o\000n\000s}{section.8}% 59
\BOOKMARK [2][-]{subsection.8.3}{\376\377\0008\000.\0003\000\040\000F\000i\000x\000e\000d\000\040\000P\000o\000i\000n\000t\000s\000\040\000a\000n\000d\000\040\000S\000t\000a\000b\000i\000l\000i\000t\000y}{section.8}% 60
\BOOKMARK [2][-]{subsection.8.4}{\376\377\0008\000.\0004\000\040\000S\000p\000e\000c\000t\000r\000a\000l\000\040\000D\000e\000c\000o\000m\000p\000o\000s\000i\000t\000i\000o\000n\000\040\000a\000n\000d\000\040\000L\000e\000a\000r\000n\000i\000n\000g\000\040\000M\000o\000d\000e\000s}{section.8}% 61
\BOOKMARK [2][-]{subsection.8.5}{\376\377\0008\000.\0005\000\040\000C\000o\000u\000p\000l\000i\000n\000g\000\040\000t\000o\000\040\000T\000A\000R\000T\000A\000N\000\040\000a\000n\000d\000\040\000A\000m\000p\000l\000i\000t\000w\000i\000s\000t\000o\000r\000\040\000L\000a\000y\000e\000r\000s}{section.8}% 62
\BOOKMARK [2][-]{subsection.8.6}{\376\377\0008\000.\0006\000\040\000T\000h\000e\000r\000m\000o\000d\000y\000n\000a\000m\000i\000c\000\040\000I\000n\000t\000e\000r\000p\000r\000e\000t\000a\000t\000i\000o\000n}{section.8}% 63
\BOOKMARK [2][-]{subsection.8.7}{\376\377\0008\000.\0007\000\040\000A\000l\000g\000o\000r\000i\000t\000h\000m\000i\000c\000\040\000R\000e\000a\000l\000i\000z\000a\000t\000i\000o\000n}{section.8}% 64
\BOOKMARK [2][-]{subsection.8.8}{\376\377\0008\000.\0008\000\040\000D\000i\000s\000c\000u\000s\000s\000i\000o\000n}{section.8}% 65
\BOOKMARK [1][-]{section.9}{\376\377\000E\000n\000v\000i\000r\000o\000n\000m\000e\000n\000t\000a\000l\000\040\000S\000t\000i\000g\000m\000e\000r\000g\000y\000\040\000a\000n\000d\000\040\000D\000i\000s\000t\000r\000i\000b\000u\000t\000e\000d\000\040\000C\000o\000m\000p\000u\000t\000a\000t\000i\000o\000n}{}% 66
\BOOKMARK [2][-]{subsection.9.1}{\376\377\0009\000.\0001\000\040\000C\000o\000n\000c\000e\000p\000t\000u\000a\000l\000\040\000O\000v\000e\000r\000v\000i\000e\000w}{section.9}% 67
\BOOKMARK [2][-]{subsection.9.2}{\376\377\0009\000.\0002\000\040\000C\000o\000u\000p\000l\000e\000d\000\040\000F\000i\000e\000l\000d\000\040\000E\000q\000u\000a\000t\000i\000o\000n\000s}{section.9}% 68
\BOOKMARK [2][-]{subsection.9.3}{\376\377\0009\000.\0003\000\040\000B\000o\000u\000n\000d\000a\000r\000y\000\040\000C\000o\000n\000d\000i\000t\000i\000o\000n\000s\000\040\000a\000n\000d\000\040\000I\000n\000t\000e\000r\000f\000a\000c\000e\000\040\000D\000y\000n\000a\000m\000i\000c\000s}{section.9}% 69
\BOOKMARK [2][-]{subsection.9.4}{\376\377\0009\000.\0004\000\040\000C\000o\000n\000s\000e\000r\000v\000a\000t\000i\000o\000n\000\040\000o\000f\000\040\000T\000o\000t\000a\000l\000\040\000C\000o\000g\000n\000i\000t\000i\000v\000e\000\040\000M\000a\000s\000s}{section.9}% 70
\BOOKMARK [2][-]{subsection.9.5}{\376\377\0009\000.\0005\000\040\000L\000i\000n\000e\000a\000r\000\040\000S\000t\000a\000b\000i\000l\000i\000t\000y\000\040\000o\000f\000\040\000C\000o\000u\000p\000l\000i\000n\000g}{section.9}% 71
\BOOKMARK [2][-]{subsection.9.6}{\376\377\0009\000.\0006\000\040\000I\000n\000f\000o\000r\000m\000a\000t\000i\000o\000n\000-\000T\000h\000e\000o\000r\000e\000t\000i\000c\000\040\000C\000a\000p\000a\000c\000i\000t\000y}{section.9}% 72
\BOOKMARK [2][-]{subsection.9.7}{\376\377\0009\000.\0007\000\040\000E\000n\000e\000r\000g\000e\000t\000i\000c\000\040\000a\000n\000d\000\040\000E\000n\000t\000r\000o\000p\000i\000c\000\040\000B\000a\000l\000a\000n\000c\000e\000s}{section.9}% 73
\BOOKMARK [2][-]{subsection.9.8}{\376\377\0009\000.\0008\000\040\000Q\000u\000a\000n\000t\000i\000t\000a\000t\000i\000v\000e\000\040\000P\000r\000e\000d\000i\000c\000t\000i\000o\000n\000s}{section.9}% 74
\BOOKMARK [2][-]{subsection.9.9}{\376\377\0009\000.\0009\000\040\000C\000a\000s\000e\000\040\000S\000t\000u\000d\000i\000e\000s}{section.9}% 75
\BOOKMARK [2][-]{subsection.9.10}{\376\377\0009\000.\0001\0000\000\040\000D\000i\000s\000c\000u\000s\000s\000i\000o\000n}{section.9}% 76
\BOOKMARK [1][-]{section.10}{\376\377\000Q\000u\000a\000n\000t\000i\000t\000a\000t\000i\000v\000e\000\040\000M\000o\000d\000e\000l\000i\000n\000g\000\040\000a\000n\000d\000\040\000E\000m\000p\000i\000r\000i\000c\000a\000l\000\040\000P\000r\000e\000d\000i\000c\000t\000i\000o\000n\000s}{}% 77
\BOOKMARK [2][-]{subsection.10.1}{\376\377\0001\0000\000.\0001\000\040\000N\000u\000m\000e\000r\000i\000c\000a\000l\000\040\000D\000i\000s\000c\000r\000e\000t\000i\000z\000a\000t\000i\000o\000n}{section.10}% 78
\BOOKMARK [2][-]{subsection.10.2}{\376\377\0001\0000\000.\0002\000\040\000P\000a\000r\000a\000m\000e\000t\000e\000r\000\040\000E\000s\000t\000i\000m\000a\000t\000i\000o\000n\000\040\000v\000i\000a\000\040\000B\000a\000y\000e\000s\000i\000a\000n\000\040\000I\000n\000f\000e\000r\000e\000n\000c\000e}{section.10}% 79
\BOOKMARK [2][-]{subsection.10.3}{\376\377\0001\0000\000.\0003\000\040\000M\000o\000d\000e\000l\000\040\000V\000a\000l\000i\000d\000a\000t\000i\000o\000n\000\040\000a\000n\000d\000\040\000C\000o\000n\000v\000e\000r\000g\000e\000n\000c\000e\000\040\000T\000e\000s\000t\000s}{section.10}% 80
\BOOKMARK [2][-]{subsection.10.4}{\376\377\0001\0000\000.\0004\000\040\000Q\000u\000a\000n\000t\000i\000t\000a\000t\000i\000v\000e\000\040\000P\000r\000e\000d\000i\000c\000t\000i\000o\000n\000s\000\040\000a\000n\000d\000\040\000E\000x\000p\000e\000r\000i\000m\000e\000n\000t\000a\000l\000\040\000C\000o\000r\000r\000e\000l\000a\000t\000e\000s}{section.10}% 81
\BOOKMARK [2][-]{subsection.10.5}{\376\377\0001\0000\000.\0005\000\040\000S\000e\000n\000s\000i\000t\000i\000v\000i\000t\000y\000\040\000a\000n\000d\000\040\000B\000i\000f\000u\000r\000c\000a\000t\000i\000o\000n\000\040\000A\000n\000a\000l\000y\000s\000i\000s}{section.10}% 82
\BOOKMARK [2][-]{subsection.10.6}{\376\377\0001\0000\000.\0006\000\040\000E\000m\000p\000i\000r\000i\000c\000a\000l\000\040\000P\000r\000o\000t\000o\000c\000o\000l\000s\000\040\000f\000o\000r\000\040\000T\000e\000s\000t\000i\000n\000g}{section.10}% 83
\BOOKMARK [2][-]{subsection.10.7}{\376\377\0001\0000\000.\0007\000\040\000D\000i\000s\000c\000u\000s\000s\000i\000o\000n}{section.10}% 84
\BOOKMARK [1][-]{section.11}{\376\377\000C\000a\000t\000e\000g\000o\000r\000i\000c\000a\000l\000\040\000F\000o\000u\000n\000d\000a\000t\000i\000o\000n\000s\000\040\000o\000f\000\040\000R\000S\000V\000P\000\040\000C\000o\000g\000n\000i\000t\000i\000o\000n}{}% 85
\BOOKMARK [1][-]{section.12}{\376\377\000S\000h\000e\000a\000f\040\023\000T\000h\000e\000o\000r\000e\000t\000i\000c\000\040\000a\000n\000d\000\040\000T\000o\000p\000o\000s\000\040\000I\000n\000t\000e\000r\000p\000r\000e\000t\000a\000t\000i\000o\000n}{}% 86
\BOOKMARK [1][-]{section.13}{\376\377\000F\000u\000n\000c\000t\000i\000o\000n\000a\000l\000\040\040\023\000C\000a\000l\000c\000u\000l\000u\000s\000\040\000I\000n\000t\000e\000r\000p\000r\000e\000t\000a\000t\000i\000o\000n}{}% 87
\BOOKMARK [2][-]{subsection.13.1}{\376\377\000S\000y\000n\000t\000a\000x\000\040\000a\000n\000d\000\040\000T\000y\000p\000e\000s}{section.13}% 88
\BOOKMARK [2][-]{subsection.13.2}{\376\377\000T\000y\000p\000i\000n\000g\000\040\000R\000u\000l\000e\000s}{section.13}% 89
\BOOKMARK [2][-]{subsection.13.3}{\376\377\000O\000p\000e\000r\000a\000t\000i\000o\000n\000a\000l\000\040\000S\000e\000m\000a\000n\000t\000i\000c\000s}{section.13}% 90
\BOOKMARK [2][-]{subsection.13.4}{\376\377\000C\000a\000t\000e\000g\000o\000r\000i\000c\000a\000l\000\040\000S\000e\000m\000a\000n\000t\000i\000c\000s}{section.13}% 91
\BOOKMARK [2][-]{subsection.13.5}{\376\377\000L\000a\000g\000r\000a\000n\000g\000i\000a\000n\000\040\000a\000n\000d\000\040\000R\000e\000d\000u\000c\000t\000i\000o\000n\000\040\000T\000r\000a\000j\000e\000c\000t\000o\000r\000i\000e\000s}{section.13}% 92
\BOOKMARK [2][-]{subsection.13.6}{\376\377\000E\000n\000t\000r\000o\000p\000y\000\040\000a\000n\000d\000\040\000A\000w\000a\000r\000e\000n\000e\000s\000s\000\040\000T\000y\000p\000e\000s}{section.13}% 93
\BOOKMARK [2][-]{subsection.13.7}{\376\377\000S\000u\000m\000m\000a\000r\000y}{section.13}% 94
\BOOKMARK [1][-]{section.14}{\376\377\000S\000p\000h\000e\000r\000e\000P\000o\000p\000\040\000C\000a\000l\000c\000u\000l\000u\000s\000:\000\040\000G\000e\000o\000m\000e\000t\000r\000i\000c\000\040\000F\000i\000e\000l\000d\000\040\000M\000i\000c\000r\000o\000s\000t\000a\000t\000e\000s}{}% 95
\BOOKMARK [2][-]{subsection.14.1}{\376\377\000F\000o\000u\000n\000d\000a\000t\000i\000o\000n\000a\000l\000\040\000D\000e\000f\000i\000n\000i\000t\000i\000o\000n\000s}{section.14}% 96
\BOOKMARK [2][-]{subsection.14.2}{\376\377\000L\000o\000c\000a\000l\000\040\000E\000n\000e\000r\000g\000e\000t\000i\000c\000s\000\040\000a\000n\000d\000\040\000P\000o\000p\000p\000i\000n\000g}{section.14}% 97
\BOOKMARK [2][-]{subsection.14.3}{\376\377\000E\000q\000u\000i\000l\000i\000b\000r\000i\000u\000m\000\040\000a\000n\000d\000\040\000C\000o\000n\000t\000i\000n\000u\000u\000m\000\040\000L\000i\000m\000i\000t}{section.14}% 98
\BOOKMARK [2][-]{subsection.14.4}{\376\377\000E\000n\000t\000r\000o\000p\000y\000\040\000T\000r\000a\000n\000s\000f\000e\000r\000\040\000a\000n\000d\000\040\000A\000d\000j\000a\000c\000e\000n\000c\000y\000\040\000G\000e\000o\000m\000e\000t\000r\000y}{section.14}% 99
\BOOKMARK [2][-]{subsection.14.5}{\376\377\000T\000h\000e\000r\000m\000o\000d\000y\000n\000a\000m\000i\000c\000\040\000L\000i\000m\000i\000t\000\040\000a\000n\000d\000\040\000C\000o\000n\000t\000i\000n\000u\000u\000m\000\040\000R\000e\000c\000o\000n\000s\000t\000r\000u\000c\000t\000i\000o\000n}{section.14}% 100
\BOOKMARK [2][-]{subsection.14.6}{\376\377\000C\000o\000g\000n\000i\000t\000i\000v\000e\000\040\000a\000n\000d\000\040\000P\000h\000y\000s\000i\000c\000a\000l\000\040\000M\000e\000a\000n\000i\000n\000g}{section.14}% 101
\BOOKMARK [1][-]{section.15}{\376\377\0005\000D\000\040\000I\000s\000i\000n\000g\000\040\000S\000y\000n\000c\000h\000r\000o\000n\000i\000z\000a\000t\000i\000o\000n\000\040\000a\000n\000d\000\040\000R\000S\000V\000P\000\040\000D\000y\000n\000a\000m\000i\000c\000s}{}% 102
\BOOKMARK [2][-]{subsection.15.1}{\376\377\000L\000a\000t\000t\000i\000c\000e\000\040\000H\000a\000m\000i\000l\000t\000o\000n\000i\000a\000n}{section.15}% 103
\BOOKMARK [2][-]{subsection.15.2}{\376\377\000P\000a\000r\000t\000i\000t\000i\000o\000n\000\040\000F\000u\000n\000c\000t\000i\000o\000n\000\040\000a\000n\000d\000\040\000F\000r\000e\000e\000\040\000E\000n\000e\000r\000g\000y}{section.15}% 104
\BOOKMARK [2][-]{subsection.15.3}{\376\377\000M\000e\000a\000n\040\023\000F\000i\000e\000l\000d\000\040\000S\000y\000n\000c\000h\000r\000o\000n\000i\000z\000a\000t\000i\000o\000n\000\040\000E\000q\000u\000a\000t\000i\000o\000n\000s}{section.15}% 105
\BOOKMARK [2][-]{subsection.15.4}{\376\377\000K\000u\000r\000a\000m\000o\000t\000o\040\023\000I\000s\000i\000n\000g\000\040\000H\000y\000b\000r\000i\000d\000\040\000S\000y\000n\000c\000h\000r\000o\000n\000i\000z\000a\000t\000i\000o\000n}{section.15}% 106
\BOOKMARK [2][-]{subsection.15.5}{\376\377\000E\000q\000u\000i\000v\000a\000l\000e\000n\000c\000e\000\040\000t\000o\000\040\000S\000p\000h\000e\000r\000e\000P\000o\000p\000\040\000a\000n\000d\000\040\040\023\000D\000y\000n\000a\000m\000i\000c\000s}{section.15}% 107
\BOOKMARK [2][-]{subsection.15.6}{\376\377\000S\000t\000a\000t\000i\000s\000t\000i\000c\000a\000l\000\040\000a\000n\000d\000\040\000C\000o\000g\000n\000i\000t\000i\000v\000e\000\040\000C\000o\000n\000s\000e\000q\000u\000e\000n\000c\000e\000s}{section.15}% 108
\BOOKMARK [1][-]{section.16}{\376\377\000C\000a\000t\000e\000g\000o\000r\000i\000c\000a\000l\000\040\000a\000n\000d\000\040\000S\000h\000e\000a\000f\000-\000T\000h\000e\000o\000r\000e\000t\000i\000c\000\040\000I\000n\000t\000e\000g\000r\000a\000t\000i\000o\000n\000\040\000o\000f\000\040\000C\000o\000m\000p\000u\000t\000a\000t\000i\000o\000n\000a\000l\000\040\000L\000a\000y\000e\000r\000s}{}% 109
\BOOKMARK [2][-]{subsection.16.1}{\376\377\000C\000o\000g\000n\000i\000t\000i\000v\000e\000\040\000L\000a\000y\000e\000r\000s\000\040\000a\000s\000\040\000S\000y\000m\000m\000e\000t\000r\000i\000c\000\040\000M\000o\000n\000o\000i\000d\000a\000l\000\040\000C\000a\000t\000e\000g\000o\000r\000i\000e\000s}{section.16}% 110
\BOOKMARK [2][-]{subsection.16.2}{\376\377\000F\000u\000n\000c\000t\000o\000r\000i\000a\000l\000\040\000B\000r\000i\000d\000g\000e\000s\000\040\000B\000e\000t\000w\000e\000e\000n\000\040\000L\000a\000y\000e\000r\000s}{section.16}% 111
\BOOKMARK [2][-]{subsection.16.3}{\376\377\000C\000L\000I\000O\000\040\000a\000s\000\040\000a\000\040\000N\000a\000t\000u\000r\000a\000l\000\040\000T\000r\000a\000n\000s\000f\000o\000r\000m\000a\000t\000i\000o\000n}{section.16}% 112
\BOOKMARK [2][-]{subsection.16.4}{\376\377\000S\000h\000e\000a\000f\000\040\000o\000f\000\040\000L\000o\000c\000a\000l\000\040\000C\000o\000m\000p\000u\000t\000a\000t\000i\000o\000n\000a\000l\000\040\000C\000a\000t\000e\000g\000o\000r\000i\000e\000s\000\040\000o\000n\000\040\000t\000h\000e\000\040\000R\000S\000V\000P\000\040\000M\000a\000n\000i\000f\000o\000l\000d}{section.16}% 113
\BOOKMARK [2][-]{subsection.16.5}{\376\377\000L\000i\000m\000i\000t\000s\000,\000\040\000C\000o\000l\000i\000m\000i\000t\000s\000,\000\040\000a\000n\000d\000\040\000S\000t\000i\000g\000m\000e\000r\000g\000i\000c\000\040\000A\000d\000j\000u\000n\000c\000t\000i\000o\000n\000s}{section.16}% 114
\BOOKMARK [2][-]{subsection.16.6}{\376\377\000S\000t\000a\000c\000k\000s\000\040\000o\000v\000e\000r\000\040\000T\000A\000R\000T\000A\000N\000\040\000S\000c\000a\000l\000e\000s\000\040\000a\000n\000d\000\040\000H\000i\000g\000h\000e\000r\000\040\000T\000o\000p\000o\000s\000\040\000V\000i\000e\000w}{section.16}% 115
\BOOKMARK [2][-]{subsection.16.7}{\376\377\000G\000l\000o\000b\000a\000l\000\040\000E\000x\000i\000s\000t\000e\000n\000c\000e\000\040\000v\000i\000a\000\040\000V\000a\000n\000i\000s\000h\000i\000n\000g\000\040\000C\000o\000h\000o\000m\000o\000l\000o\000g\000y}{section.16}% 116
\BOOKMARK [2][-]{subsection.16.8}{\376\377\000E\000n\000t\000r\000o\000p\000y\000\040\000M\000o\000n\000o\000t\000o\000n\000i\000c\000i\000t\000y\000\040\000A\000c\000r\000o\000s\000s\000\040\000t\000h\000e\000\040\000L\000a\000y\000e\000r\000\040\000C\000h\000a\000i\000n}{section.16}% 117
\BOOKMARK [2][-]{subsection.16.9}{\376\377\000S\000y\000n\000t\000h\000e\000s\000i\000s}{section.16}% 118
\BOOKMARK [1][-]{section.17}{\376\377\000C\000o\000n\000c\000l\000u\000s\000i\000o\000n\000:\000\040\000T\000o\000w\000a\000r\000d\000\040\000a\000\040\000U\000n\000i\000f\000i\000e\000d\000\040\000T\000h\000e\000o\000r\000y\000\040\000o\000f\000\040\000W\000o\000r\000d\000l\000e\000s\000s\000\040\000I\000m\000a\000g\000e\000l\000e\000s\000s\000\040\000T\000h\000o\000u\000g\000h\000t}{}% 119
\BOOKMARK [2][-]{subsection.17.1}{\376\377\000F\000r\000o\000m\000\040\000P\000h\000e\000n\000o\000m\000e\000n\000o\000l\000o\000g\000y\000\040\000t\000o\000\040\000F\000i\000e\000l\000d\000\040\000T\000h\000e\000o\000r\000y}{section.17}% 120
\BOOKMARK [2][-]{subsection.17.2}{\376\377\000D\000i\000s\000c\000r\000e\000t\000e\000\040\000a\000n\000d\000\040\000C\000o\000m\000p\000u\000t\000a\000t\000i\000o\000n\000a\000l\000\040\000R\000e\000a\000l\000i\000z\000a\000t\000i\000o\000n\000s}{section.17}% 121
\BOOKMARK [2][-]{subsection.17.3}{\376\377\000C\000a\000t\000e\000g\000o\000r\000i\000c\000a\000l\000\040\000a\000n\000d\000\040\000S\000h\000e\000a\000f\000\040\000I\000n\000t\000e\000g\000r\000a\000t\000i\000o\000n}{section.17}% 122
\BOOKMARK [2][-]{subsection.17.4}{\376\377\000M\000e\000t\000h\000o\000d\000o\000l\000o\000g\000i\000c\000a\000l\000\040\000O\000u\000t\000c\000o\000m\000e}{section.17}% 123
\BOOKMARK [2][-]{subsection.17.5}{\376\377\000L\000i\000m\000i\000t\000a\000t\000i\000o\000n\000s\000\040\000a\000n\000d\000\040\000F\000u\000t\000u\000r\000e\000\040\000W\000o\000r\000k}{section.17}% 124
\BOOKMARK [2][-]{subsection.17.6}{\376\377\000C\000l\000o\000s\000i\000n\000g\000\040\000R\000e\000f\000l\000e\000c\000t\000i\000o\000n}{section.17}% 125
\BOOKMARK [1][-]{appendix.A}{\376\377\000D\000e\000r\000i\000v\000e\000d\000\040\000G\000e\000o\000m\000e\000t\000r\000y\000\040\000o\000f\000\040\000t\000h\000e\000\040\000C\000o\000a\000r\000s\000e\000-\000G\000r\000a\000i\000n\000i\000n\000g\000\040\000F\000u\000n\000c\000t\000o\000r}{}% 126
\BOOKMARK [1][-]{appendix.B}{\376\377\000N\000u\000m\000e\000r\000i\000c\000a\000l\000\040\000V\000e\000r\000i\000f\000i\000c\000a\000t\000i\000o\000n\000\040\000o\000f\000\040\000U\000n\000i\000s\000t\000o\000c\000h\000a\000s\000t\000i\000c\000i\000t\000y}{}% 127
\BOOKMARK [1][-]{appendix.C}{\376\377\000H\000i\000s\000t\000o\000r\000i\000c\000a\000l\000\040\000D\000e\000v\000e\000l\000o\000p\000m\000e\000n\000t\000\040\000o\000f\000\040\000R\000o\000t\000a\000t\000i\000o\000n\000a\000l\000\040\000O\000n\000t\000o\000l\000o\000g\000y}{}% 128
\BOOKMARK [1][-]{appendix.D}{\376\377\000D\000e\000r\000i\000v\000e\000d\000\040\000C\000a\000t\000e\000g\000o\000r\000y\000\040\000a\000n\000d\000\040\000C\000o\000m\000p\000u\000t\000a\000t\000i\000o\000n\000a\000l\000\040\000R\000e\000a\000l\000i\000z\000a\000t\000i\000o\000n}{}% 129
\BOOKMARK [2][-]{subsection.D.1}{\376\377\000C\000o\000c\000h\000a\000i\000n\000\040\000C\000o\000m\000p\000l\000e\000x\000e\000s\000\040\000o\000f\000\040\000R\000S\000V\000P\000\040\000F\000i\000e\000l\000d\000s}{appendix.D}% 130
\BOOKMARK [2][-]{subsection.D.2}{\376\377\000D\000e\000r\000i\000v\000e\000d\000\040\000C\000a\000t\000e\000g\000o\000r\000y\000\040\000C\000o\000n\000s\000t\000r\000u\000c\000t\000i\000o\000n}{appendix.D}% 131
\BOOKMARK [2][-]{subsection.D.3}{\376\377\000H\000o\000m\000o\000l\000o\000g\000i\000c\000a\000l\000\040\000O\000p\000e\000r\000a\000t\000i\000o\000n\000s}{appendix.D}% 132
\BOOKMARK [2][-]{subsection.D.4}{\376\377\000D\000e\000r\000i\000v\000e\000d\000\040\000F\000u\000n\000c\000t\000o\000r\000\040\000S\000p\000e\000c\000t\000r\000a\000l\000\040\000S\000e\000q\000u\000e\000n\000c\000e}{appendix.D}% 133
\BOOKMARK [2][-]{subsection.D.5}{\376\377\000C\000o\000m\000p\000u\000t\000a\000t\000i\000o\000n\000a\000l\000\040\000S\000e\000m\000a\000n\000t\000i\000c\000s\000\040\000a\000n\000d\000\040\000I\000m\000p\000l\000e\000m\000e\000n\000t\000a\000t\000i\000o\000n}{appendix.D}% 134
\BOOKMARK [1][-]{appendix.E}{\376\377\000H\000o\000m\000o\000t\000o\000p\000y\040\023\000T\000y\000p\000e\000\040\000a\000n\000d\000\040\000U\000n\000i\000v\000a\000l\000e\000n\000c\000e\000\040\000I\000n\000t\000e\000r\000p\000r\000e\000t\000a\000t\000i\000o\000n}{}% 135
\BOOKMARK [2][-]{subsection.E.1}{\376\377\000H\000o\000m\000o\000t\000o\000p\000y\000\040\000G\000r\000o\000u\000p\000o\000i\000d\000\040\000o\000f\000\040\000R\000S\000V\000P\000\040\000F\000i\000e\000l\000d\000s}{appendix.E}% 136
\BOOKMARK [2][-]{subsection.E.2}{\376\377\000I\000d\000e\000n\000t\000i\000t\000y\000\040\000a\000n\000d\000\040\000P\000a\000t\000h\000\040\000T\000y\000p\000e\000s}{appendix.E}% 137
\BOOKMARK [2][-]{subsection.E.3}{\376\377\000U\000n\000i\000v\000a\000l\000e\000n\000c\000e\000\040\000P\000r\000i\000n\000c\000i\000p\000l\000e}{appendix.E}% 138
\BOOKMARK [2][-]{subsection.E.4}{\376\377\000C\000o\000n\000t\000r\000a\000c\000t\000i\000b\000i\000l\000i\000t\000y\000\040\000a\000n\000d\000\040\000S\000t\000a\000b\000i\000l\000i\000t\000y}{appendix.E}% 139
\BOOKMARK [2][-]{subsection.E.5}{\376\377\000H\000i\000g\000h\000e\000r\000-\000H\000o\000m\000o\000t\000o\000p\000y\000\040\000L\000a\000y\000e\000r\000s}{appendix.E}% 140
\BOOKMARK [2][-]{subsection.E.6}{\376\377\000C\000o\000g\000n\000i\000t\000i\000v\000e\000\040\000H\000o\000m\000o\000t\000o\000p\000y\000\040\000T\000y\000p\000e\000\040\000T\000h\000e\000o\000r\000y}{appendix.E}% 141
\BOOKMARK [2][-]{subsection.E.7}{\376\377\000S\000u\000m\000m\000a\000r\000y\000\040\000a\000n\000d\000\040\000I\000m\000p\000l\000i\000c\000a\000t\000i\000o\000n\000s}{appendix.E}% 142
\BOOKMARK [1][-]{appendix.F}{\376\377\000C\000a\000t\000e\000g\000o\000r\000i\000c\000a\000l\000\040\000S\000e\000m\000a\000n\000t\000i\000c\000s\000\040\000f\000o\000r\000\040\000C\000o\000n\000s\000c\000i\000o\000u\000s\000n\000e\000s\000s}{}% 143
\BOOKMARK [2][-]{subsection.F.1}{\376\377\000S\000u\000b\000o\000b\000j\000e\000c\000t\000\040\000C\000l\000a\000s\000s\000i\000f\000i\000e\000r\000\040\000a\000n\000d\000\040\000A\000w\000a\000r\000e\000n\000e\000s\000s\000\040\000P\000r\000e\000d\000i\000c\000a\000t\000e}{appendix.F}% 144
\BOOKMARK [2][-]{subsection.F.2}{\376\377\000P\000h\000e\000n\000o\000m\000e\000n\000a\000l\000\040\000S\000u\000b\000o\000b\000j\000e\000c\000t\000s\000\040\000a\000n\000d\000\040\000Q\000u\000a\000l\000i\000a\000\040\000F\000i\000e\000l\000d\000s}{appendix.F}% 145
\BOOKMARK [2][-]{subsection.F.3}{\376\377\000S\000e\000l\000f\040\023\000M\000o\000d\000e\000l\000i\000n\000g\000\040\000E\000n\000d\000o\000f\000u\000n\000c\000t\000o\000r}{appendix.F}% 146
\BOOKMARK [2][-]{subsection.F.4}{\376\377\000F\000i\000x\000e\000d\000\040\000P\000o\000i\000n\000t\000s\000\040\000a\000n\000d\000\040\000R\000e\000f\000l\000e\000c\000t\000i\000v\000e\000\040\000E\000q\000u\000i\000l\000i\000b\000r\000i\000u\000m}{appendix.F}% 147
\BOOKMARK [2][-]{subsection.F.5}{\376\377\000L\000e\000v\000e\000l\000s\000\040\000o\000f\000\040\000A\000w\000a\000r\000e\000n\000e\000s\000s\000\040\000a\000n\000d\000\040\000S\000u\000b\000t\000o\000p\000o\000i}{appendix.F}% 148
\BOOKMARK [2][-]{subsection.F.6}{\376\377\000P\000h\000e\000n\000o\000m\000e\000n\000a\000l\000\040\000L\000o\000g\000i\000c\000\040\000a\000n\000d\000\040\000S\000u\000b\000o\000b\000j\000e\000c\000t\000\040\000C\000l\000a\000s\000s\000i\000f\000i\000e\000r\000\040\000A\000l\000g\000e\000b\000r\000a}{appendix.F}% 149
\BOOKMARK [2][-]{subsection.F.7}{\376\377\000S\000u\000m\000m\000a\000r\000y}{appendix.F}% 150
\BOOKMARK [1][-]{appendix.G}{\376\377\000C\000a\000t\000e\000g\000o\000r\000i\000c\000a\000l\000\040\000S\000e\000m\000a\000n\000t\000i\000c\000s\000\040\000f\000o\000r\000\040\000C\000o\000n\000s\000c\000i\000o\000u\000s\000n\000e\000s\000s}{}% 151
\BOOKMARK [2][-]{subsection.G.1}{\376\377\000S\000u\000b\000o\000b\000j\000e\000c\000t\000\040\000C\000l\000a\000s\000s\000i\000f\000i\000e\000r\000\040\000a\000n\000d\000\040\000A\000w\000a\000r\000e\000n\000e\000s\000s\000\040\000P\000r\000e\000d\000i\000c\000a\000t\000e}{appendix.G}% 152
\BOOKMARK [2][-]{subsection.G.2}{\376\377\000P\000h\000e\000n\000o\000m\000e\000n\000a\000l\000\040\000S\000u\000b\000o\000b\000j\000e\000c\000t\000s\000\040\000a\000n\000d\000\040\000Q\000u\000a\000l\000i\000a\000\040\000F\000i\000e\000l\000d\000s}{appendix.G}% 153
\BOOKMARK [2][-]{subsection.G.3}{\376\377\000S\000e\000l\000f\040\023\000M\000o\000d\000e\000l\000i\000n\000g\000\040\000E\000n\000d\000o\000f\000u\000n\000c\000t\000o\000r}{appendix.G}% 154
\BOOKMARK [2][-]{subsection.G.4}{\376\377\000F\000i\000x\000e\000d\000\040\000P\000o\000i\000n\000t\000s\000\040\000a\000n\000d\000\040\000R\000e\000f\000l\000e\000c\000t\000i\000v\000e\000\040\000E\000q\000u\000i\000l\000i\000b\000r\000i\000u\000m}{appendix.G}% 155
\BOOKMARK [2][-]{subsection.G.5}{\376\377\000L\000e\000v\000e\000l\000s\000\040\000o\000f\000\040\000A\000w\000a\000r\000e\000n\000e\000s\000s\000\040\000a\000n\000d\000\040\000S\000u\000b\000t\000o\000p\000o\000i}{appendix.G}% 156
\BOOKMARK [2][-]{subsection.G.6}{\376\377\000P\000h\000e\000n\000o\000m\000e\000n\000a\000l\000\040\000L\000o\000g\000i\000c\000\040\000a\000n\000d\000\040\000S\000u\000b\000o\000b\000j\000e\000c\000t\000\040\000C\000l\000a\000s\000s\000i\000f\000i\000e\000r\000\040\000A\000l\000g\000e\000b\000r\000a}{appendix.G}% 157
\BOOKMARK [2][-]{subsection.G.7}{\376\377\000S\000u\000m\000m\000a\000r\000y}{appendix.G}% 158
