\BOOKMARK [1][-]{section.1}{\376\377\000F\000o\000u\000n\000d\000a\000t\000i\000o\000n\000s\000:\000\040\000C\000l\000a\000s\000s\000i\000c\000a\000l\000\040\000R\000S\000V\000P\000\040\000a\000n\000d\000\040\000I\000t\000s\000\040\000C\000o\000m\000p\000l\000e\000x\000i\000f\000i\000c\000a\000t\000i\000o\000n}{}% 1
\BOOKMARK [2][-]{subsection.1.1}{\376\377\000C\000l\000a\000s\000s\000i\000c\000a\000l\000\040\000R\000S\000V\000P\000\040\000f\000i\000e\000l\000d\000s}{section.1}% 2
\BOOKMARK [2][-]{subsection.1.2}{\376\377\000C\000o\000m\000p\000l\000e\000x\000-\000p\000h\000a\000s\000e\000\040\000l\000i\000f\000t\000\040\000a\000n\000d\000\040\000a\000m\000p\000l\000i\000t\000w\000i\000s\000t\000o\000r\000s}{section.1}% 3
\BOOKMARK [2][-]{subsection.1.3}{\376\377\000A\000\040\000w\000o\000r\000k\000i\000n\000g\000\040\0005\000D\000\040\000l\000a\000t\000t\000i\000c\000e\000\040\000p\000i\000c\000t\000u\000r\000e\000\040\000\050\000T\000i\000k\000Z\000\051}{section.1}% 4
\BOOKMARK [2][-]{subsection.1.4}{\376\377\000C\000l\000a\000s\000s\000i\000c\000a\000l\000\040\000w\000e\000l\000l\000-\000p\000o\000s\000e\000d\000n\000e\000s\000s\000\040\000\050\000l\000o\000c\000a\000l\000\051}{section.1}% 5
\BOOKMARK [2][-]{subsection.1.5}{\376\377\000I\000n\000t\000e\000r\000p\000r\000e\000t\000i\000v\000e\000\040\000n\000o\000t\000e}{section.1}% 6
\BOOKMARK [1][-]{section.2}{\376\377\000C\000a\000n\000o\000n\000i\000c\000a\000l\000\040\000O\000p\000e\000r\000a\000t\000o\000r\000\040\000Q\000u\000a\000n\000t\000i\000z\000a\000t\000i\000o\000n}{}% 7
\BOOKMARK [2][-]{subsection.2.1}{\376\377\000Q\000u\000a\000n\000t\000i\000z\000e\000d\000\040\000f\000i\000e\000l\000d\000\040\000a\000l\000g\000e\000b\000r\000a}{section.2}% 8
\BOOKMARK [2][-]{subsection.2.2}{\376\377\000H\000i\000l\000b\000e\000r\000t\000\040\000B\000u\000n\000d\000l\000e\000\040\000a\000n\000d\000\040\000S\000t\000a\000t\000e\000s}{section.2}% 9
\BOOKMARK [2][-]{subsection.2.3}{\376\377\000O\000p\000e\000r\000a\000t\000o\000r\000\040\000f\000l\000o\000w\000\040\000d\000i\000a\000g\000r\000a\000m\000\040\000\050\000T\000i\000k\000Z\000\051}{section.2}% 10
\BOOKMARK [1][-]{section.3}{\376\377\000H\000a\000m\000i\000l\000t\000o\000n\000i\000a\000n\000\040\000S\000t\000r\000u\000c\000t\000u\000r\000e\000\040\000a\000n\000d\000\040\000E\000n\000e\000r\000g\000y\000\040\000E\000s\000t\000i\000m\000a\000t\000e\000s}{}% 11
\BOOKMARK [2][-]{subsection.3.1}{\376\377\000Q\000u\000a\000n\000t\000u\000m\000\040\000R\000S\000V\000P\000\040\000H\000a\000m\000i\000l\000t\000o\000n\000i\000a\000n}{section.3}% 12
\BOOKMARK [2][-]{subsection.3.2}{\376\377\000P\000a\000t\000h\000\040\000i\000n\000t\000e\000g\000r\000a\000l\000\040\000r\000e\000p\000r\000e\000s\000e\000n\000t\000a\000t\000i\000o\000n}{section.3}% 13
\BOOKMARK [2][-]{subsection.3.3}{\376\377\000E\000n\000e\000r\000g\000y\000\040\000f\000l\000o\000w\000\040\000s\000c\000h\000e\000m\000a\000t\000i\000c\000\040\000\050\000T\000i\000k\000Z\000\051}{section.3}% 14
\BOOKMARK [1][-]{section.4}{\376\377\000C\000o\000m\000p\000l\000e\000x\000\040\000L\000a\000t\000t\000i\000c\000e\000\040\000Q\000u\000a\000n\000t\000i\000z\000a\000t\000i\000o\000n\000:\000\040\000T\000h\000e\000\040\000Q\000u\000a\000n\000t\000u\000m\000\040\000S\000p\000h\000e\000r\000e\000P\000o\000p\000\040\000M\000o\000d\000e\000l}{}% 15
\BOOKMARK [2][-]{subsection.4.1}{\376\377\000L\000a\000t\000t\000i\000c\000e\000\040\000c\000o\000n\000s\000t\000r\000u\000c\000t\000i\000o\000n}{section.4}% 16
\BOOKMARK [2][-]{subsection.4.2}{\376\377\000L\000a\000t\000t\000i\000c\000e\000\040\000g\000e\000o\000m\000e\000t\000r\000y\000\040\000\050\000T\000i\000k\000Z\000\051}{section.4}% 17
\BOOKMARK [2][-]{subsection.4.3}{\376\377\000Q\000u\000a\000n\000t\000u\000m\000\040\000p\000a\000r\000t\000i\000t\000i\000o\000n\000\040\000f\000u\000n\000c\000t\000i\000o\000n}{section.4}% 18
\BOOKMARK [2][-]{subsection.4.4}{\376\377\000T\000h\000e\000o\000r\000e\000m\000:\000\040\000c\000o\000n\000v\000e\000r\000g\000e\000n\000c\000e\000\040\000t\000o\000\040\000f\000i\000e\000l\000d\000\040\000t\000h\000e\000o\000r\000y}{section.4}% 19
\BOOKMARK [1][-]{section.5}{\376\377\000P\000h\000a\000s\000e\000\040\000S\000y\000n\000c\000h\000r\000o\000n\000i\000z\000a\000t\000i\000o\000n\000\040\000a\000n\000d\000\040\000I\000s\000i\000n\000g\040\023\000K\000u\000r\000a\000m\000o\000t\000o\000\040\000D\000y\000n\000a\000m\000i\000c\000s}{}% 20
\BOOKMARK [2][-]{subsection.5.1}{\376\377\000E\000v\000o\000l\000u\000t\000i\000o\000n\000\040\000e\000q\000u\000a\000t\000i\000o\000n}{section.5}% 21
\BOOKMARK [2][-]{subsection.5.2}{\376\377\000V\000i\000s\000u\000a\000l\000i\000z\000a\000t\000i\000o\000n\000\040\000\050\000T\000i\000k\000Z\000\051}{section.5}% 22
\BOOKMARK [2][-]{subsection.5.3}{\376\377\000Q\000u\000a\000n\000t\000u\000m\000\040\000c\000o\000r\000r\000e\000c\000t\000i\000o\000n\000s}{section.5}% 23
\BOOKMARK [1][-]{section.6}{\376\377\000C\000o\000h\000o\000m\000o\000l\000o\000g\000i\000c\000a\000l\000\040\000S\000t\000r\000u\000c\000t\000u\000r\000e\000\040\000a\000n\000d\000\040\000S\000h\000e\000a\000f\000\040\000Q\000u\000a\000n\000t\000i\000z\000a\000t\000i\000o\000n}{}% 24
\BOOKMARK [2][-]{subsection.6.1}{\376\377\000S\000h\000e\000a\000f\000\040\000o\000f\000\040\000l\000o\000c\000a\000l\000\040\000H\000i\000l\000b\000e\000r\000t\000\040\000s\000p\000a\000c\000e\000s}{section.6}% 25
\BOOKMARK [2][-]{subsection.6.2}{\376\377\000C\000o\000h\000o\000m\000o\000l\000o\000g\000y\000\040\000a\000n\000d\000\040\000o\000b\000s\000t\000r\000u\000c\000t\000i\000o\000n\000s}{section.6}% 26
\BOOKMARK [2][-]{subsection.6.3}{\376\377\000C\000o\000h\000o\000m\000o\000l\000o\000g\000i\000c\000a\000l\000\040\000f\000e\000e\000d\000b\000a\000c\000k\000\040\000d\000i\000a\000g\000r\000a\000m\000\040\000\050\000T\000i\000k\000Z\000\051}{section.6}% 27
\BOOKMARK [1][-]{section.7}{\376\377\000E\000m\000p\000i\000r\000i\000c\000a\000l\000\040\000a\000n\000d\000\040\000C\000o\000m\000p\000u\000t\000a\000t\000i\000o\000n\000a\000l\000\040\000I\000m\000p\000l\000e\000m\000e\000n\000t\000a\000t\000i\000o\000n}{}% 28
\BOOKMARK [2][-]{subsection.7.1}{\376\377\000Q\000u\000a\000n\000t\000u\000m\000\040\000M\000o\000n\000t\000e\000\040\000C\000a\000r\000l\000o\000\040\000s\000c\000h\000e\000m\000e}{section.7}% 29
\BOOKMARK [2][-]{subsection.7.2}{\376\377\000E\000m\000p\000i\000r\000i\000c\000a\000l\000\040\000m\000a\000p\000p\000i\000n\000g}{section.7}% 30
\BOOKMARK [2][-]{subsection.7.3}{\376\377\000C\000o\000m\000p\000u\000t\000a\000t\000i\000o\000n\000a\000l\000\040\000v\000i\000s\000u\000a\000l\000i\000z\000a\000t\000i\000o\000n\000\040\000\050\000T\000i\000k\000Z\000\051}{section.7}% 31
\BOOKMARK [2][-]{subsection.7.4}{\376\377\000I\000n\000t\000e\000r\000p\000r\000e\000t\000i\000v\000e\000\040\000r\000e\000m\000a\000r\000k}{section.7}% 32
\BOOKMARK [1][-]{section.8}{\376\377\000Q\000u\000a\000n\000t\000u\000m\000\040\000G\000e\000o\000m\000e\000t\000r\000i\000c\000\040\000F\000l\000o\000w\000\040\000a\000n\000d\000\040\000C\000o\000m\000p\000l\000e\000x\000\040\000P\000h\000a\000s\000e\000\040\000S\000y\000n\000c\000h\000r\000o\000n\000i\000z\000a\000t\000i\000o\000n}{}% 33
\BOOKMARK [1][-]{section.9}{\376\377\000E\000n\000t\000r\000o\000p\000i\000c\000\040\000C\000h\000a\000n\000n\000e\000l\000s\000,\000\040\000D\000e\000c\000o\000h\000e\000r\000e\000n\000c\000e\000,\000\040\000a\000n\000d\000\040\000C\000L\000I\000O\000\040\000a\000s\000\040\000C\000P\000T\000P\000\040\000M\000a\000p\000s}{}% 34
\BOOKMARK [1][-]{section.10}{\376\377\000Q\000u\000a\000n\000t\000u\000m\040\023\000C\000l\000a\000s\000s\000i\000c\000a\000l\000\040\000C\000o\000r\000r\000e\000s\000p\000o\000n\000d\000e\000n\000c\000e\000\040\000a\000n\000d\000\040\000E\000h\000r\000e\000n\000f\000e\000s\000t\000\040\000F\000i\000e\000l\000d\000s}{}% 35
\BOOKMARK [2][-]{subsection.10.1}{\376\377\000O\000p\000e\000r\000a\000t\000o\000r\000\040\000D\000e\000c\000o\000m\000p\000o\000s\000i\000t\000i\000o\000n\000\040\000a\000n\000d\000\040\000E\000x\000p\000e\000c\000t\000a\000t\000i\000o\000n\000\040\000D\000y\000n\000a\000m\000i\000c\000s}{section.10}% 36
\BOOKMARK [2][-]{subsection.10.2}{\376\377\000S\000e\000m\000i\000c\000l\000a\000s\000s\000i\000c\000a\000l\000\040\000E\000x\000p\000a\000n\000s\000i\000o\000n}{section.10}% 37
\BOOKMARK [2][-]{subsection.10.3}{\376\377\000P\000h\000a\000s\000e\040\023\000S\000p\000a\000c\000e\000\040\000R\000e\000p\000r\000e\000s\000e\000n\000t\000a\000t\000i\000o\000n}{section.10}% 38
\BOOKMARK [2][-]{subsection.10.4}{\376\377\000I\000l\000l\000u\000s\000t\000r\000a\000t\000i\000v\000e\000\040\000D\000i\000a\000g\000r\000a\000m}{section.10}% 39
\BOOKMARK [1][-]{section.11}{\376\377\000Q\000u\000a\000n\000t\000u\000m\000\040\000I\000n\000f\000o\000r\000m\000a\000t\000i\000o\000n\000\040\000G\000e\000o\000m\000e\000t\000r\000y\000\040\000a\000n\000d\000\040\000F\000i\000s\000h\000e\000r\000\040\000C\000u\000r\000v\000a\000t\000u\000r\000e}{}% 40
\BOOKMARK [2][-]{subsection.11.1}{\376\377\000S\000t\000a\000t\000i\000s\000t\000i\000c\000a\000l\000\040\000M\000a\000n\000i\000f\000o\000l\000d\000\040\000a\000n\000d\000\040\000M\000e\000t\000r\000i\000c\000\040\000D\000e\000f\000i\000n\000i\000t\000i\000o\000n}{section.11}% 41
\BOOKMARK [2][-]{subsection.11.2}{\376\377\000Q\000u\000a\000n\000t\000u\000m\000\040\000G\000e\000o\000d\000e\000s\000i\000c\000s\000\040\000a\000n\000d\000\040\000C\000u\000r\000v\000a\000t\000u\000r\000e}{section.11}% 42
\BOOKMARK [2][-]{subsection.11.3}{\376\377\000E\000n\000t\000r\000o\000p\000y\000\040\000G\000r\000a\000d\000i\000e\000n\000t\000\040\000F\000l\000o\000w}{section.11}% 43
\BOOKMARK [2][-]{subsection.11.4}{\376\377\000D\000i\000a\000g\000r\000a\000m\000:\000\040\000F\000i\000s\000h\000e\000r\000\040\000C\000u\000r\000v\000a\000t\000u\000r\000e\000\040\000M\000a\000n\000i\000f\000o\000l\000d}{section.11}% 44
\BOOKMARK [2][-]{subsection.11.5}{\376\377\000D\000u\000a\000l\000\040\000C\000o\000n\000n\000e\000c\000t\000i\000o\000n\000s\000\040\000a\000n\000d\000\040\000B\000r\000e\000g\000m\000a\000n\000\040\000D\000i\000v\000e\000r\000g\000e\000n\000c\000e}{section.11}% 45
\BOOKMARK [2][-]{subsection.11.6}{\376\377\000S\000u\000m\000m\000a\000r\000y}{section.11}% 46
\BOOKMARK [1][-]{subsection.11.6}{\376\377\000A\000p\000p\000e\000n\000d\000i\000x\000\040\000A\000:\000\040\000C\000a\000n\000o\000n\000i\000c\000a\000l\000\040\000Q\000u\000a\000n\000t\000i\000z\000a\000t\000i\000o\000n\000\040\000D\000e\000r\000i\000v\000a\000t\000i\000o\000n\000s}{}% 47
\BOOKMARK [1][-]{remark.Alph0.1}{\376\377\000A\000p\000p\000e\000n\000d\000i\000x\000\040\000B\000:\000\040\000P\000a\000t\000h\000-\000I\000n\000t\000e\000g\000r\000a\000l\000\040\000D\000i\000s\000c\000r\000e\000t\000i\000z\000a\000t\000i\000o\000n}{}% 48
\BOOKMARK [1][-]{remark.Alph0.2}{\376\377\000A\000p\000p\000e\000n\000d\000i\000x\000\040\000C\000:\000\040\000H\000i\000l\000b\000e\000r\000t\000-\000B\000u\000n\000d\000l\000e\000\040\000F\000o\000r\000m\000a\000l\000i\000z\000a\000t\000i\000o\000n}{}% 49
\BOOKMARK [1][-]{appendix.A}{\376\377\000A\000p\000p\000e\000n\000d\000i\000x\000\040\000D\000\040\040\024\000\040\000Q\000u\000a\000n\000t\000u\000m\040\023\000C\000l\000a\000s\000s\000i\000c\000a\000l\000\040\000C\000o\000r\000r\000e\000s\000p\000o\000n\000d\000e\000n\000c\000e}{}% 50
\BOOKMARK [2][-]{subsection.A.1}{\376\377\000S\000e\000t\000u\000p\000\040\000a\000n\000d\000\040\000N\000o\000t\000a\000t\000i\000o\000n}{appendix.A}% 51
\BOOKMARK [2][-]{subsection.A.2}{\376\377\000P\000a\000t\000h\000\040\000I\000n\000t\000e\000g\000r\000a\000l\000\040\000a\000n\000d\000\040\000S\000t\000a\000t\000i\000o\000n\000a\000r\000y\000-\000P\000h\000a\000s\000e\000\040\000E\000x\000p\000a\000n\000s\000i\000o\000n}{appendix.A}% 52
\BOOKMARK [2][-]{subsection.A.3}{\376\377\000E\000h\000r\000e\000n\000f\000e\000s\000t\000-\000T\000y\000p\000e\000\040\000R\000e\000d\000u\000c\000t\000i\000o\000n\000\040\000t\000o\000\040\000C\000l\000a\000s\000s\000i\000c\000a\000l\000\040\000R\000S\000V\000P\000\040\000P\000D\000E\000s}{appendix.A}% 53
\BOOKMARK [2][-]{subsection.A.4}{\376\377\000M\000o\000y\000a\000l\000\040\000B\000r\000a\000c\000k\000e\000t\000\040\000t\000o\000\040\000P\000o\000i\000s\000s\000o\000n\000\040\000B\000r\000a\000c\000k\000e\000t}{appendix.A}% 54
\BOOKMARK [2][-]{subsection.A.5}{\376\377\000S\000e\000m\000i\000c\000l\000a\000s\000s\000i\000c\000a\000l\000\040\000R\000e\000c\000o\000n\000s\000t\000r\000u\000c\000t\000i\000o\000n\000\040\000o\000f\000\040\000F\000i\000r\000s\000t\000-\000O\000r\000d\000e\000r\000\040\000R\000S\000V\000P\000\040\000P\000D\000E\000s}{appendix.A}% 55
\BOOKMARK [2][-]{subsection.A.6}{\376\377\000G\000e\000o\000m\000e\000t\000r\000i\000c\000\040\000P\000i\000c\000t\000u\000r\000e\000\040\000o\000f\000\040\000t\000h\000e\000\040\000S\000e\000m\000i\000c\000l\000a\000s\000s\000i\000c\000a\000l\000\040\000L\000i\000m\000i\000t}{appendix.A}% 56
\BOOKMARK [2][-]{subsection.A.7}{\376\377\000S\000u\000m\000m\000a\000r\000y\000\040\000a\000n\000d\000\040\000O\000u\000t\000l\000o\000o\000k}{appendix.A}% 57
\BOOKMARK [1][-]{figure.caption.14}{\376\377\000A\000p\000p\000e\000n\000d\000i\000x\000\040\000E\000\040\040\024\000\040\000Q\000u\000a\000n\000t\000u\000m\000\040\000I\000n\000f\000o\000r\000m\000a\000t\000i\000o\000n\000\040\000G\000e\000o\000m\000e\000t\000r\000y}{}% 58
\BOOKMARK [2][-]{subsection.A.8}{\376\377\000Q\000u\000a\000n\000t\000u\000m\000\040\000S\000t\000a\000t\000e\000s\000\040\000o\000v\000e\000r\000\040\000C\000o\000g\000n\000i\000t\000i\000v\000e\000\040\000P\000a\000t\000c\000h\000e\000s}{figure.caption.14}% 59
\BOOKMARK [2][-]{subsection.A.9}{\376\377\000B\000u\000r\000e\000s\000\040\000D\000i\000s\000t\000a\000n\000c\000e\000\040\000a\000n\000d\000\040\000Q\000u\000a\000n\000t\000u\000m\000\040\000F\000i\000s\000h\000e\000r\000\040\000M\000e\000t\000r\000i\000c}{figure.caption.14}% 60
\BOOKMARK [2][-]{subsection.A.10}{\376\377\000E\000x\000p\000o\000n\000e\000n\000t\000i\000a\000l\000\040\000F\000a\000m\000i\000l\000i\000e\000s\000\040\000a\000n\000d\000\040\000E\000n\000t\000r\000o\000p\000y\000\040\000H\000e\000s\000s\000i\000a\000n\000s}{figure.caption.14}% 61
\BOOKMARK [2][-]{subsection.A.11}{\376\377\000C\000u\000r\000v\000a\000t\000u\000r\000e\000\040\000a\000n\000d\000\040\000E\000n\000t\000r\000o\000p\000i\000c\000\040\000C\000o\000m\000p\000l\000e\000x\000i\000t\000y}{figure.caption.14}% 62
\BOOKMARK [2][-]{subsection.A.12}{\376\377\000G\000e\000o\000d\000e\000s\000i\000c\000s\000\040\000a\000s\000\040\000O\000p\000t\000i\000m\000a\000l\000\040\000C\000o\000g\000n\000i\000t\000i\000v\000e\000\040\000T\000r\000a\000n\000s\000i\000t\000i\000o\000n\000s}{figure.caption.14}% 63
\BOOKMARK [2][-]{subsection.A.13}{\376\377\000A\000n\000\040\000I\000l\000l\000u\000s\000t\000r\000a\000t\000i\000v\000e\000\040\000T\000w\000o\000-\000L\000e\000v\000e\000l\000\040\000E\000x\000a\000m\000p\000l\000e}{figure.caption.14}% 64
\BOOKMARK [2][-]{subsection.A.14}{\376\377\000S\000u\000m\000m\000a\000r\000y}{figure.caption.14}% 65
\BOOKMARK [1][-]{subsection.A.14}{\376\377\000A\000p\000p\000e\000n\000d\000i\000x\000\040\000F\000\040\040\024\000\040\000F\000u\000n\000c\000t\000o\000r\000i\000a\000l\000\040\000q\000u\000a\000n\000t\000i\000z\000a\000t\000i\000o\000n\000\040\000o\000f\000\040\000t\000h\000e\000\040\000R\000S\000V\000P\000\040\000f\000i\000e\000l\000d\000\040\000v\000i\000a\000\040\000H\000i\000l\000b\000e\000r\000t\000\040\000b\000u\000n\000d\000l\000e\000s}{}% 66
\BOOKMARK [2][-]{subsection.A.15}{\376\377\000P\000r\000e\000l\000i\000m\000i\000n\000a\000r\000i\000e\000s}{subsection.A.14}% 67
\BOOKMARK [2][-]{subsection.A.16}{\376\377\000S\000t\000r\000u\000c\000t\000u\000r\000e\000\040\000o\000f\000\040\000t\000h\000e\000\040\000Q\000u\000a\000n\000t\000u\000m\000\040\000C\000a\000t\000e\000g\000o\000r\000y}{subsection.A.14}% 68
\BOOKMARK [2][-]{subsection.A.17}{\376\377\000C\000L\000I\000O\000\040\000a\000s\000\040\000a\000\040\000M\000o\000n\000o\000i\000d\000a\000l\000\040\000E\000n\000d\000o\000f\000u\000n\000c\000t\000o\000r}{subsection.A.14}% 69
\BOOKMARK [2][-]{subsection.A.18}{\376\377\000F\000u\000n\000c\000t\000o\000r\000i\000a\000l\000\040\000Q\000u\000a\000n\000t\000i\000z\000a\000t\000i\000o\000n\000\040\000D\000i\000a\000g\000r\000a\000m}{subsection.A.14}% 70
\BOOKMARK [2][-]{subsection.A.19}{\376\377\000S\000h\000e\000a\000f\000-\000T\000h\000e\000o\000r\000e\000t\000i\000c\000\040\000Q\000u\000a\000n\000t\000i\000z\000a\000t\000i\000o\000n}{subsection.A.14}% 71
\BOOKMARK [2][-]{subsection.A.20}{\376\377\000S\000y\000m\000m\000e\000t\000r\000i\000c\000\040\000M\000o\000n\000o\000i\000d\000a\000l\000\040\000-\000C\000a\000t\000e\000g\000o\000r\000y\000\040\000E\000x\000t\000e\000n\000s\000i\000o\000n}{subsection.A.14}% 72
\BOOKMARK [2][-]{subsection.A.21}{\376\377\000S\000u\000m\000m\000a\000r\000y}{subsection.A.14}% 73
\BOOKMARK [1][-]{subsection.A.21}{\376\377\000A\000p\000p\000e\000n\000d\000i\000x\000\040\000G\000\040\040\024\000\040\000C\000o\000m\000p\000u\000t\000a\000t\000i\000o\000n\000a\000l\000\040\000I\000m\000p\000l\000e\000m\000e\000n\000t\000a\000t\000i\000o\000n}{}% 74
\BOOKMARK [2][-]{subsection.A.22}{\376\377\000O\000v\000e\000r\000v\000i\000e\000w}{subsection.A.21}% 75
\BOOKMARK [2][-]{subsection.A.23}{\376\377\000L\000a\000t\000t\000i\000c\000e\000\040\000D\000i\000s\000c\000r\000e\000t\000i\000z\000a\000t\000i\000o\000n\000\040\000S\000c\000h\000e\000m\000e}{subsection.A.21}% 76
\BOOKMARK [2][-]{subsection.A.24}{\376\377\000G\000P\000U\000\040\000M\000o\000n\000t\000e\000\040\000C\000a\000r\000l\000o\000\040\000I\000m\000p\000l\000e\000m\000e\000n\000t\000a\000t\000i\000o\000n}{subsection.A.21}% 77
\BOOKMARK [2][-]{subsection.A.25}{\376\377\000L\000a\000n\000g\000e\000v\000i\000n\000\040\000D\000y\000n\000a\000m\000i\000c\000s\000\040\000S\000o\000l\000v\000e\000r}{subsection.A.21}% 78
\BOOKMARK [2][-]{subsection.A.26}{\376\377\000D\000i\000s\000c\000r\000e\000t\000i\000z\000a\000t\000i\000o\000n\000\040\000T\000a\000b\000l\000e}{subsection.A.21}% 79
\BOOKMARK [2][-]{subsection.A.27}{\376\377\000C\000o\000n\000v\000e\000r\000g\000e\000n\000c\000e\000\040\000a\000n\000d\000\040\000D\000i\000a\000g\000n\000o\000s\000t\000i\000c\000s}{subsection.A.21}% 80
\BOOKMARK [2][-]{subsection.A.28}{\376\377\000V\000i\000s\000u\000a\000l\000i\000z\000a\000t\000i\000o\000n\000\040\000P\000i\000p\000e\000l\000i\000n\000e}{subsection.A.21}% 81
\BOOKMARK [2][-]{subsection.A.29}{\376\377\000S\000u\000m\000m\000a\000r\000y}{subsection.A.21}% 82
\BOOKMARK [1][-]{subsection.A.29}{\376\377\000A\000p\000p\000e\000n\000d\000i\000x\000\040\000H\000\040\040\024\000\040\000E\000x\000p\000e\000r\000i\000m\000e\000n\000t\000a\000l\000\040\000P\000r\000e\000d\000i\000c\000t\000i\000o\000n\000s}{}% 83
\BOOKMARK [2][-]{subsection.A.30}{\376\377\000M\000a\000p\000p\000i\000n\000g\000\040\000T\000h\000e\000o\000r\000e\000t\000i\000c\000a\000l\000\040\000a\000n\000d\000\040\000M\000e\000a\000s\000u\000r\000a\000b\000l\000e\000\040\000Q\000u\000a\000n\000t\000i\000t\000i\000e\000s}{subsection.A.29}% 84
\BOOKMARK [2][-]{subsection.A.31}{\376\377\000P\000r\000e\000d\000i\000c\000t\000e\000d\000\040\000S\000c\000a\000l\000i\000n\000g\000\040\000L\000a\000w\000s}{subsection.A.29}% 85
\BOOKMARK [2][-]{subsection.A.32}{\376\377\000P\000h\000a\000s\000e\000-\000L\000o\000c\000k\000i\000n\000g\000\040\000a\000n\000d\000\040\000E\000n\000t\000r\000o\000p\000y\000\040\000C\000o\000r\000r\000e\000l\000a\000t\000i\000o\000n}{subsection.A.29}% 86
\BOOKMARK [2][-]{subsection.A.33}{\376\377\000E\000x\000p\000e\000r\000i\000m\000e\000n\000t\000a\000l\000\040\000P\000r\000o\000t\000o\000c\000o\000l\000s}{subsection.A.29}% 87
\BOOKMARK [2][-]{subsection.A.34}{\376\377\000P\000r\000o\000t\000o\000c\000o\000l\000\040\0001\000:\000\040\000V\000i\000s\000u\000a\000l\000\040\000I\000m\000a\000g\000e\000r\000y\000\040\000C\000o\000h\000e\000r\000e\000n\000c\000e}{subsection.A.29}% 88
\BOOKMARK [2][-]{subsection.A.35}{\376\377\000P\000r\000o\000t\000o\000c\000o\000l\000\040\0002\000:\000\040\000A\000p\000h\000a\000n\000t\000a\000s\000i\000a\000\040\000a\000n\000d\000\040\000A\000n\000e\000n\000d\000o\000p\000h\000a\000s\000i\000a\000\040\000T\000e\000s\000t\000s}{subsection.A.29}% 89
\BOOKMARK [2][-]{subsection.A.36}{\376\377\000P\000o\000p\000u\000l\000a\000t\000i\000o\000n\000-\000L\000e\000v\000e\000l\000\040\000P\000r\000e\000d\000i\000c\000t\000i\000o\000n\000s}{subsection.A.29}% 90
\BOOKMARK [2][-]{subsection.A.37}{\376\377\000D\000i\000s\000c\000u\000s\000s\000i\000o\000n\000\040\000a\000n\000d\000\040\000E\000m\000p\000i\000r\000i\000c\000a\000l\000\040\000O\000u\000t\000l\000o\000o\000k}{subsection.A.29}% 91
\BOOKMARK [1][-]{subsection.A.37}{\376\377\000A\000p\000p\000e\000n\000d\000i\000x\000\040\000I\000\040\040\024\000\040\000O\000p\000e\000n\000\040\000P\000r\000o\000b\000l\000e\000m\000s\000\040\000a\000n\000d\000\040\000F\000u\000t\000u\000r\000e\000\040\000D\000i\000r\000e\000c\000t\000i\000o\000n\000s}{}% 92
\BOOKMARK [2][-]{subsection.A.38}{\376\377\000O\000v\000e\000r\000v\000i\000e\000w}{subsection.A.37}% 93
\BOOKMARK [2][-]{subsection.A.39}{\376\377\000M\000a\000t\000h\000e\000m\000a\000t\000i\000c\000a\000l\000\040\000C\000o\000n\000j\000e\000c\000t\000u\000r\000e\000s}{subsection.A.37}% 94
\BOOKMARK [2][-]{subsection.A.40}{\376\377\000C\000o\000m\000p\000u\000t\000a\000t\000i\000o\000n\000a\000l\000\040\000C\000h\000a\000l\000l\000e\000n\000g\000e\000s}{subsection.A.37}% 95
\BOOKMARK [2][-]{subsection.A.41}{\376\377\000E\000x\000p\000e\000r\000i\000m\000e\000n\000t\000a\000l\000\040\000D\000i\000r\000e\000c\000t\000i\000o\000n\000s}{subsection.A.37}% 96
\BOOKMARK [2][-]{subsection.A.42}{\376\377\000C\000o\000s\000m\000o\000l\000o\000g\000i\000c\000a\000l\000\040\000a\000n\000d\000\040\000P\000h\000i\000l\000o\000s\000o\000p\000h\000i\000c\000a\000l\000\040\000E\000x\000t\000e\000n\000s\000i\000o\000n\000s}{subsection.A.37}% 97
\BOOKMARK [2][-]{subsection.A.43}{\376\377\000C\000a\000t\000e\000g\000o\000r\000i\000c\000a\000l\000\040\000O\000p\000e\000n\000\040\000P\000r\000o\000b\000l\000e\000m\000s}{subsection.A.37}% 98
\BOOKMARK [2][-]{subsection.A.44}{\376\377\000F\000u\000t\000u\000r\000e\000\040\000D\000i\000r\000e\000c\000t\000i\000o\000n\000s}{subsection.A.37}% 99
\BOOKMARK [2][-]{subsection.A.45}{\376\377\000S\000u\000m\000m\000a\000r\000y}{subsection.A.37}% 100
