This is pdfTeX, Version 3.141592653-2.6-1.40.22 (TeX Live 2022/dev/Debian) (preloaded format=pdflatex 2025.8.11)  10 SEP 2025 08:09
entering extended mode
 restricted \write18 enabled.
 %&-line parsing enabled.
**monograph.tex
(./monograph.tex
LaTeX2e <2021-11-15> patch level 1
L3 programming layer <2022-01-21>
(/usr/share/texlive/texmf-dist/tex/latex/base/article.cls
Document Class: article 2021/10/04 v1.4n Standard LaTeX document class
(/usr/share/texlive/texmf-dist/tex/latex/base/size10.clo
File: size10.clo 2021/10/04 v1.4n Standard LaTeX file (size option)
)
\c@part=\count185
\c@section=\count186
\c@subsection=\count187
\c@subsubsection=\count188
\c@paragraph=\count189
\c@subparagraph=\count190
\c@figure=\count191
\c@table=\count192
\abovecaptionskip=\skip47
\belowcaptionskip=\skip48
\bibindent=\dimen138
)
(/usr/share/texlive/texmf-dist/tex/latex/amsmath/amsmath.sty
Package: amsmath 2021/10/15 v2.17l AMS math features
\@mathmargin=\skip49

For additional information on amsmath, use the `?' option.
(/usr/share/texlive/texmf-dist/tex/latex/amsmath/amstext.sty
Package: amstext 2021/08/26 v2.01 AMS text

(/usr/share/texlive/texmf-dist/tex/latex/amsmath/amsgen.sty
File: amsgen.sty 1999/11/30 v2.0 generic functions
\@emptytoks=\toks16
\ex@=\dimen139
))
(/usr/share/texlive/texmf-dist/tex/latex/amsmath/amsbsy.sty
Package: amsbsy 1999/11/29 v1.2d Bold Symbols
\pmbraise@=\dimen140
)
(/usr/share/texlive/texmf-dist/tex/latex/amsmath/amsopn.sty
Package: amsopn 2021/08/26 v2.02 operator names
)
\inf@bad=\count193
LaTeX Info: Redefining \frac on input line 234.
\uproot@=\count194
\leftroot@=\count195
LaTeX Info: Redefining \overline on input line 399.
\classnum@=\count196
\DOTSCASE@=\count197
LaTeX Info: Redefining \ldots on input line 496.
LaTeX Info: Redefining \dots on input line 499.
LaTeX Info: Redefining \cdots on input line 620.
\Mathstrutbox@=\box50
\strutbox@=\box51
\big@size=\dimen141
LaTeX Font Info:    Redeclaring font encoding OML on input line 743.
LaTeX Font Info:    Redeclaring font encoding OMS on input line 744.
\macc@depth=\count198
\c@MaxMatrixCols=\count199
\dotsspace@=\muskip16
\c@parentequation=\count266
\dspbrk@lvl=\count267
\tag@help=\toks17
\row@=\count268
\column@=\count269
\maxfields@=\count270
\andhelp@=\toks18
\eqnshift@=\dimen142
\alignsep@=\dimen143
\tagshift@=\dimen144
\tagwidth@=\dimen145
\totwidth@=\dimen146
\lineht@=\dimen147
\@envbody=\toks19
\multlinegap=\skip50
\multlinetaggap=\skip51
\mathdisplay@stack=\toks20
LaTeX Info: Redefining \[ on input line 2938.
LaTeX Info: Redefining \] on input line 2939.
)
(/usr/share/texlive/texmf-dist/tex/latex/amsfonts/amssymb.sty
Package: amssymb 2013/01/14 v3.01 AMS font symbols

(/usr/share/texlive/texmf-dist/tex/latex/amsfonts/amsfonts.sty
Package: amsfonts 2013/01/14 v3.01 Basic AMSFonts support
\symAMSa=\mathgroup4
\symAMSb=\mathgroup5
LaTeX Font Info:    Redeclaring math symbol \hbar on input line 98.
LaTeX Font Info:    Overwriting math alphabet `\mathfrak' in version `bold'
(Font)                  U/euf/m/n --> U/euf/b/n on input line 106.
))
(/usr/share/texlive/texmf-dist/tex/latex/amscls/amsthm.sty
Package: amsthm 2020/05/29 v2.20.6
\thm@style=\toks21
\thm@bodyfont=\toks22
\thm@headfont=\toks23
\thm@notefont=\toks24
\thm@headpunct=\toks25
\thm@preskip=\skip52
\thm@postskip=\skip53
\thm@headsep=\skip54
\dth@everypar=\toks26
)
(/usr/share/texlive/texmf-dist/tex/latex/geometry/geometry.sty
Package: geometry 2020/01/02 v5.9 Page Geometry

(/usr/share/texlive/texmf-dist/tex/latex/graphics/keyval.sty
Package: keyval 2014/10/28 v1.15 key=value parser (DPC)
\KV@toks@=\toks27
)
(/usr/share/texlive/texmf-dist/tex/generic/iftex/ifvtex.sty
Package: ifvtex 2019/10/25 v1.7 ifvtex legacy package. Use iftex instead.

(/usr/share/texlive/texmf-dist/tex/generic/iftex/iftex.sty
Package: iftex 2020/03/06 v1.0d TeX engine tests
))
\Gm@cnth=\count271
\Gm@cntv=\count272
\c@Gm@tempcnt=\count273
\Gm@bindingoffset=\dimen148
\Gm@wd@mp=\dimen149
\Gm@odd@mp=\dimen150
\Gm@even@mp=\dimen151
\Gm@layoutwidth=\dimen152
\Gm@layoutheight=\dimen153
\Gm@layouthoffset=\dimen154
\Gm@layoutvoffset=\dimen155
\Gm@dimlist=\toks28
)
(/usr/share/texlive/texmf-dist/tex/latex/graphics/graphicx.sty
Package: graphicx 2021/09/16 v1.2d Enhanced LaTeX Graphics (DPC,SPQR)

(/usr/share/texlive/texmf-dist/tex/latex/graphics/graphics.sty
Package: graphics 2021/03/04 v1.4d Standard LaTeX Graphics (DPC,SPQR)

(/usr/share/texlive/texmf-dist/tex/latex/graphics/trig.sty
Package: trig 2021/08/11 v1.11 sin cos tan (DPC)
)
(/usr/share/texlive/texmf-dist/tex/latex/graphics-cfg/graphics.cfg
File: graphics.cfg 2016/06/04 v1.11 sample graphics configuration
)
Package graphics Info: Driver file: pdftex.def on input line 107.

(/usr/share/texlive/texmf-dist/tex/latex/graphics-def/pdftex.def
File: pdftex.def 2020/10/05 v1.2a Graphics/color driver for pdftex
))
\Gin@req@height=\dimen156
\Gin@req@width=\dimen157
)
(/usr/share/texlive/texmf-dist/tex/latex/hyperref/hyperref.sty
Package: hyperref 2021-06-07 v7.00m Hypertext links for LaTeX

(/usr/share/texlive/texmf-dist/tex/generic/ltxcmds/ltxcmds.sty
Package: ltxcmds 2020-05-10 v1.25 LaTeX kernel commands for general use (HO)
)
(/usr/share/texlive/texmf-dist/tex/generic/pdftexcmds/pdftexcmds.sty
Package: pdftexcmds 2020-06-27 v0.33 Utility functions of pdfTeX for LuaTeX (HO
)

(/usr/share/texlive/texmf-dist/tex/generic/infwarerr/infwarerr.sty
Package: infwarerr 2019/12/03 v1.5 Providing info/warning/error messages (HO)
)
Package pdftexcmds Info: \pdf@primitive is available.
Package pdftexcmds Info: \pdf@ifprimitive is available.
Package pdftexcmds Info: \pdfdraftmode found.
)
(/usr/share/texlive/texmf-dist/tex/generic/kvsetkeys/kvsetkeys.sty
Package: kvsetkeys 2019/12/15 v1.18 Key value parser (HO)
)
(/usr/share/texlive/texmf-dist/tex/generic/kvdefinekeys/kvdefinekeys.sty
Package: kvdefinekeys 2019-12-19 v1.6 Define keys (HO)
)
(/usr/share/texlive/texmf-dist/tex/generic/pdfescape/pdfescape.sty
Package: pdfescape 2019/12/09 v1.15 Implements pdfTeX's escape features (HO)
)
(/usr/share/texlive/texmf-dist/tex/latex/hycolor/hycolor.sty
Package: hycolor 2020-01-27 v1.10 Color options for hyperref/bookmark (HO)
)
(/usr/share/texlive/texmf-dist/tex/latex/letltxmacro/letltxmacro.sty
Package: letltxmacro 2019/12/03 v1.6 Let assignment for LaTeX macros (HO)
)
(/usr/share/texlive/texmf-dist/tex/latex/auxhook/auxhook.sty
Package: auxhook 2019-12-17 v1.6 Hooks for auxiliary files (HO)
)
(/usr/share/texlive/texmf-dist/tex/latex/kvoptions/kvoptions.sty
Package: kvoptions 2020-10-07 v3.14 Key value format for package options (HO)
)
\@linkdim=\dimen158
\Hy@linkcounter=\count274
\Hy@pagecounter=\count275

(/usr/share/texlive/texmf-dist/tex/latex/hyperref/pd1enc.def
File: pd1enc.def 2021-06-07 v7.00m Hyperref: PDFDocEncoding definition (HO)
Now handling font encoding PD1 ...
... no UTF-8 mapping file for font encoding PD1
)
(/usr/share/texlive/texmf-dist/tex/latex/hyperref/hyperref-langpatches.def
File: hyperref-langpatches.def 2021-06-07 v7.00m Hyperref: patches for babel la
nguages
)
(/usr/share/texlive/texmf-dist/tex/generic/intcalc/intcalc.sty
Package: intcalc 2019/12/15 v1.3 Expandable calculations with integers (HO)
)
(/usr/share/texlive/texmf-dist/tex/generic/etexcmds/etexcmds.sty
Package: etexcmds 2019/12/15 v1.7 Avoid name clashes with e-TeX commands (HO)
)
\Hy@SavedSpaceFactor=\count276

(/usr/share/texlive/texmf-dist/tex/latex/hyperref/puenc.def
File: puenc.def 2021-06-07 v7.00m Hyperref: PDF Unicode definition (HO)
Now handling font encoding PU ...
... no UTF-8 mapping file for font encoding PU
)
Package hyperref Info: Hyper figures OFF on input line 4192.
Package hyperref Info: Link nesting OFF on input line 4197.
Package hyperref Info: Hyper index ON on input line 4200.
Package hyperref Info: Plain pages OFF on input line 4207.
Package hyperref Info: Backreferencing OFF on input line 4212.
Package hyperref Info: Implicit mode ON; LaTeX internals redefined.
Package hyperref Info: Bookmarks ON on input line 4445.
\c@Hy@tempcnt=\count277

(/usr/share/texlive/texmf-dist/tex/latex/url/url.sty
\Urlmuskip=\muskip17
Package: url 2013/09/16  ver 3.4  Verb mode for urls, etc.
)
LaTeX Info: Redefining \url on input line 4804.
\XeTeXLinkMargin=\dimen159

(/usr/share/texlive/texmf-dist/tex/generic/bitset/bitset.sty
Package: bitset 2019/12/09 v1.3 Handle bit-vector datatype (HO)

(/usr/share/texlive/texmf-dist/tex/generic/bigintcalc/bigintcalc.sty
Package: bigintcalc 2019/12/15 v1.5 Expandable calculations on big integers (HO
)
))
\Fld@menulength=\count278
\Field@Width=\dimen160
\Fld@charsize=\dimen161
Package hyperref Info: Hyper figures OFF on input line 6076.
Package hyperref Info: Link nesting OFF on input line 6081.
Package hyperref Info: Hyper index ON on input line 6084.
Package hyperref Info: backreferencing OFF on input line 6091.
Package hyperref Info: Link coloring OFF on input line 6096.
Package hyperref Info: Link coloring with OCG OFF on input line 6101.
Package hyperref Info: PDF/A mode OFF on input line 6106.
LaTeX Info: Redefining \ref on input line 6146.
LaTeX Info: Redefining \pageref on input line 6150.

(/usr/share/texlive/texmf-dist/tex/latex/base/atbegshi-ltx.sty
Package: atbegshi-ltx 2021/01/10 v1.0c Emulation of the original atbegshi
package with kernel methods
)
\Hy@abspage=\count279
\c@Item=\count280
\c@Hfootnote=\count281
)
Package hyperref Info: Driver (autodetected): hpdftex.

(/usr/share/texlive/texmf-dist/tex/latex/hyperref/hpdftex.def
File: hpdftex.def 2021-06-07 v7.00m Hyperref driver for pdfTeX

(/usr/share/texlive/texmf-dist/tex/latex/base/atveryend-ltx.sty
Package: atveryend-ltx 2020/08/19 v1.0a Emulation of the original atveryend pac
kage
with kernel methods
)
\Fld@listcount=\count282
\c@bookmark@seq@number=\count283

(/usr/share/texlive/texmf-dist/tex/latex/rerunfilecheck/rerunfilecheck.sty
Package: rerunfilecheck 2019/12/05 v1.9 Rerun checks for auxiliary files (HO)

(/usr/share/texlive/texmf-dist/tex/generic/uniquecounter/uniquecounter.sty
Package: uniquecounter 2019/12/15 v1.4 Provide unlimited unique counter (HO)
)
Package uniquecounter Info: New unique counter `rerunfilecheck' on input line 2
86.
)
\Hy@SectionHShift=\skip55
)
(/usr/share/texlive/texmf-dist/tex/latex/natbib/natbib.sty
Package: natbib 2010/09/13 8.31b (PWD, AO)
\bibhang=\skip56
\bibsep=\skip57
LaTeX Info: Redefining \cite on input line 694.
\c@NAT@ctr=\count284
)
(/usr/share/texlive/texmf-dist/tex/latex/l3backend/l3backend-pdftex.def
File: l3backend-pdftex.def 2022-01-12 L3 backend support: PDF output (pdfTeX)
\l__color_backend_stack_int=\count285
\l__pdf_internal_box=\box52
)
(./monograph.aux

LaTeX Warning: Label `sec:introduction' multiply defined.


LaTeX Warning: Label `sec:foundations' multiply defined.


LaTeX Warning: Label `sec:mind_blindness' multiply defined.


LaTeX Warning: Label `sec:foundations' multiply defined.


LaTeX Warning: Label `sec:formal' multiply defined.


LaTeX Warning: Label `sec:integration' multiply defined.


LaTeX Warning: Label `sec:theoretical_extensions' multiply defined.


LaTeX Warning: Label `sec:empirical' multiply defined.


LaTeX Warning: Label `sec:conceptual' multiply defined.


LaTeX Warning: Label `sec:applications' multiply defined.


LaTeX Warning: Label `sec:limits' multiply defined.


LaTeX Warning: Label `sec:ethics' multiply defined.


LaTeX Warning: Label `sec:decision' multiply defined.


LaTeX Warning: Label `sec:conclusion' multiply defined.

)
\openout1 = `monograph.aux'.

LaTeX Font Info:    Checking defaults for OML/cmm/m/it on input line 15.
LaTeX Font Info:    ... okay on input line 15.
LaTeX Font Info:    Checking defaults for OMS/cmsy/m/n on input line 15.
LaTeX Font Info:    ... okay on input line 15.
LaTeX Font Info:    Checking defaults for OT1/cmr/m/n on input line 15.
LaTeX Font Info:    ... okay on input line 15.
LaTeX Font Info:    Checking defaults for T1/cmr/m/n on input line 15.
LaTeX Font Info:    ... okay on input line 15.
LaTeX Font Info:    Checking defaults for TS1/cmr/m/n on input line 15.
LaTeX Font Info:    ... okay on input line 15.
LaTeX Font Info:    Checking defaults for OMX/cmex/m/n on input line 15.
LaTeX Font Info:    ... okay on input line 15.
LaTeX Font Info:    Checking defaults for U/cmr/m/n on input line 15.
LaTeX Font Info:    ... okay on input line 15.
LaTeX Font Info:    Checking defaults for PD1/pdf/m/n on input line 15.
LaTeX Font Info:    ... okay on input line 15.
LaTeX Font Info:    Checking defaults for PU/pdf/m/n on input line 15.
LaTeX Font Info:    ... okay on input line 15.

*geometry* driver: auto-detecting
*geometry* detected driver: pdftex
*geometry* verbose mode - [ preamble ] result:
* driver: pdftex
* paper: <default>
* layout: <same size as paper>
* layoutoffset:(h,v)=(0.0pt,0.0pt)
* modes: 
* h-part:(L,W,R)=(72.26999pt, 469.75502pt, 72.26999pt)
* v-part:(T,H,B)=(72.26999pt, 650.43001pt, 72.26999pt)
* \paperwidth=614.295pt
* \paperheight=794.96999pt
* \textwidth=469.75502pt
* \textheight=650.43001pt
* \oddsidemargin=0.0pt
* \evensidemargin=0.0pt
* \topmargin=-37.0pt
* \headheight=12.0pt
* \headsep=25.0pt
* \topskip=10.0pt
* \footskip=30.0pt
* \marginparwidth=65.0pt
* \marginparsep=11.0pt
* \columnsep=10.0pt
* \skip\footins=9.0pt plus 4.0pt minus 2.0pt
* \hoffset=0.0pt
* \voffset=0.0pt
* \mag=1000
* \@twocolumnfalse
* \@twosidefalse
* \@mparswitchfalse
* \@reversemarginfalse
* (1in=72.27pt=25.4mm, 1cm=28.453pt)

(/usr/share/texlive/texmf-dist/tex/context/base/mkii/supp-pdf.mkii
[Loading MPS to PDF converter (version 2006.09.02).]
\scratchcounter=\count286
\scratchdimen=\dimen162
\scratchbox=\box53
\nofMPsegments=\count287
\nofMParguments=\count288
\everyMPshowfont=\toks29
\MPscratchCnt=\count289
\MPscratchDim=\dimen163
\MPnumerator=\count290
\makeMPintoPDFobject=\count291
\everyMPtoPDFconversion=\toks30
) (/usr/share/texlive/texmf-dist/tex/latex/epstopdf-pkg/epstopdf-base.sty
Package: epstopdf-base 2020-01-24 v2.11 Base part for package epstopdf
Package epstopdf-base Info: Redefining graphics rule for `.eps' on input line 4
85.

(/usr/share/texlive/texmf-dist/tex/latex/latexconfig/epstopdf-sys.cfg
File: epstopdf-sys.cfg 2010/07/13 v1.3 Configuration of (r)epstopdf for TeX Liv
e
))
Package hyperref Info: Link coloring OFF on input line 15.

(/usr/share/texlive/texmf-dist/tex/latex/hyperref/nameref.sty
Package: nameref 2021-04-02 v2.47 Cross-referencing by name of section

(/usr/share/texlive/texmf-dist/tex/latex/refcount/refcount.sty
Package: refcount 2019/12/15 v3.6 Data extraction from label references (HO)
)
(/usr/share/texlive/texmf-dist/tex/generic/gettitlestring/gettitlestring.sty
Package: gettitlestring 2019/12/15 v1.6 Cleanup title references (HO)
)
\c@section@level=\count292
)
LaTeX Info: Redefining \ref on input line 15.
LaTeX Info: Redefining \pageref on input line 15.
LaTeX Info: Redefining \nameref on input line 15.

(./monograph.out) (./monograph.out)
\@outlinefile=\write3
\openout3 = `monograph.out'.

LaTeX Font Info:    Trying to load font information for U+msa on input line 18.


(/usr/share/texlive/texmf-dist/tex/latex/amsfonts/umsa.fd
File: umsa.fd 2013/01/14 v3.01 AMS symbols A
)
LaTeX Font Info:    Trying to load font information for U+msb on input line 18.


(/usr/share/texlive/texmf-dist/tex/latex/amsfonts/umsb.fd
File: umsb.fd 2013/01/14 v3.01 AMS symbols B
)

Package natbib Warning: Citation `levin2022technological' on page 1 undefined o
n input line 26.


Package natbib Warning: Citation `levin2019computational' on page 1 undefined o
n input line 26.


Package natbib Warning: Citation `zeman2015' on page 1 undefined on input line 
26.


Package natbib Warning: Citation `hurlburt2024' on page 1 undefined on input li
ne 26.


Package natbib Warning: Citation `zuboff2019age' on page 1 undefined on input l
ine 28.


Package natbib Warning: Citation `wu2016attention' on page 1 undefined on input
 line 28.


Package natbib Warning: Citation `carr2010shallows' on page 1 undefined on inpu
t line 28.


Package natbib Warning: Citation `lanham2006economics' on page 1 undefined on i
nput line 28.


Package natbib Warning: Citation `forman2003road' on page 1 undefined on input 
line 28.


Package natbib Warning: Citation `arendt1958human' on page 1 undefined on input
 line 28.


Package natbib Warning: Citation `walker2013algorithmic' on page 1 undefined on
 input line 30.


Package natbib Warning: Citation `pastra2011praxicon' on page 1 undefined on in
put line 30.


Package natbib Warning: Citation `peigneux2004imaging' on page 1 undefined on i
nput line 30.


Package natbib Warning: Citation `yudkowsky2008artificial' on page 1 undefined 
on input line 30.


Package natbib Warning: Citation `miller2006robust' on page 1 undefined on inpu
t line 30.


Package natbib Warning: Citation `calvo2020plants' on page 1 undefined on input
 line 30.


Package natbib Warning: Citation `camazine2001self' on page 1 undefined on inpu
t line 30.


Package natbib Warning: Citation `bassett2017network' on page 1 undefined on in
put line 30.


Package natbib Warning: Citation `kimmerer2013braiding' on page 1 undefined on 
input line 30.


Package natbib Warning: Citation `clark2010supersizing' on page 1 undefined on 
input line 30.

[1

{/var/lib/texmf/fonts/map/pdftex/updmap/pdftex.map}]

Package natbib Warning: Citation `levin2022technological' on page 2 undefined o
n input line 37.


Package natbib Warning: Citation `levin2019computational' on page 2 undefined o
n input line 37.


Package natbib Warning: Citation `jacobs2022' on page 2 undefined on input line
 37.


Package natbib Warning: Citation `bps_anendophasia' on page 2 undefined on inpu
t line 37.


Package natbib Warning: Citation `pachniewski2023intersubjectivity' on page 2 u
ndefined on input line 37.


Package natbib Warning: Citation `zuboff2019age' on page 2 undefined on input l
ine 39.


Package natbib Warning: Citation `wu2016attention' on page 2 undefined on input
 line 39.


Package natbib Warning: Citation `miller1988markets' on page 2 undefined on inp
ut line 39.


Package natbib Warning: Citation `carr2010shallows' on page 2 undefined on inpu
t line 39.


Package natbib Warning: Citation `lanham2006economics' on page 2 undefined on i
nput line 41.


Package natbib Warning: Citation `arendt1958human' on page 2 undefined on input
 line 41.


Package natbib Warning: Citation `gieling2011assessing' on page 2 undefined on 
input line 46.


Package natbib Warning: Citation `mendell2010why' on page 2 undefined on input 
line 46.


Package natbib Warning: Citation `zeman2015' on page 2 undefined on input line 
51.


Package natbib Warning: Citation `hurlburt2024' on page 2 undefined on input li
ne 51.


Overfull \hbox (2.43112pt too wide) in paragraph at lines 49--53
[]\OT1/cmr/m/n/10 2. **Cog-ni-tive Mi-nori-ties (Aphan-ta-sia, Anen-dopha-sia, 
Atyp-i-cal Cog-ni-tion)** Bias: Value lies in attention-
 []

[2]

Package natbib Warning: Citation `habermas1984theory' on page 3 undefined on in
put line 56.


Package natbib Warning: Citation `camazine2001self' on page 3 undefined on inpu
t line 65.


Package natbib Warning: Citation `tononi2004information' on page 3 undefined on
 input line 65.


Package natbib Warning: Citation `calvo2020plants' on page 3 undefined on input
 line 111.


Package natbib Warning: Citation `camazine2001self' on page 3 undefined on inpu
t line 111.


Package natbib Warning: Citation `bassett2017network' on page 3 undefined on in
put line 111.


Package natbib Warning: Citation `kimmerer2013braiding' on page 3 undefined on 
input line 111.


Package natbib Warning: Citation `clark2010supersizing' on page 3 undefined on 
input line 111.

[3]

Package natbib Warning: Citation `adami2012use' on page 4 undefined on input li
ne 117.


Package natbib Warning: Citation `hazen2007functional' on page 4 undefined on i
nput line 117.


Package natbib Warning: Citation `shannon1948mathematical' on page 4 undefined 
on input line 117.


Package natbib Warning: Citation `kolmogorov1965three' on page 4 undefined on i
nput line 117.


Package natbib Warning: Citation `camazine2001self' on page 4 undefined on inpu
t line 119.


Package natbib Warning: Citation `tononi2004information' on page 4 undefined on
 input line 119.


Package natbib Warning: Citation `friston2010free' on page 4 undefined on input
 line 119.


Package natbib Warning: Citation `cronin2016beyond' on page 4 undefined on inpu
t line 122.


Package natbib Warning: Citation `walker2013algorithmic' on page 4 undefined on
 input line 122.


Package natbib Warning: Citation `adami2012use' on page 4 undefined on input li
ne 122.


Package natbib Warning: Citation `peigneux2004imaging' on page 4 undefined on i
nput line 125.


Package natbib Warning: Citation `mantovani2010reviewing' on page 4 undefined o
n input line 125.


Package natbib Warning: Citation `harnad1990symbol' on page 4 undefined on inpu
t line 125.


Package natbib Warning: Citation `pastra2011praxicon' on page 4 undefined on in
put line 125.


Package natbib Warning: Citation `vannuscorps2023effector' on page 4 undefined 
on input line 125.


Package natbib Warning: Citation `tononi2004information' on page 4 undefined on
 input line 128.


Package natbib Warning: Citation `friston2010free' on page 4 undefined on input
 line 128.


Package natbib Warning: Citation `barandiaran2009defining' on page 4 undefined 
on input line 128.


Package natbib Warning: Citation `cover2006elements' on page 4 undefined on inp
ut line 134.


Package natbib Warning: Citation `walker2013algorithmic' on page 4 undefined on
 input line 143.


Package natbib Warning: Citation `panunzi2018imagact' on page 4 undefined on in
put line 146.


Package natbib Warning: Citation `barsalou2008grounded' on page 4 undefined on 
input line 146.


Package natbib Warning: Citation `shannon1948mathematical' on page 4 undefined 
on input line 152.


Package natbib Warning: Citation `jaynes2003probability' on page 4 undefined on
 input line 152.


Package natbib Warning: Citation `kolmogorov1965three' on page 4 undefined on i
nput line 152.

[4]

Package natbib Warning: Citation `tononi2004information' on page 5 undefined on
 input line 154.


Package natbib Warning: Citation `friston2010free' on page 5 undefined on input
 line 154.


Package natbib Warning: Citation `newell1990unified' on page 5 undefined on inp
ut line 157.


Package natbib Warning: Citation `healy2022' on page 5 undefined on input line 
160.


Package natbib Warning: Citation `ehresmann2021' on page 5 undefined on input l
ine 160.


Package natbib Warning: Citation `spivak2024' on page 5 undefined on input line
 163.


Package natbib Warning: Citation `stenzel2024' on page 5 undefined on input lin
e 163.


Package natbib Warning: Citation `ehresmann1980' on page 5 undefined on input l
ine 163.


Package natbib Warning: Citation `levin2019computational' on page 5 undefined o
n input line 168.


Package natbib Warning: Citation `barandiaran2009defining' on page 5 undefined 
on input line 170.


Package natbib Warning: Citation `ehresmann2021' on page 5 undefined on input l
ine 172.


Package natbib Warning: Citation `pastra2011praxicon' on page 5 undefined on in
put line 177.


Package natbib Warning: Citation `kolmogorov1965three' on page 5 undefined on i
nput line 179.


Package natbib Warning: Citation `jaynes2003probability' on page 5 undefined on
 input line 181.


Package natbib Warning: Citation `tononi2004information' on page 5 undefined on
 input line 186.


Package natbib Warning: Citation `camazine2001self' on page 5 undefined on inpu
t line 188.


Package natbib Warning: Citation `friston2010free' on page 5 undefined on input
 line 190.


Package natbib Warning: Citation `peigneux2004imaging' on page 5 undefined on i
nput line 196.


Package natbib Warning: Citation `zeman2015' on page 5 undefined on input line 
196.


Package natbib Warning: Citation `levin2022technological' on page 5 undefined o
n input line 196.

[5]

Package natbib Warning: Citation `pastra2011praxicon' on page 6 undefined on in
put line 199.


Package natbib Warning: Citation `anderson2007how' on page 6 undefined on input
 line 199.


Package natbib Warning: Citation `yudkowsky2008artificial' on page 6 undefined 
on input line 199.


Package natbib Warning: Citation `camazine2001self' on page 6 undefined on inpu
t line 202.


Package natbib Warning: Citation `simondon2017mode' on page 6 undefined on inpu
t line 202.


Package natbib Warning: Citation `bostrom2014superintelligence' on page 6 undef
ined on input line 202.


Package natbib Warning: Citation `ortega1961meditations' on page 6 undefined on
 input line 205.


Package natbib Warning: Citation `kimmerer2013braiding' on page 6 undefined on 
input line 205.


Package natbib Warning: Citation `kolmogorov1965three' on page 6 undefined on i
nput line 210.


Package natbib Warning: Citation `levin2019computational' on page 6 undefined o
n input line 212.


Package natbib Warning: Citation `calvo2020plants' on page 6 undefined on input
 line 212.


Package natbib Warning: Citation `camazine2001self' on page 6 undefined on inpu
t line 212.


Package natbib Warning: Citation `bassett2017network' on page 6 undefined on in
put line 212.


Package natbib Warning: Citation `kimmerer2013braiding' on page 6 undefined on 
input line 212.


Package natbib Warning: Citation `clark2010supersizing' on page 6 undefined on 
input line 212.


Package natbib Warning: Citation `dennett1987intentional' on page 6 undefined o
n input line 217.


Package natbib Warning: Citation `whitehead1929process' on page 6 undefined on 
input line 217.


Package natbib Warning: Citation `deleuze1987thousand' on page 6 undefined on i
nput line 217.

! Misplaced alignment tab character &.
l.235 Preliminaries &
                      Notation
? 

! LaTeX Error: Unicode character Σ (U+03A3)
               not set up for use with LaTeX.

See the LaTeX manual or LaTeX Companion for explanation.
Type  H <return>  for immediate help.
 ...                                              
                                                  
l.238 an alphabet Σ
                    .
? 
[6]

! LaTeX Error: Unicode character ≈ (U+2248)
               not set up for use with LaTeX.

See the LaTeX manual or LaTeX Companion for explanation.
Type  H <return>  for immediate help.
 ...                                              
                                                  
l.259 L(X) ≈
              L(model) + L(residuals | model)
? 

! LaTeX Error: Unicode character ∝ (U+221D)
               not set up for use with LaTeX.

See the LaTeX manual or LaTeX Companion for explanation.
Type  H <return>  for immediate help.
 ...                                              
                                                  
l.263 EAIMR(X) ∝
                  Kplan(X)
? 

! LaTeX Error: Unicode character ≲ (U+2272)
               not set up for use with LaTeX.

See the LaTeX manual or LaTeX Companion for explanation.
Type  H <return>  for immediate help.
 ...                                              
                                                  
l.268 Kplan(X) ≲
                  K(X)
? 
! Misplaced alignment tab character &.
l.271 Statistical Surprise &
                             Likelihood Ratios
? 

! LaTeX Error: Unicode character ≡ (U+2261)
               not set up for use with LaTeX.

See the LaTeX manual or LaTeX Companion for explanation.
Type  H <return>  for immediate help.
 ...                                              
                                                  
l.275 I0(X) ≡
               −log P0(X)
? 

! LaTeX Error: Unicode character − (U+2212)
               not set up for use with LaTeX.

See the LaTeX manual or LaTeX Companion for explanation.
Type  H <return>  for immediate help.
 ...                                              
                                                  
l.275 I0(X) ≡−
                  log P0(X)
? 

! LaTeX Error: Unicode character Λ (U+039B)
               not set up for use with LaTeX.

See the LaTeX manual or LaTeX Companion for explanation.
Type  H <return>  for immediate help.
 ...                                              
                                                  
l.277 Λ
        (X) ≡P1(X)
? 

! LaTeX Error: Unicode character ≡ (U+2261)
               not set up for use with LaTeX.

See the LaTeX manual or LaTeX Companion for explanation.
Type  H <return>  for immediate help.
 ...                                              
                                                  
l.277 Λ(X) ≡
               P1(X)
? 

! LaTeX Error: Unicode character − (U+2212)
               not set up for use with LaTeX.

See the LaTeX manual or LaTeX Companion for explanation.
Type  H <return>  for immediate help.
 ...                                              
                                                  
l.281 log P1(X) −
                   log P0(X)
? 

! LaTeX Error: Unicode character Λ (U+039B)
               not set up for use with LaTeX.

See the LaTeX manual or LaTeX Companion for explanation.
Type  H <return>  for immediate help.
 ...                                              
                                                  
l.285 ...High EAIMR should correlate with large Λ
                                                  (X) and a high I0(X) (i.e....

? 

! LaTeX Error: Unicode character ≡ (U+2261)
               not set up for use with LaTeX.

See the LaTeX manual or LaTeX Companion for explanation.
Type  H <return>  for immediate help.
 ...                                              
                                                  
l.289 S(X) ≡
              I0(X) + λ ϕ(X)
? 

! LaTeX Error: Unicode character λ (U+03BB)
               not set up for use with LaTeX.

See the LaTeX manual or LaTeX Companion for explanation.
Type  H <return>  for immediate help.
 ...                                              
                                                  
l.289 S(X) ≡I0(X) + λ
                         ϕ(X)
? 

! LaTeX Error: Unicode character ϕ (U+03D5)
               not set up for use with LaTeX.

See the LaTeX manual or LaTeX Companion for explanation.
Type  H <return>  for immediate help.
 ...                                              
                                                  
l.289 S(X) ≡I0(X) + λ ϕ
                           (X)
? 

! LaTeX Error: Unicode character ∆ (U+2206)
               not set up for use with LaTeX.

See the LaTeX manual or LaTeX Companion for explanation.
Type  H <return>  for immediate help.
 ...                                              
                                                  
l.305 ∆
         H ≡H(M) −Hobs(M)
? 

! LaTeX Error: Unicode character ≡ (U+2261)
               not set up for use with LaTeX.

See the LaTeX manual or LaTeX Companion for explanation.
Type  H <return>  for immediate help.
 ...                                              
                                                  
l.305 ∆H ≡
              H(M) −Hobs(M)
? 

! LaTeX Error: Unicode character − (U+2212)
               not set up for use with LaTeX.

See the LaTeX manual or LaTeX Companion for explanation.
Type  H <return>  for immediate help.
 ...                                              
                                                  
l.305 ∆H ≡H(M) −
                      Hobs(M)
? 

! LaTeX Error: Unicode character ≈ (U+2248)
               not set up for use with LaTeX.

See the LaTeX manual or LaTeX Companion for explanation.
Type  H <return>  for immediate help.
 ...                                              
                                                  
l.312 C(X) ≈
              1 + α
? 

! LaTeX Error: Unicode character α (U+03B1)
               not set up for use with LaTeX.

See the LaTeX manual or LaTeX Companion for explanation.
Type  H <return>  for immediate help.
 ...                                              
                                                  
l.312 C(X) ≈1 + α
                    
? 

! LaTeX Error: Unicode character ∆ (U+2206)
               not set up for use with LaTeX.

See the LaTeX manual or LaTeX Companion for explanation.
Type  H <return>  for immediate help.
 ...                                              
                                                  
l.313 ∆
         H
? 
! Misplaced alignment tab character &.
l.330 Coherence via Control &
                              Causal Graphs
? 

! LaTeX Error: Unicode character ϕ (U+03D5)
               not set up for use with LaTeX.

See the LaTeX manual or LaTeX Companion for explanation.
Type  H <return>  for immediate help.
 ...                                              
                                                  
l.334 ϕ
        (X) = β1 Stab(G) + β2 GoalAcc(G) + β3 Robust(G)
? 

! LaTeX Error: Unicode character β (U+03B2)
               not set up for use with LaTeX.

See the LaTeX manual or LaTeX Companion for explanation.
Type  H <return>  for immediate help.
 ...                                              
                                                  
l.334 ϕ(X) = β
                1 Stab(G) + β2 GoalAcc(G) + β3 Robust(G)
? 

! LaTeX Error: Unicode character β (U+03B2)
               not set up for use with LaTeX.

See the LaTeX manual or LaTeX Companion for explanation.
Type  H <return>  for immediate help.
 ...                                              
                                                  
l.334 ϕ(X) = β1 Stab(G) + β
                              2 GoalAcc(G) + β3 Robust(G)
? 

! LaTeX Error: Unicode character β (U+03B2)
               not set up for use with LaTeX.

See the LaTeX manual or LaTeX Companion for explanation.
Type  H <return>  for immediate help.
 ...                                              
                                                  
l.334 ϕ(X) = β1 Stab(G) + β2 GoalAcc(G) + β
                                               3 Robust(G)
? 

! LaTeX Error: Unicode character ϕ (U+03D5)
               not set up for use with LaTeX.

See the LaTeX manual or LaTeX Companion for explanation.
Type  H <return>  for immediate help.
 ...                                              
                                                  
l.338 Then use ϕ
                 (X) inside (Section 3) or directly as your multiplier.
? 
! Misplaced alignment tab character &.
l.347 Function &
                 coherence: quantify with control/evaluation tasks (tracking...

? 
[7]

! LaTeX Error: Unicode character ≥ (U+2265)
               not set up for use with LaTeX.

See the LaTeX manual or LaTeX Companion for explanation.
Type  H <return>  for immediate help.
 ...                                              
                                                  
l.367 EAIMR(X) ≥
                  τ
? 

! LaTeX Error: Unicode character τ (U+03C4)
               not set up for use with LaTeX.

See the LaTeX manual or LaTeX Companion for explanation.
Type  H <return>  for immediate help.
 ...                                              
                                                  
l.367 EAIMR(X) ≥τ
                    
? 

! LaTeX Error: Unicode character ⇒ (U+21D2)
               not set up for use with LaTeX.

See the LaTeX manual or LaTeX Companion for explanation.
Type  H <return>  for immediate help.
 ...                                              
                                                  
l.368 ⇒
         
? 

! LaTeX Error: Unicode character λ (U+03BB)
               not set up for use with LaTeX.

See the LaTeX manual or LaTeX Companion for explanation.
Type  H <return>  for immediate help.
 ...                                              
                                                  
l.388 From surprisal: S(X) = I0(X) + λ
                                       ϕP(X), EAIMR as monotonic g(S(X)).
? 

! LaTeX Error: Unicode character ϕ (U+03D5)
               not set up for use with LaTeX.

See the LaTeX manual or LaTeX Companion for explanation.
Type  H <return>  for immediate help.
 ...                                              
                                                  
l.388 From surprisal: S(X) = I0(X) + λϕ
                                         P(X), EAIMR as monotonic g(S(X)).
? 
! Missing $ inserted.
<inserted text> 
                $
l.393 def compute_
                  eaimr(X, P0, P1, G_P):
? 
! Missing $ inserted.
<inserted text> 
                $
l.400 
      
? 

Overfull \hbox (4.52188pt too wide) in paragraph at lines 393--400
[]\OT1/cmr/m/n/10 def compute$[]\OML/cmm/m/it/10 aimr\OT1/cmr/m/n/10 (\OML/cmm/
m/it/10 X; P\OT1/cmr/m/n/10 0\OML/cmm/m/it/10 ; P\OT1/cmr/m/n/10 1\OML/cmm/m/it
/10 ; G[]\OT1/cmr/m/n/10 ) : \OML/cmm/m/it/10 A \OT1/cmr/m/n/10 = \OML/cmm/m/it
/10 assembly[]ndex\OT1/cmr/m/n/10 (\OML/cmm/m/it/10 X\OT1/cmr/m/n/10 )\OML/cmm/
m/it/10 R \OT1/cmr/m/n/10 = \OML/cmm/m/it/10 reuse[]actor\OT1/cmr/m/n/10 (\OML/
cmm/m/it/10 X\OT1/cmr/m/n/10 )\OML/cmm/m/it/10 P \OT1/cmr/m/n/10 = \OML/cmm/m/i
t/10 parallelism\OT1/cmr/m/n/10 (\OML/cmm/m/it/10 X\OT1/cmr/m/n/10 )\OML/cmm/m/
it/10 D \OT1/cmr/m/n/10 =
 []

! You can't use `macro parameter character #' in horizontal mode.
l.408 #
       # Theoretical Extensions
? 
! You can't use `macro parameter character #' in horizontal mode.
l.408 ##
         Theoretical Extensions
? 
! Missing $ inserted.
<inserted text> 
                $
l.411 ...ly. Add a temporal coherence component C_
                                                  t(X) that measures how age...

? 
! You can't use `macro parameter character #' in math mode.
l.419 #
       # Empirical and Methodological Improvements
? 
! You can't use `macro parameter character #' in math mode.
l.419 ##
         Empirical and Methodological Improvements
? 
! You can't use `macro parameter character #' in math mode.
l.441 #
       # Conceptual Deepening
? 
! You can't use `macro parameter character #' in math mode.
l.441 ##
         Conceptual Deepening
? 
! You can't use `macro parameter character #' in math mode.
l.455 #
       # Practical Applications
? 
! You can't use `macro parameter character #' in math mode.
l.455 ##
         Practical Applications
? 
! You can't use `macro parameter character #' in math mode.
l.475 #
       # Addressing Limitations
? 
! You can't use `macro parameter character #' in math mode.
l.475 ##
         Addressing Limitations
? 
! You can't use `macro parameter character #' in math mode.
l.489 #
       # Interdisciplinary Connections
? 
! You can't use `macro parameter character #' in math mode.
l.489 ##
         Interdisciplinary Connections
? 
! Missing $ inserted.
<inserted text> 
                $
l.500 
      
? 

Overfull \hbox (1127.21014pt too wide) in paragraph at lines 406--500
\OML/cmm/m/it/10 termagencyfromapparentpatterns:  \OMS/cmsy/m/n/10 ^^C ^^C\OT1/
cmr/m/n/10 2\OML/cmm/m/it/10 :CausalInterventionFramework \OMS/cmsy/m/n/10 ^^C 
^^C\OML/cmm/m/it/10 Developformalmethodsfortestingagencythroughperturbationexpe
riments:Definean\OT1/cmr/m/n/10 "\OML/cmm/m/it/10 agencyresilienceindex\OT1/cmr
/m/n/10 "\OML/cmm/m/it/10 thatmeasureshowsystemsrespondtotargeteddisruptionsver
susrandomnoise:Trueagentsshouldshowcharacteristicrecoverypatternsthatdifferfrom
merehomeostaticsystems:  \OMS/cmsy/m/n/10 ^^C
 []


Overfull \hbox (69.4345pt too wide) in paragraph at lines 406--500
\OMS/cmsy/m/n/10 ^^C\OT1/cmr/m/n/10 3\OML/cmm/m/it/10 :CompositionalAgency \OMS
/cmsy/m/n/10 ^^C ^^C\OML/cmm/m/it/10 Extendthemathematicalframeworkusingcategor
ytheorytohandlenestedandemergentagency \OMS/cmsy/m/n/10 ^^@
 []


Overfull \hbox (296.34943pt too wide) in paragraph at lines 406--500
\OML/cmm/m/it/10 howindividualagentscomposeintocollectiveminds; andhowcollectiv
eagencycanexhibitpropertiesirreducibletocomponentagents: EmpiricalandMethodolog
icalImprovements  \OMS/cmsy/m/n/10 ^^C
 []


Overfull \hbox (44.791pt too wide) in paragraph at lines 406--500
\OMS/cmsy/m/n/10 ^^C\OT1/cmr/m/n/10 4\OML/cmm/m/it/10 :QuantitativeValidationSt
udies \OMS/cmsy/m/n/10 ^^C ^^C\OML/cmm/m/it/10 Theframeworkneedsextensiveempiri
calvalidationacrosstheproposeddomains \OT1/cmr/m/n/10 :
 []


Overfull \hbox (81.15894pt too wide) in paragraph at lines 406--500
\OMS/cmsy/m/n/10 ^^@\OML/cmm/m/it/10 Neuralstudiescomparinghealthyvs:lesionedti
ssue \OMS/cmsy/m/n/10 ^^@ \OML/cmm/m/it/10 Ecologicalexperimentsmanipulatingfor
est=termitecolonyconditions \OMS/cmsy/m/n/10 ^^@
 []


Overfull \hbox (142.13808pt too wide) in paragraph at lines 406--500
\OML/cmm/m/it/10 AIbenchmarkstestingtheframeworkagainstknownagenticvs:non \OMS/
cmsy/m/n/10 ^^@ \OML/cmm/m/it/10 agenticsystems \OMS/cmsy/m/n/10 ^^@ \OML/cmm/m
/it/10 Cross \OMS/cmsy/m/n/10 ^^@ \OML/cmm/m/it/10 culturalstudiesofritualandsy
mbolicsystems  \OMS/cmsy/m/n/10 ^^C
 []


Overfull \hbox (152.82486pt too wide) in paragraph at lines 406--500
\OMS/cmsy/m/n/10 ^^C\OT1/cmr/m/n/10 5\OML/cmm/m/it/10 :ComputationalImplementat
ion \OMS/cmsy/m/n/10 ^^C ^^C\OML/cmm/m/it/10 Developopen \OMS/cmsy/m/n/10 ^^@ \
OML/cmm/m/it/10 sourcesoftwaretoolsthatcanactuallycomputeEAIMRvaluesfromrealdat
a:Thisrequires \OT1/cmr/m/n/10 :
 []


Overfull \hbox (67.73203pt too wide) in paragraph at lines 406--500
\OMS/cmsy/m/n/10 ^^@\OML/cmm/m/it/10 Standardizeddataformatsfordifferentsystemt
ypes \OMS/cmsy/m/n/10 ^^@ \OML/cmm/m/it/10 EfficientalgorithmsforapproximatingK
olmogorovcomplexity \OMS/cmsy/m/n/10 ^^@
 []


Overfull \hbox (97.204pt too wide) in paragraph at lines 406--500
\OML/cmm/m/it/10 Methodsforextractingpraxicongraphsfromobservationaldata  \OMS/
cmsy/m/n/10 ^^C ^^C\OT1/cmr/m/n/10 6\OML/cmm/m/it/10 :StatisticalFramework \OMS
/cmsy/m/n/10 ^^C ^^C\OML/cmm/m/it/10 Addrigorousstatisticalmethodsfor \OT1/cmr/
m/n/10 :
 []


Overfull \hbox (84.56142pt too wide) in paragraph at lines 406--500
\OML/cmm/m/it/10 Poweranalysisfordetectingagencydifferences \OMS/cmsy/m/n/10 ^^
@ \OML/cmm/m/it/10 Handlingmeasurementuncertaintyandmissingdata ConceptualDeepe
ning  \OMS/cmsy/m/n/10 ^^C
 []


Overfull \hbox (630.36057pt too wide) in paragraph at lines 406--500
\OMS/cmsy/m/n/10 ^^C\OT1/cmr/m/n/10 7\OML/cmm/m/it/10 :PhenomenologicalBridge \
OMS/cmsy/m/n/10 ^^C ^^C\OML/cmm/m/it/10 Addressthehardproblemofconsciousnessmor
edirectly:HowdoeshighEAIMRrelatetosubjectiveexperience\OT1/cmr/m/n/10 ?\OML/cmm
/m/it/10 DeveloptestablepredictionsaboutwhichsystemswithhighEAIMRscoresmighthav
ephenomenalconsciousness:  \OMS/cmsy/m/n/10 ^^C
 []


Overfull \hbox (307.27802pt too wide) in paragraph at lines 406--500
\OMS/cmsy/m/n/10 ^^C\OT1/cmr/m/n/10 8\OML/cmm/m/it/10 :EvolutionaryDynamics \OM
S/cmsy/m/n/10 ^^C ^^C\OML/cmm/m/it/10 Integrateevolutionarytheorytopredicthowag
encyemergesandevolves:SystemswithhigherEAIMRshouldshowdifferentevolutionarytraj
ectories \OMS/cmsy/m/n/10 ^^@
 []


Overfull \hbox (24.30261pt too wide) in paragraph at lines 406--500
\OML/cmm/m/it/10 thiscouldbetestedinartificiallifesimulationsorcomparativestudi
es:  \OMS/cmsy/m/n/10 ^^C ^^C\OT1/cmr/m/n/10 9\OML/cmm/m/it/10 :Information \OM
S/cmsy/m/n/10 ^^@ \OML/cmm/m/it/10 TheoreticRefinements \OMS/cmsy/m/n/10 ^^C
 []


Overfull \hbox (94.29634pt too wide) in paragraph at lines 406--500
\OMS/cmsy/m/n/10 ^^C\OML/cmm/m/it/10 Deepentheinformation \OMS/cmsy/m/n/10 ^^@ 
\OML/cmm/m/it/10 theoreticfoundationsby \OT1/cmr/m/n/10 : \OMS/cmsy/m/n/10 ^^@\
OML/cmm/m/it/10 Connectingtorecentworkonintegratedinformationandcausalemergence
 \OMS/cmsy/m/n/10 ^^@
 []


Overfull \hbox (168.84026pt too wide) in paragraph at lines 406--500
\OML/cmm/m/it/10 Developingnon \OMS/cmsy/m/n/10 ^^@ \OML/cmm/m/it/10 equilibriu
mthermodynamicinterpretations \OMS/cmsy/m/n/10 ^^@ \OML/cmm/m/it/10 Exploringco
nnectionstopredictiveprocessingframeworks PracticalApplications  \OMS/cmsy/m/n/
10 ^^C
 []


Overfull \hbox (86.76506pt too wide) in paragraph at lines 406--500
\OMS/cmsy/m/n/10 ^^C\OT1/cmr/m/n/10 10\OML/cmm/m/it/10 :AIAlignmentApplications
 \OMS/cmsy/m/n/10 ^^C ^^C\OML/cmm/m/it/10 Provideconcreteprotocolsfor \OT1/cmr/
m/n/10 : \OMS/cmsy/m/n/10 ^^@\OML/cmm/m/it/10 MonitoringAIsystemsforemergentage
ncyduringtraining \OMS/cmsy/m/n/10 ^^@
 []


Overfull \hbox (218.46445pt too wide) in paragraph at lines 406--500
\OML/cmm/m/it/10 Detectingdeceptivealignment\OT1/cmr/m/n/10 (\OML/cmm/m/it/10 s
ystemsthatappearnon \OMS/cmsy/m/n/10 ^^@ \OML/cmm/m/it/10 agenticbutarestrategi
callyhidingtheirgoals\OT1/cmr/m/n/10 ) \OMS/cmsy/m/n/10 ^^@ \OML/cmm/m/it/10 Me
asuringvaluealignmentthroughpraxiconanalysis  \OMS/cmsy/m/n/10 ^^C
 []


Overfull \hbox (92.551pt too wide) in paragraph at lines 406--500
\OMS/cmsy/m/n/10 ^^C\OT1/cmr/m/n/10 11\OML/cmm/m/it/10 :ClinicalApplications \O
MS/cmsy/m/n/10 ^^C ^^C\OML/cmm/m/it/10 Developdiagnostictoolsfor \OT1/cmr/m/n/1
0 : \OMS/cmsy/m/n/10 ^^@\OML/cmm/m/it/10 Detectingpreservedagencyinlocked \OMS/
cmsy/m/n/10 ^^@ \OML/cmm/m/it/10 insyndromeorvegetativestates \OMS/cmsy/m/n/10 
^^@
 []


Overfull \hbox (97.11484pt too wide) in paragraph at lines 406--500
\OML/cmm/m/it/10 Monitoringcognitiverehabilitationprogress \OMS/cmsy/m/n/10 ^^@
 \OML/cmm/m/it/10 Assessingcollectiveagencyintherapeuticcommunities  \OMS/cmsy/
m/n/10 ^^C ^^C\OT1/cmr/m/n/10 12\OML/cmm/m/it/10 :PolicyandGovernance \OMS/cmsy
/m/n/10 ^^C
 []


Overfull \hbox (168.3458pt too wide) in paragraph at lines 406--500
\OMS/cmsy/m/n/10 ^^C\OML/cmm/m/it/10 Createframeworksfor \OT1/cmr/m/n/10 : \OMS
/cmsy/m/n/10 ^^@\OML/cmm/m/it/10 Legalrecognitionofcollectiveandnon \OMS/cmsy/m
/n/10 ^^@ \OML/cmm/m/it/10 humanagency \OMS/cmsy/m/n/10 ^^@ \OML/cmm/m/it/10 En
vironmentalprotectionbasedonecosystemagencydetection \OMS/cmsy/m/n/10 ^^@
 []


Overfull \hbox (21.76625pt too wide) in paragraph at lines 406--500
\OML/cmm/m/it/10 RegulationofAIsystemsbasedonagencymetrics AddressingLimitation
s  \OMS/cmsy/m/n/10 ^^C ^^C\OT1/cmr/m/n/10 13\OML/cmm/m/it/10 :AnthropocentricB
iasMitigation \OMS/cmsy/m/n/10 ^^C
 []


Overfull \hbox (47.96085pt too wide) in paragraph at lines 406--500
\OMS/cmsy/m/n/10 ^^C\OML/cmm/m/it/10 Whiletheframeworkclaimstoavoidanthropocent
rism; itstillreliesonhuman \OMS/cmsy/m/n/10 ^^@ \OML/cmm/m/it/10 designedmetric
s:Developmethodsfor \OT1/cmr/m/n/10 :
 []


Overfull \hbox (48.97581pt too wide) in paragraph at lines 406--500
\OMS/cmsy/m/n/10 ^^@\OML/cmm/m/it/10 Cross \OMS/cmsy/m/n/10 ^^@ \OML/cmm/m/it/1
0 validationusingnon \OMS/cmsy/m/n/10 ^^@ \OML/cmm/m/it/10 human \OMS/cmsy/m/n/
10 ^^@ \OML/cmm/m/it/10 derivedmeasures \OMS/cmsy/m/n/10 ^^@ \OML/cmm/m/it/10 I
ncorporatingindigenousknowledgesystemsaboutagency \OMS/cmsy/m/n/10 ^^@
 []


Overfull \hbox (207.52512pt too wide) in paragraph at lines 406--500
\OML/cmm/m/it/10 Testingtheframework[]spredictionsagainstanimalbehaviorstudies 
 \OMS/cmsy/m/n/10 ^^C ^^C\OT1/cmr/m/n/10 14\OML/cmm/m/it/10 :ComputationalTract
ability \OMS/cmsy/m/n/10 ^^C ^^C\OML/cmm/m/it/10 Addressthefundamentalcomputati
onalchallenges \OT1/cmr/m/n/10 :
 []


Overfull \hbox (88.47838pt too wide) in paragraph at lines 406--500
\OMS/cmsy/m/n/10 ^^@\OML/cmm/m/it/10 Developpolynomial \OMS/cmsy/m/n/10 ^^@ \OM
L/cmm/m/it/10 timeapproximationsforthecoremetrics \OMS/cmsy/m/n/10 ^^@ \OML/cmm
/m/it/10 Createhierarchicalmethodsthatcanscaletoverylargesystems \OMS/cmsy/m/n/
10 ^^@
 []


Overfull \hbox (14.7913pt too wide) in paragraph at lines 406--500
\OML/cmm/m/it/10 Establishwhenexactcomputationisnecessaryvs:whenapproximationss
uffice InterdisciplinaryConnections  \OMS/cmsy/m/n/10 ^^C
 []


Overfull \hbox (181.36314pt too wide) in paragraph at lines 406--500
\OMS/cmsy/m/n/10 ^^C\OT1/cmr/m/n/10 15\OML/cmm/m/it/10 :ConnectiontoOtherFields
 \OMS/cmsy/m/n/10 ^^C ^^C\OML/cmm/m/it/10 Explicitlyconnectto \OT1/cmr/m/n/10 :
 \OMS/cmsy/m/n/10 ^^@\OML/cmm/m/it/10 Recentworkinplantcognitionandbehavior \OM
S/cmsy/m/n/10 ^^@ \OML/cmm/m/it/10 Developmentsincollectiveintelligenceresearch
 \OMS/cmsy/m/n/10 ^^@
 []


Overfull \hbox (1311.41403pt too wide) in paragraph at lines 406--500
\OML/cmm/m/it/10 Advancesinnetworkneuroscience \OMS/cmsy/m/n/10 ^^@ \OML/cmm/m/
it/10 Indigenousknowledgesystemsaboutnaturalagency \OMS/cmsy/m/n/10 ^^@ \OML/cm
m/m/it/10 Recentphilosophicalworkonextendedanddistributedcognition Eachofthesee
xtensionscouldconstituteasignificantresearchprograminitself:Thekeyistoprioritiz
ebasedonwhichextensionswouldmoststrengthenthecoretheoreticalframeworkwhileprovi
dingtheclearestpathstoempiricalvalidationandpracticalapplication:$ 
 []

[8]
! Missing $ inserted.
<inserted text> 
                $
l.501 ...e rest of the work.<xaiArtifact artifact_
                                                  id="828b6726-68a7-4149-b33...

? 
! Missing $ inserted.
<inserted text> 
                $
l.502 
      
? 

! LaTeX Error: Can be used only in preamble.

See the LaTeX manual or LaTeX Companion for explanation.
Type  H <return>  for immediate help.
 ...                                              
                                                  
l.503 \documentclass
                    {article}
? 

! LaTeX Error: Can be used only in preamble.

See the LaTeX manual or LaTeX Companion for explanation.
Type  H <return>  for immediate help.
 ...                                              
                                                  
l.504 \usepackage
                 {amsmath}
? 

! LaTeX Error: Can be used only in preamble.

See the LaTeX manual or LaTeX Companion for explanation.
Type  H <return>  for immediate help.
 ...                                              
                                                  
l.505 \usepackage
                 {amssymb}
? 

! LaTeX Error: Can be used only in preamble.

See the LaTeX manual or LaTeX Companion for explanation.
Type  H <return>  for immediate help.
 ...                                              
                                                  
l.506 \usepackage
                 {amsthm}
? 

! LaTeX Error: Can be used only in preamble.

See the LaTeX manual or LaTeX Companion for explanation.
Type  H <return>  for immediate help.
 ...                                              
                                                  
l.507 \usepackage
                 {geometry}
? 

! LaTeX Error: Can be used only in preamble.

See the LaTeX manual or LaTeX Companion for explanation.
Type  H <return>  for immediate help.
 ...                                              
                                                  
l.508 \usepackage
                 {graphicx}
? 

! LaTeX Error: Can be used only in preamble.

See the LaTeX manual or LaTeX Companion for explanation.
Type  H <return>  for immediate help.
 ...                                              
                                                  
l.509 \usepackage
                 {hyperref}
? 

! LaTeX Error: Can be used only in preamble.

See the LaTeX manual or LaTeX Companion for explanation.
Type  H <return>  for immediate help.
 ...                                              
                                                  
l.510 \usepackage
                 {natbib}
? 

! LaTeX Error: Can be used only in preamble.

See the LaTeX manual or LaTeX Companion for explanation.
Type  H <return>  for immediate help.
 ...                                              
                                                  
l.511 \geometry
               {margin=1in}
? 

! LaTeX Error: Can be used only in preamble.

See the LaTeX manual or LaTeX Companion for explanation.
Type  H <return>  for immediate help.
 ...                                              
                                                  
l.517 \begin{document}
                      
? 

Package natbib Warning: Citation `levin2022technological' on page 9 undefined o
n input line 528.


Package natbib Warning: Citation `zeman2015' on page 9 undefined on input line 
528.


Package natbib Warning: Citation `hurlburt2024' on page 9 undefined on input li
ne 528.


Package natbib Warning: Citation `pachniewski2023intersubjectivity' on page 9 u
ndefined on input line 528.


Package natbib Warning: Citation `zuboff2019age' on page 9 undefined on input l
ine 530.


Package natbib Warning: Citation `wu2016attention' on page 9 undefined on input
 line 530.


Package natbib Warning: Citation `lanham2006economics' on page 9 undefined on i
nput line 530.


Package natbib Warning: Citation `walker2013algorithmic' on page 9 undefined on
 input line 532.


Package natbib Warning: Citation `pastra2011praxicon' on page 9 undefined on in
put line 532.


Package natbib Warning: Citation `peigneux2004imaging' on page 9 undefined on i
nput line 532.


Package natbib Warning: Citation `yudkowsky2008artificial' on page 9 undefined 
on input line 532.


Package natbib Warning: Citation `miller2006robust' on page 9 undefined on inpu
t line 532.

[9]

! LaTeX Error: Unicode character Φ (U+03A6)
               not set up for use with LaTeX.

See the LaTeX manual or LaTeX Companion for explanation.
Type  H <return>  for immediate help.
 ...                                              
                                                  
l.588 consciousness as integrated information Φ
                                                , but it requires predefined...

? 
[10] [11]

Package natbib Warning: Citation `calvo2020plants' on page 12 undefined on inpu
t line 676.


Package natbib Warning: Citation `camazine2001self' on page 12 undefined on inp
ut line 676.


Package natbib Warning: Citation `bassett2017network' on page 12 undefined on i
nput line 676.


Package natbib Warning: Citation `kimmerer2013braiding' on page 12 undefined on
 input line 676.


Package natbib Warning: Citation `clark2010supersizing' on page 12 undefined on
 input line 676.

[12]

! LaTeX Error: Unicode character Φ (U+03A6)
               not set up for use with LaTeX.

See the LaTeX manual or LaTeX Companion for explanation.
Type  H <return>  for immediate help.
 ...                                              
                                                  
l.712 consciousness as integrated information Φ
                                                , but it requires predefined...

? 

! LaTeX Error: Unicode character Σ (U+03A3)
               not set up for use with LaTeX.

See the LaTeX manual or LaTeX Companion for explanation.
Type  H <return>  for immediate help.
 ...                                              
                                                  
l.729 For a system X described over an alphabet Σ
                                                  , EAIMR is:
? 

! LaTeX Error: Unicode character − (U+2212)
               not set up for use with LaTeX.

See the LaTeX manual or LaTeX Companion for explanation.
Type  H <return>  for immediate help.
 ...                                              
                                                  
l.750 Self-information under the null: I0(X) = −
                                                  log P0(X). The likelihood ...

? 

! LaTeX Error: Unicode character Λ (U+039B)
               not set up for use with LaTeX.

See the LaTeX manual or LaTeX Companion for explanation.
Type  H <return>  for immediate help.
 ...                                              
                                                  
l.750 ...) = −log P0(X). The likelihood ratio Λ
                                                  (X) = P1(X)/P0(X) quantifies
? 

! LaTeX Error: Unicode character ∆ (U+2206)
               not set up for use with LaTeX.

See the LaTeX manual or LaTeX Companion for explanation.
Type  H <return>  for immediate help.
 ...                                              
                                                  
l.753 ∆
         HP = H(P0) −Hobs(P),
? 

! LaTeX Error: Unicode character − (U+2212)
               not set up for use with LaTeX.

See the LaTeX manual or LaTeX Companion for explanation.
Type  H <return>  for immediate help.
 ...                                              
                                                  
l.753 ∆HP = H(P0) −
                       Hobs(P),
? 

! LaTeX Error: Unicode character ≈ (U+2248)
               not set up for use with LaTeX.

See the LaTeX manual or LaTeX Companion for explanation.
Type  H <return>  for immediate help.
 ...                                              
                                                  
l.755 updating coherence as C(X) ≈
                                    1 + α∆HP / H(P0) [shannon1948mathemat...

? 

! LaTeX Error: Unicode character α (U+03B1)
               not set up for use with LaTeX.

See the LaTeX manual or LaTeX Companion for explanation.
Type  H <return>  for immediate help.
 ...                                              
                                                  
l.755 updating coherence as C(X) ≈1 + α
                                          ∆HP / H(P0) [shannon1948mathemat...

? 

! LaTeX Error: Unicode character ∆ (U+2206)
               not set up for use with LaTeX.

See the LaTeX manual or LaTeX Companion for explanation.
Type  H <return>  for immediate help.
 ...                                              
                                                  
l.755 updating coherence as C(X) ≈1 + α∆
                                             HP / H(P0) [shannon1948mathemat...

? 
[13]

! LaTeX Error: Unicode character η (U+03B7)
               not set up for use with LaTeX.

See the LaTeX manual or LaTeX Companion for explanation.
Type  H <return>  for immediate help.
 ...                                              
                                                  
l.773 ...” or cost of natural transformations η
                                                   : F ⇒G,
? 

! LaTeX Error: Unicode character ⇒ (U+21D2)
               not set up for use with LaTeX.

See the LaTeX manual or LaTeX Companion for explanation.
Type  H <return>  for immediate help.
 ...                                              
                                                  
l.773 ...ost of natural transformations η : F ⇒
                                                  G,
? 

! LaTeX Error: Unicode character ⊆ (U+2286)
               not set up for use with LaTeX.

See the LaTeX manual or LaTeX Companion for explanation.
Type  H <return>  for immediate help.
 ...                                              
                                                  
l.785 ... a space X assigns to each open set U ⊆
                                                  X a set F(U)
? 
[14]
Overfull \hbox (27.10593pt too wide) in paragraph at lines 822--823
\OT1/cmr/m/n/10 Regular lat-tice growth yields low C(X), high pre-dictabil-ity 
un-der P0, re-sult-ing in low EAIMR [hazen2007functional]. 
 []


Package natbib Warning: Citation `levin2019computational' on page 15 undefined 
on input line 827.


Package natbib Warning: Citation `barandiaran2009defining' on page 15 undefined
 on input line 829.


Package natbib Warning: Citation `ehresmann2021' on page 15 undefined on input 
line 831.


Package natbib Warning: Citation `pastra2011praxicon' on page 15 undefined on i
nput line 836.


Package natbib Warning: Citation `kolmogorov1965three' on page 15 undefined on 
input line 838.


Package natbib Warning: Citation `jaynes2003probability' on page 15 undefined o
n input line 840.


Package natbib Warning: Citation `tononi2004information' on page 15 undefined o
n input line 845.


Package natbib Warning: Citation `camazine2001self' on page 15 undefined on inp
ut line 847.


Package natbib Warning: Citation `friston2010free' on page 15 undefined on inpu
t line 849.


Package natbib Warning: Citation `peigneux2004imaging' on page 15 undefined on 
input line 855.


Package natbib Warning: Citation `zeman2015' on page 15 undefined on input line
 855.


Package natbib Warning: Citation `levin2022technological' on page 15 undefined 
on input line 855.


Package natbib Warning: Citation `pastra2011praxicon' on page 15 undefined on i
nput line 858.


Package natbib Warning: Citation `anderson2007how' on page 15 undefined on inpu
t line 858.


Package natbib Warning: Citation `yudkowsky2008artificial' on page 15 undefined
 on input line 858.

[15]

Package natbib Warning: Citation `camazine2001self' on page 16 undefined on inp
ut line 861.


Package natbib Warning: Citation `simondon2017mode' on page 16 undefined on inp
ut line 861.


Package natbib Warning: Citation `bostrom2014superintelligence' on page 16 unde
fined on input line 861.


Package natbib Warning: Citation `ortega1961meditations' on page 16 undefined o
n input line 864.


Package natbib Warning: Citation `kimmerer2013braiding' on page 16 undefined on
 input line 864.


Package natbib Warning: Citation `kolmogorov1965three' on page 16 undefined on 
input line 869.


Package natbib Warning: Citation `levin2019computational' on page 16 undefined 
on input line 871.


Package natbib Warning: Citation `calvo2020plants' on page 16 undefined on inpu
t line 871.


Package natbib Warning: Citation `camazine2001self' on page 16 undefined on inp
ut line 871.


Package natbib Warning: Citation `bassett2017network' on page 16 undefined on i
nput line 871.


Package natbib Warning: Citation `kimmerer2013braiding' on page 16 undefined on
 input line 871.


Package natbib Warning: Citation `clark2010supersizing' on page 16 undefined on
 input line 871.


Package natbib Warning: Citation `dennett1987intentional' on page 16 undefined 
on input line 876.


Package natbib Warning: Citation `whitehead1929process' on page 16 undefined on
 input line 876.


Package natbib Warning: Citation `deleuze1987thousand' on page 16 undefined on 
input line 876.

pdfTeX warning (ext4): destination with the same identifier (name{appendix.A}) 
has been already used, duplicate ignored
<to be read again> 
                   \relax 
l.891 ble Order}
                
! Misplaced alignment tab character &.
l.894 Preliminaries &
                      Notation
? 

! LaTeX Error: Unicode character Σ (U+03A3)
               not set up for use with LaTeX.

See the LaTeX manual or LaTeX Companion for explanation.
Type  H <return>  for immediate help.
 ...                                              
                                                  
l.897 an alphabet Σ
                    .
? 

! LaTeX Error: Unicode character Σ (U+03A3)
               not set up for use with LaTeX.

See the LaTeX manual or LaTeX Companion for explanation.
Type  H <return>  for immediate help.
 ...                                              
                                                  
l.909 ...mputational universality. The alphabet Σ
                                                   can be binary for digital...

? 

! LaTeX Error: Unicode character ≈ (U+2248)
               not set up for use with LaTeX.

See the LaTeX manual or LaTeX Companion for explanation.
Type  H <return>  for immediate help.
 ...                                              
                                                  
l.920 L(X) ≈
              L(model) + L(residuals | model)
? 
[16]

! LaTeX Error: Unicode character ∝ (U+221D)
               not set up for use with LaTeX.

See the LaTeX manual or LaTeX Companion for explanation.
Type  H <return>  for immediate help.
 ...                                              
                                                  
l.924 EAIMR(X) ∝
                  Kplan(X)
? 

! LaTeX Error: Unicode character ≲ (U+2272)
               not set up for use with LaTeX.

See the LaTeX manual or LaTeX Companion for explanation.
Type  H <return>  for immediate help.
 ...                                              
                                                  
l.929 Kplan(X) ≲
                  K(X)
? 
! Misplaced alignment tab character &.
l.934 Statistical Surprise &
                             Likelihood Ratios
? 

! LaTeX Error: Unicode character ≡ (U+2261)
               not set up for use with LaTeX.

See the LaTeX manual or LaTeX Companion for explanation.
Type  H <return>  for immediate help.
 ...                                              
                                                  
l.938 I0(X) ≡
               −log P0(X)
? 

! LaTeX Error: Unicode character − (U+2212)
               not set up for use with LaTeX.

See the LaTeX manual or LaTeX Companion for explanation.
Type  H <return>  for immediate help.
 ...                                              
                                                  
l.938 I0(X) ≡−
                  log P0(X)
? 

! LaTeX Error: Unicode character Λ (U+039B)
               not set up for use with LaTeX.

See the LaTeX manual or LaTeX Companion for explanation.
Type  H <return>  for immediate help.
 ...                                              
                                                  
l.940 Λ
        (X) ≡P1(X)
? 

! LaTeX Error: Unicode character ≡ (U+2261)
               not set up for use with LaTeX.

See the LaTeX manual or LaTeX Companion for explanation.
Type  H <return>  for immediate help.
 ...                                              
                                                  
l.940 Λ(X) ≡
               P1(X)
? 

! LaTeX Error: Unicode character − (U+2212)
               not set up for use with LaTeX.

See the LaTeX manual or LaTeX Companion for explanation.
Type  H <return>  for immediate help.
 ...                                              
                                                  
l.944 log P1(X) −
                   log P0(X)
? 

! LaTeX Error: Unicode character Λ (U+039B)
               not set up for use with LaTeX.

See the LaTeX manual or LaTeX Companion for explanation.
Type  H <return>  for immediate help.
 ...                                              
                                                  
l.948 ...High EAIMR should correlate with large Λ
                                                  (X) and a high I0(X) (i.e....

? 

! LaTeX Error: Unicode character ≡ (U+2261)
               not set up for use with LaTeX.

See the LaTeX manual or LaTeX Companion for explanation.
Type  H <return>  for immediate help.
 ...                                              
                                                  
l.952 S(X) ≡
              I0(X) + λ ϕ(X)
? 

! LaTeX Error: Unicode character λ (U+03BB)
               not set up for use with LaTeX.

See the LaTeX manual or LaTeX Companion for explanation.
Type  H <return>  for immediate help.
 ...                                              
                                                  
l.952 S(X) ≡I0(X) + λ
                         ϕ(X)
? 

! LaTeX Error: Unicode character ϕ (U+03D5)
               not set up for use with LaTeX.

See the LaTeX manual or LaTeX Companion for explanation.
Type  H <return>  for immediate help.
 ...                                              
                                                  
l.952 S(X) ≡I0(X) + λ ϕ
                           (X)
? 

! LaTeX Error: Unicode character Λ (U+039B)
               not set up for use with LaTeX.

See the LaTeX manual or LaTeX Companion for explanation.
Type  H <return>  for immediate help.
 ...                                              
                                                  
l.961 The likelihood ratio Λ
                             (X) is the Bayes factor for mind-like vs. null ...

? 

! LaTeX Error: Unicode character Λ (U+039B)
               not set up for use with LaTeX.

See the LaTeX manual or LaTeX Companion for explanation.
Type  H <return>  for immediate help.
 ...                                              
                                                  
l.961 ...or mind-like vs. null models, with log Λ
                                                  (X) as evidence weight. Fo...

? 

! LaTeX Error: Unicode character ∆ (U+2206)
               not set up for use with LaTeX.

See the LaTeX manual or LaTeX Companion for explanation.
Type  H <return>  for immediate help.
 ...                                              
                                                  
l.970 ∆
         H ≡H(M) −Hobs(M)
? 

! LaTeX Error: Unicode character ≡ (U+2261)
               not set up for use with LaTeX.

See the LaTeX manual or LaTeX Companion for explanation.
Type  H <return>  for immediate help.
 ...                                              
                                                  
l.970 ∆H ≡
              H(M) −Hobs(M)
? 

! LaTeX Error: Unicode character − (U+2212)
               not set up for use with LaTeX.

See the LaTeX manual or LaTeX Companion for explanation.
Type  H <return>  for immediate help.
 ...                                              
                                                  
l.970 ∆H ≡H(M) −
                      Hobs(M)
? 

! LaTeX Error: Unicode character ≈ (U+2248)
               not set up for use with LaTeX.

See the LaTeX manual or LaTeX Companion for explanation.
Type  H <return>  for immediate help.
 ...                                              
                                                  
l.975 C(X) ≈
              1 + α
? 

! LaTeX Error: Unicode character α (U+03B1)
               not set up for use with LaTeX.

See the LaTeX manual or LaTeX Companion for explanation.
Type  H <return>  for immediate help.
 ...                                              
                                                  
l.975 C(X) ≈1 + α
                    
? 

! LaTeX Error: Unicode character ∆ (U+2206)
               not set up for use with LaTeX.

See the LaTeX manual or LaTeX Companion for explanation.
Type  H <return>  for immediate help.
 ...                                              
                                                  
l.976 ∆
         H
? 

! LaTeX Error: Unicode character ∑ (U+2211)
               not set up for use with LaTeX.

See the LaTeX manual or LaTeX Companion for explanation.
Type  H <return>  for immediate help.
 ...                                              
                                                  
l.979 Entropy H(M) = -∑
                          p_i log p_i over macrostates, where p_i is probabi...

? 
! Missing $ inserted.
<inserted text> 
                $
l.979 Entropy H(M) = -∑ p_
                            i log p_i over macrostates, where p_i is probabi...

? 

! LaTeX Error: Unicode character ∆ (U+2206)
               not set up for use with LaTeX.

See the LaTeX manual or LaTeX Companion for explanation.
Type  H <return>  for immediate help.
 ...                                              
                                                  
l.979 ...ed from empirical distributions, with ∆
                                                  H quantifying work against...

? 

! LaTeX Error: Command \bfseries invalid in math mode.

See the LaTeX manual or LaTeX Companion for explanation.
Type  H <return>  for immediate help.
 ...                                              
                                                  
l.979 ...uilibrium physics \citep{friston2010free}
                                                  .
? 

Package natbib Warning: Citation `friston2010free' on page 17 undefined on inpu
t line 979.

! Missing $ inserted.
<inserted text> 
                $
l.980 
      
? 

Overfull \hbox (445.38371pt too wide) in paragraph at lines 979--980
[]\OT1/cmr/m/n/10 Entropy H(M) = - p$[]\OML/cmm/m/it/10 logp[]overmacrostates; 
wherep[]isprobabilityunderP\OT1/cmr/m/n/10 0\OML/cmm/m/it/10 :ObservedH[]bs\OT1
/cmr/m/n/10 (\OML/cmm/m/it/10 M\OT1/cmr/m/n/10 )\OML/cmm/m/it/10 iscomputedfrom
empiricaldistributions; withHquantifyingworkagainstthermodynamicdisorder; linki
ngtonon \OMS/cmsy/m/n/10 ^^@
 []

! Misplaced alignment tab character &.
l.997 Coherence via Control &
                              Causal Graphs
? 

! LaTeX Error: Unicode character ϕ (U+03D5)
               not set up for use with LaTeX.

See the LaTeX manual or LaTeX Companion for explanation.
Type  H <return>  for immediate help.
 ...                                              
                                                  
l.1001 ϕ
         (X) = β1 Stab(G) + β2 GoalAcc(G) + β3 Robust(G)
? 

! LaTeX Error: Unicode character β (U+03B2)
               not set up for use with LaTeX.

See the LaTeX manual or LaTeX Companion for explanation.
Type  H <return>  for immediate help.
 ...                                              
                                                  
l.1001 ϕ(X) = β
                 1 Stab(G) + β2 GoalAcc(G) + β3 Robust(G)
? 

! LaTeX Error: Unicode character β (U+03B2)
               not set up for use with LaTeX.

See the LaTeX manual or LaTeX Companion for explanation.
Type  H <return>  for immediate help.
 ...                                              
                                                  
l.1001 ϕ(X) = β1 Stab(G) + β
                               2 GoalAcc(G) + β3 Robust(G)
? 

! LaTeX Error: Unicode character β (U+03B2)
               not set up for use with LaTeX.

See the LaTeX manual or LaTeX Companion for explanation.
Type  H <return>  for immediate help.
 ...                                              
                                                  
l.1001 ϕ(X) = β1 Stab(G) + β2 GoalAcc(G) + β
                                                3 Robust(G)
? 

! LaTeX Error: Unicode character ϕ (U+03D5)
               not set up for use with LaTeX.

See the LaTeX manual or LaTeX Companion for explanation.
Type  H <return>  for immediate help.
 ...                                              
                                                  
l.1005 Then use ϕ
                  (X) inside (Section 3) or directly as your multiplier.
? 
! Misplaced alignment tab character &.
l.1016 Function &
                  coherence: quantify with control/evaluation tasks (trackin...

? 
[17]
! Missing $ inserted.
<inserted text> 
                $
l.1021 ...ower bounds. Monte Carlo for P0 uses 10^
                                                  4-10^6 samples for converg...

? 
! Missing $ inserted.
<inserted text> 
                $
l.1022 
       
? 

! LaTeX Error: Unicode character ≥ (U+2265)
               not set up for use with LaTeX.

See the LaTeX manual or LaTeX Companion for explanation.
Type  H <return>  for immediate help.
 ...                                              
                                                  
l.1038 EAIMR(X) ≥
                   τ
? 

! LaTeX Error: Unicode character τ (U+03C4)
               not set up for use with LaTeX.

See the LaTeX manual or LaTeX Companion for explanation.
Type  H <return>  for immediate help.
 ...                                              
                                                  
l.1038 EAIMR(X) ≥τ
                     
? 

! LaTeX Error: Unicode character ⇒ (U+21D2)
               not set up for use with LaTeX.

See the LaTeX manual or LaTeX Companion for explanation.
Type  H <return>  for immediate help.
 ...                                              
                                                  
l.1039 ⇒
          
? 

! LaTeX Error: Unicode character λ (U+03BB)
               not set up for use with LaTeX.

See the LaTeX manual or LaTeX Companion for explanation.
Type  H <return>  for immediate help.
 ...                                              
                                                  
l.1057 From surprisal: S(X) = I0(X) + λ
                                        ϕ(X), EAIMR as monotonic g(S(X)).
? 

! LaTeX Error: Unicode character ϕ (U+03D5)
               not set up for use with LaTeX.

See the LaTeX manual or LaTeX Companion for explanation.
Type  H <return>  for immediate help.
 ...                                              
                                                  
l.1057 From surprisal: S(X) = I0(X) + λϕ
                                          (X), EAIMR as monotonic g(S(X)).
? 
! Missing $ inserted.
<inserted text> 
                $
l.1062 def compute_
                   eaimr(X, P0, P1, G_P):
? 
! Missing $ inserted.
<inserted text> 
                $
l.1069 
       
? 

Overfull \hbox (4.52188pt too wide) in paragraph at lines 1062--1069
[]\OT1/cmr/m/n/10 def compute$[]\OML/cmm/m/it/10 aimr\OT1/cmr/m/n/10 (\OML/cmm/
m/it/10 X; P\OT1/cmr/m/n/10 0\OML/cmm/m/it/10 ; P\OT1/cmr/m/n/10 1\OML/cmm/m/it
/10 ; G[]\OT1/cmr/m/n/10 ) : \OML/cmm/m/it/10 A \OT1/cmr/m/n/10 = \OML/cmm/m/it
/10 assembly[]ndex\OT1/cmr/m/n/10 (\OML/cmm/m/it/10 X\OT1/cmr/m/n/10 )\OML/cmm/
m/it/10 R \OT1/cmr/m/n/10 = \OML/cmm/m/it/10 reuse[]actor\OT1/cmr/m/n/10 (\OML/
cmm/m/it/10 X\OT1/cmr/m/n/10 )\OML/cmm/m/it/10 P \OT1/cmr/m/n/10 = \OML/cmm/m/i
t/10 parallelism\OT1/cmr/m/n/10 (\OML/cmm/m/it/10 X\OT1/cmr/m/n/10 )\OML/cmm/m/
it/10 D \OT1/cmr/m/n/10 =
 []

(./monograph.bbl

Package natbib Warning: Empty `thebibliography' environment on input line 8.

)

Package natbib Warning: There were undefined citations.

[18] (./monograph.aux)

LaTeX Warning: There were multiply-defined labels.

Package rerunfilecheck Info: File `monograph.out' has not changed.
(rerunfilecheck)             Checksum: 0D9F35955B582EED751E22A21233F069;14199.
 )
(\end occurred inside a group at level 1)

### semi simple group (level 1) entered at line 517 (\begingroup)
### bottom level 
Here is how much of TeX's memory you used:
 10428 strings out of 478287
 158897 string characters out of 5849289
 468799 words of memory out of 5000000
 28406 multiletter control sequences out of 15000+600000
 478064 words of font info for 62 fonts, out of 8000000 for 9000
 1141 hyphenation exceptions out of 8191
 60i,6n,63p,1947b,401s stack positions out of 5000i,500n,10000p,200000b,80000s
{/usr/share/texmf/fonts/enc/dvips/cm-super/cm-super-ts1.enc}</u
sr/share/texlive/texmf-dist/fonts/type1/public/amsfonts/cm/cmbx10.pfb></usr/sha
re/texlive/texmf-dist/fonts/type1/public/amsfonts/cm/cmbx12.pfb></usr/share/tex
live/texmf-dist/fonts/type1/public/amsfonts/cm/cmbx9.pfb></usr/share/texlive/te
xmf-dist/fonts/type1/public/amsfonts/cm/cmmi10.pfb></usr/share/texlive/texmf-di
st/fonts/type1/public/amsfonts/cm/cmmi7.pfb></usr/share/texlive/texmf-dist/font
s/type1/public/amsfonts/cm/cmr10.pfb></usr/share/texlive/texmf-dist/fonts/type1
/public/amsfonts/cm/cmr12.pfb></usr/share/texlive/texmf-dist/fonts/type1/public
/amsfonts/cm/cmr17.pfb></usr/share/texlive/texmf-dist/fonts/type1/public/amsfon
ts/cm/cmr7.pfb></usr/share/texlive/texmf-dist/fonts/type1/public/amsfonts/cm/cm
r9.pfb></usr/share/texlive/texmf-dist/fonts/type1/public/amsfonts/cm/cmsy10.pfb
></usr/share/texlive/texmf-dist/fonts/type1/public/amsfonts/cm/cmsy7.pfb></usr/
share/texmf/fonts/type1/public/cm-super/sfrm1000.pfb>
Output written on monograph.pdf (18 pages, 247879 bytes).
PDF statistics:
 453 PDF objects out of 1000 (max. 8388607)
 402 compressed objects within 5 object streams
 89 named destinations out of 1000 (max. 500000)
 561 words of extra memory for PDF output out of 10000 (max. 10000000)

