\BOOKMARK [1][-]{section.1}{\376\377\000I\000n\000t\000r\000o\000d\000u\000c\000t\000i\000o\000n}{}% 1
\BOOKMARK [1][-]{section.2}{\376\377\000M\000i\000n\000d\000\040\000B\000l\000i\000n\000d\000n\000e\000s\000s\000\040\000a\000n\000d\000\040\000I\000n\000t\000e\000r\000s\000u\000b\000j\000e\000c\000t\000i\000v\000i\000t\000y\000\040\000C\000o\000l\000l\000a\000p\000s\000e}{}% 2
\BOOKMARK [2][-]{subsection.2.1}{\376\377\000M\000i\000n\000d\000\040\000B\000l\000i\000n\000d\000n\000e\000s\000s\000\040\000A\000c\000r\000o\000s\000s\000\040\000D\000o\000m\000a\000i\000n\000s}{section.2}% 3
\BOOKMARK [2][-]{subsection.2.2}{\376\377\000T\000e\000r\000m\000i\000t\000e\040\023\000N\000e\000u\000r\000o\000n\040\023\000F\000o\000r\000e\000s\000t\000\040\000T\000r\000i\000a\000d\000:\000\040\000A\000n\000a\000l\000o\000g\000i\000e\000s\000\040\000f\000o\000r\000\040\000D\000e\000t\000e\000c\000t\000i\000n\000g\000\040\000E\000m\000e\000r\000g\000e\000n\000t\000\040\000I\000n\000t\000e\000l\000l\000i\000-\000\040\000g\000e\000n\000c\000e}{section.2}% 4
\BOOKMARK [1][-]{section.3}{\376\377\000H\000i\000s\000t\000o\000r\000i\000c\000a\000l\000\040\000a\000n\000d\000\040\000C\000o\000n\000c\000e\000p\000t\000u\000a\000l\000\040\000F\000o\000u\000n\000d\000a\000t\000i\000o\000n\000s}{}% 5
\BOOKMARK [2][-]{subsection.3.1}{\376\377\000P\000r\000e\000r\000e\000q\000u\000i\000s\000i\000t\000e\000s\000:\000\040\000C\000o\000m\000p\000l\000e\000x\000i\000t\000y\000\040\000a\000n\000d\000\040\000I\000n\000f\000o\000r\000m\000a\000t\000i\000o\000n}{section.3}% 6
\BOOKMARK [2][-]{subsection.3.2}{\376\377\000A\000s\000s\000e\000m\000b\000l\000y\000\040\000T\000h\000e\000o\000r\000y\000\040\000a\000n\000d\000\040\000C\000o\000m\000p\000l\000e\000x\000i\000t\000y}{section.3}% 7
\BOOKMARK [2][-]{subsection.3.3}{\376\377\000P\000r\000a\000x\000i\000c\000o\000n\000:\000\040\000A\000c\000t\000i\000o\000n\000\040\000R\000e\000p\000r\000e\000s\000e\000n\000t\000a\000t\000i\000o\000n}{section.3}% 8
\BOOKMARK [2][-]{subsection.3.4}{\376\377\000C\000o\000m\000p\000e\000t\000i\000n\000g\000\040\000A\000p\000p\000r\000o\000a\000c\000h\000e\000s}{section.3}% 9
\BOOKMARK [1][-]{section.4}{\376\377\000F\000o\000r\000m\000a\000l\000\040\000D\000e\000f\000i\000n\000i\000t\000i\000o\000n\000s}{}% 10
\BOOKMARK [2][-]{subsection.4.1}{\376\377\000P\000r\000e\000r\000e\000q\000u\000i\000s\000i\000t\000e\000s\000:\000\040\000G\000e\000n\000e\000r\000a\000t\000i\000v\000e\000\040\000M\000o\000d\000e\000l\000s}{section.4}% 11
\BOOKMARK [2][-]{subsection.4.2}{\376\377\000E\000A\000I\000M\000R\000\040\000D\000e\000f\000i\000n\000i\000t\000i\000o\000n}{section.4}% 12
\BOOKMARK [2][-]{subsection.4.3}{\376\377\000P\000r\000a\000x\000i\000c\000o\000n\000\040\000D\000e\000f\000i\000n\000i\000t\000i\000o\000n}{section.4}% 13
\BOOKMARK [1][-]{section.5}{\376\377\000M\000a\000t\000h\000e\000m\000a\000t\000i\000c\000a\000l\000\040\000I\000n\000t\000e\000g\000r\000a\000t\000i\000o\000n}{}% 14
\BOOKMARK [2][-]{subsection.5.1}{\376\377\000I\000n\000f\000o\000r\000m\000a\000t\000i\000o\000n\000-\000T\000h\000e\000o\000r\000e\000t\000i\000c\000\040\000F\000o\000u\000n\000d\000a\000t\000i\000o\000n\000s}{section.5}% 15
\BOOKMARK [2][-]{subsection.5.2}{\376\377\000G\000r\000a\000p\000h\000-\000T\000h\000e\000o\000r\000e\000t\000i\000c\000\040\000F\000o\000r\000m\000a\000l\000i\000s\000m}{section.5}% 16
\BOOKMARK [2][-]{subsection.5.3}{\376\377\000C\000a\000t\000e\000g\000o\000r\000y\000-\000T\000h\000e\000o\000r\000e\000t\000i\000c\000\040\000I\000n\000t\000e\000r\000p\000r\000e\000t\000a\000t\000i\000o\000n}{section.5}% 17
\BOOKMARK [2][-]{subsection.5.4}{\376\377\000S\000h\000e\000a\000f\000-\000T\000h\000e\000o\000r\000e\000t\000i\000c\000\040\000I\000n\000t\000e\000r\000p\000r\000e\000t\000a\000t\000i\000o\000n}{section.5}% 18
\BOOKMARK [1][-]{section.6}{\376\377\000T\000h\000e\000o\000r\000e\000t\000i\000c\000a\000l\000\040\000E\000x\000t\000e\000n\000s\000i\000o\000n\000s}{}% 19
\BOOKMARK [1][-]{section.7}{\376\377\000E\000m\000p\000i\000r\000i\000c\000a\000l\000\040\000a\000n\000d\000\040\000M\000e\000t\000h\000o\000d\000o\000l\000o\000g\000i\000c\000a\000l\000\040\000I\000m\000p\000r\000o\000v\000e\000m\000e\000n\000t\000s}{}% 20
\BOOKMARK [1][-]{section.8}{\376\377\000C\000o\000n\000c\000e\000p\000t\000u\000a\000l\000\040\000D\000e\000e\000p\000e\000n\000i\000n\000g}{}% 21
\BOOKMARK [1][-]{section.9}{\376\377\000P\000r\000a\000c\000t\000i\000c\000a\000l\000\040\000A\000p\000p\000l\000i\000c\000a\000t\000i\000o\000n\000s}{}% 22
\BOOKMARK [2][-]{subsection.9.1}{\376\377\000N\000e\000u\000r\000o\000s\000c\000i\000e\000n\000c\000e}{section.9}% 23
\BOOKMARK [2][-]{subsection.9.2}{\376\377\000A\000I\000\040\000a\000n\000d\000\040\000R\000o\000b\000o\000t\000i\000c\000s}{section.9}% 24
\BOOKMARK [2][-]{subsection.9.3}{\376\377\000E\000c\000o\000l\000o\000g\000i\000c\000a\000l\000\040\000a\000n\000d\000\040\000C\000o\000l\000l\000e\000c\000t\000i\000v\000e\000\040\000M\000i\000n\000d\000s}{section.9}% 25
\BOOKMARK [2][-]{subsection.9.4}{\376\377\000C\000r\000o\000s\000s\000-\000C\000u\000l\000t\000u\000r\000a\000l\000\040\000C\000o\000g\000n\000i\000t\000i\000o\000n}{section.9}% 26
\BOOKMARK [1][-]{section.10}{\376\377\000L\000i\000m\000i\000t\000s\000\040\000a\000n\000d\000\040\000F\000u\000t\000u\000r\000e\000\040\000R\000e\000s\000e\000a\000r\000c\000h}{}% 27
\BOOKMARK [1][-]{section.11}{\376\377\000E\000t\000h\000i\000c\000a\000l\000\040\000a\000n\000d\000\040\000P\000h\000i\000l\000o\000s\000o\000p\000h\000i\000c\000a\000l\000\040\000I\000m\000p\000l\000i\000c\000a\000t\000i\000o\000n\000s}{}% 28
\BOOKMARK [1][-]{section.12}{\376\377\000D\000e\000c\000i\000s\000i\000o\000n\000\040\000R\000u\000l\000e}{}% 29
\BOOKMARK [1][-]{section.13}{\376\377\000C\000o\000n\000c\000l\000u\000s\000i\000o\000n}{}% 30
\BOOKMARK [1][-]{appendix.A}{\376\377\000M\000a\000t\000h\000e\000m\000a\000t\000i\000c\000a\000l\000\040\000A\000p\000p\000e\000n\000d\000i\000x\000:\000\040\000E\000A\000I\000M\000R\000,\000\040\000I\000n\000f\000o\000r\000m\000a\000t\000i\000o\000n\000,\000\040\000a\000n\000d\000\040\000I\000m\000p\000r\000o\000b\000a\000-\000\040\000b\000l\000e\000\040\000O\000r\000d\000e\000r}{}% 31
\BOOKMARK [1][-]{appendix.B}{\376\377\000I\000n\000t\000r\000o\000d\000u\000c\000t\000i\000o\000n}{}% 32
\BOOKMARK [1][-]{appendix.C}{\376\377\000H\000i\000s\000t\000o\000r\000i\000c\000a\000l\000\040\000a\000n\000d\000\040\000C\000o\000n\000c\000e\000p\000t\000u\000a\000l\000\040\000F\000o\000u\000n\000d\000a\000t\000i\000o\000n\000s}{}% 33
\BOOKMARK [2][-]{subsection.C.1}{\376\377\000P\000r\000e\000r\000e\000q\000u\000i\000s\000i\000t\000e\000s\000:\000\040\000C\000o\000m\000p\000l\000e\000x\000i\000t\000y\000\040\000a\000n\000d\000\040\000I\000n\000f\000o\000r\000m\000a\000t\000i\000o\000n\000\040\000i\000n\000\040\000N\000a\000t\000u\000r\000a\000l\000\040\000S\000y\000s\000t\000e\000m\000s}{appendix.C}% 34
\BOOKMARK [2][-]{subsection.C.2}{\376\377\000A\000s\000s\000e\000m\000b\000l\000y\000\040\000T\000h\000e\000o\000r\000y\000\040\000a\000n\000d\000\040\000C\000o\000m\000p\000l\000e\000x\000i\000t\000y}{appendix.C}% 35
\BOOKMARK [2][-]{subsection.C.3}{\376\377\000P\000r\000a\000x\000i\000c\000o\000n\000:\000\040\000A\000c\000t\000i\000o\000n\000\040\000R\000e\000p\000r\000e\000s\000e\000n\000t\000a\000t\000i\000o\000n\000\040\000i\000n\000\040\000C\000o\000g\000n\000i\000t\000i\000o\000n}{appendix.C}% 36
\BOOKMARK [2][-]{subsection.C.4}{\376\377\000C\000o\000m\000p\000e\000t\000i\000n\000g\000\040\000A\000p\000p\000r\000o\000a\000c\000h\000e\000s}{appendix.C}% 37
\BOOKMARK [1][-]{appendix.D}{\376\377\000M\000i\000n\000d\000\040\000B\000l\000i\000n\000d\000n\000e\000s\000s\000\040\000a\000n\000d\000\040\000I\000n\000t\000e\000r\000s\000u\000b\000j\000e\000c\000t\000i\000v\000i\000t\000y\000\040\000C\000o\000l\000l\000a\000p\000s\000e}{}% 38
\BOOKMARK [1][-]{appendix.E}{\376\377\000H\000i\000s\000t\000o\000r\000i\000c\000a\000l\000\040\000a\000n\000d\000\040\000C\000o\000n\000c\000e\000p\000t\000u\000a\000l\000\040\000F\000o\000u\000n\000d\000a\000t\000i\000o\000n\000s}{}% 39
\BOOKMARK [2][-]{subsection.E.1}{\376\377\000P\000r\000e\000r\000e\000q\000u\000i\000s\000i\000t\000e\000s\000:\000\040\000C\000o\000m\000p\000l\000e\000x\000i\000t\000y\000\040\000a\000n\000d\000\040\000I\000n\000f\000o\000r\000m\000a\000t\000i\000o\000n\000\040\000i\000n\000\040\000N\000a\000t\000u\000r\000a\000l\000\040\000S\000y\000s\000t\000e\000m\000s}{appendix.E}% 40
\BOOKMARK [2][-]{subsection.E.2}{\376\377\000A\000s\000s\000e\000m\000b\000l\000y\000\040\000T\000h\000e\000o\000r\000y\000\040\000a\000n\000d\000\040\000C\000o\000m\000p\000l\000e\000x\000i\000t\000y}{appendix.E}% 41
\BOOKMARK [2][-]{subsection.E.3}{\376\377\000P\000r\000a\000x\000i\000c\000o\000n\000:\000\040\000A\000c\000t\000i\000o\000n\000\040\000R\000e\000p\000r\000e\000s\000e\000n\000t\000a\000t\000i\000o\000n\000\040\000i\000n\000\040\000C\000o\000g\000n\000i\000t\000i\000o\000n}{appendix.E}% 42
\BOOKMARK [2][-]{subsection.E.4}{\376\377\000C\000o\000m\000p\000e\000t\000i\000n\000g\000\040\000A\000p\000p\000r\000o\000a\000c\000h\000e\000s}{appendix.E}% 43
\BOOKMARK [1][-]{appendix.F}{\376\377\000F\000o\000r\000m\000a\000l\000\040\000D\000e\000f\000i\000n\000i\000t\000i\000o\000n\000s}{}% 44
\BOOKMARK [2][-]{subsection.F.1}{\376\377\000P\000r\000e\000r\000e\000q\000u\000i\000s\000i\000t\000e\000s\000:\000\040\000P\000r\000o\000b\000a\000b\000i\000l\000i\000s\000t\000i\000c\000\040\000M\000o\000d\000e\000l\000s\000\040\000a\000n\000d\000\040\000G\000e\000n\000e\000r\000a\000t\000i\000v\000e\000\040\000D\000i\000s\000t\000r\000i\000b\000u\000t\000i\000o\000n\000s}{appendix.F}% 45
\BOOKMARK [2][-]{subsection.F.2}{\376\377\000E\000A\000I\000M\000R\000\040\000D\000e\000f\000i\000n\000i\000t\000i\000o\000n}{appendix.F}% 46
\BOOKMARK [2][-]{subsection.F.3}{\376\377\000P\000r\000a\000x\000i\000c\000o\000n\000\040\000D\000e\000f\000i\000n\000i\000t\000i\000o\000n}{appendix.F}% 47
\BOOKMARK [1][-]{appendix.G}{\376\377\000M\000a\000t\000h\000e\000m\000a\000t\000i\000c\000a\000l\000\040\000I\000n\000t\000e\000g\000r\000a\000t\000i\000o\000n}{}% 48
\BOOKMARK [2][-]{subsection.G.1}{\376\377\000I\000n\000f\000o\000r\000m\000a\000t\000i\000o\000n\000-\000T\000h\000e\000o\000r\000e\000t\000i\000c\000\040\000F\000o\000u\000n\000d\000a\000t\000i\000o\000n\000s}{appendix.G}% 49
\BOOKMARK [2][-]{subsection.G.2}{\376\377\000G\000r\000a\000p\000h\000-\000T\000h\000e\000o\000r\000e\000t\000i\000c\000\040\000F\000o\000r\000m\000a\000l\000i\000s\000m}{appendix.G}% 50
\BOOKMARK [2][-]{subsection.G.3}{\376\377\000C\000a\000t\000e\000g\000o\000r\000y\000-\000T\000h\000e\000o\000r\000e\000t\000i\000c\000\040\000I\000n\000t\000e\000r\000p\000r\000e\000t\000a\000t\000i\000o\000n}{appendix.G}% 51
\BOOKMARK [2][-]{subsection.G.4}{\376\377\000S\000h\000e\000a\000f\000-\000T\000h\000e\000o\000r\000e\000t\000i\000c\000\040\000I\000n\000t\000e\000r\000p\000r\000e\000t\000a\000t\000i\000o\000n}{appendix.G}% 52
\BOOKMARK [1][-]{appendix.H}{\376\377\000W\000o\000r\000k\000e\000d\000\040\000E\000x\000a\000m\000p\000l\000e\000s}{}% 53
\BOOKMARK [2][-]{subsection.H.1}{\376\377\000N\000e\000u\000r\000a\000l\000\040\000T\000i\000s\000s\000u\000e}{appendix.H}% 54
\BOOKMARK [2][-]{subsection.H.2}{\376\377\000T\000e\000r\000m\000i\000t\000e\000\040\000M\000o\000u\000n\000d}{appendix.H}% 55
\BOOKMARK [2][-]{subsection.H.3}{\376\377\000F\000o\000r\000e\000s\000t\000\040\000E\000c\000o\000s\000y\000s\000t\000e\000m}{appendix.H}% 56
\BOOKMARK [2][-]{subsection.H.4}{\376\377\000N\000e\000g\000a\000t\000i\000v\000e\000\040\000C\000a\000s\000e\000:\000\040\000C\000r\000y\000s\000t\000a\000l\000\040\000G\000r\000o\000w\000t\000h}{appendix.H}% 57
\BOOKMARK [1][-]{appendix.I}{\376\377\000T\000h\000e\000o\000r\000e\000t\000i\000c\000a\000l\000\040\000E\000x\000t\000e\000n\000s\000i\000o\000n\000s}{}% 58
\BOOKMARK [1][-]{appendix.J}{\376\377\000E\000m\000p\000i\000r\000i\000c\000a\000l\000\040\000a\000n\000d\000\040\000M\000e\000t\000h\000o\000d\000o\000l\000o\000g\000i\000c\000a\000l\000\040\000I\000m\000p\000r\000o\000v\000e\000m\000e\000n\000t\000s}{}% 59
\BOOKMARK [1][-]{appendix.K}{\376\377\000C\000o\000n\000c\000e\000p\000t\000u\000a\000l\000\040\000D\000e\000e\000p\000e\000n\000i\000n\000g}{}% 60
\BOOKMARK [1][-]{appendix.L}{\376\377\000P\000r\000a\000c\000t\000i\000c\000a\000l\000\040\000A\000p\000p\000l\000i\000c\000a\000t\000i\000o\000n\000s}{}% 61
\BOOKMARK [2][-]{subsection.L.1}{\376\377\000N\000e\000u\000r\000o\000s\000c\000i\000e\000n\000c\000e}{appendix.L}% 62
\BOOKMARK [2][-]{subsection.L.2}{\376\377\000A\000I\000\040\000a\000n\000d\000\040\000R\000o\000b\000o\000t\000i\000c\000s}{appendix.L}% 63
\BOOKMARK [2][-]{subsection.L.3}{\376\377\000E\000c\000o\000l\000o\000g\000i\000c\000a\000l\000\040\000a\000n\000d\000\040\000C\000o\000l\000l\000e\000c\000t\000i\000v\000e\000\040\000M\000i\000n\000d\000s}{appendix.L}% 64
\BOOKMARK [2][-]{subsection.L.4}{\376\377\000C\000r\000o\000s\000s\000-\000C\000u\000l\000t\000u\000r\000a\000l\000\040\000C\000o\000g\000n\000i\000t\000i\000o\000n}{appendix.L}% 65
\BOOKMARK [1][-]{appendix.M}{\376\377\000L\000i\000m\000i\000t\000s\000\040\000a\000n\000d\000\040\000F\000u\000t\000u\000r\000e\000\040\000R\000e\000s\000e\000a\000r\000c\000h}{}% 66
\BOOKMARK [1][-]{appendix.N}{\376\377\000E\000t\000h\000i\000c\000a\000l\000\040\000a\000n\000d\000\040\000P\000h\000i\000l\000o\000s\000o\000p\000h\000i\000c\000a\000l\000\040\000I\000m\000p\000l\000i\000c\000a\000t\000i\000o\000n\000s}{}% 67
\BOOKMARK [1][-]{appendix.O}{\376\377\000D\000e\000c\000i\000s\000i\000o\000n\000\040\000R\000u\000l\000e}{}% 68
\BOOKMARK [1][-]{appendix.P}{\376\377\000C\000o\000n\000c\000l\000u\000s\000i\000o\000n}{}% 69
\BOOKMARK [1][-]{appendix.A}{\376\377\000M\000a\000t\000h\000e\000m\000a\000t\000i\000c\000a\000l\000\040\000A\000p\000p\000e\000n\000d\000i\000x\000:\000\040\000E\000A\000I\000M\000R\000,\000\040\000I\000n\000f\000o\000r\000m\000a\000t\000i\000o\000n\000,\000\040\000a\000n\000d\000\040\000I\000m\000p\000r\000o\000b\000a\000-\000\040\000b\000l\000e\000\040\000O\000r\000d\000e\000r}{}% 70
