\BOOKMARK [1][-]{section.1}{\376\377\000I\000n\000t\000r\000o\000d\000u\000c\000t\000i\000o\000n}{}% 1
\BOOKMARK [1][-]{section.2}{\376\377\000H\000i\000s\000t\000o\000r\000i\000c\000a\000l\000\040\000a\000n\000d\000\040\000C\000o\000n\000c\000e\000p\000t\000u\000a\000l\000\040\000F\000o\000u\000n\000d\000a\000t\000i\000o\000n\000s}{}% 2
\BOOKMARK [2][-]{subsection.2.1}{\376\377\000P\000r\000e\000r\000e\000q\000u\000i\000s\000i\000t\000e\000s\000:\000\040\000C\000o\000m\000p\000l\000e\000x\000i\000t\000y\000\040\000a\000n\000d\000\040\000I\000n\000f\000o\000r\000m\000a\000t\000i\000o\000n\000\040\000i\000n\000\040\000N\000a\000t\000u\000r\000a\000l\000\040\000S\000y\000s\000t\000e\000m\000s}{section.2}% 3
\BOOKMARK [2][-]{subsection.2.2}{\376\377\000A\000s\000s\000e\000m\000b\000l\000y\000\040\000T\000h\000e\000o\000r\000y\000\040\000a\000n\000d\000\040\000C\000o\000m\000p\000l\000e\000x\000i\000t\000y}{section.2}% 4
\BOOKMARK [2][-]{subsection.2.3}{\376\377\000P\000r\000a\000x\000i\000c\000o\000n\000:\000\040\000A\000c\000t\000i\000o\000n\000\040\000R\000e\000p\000r\000e\000s\000e\000n\000t\000a\000t\000i\000o\000n\000\040\000i\000n\000\040\000C\000o\000g\000n\000i\000t\000i\000o\000n}{section.2}% 5
\BOOKMARK [2][-]{subsection.2.4}{\376\377\000C\000o\000m\000p\000e\000t\000i\000n\000g\000\040\000A\000p\000p\000r\000o\000a\000c\000h\000e\000s}{section.2}% 6
\BOOKMARK [1][-]{section.3}{\376\377\000M\000i\000n\000d\000\040\000B\000l\000i\000n\000d\000n\000e\000s\000s\000\040\000a\000n\000d\000\040\000I\000n\000t\000e\000r\000s\000u\000b\000j\000e\000c\000t\000i\000v\000i\000t\000y\000\040\000C\000o\000l\000l\000a\000p\000s\000e}{}% 7
\BOOKMARK [2][-]{subsection.3.1}{\376\377\000T\000e\000r\000m\000i\000t\000e\040\023\000N\000e\000u\000r\000o\000n\040\023\000F\000o\000r\000e\000s\000t\000\040\000T\000r\000i\000a\000d\000:\000\040\000A\000n\000a\000l\000o\000g\000i\000e\000s\000\040\000f\000o\000r\000\040\000D\000e\000t\000e\000c\000t\000i\000n\000g\000\040\000E\000m\000e\000r\000g\000e\000n\000t\000\040\000I\000n\000t\000e\000l\000l\000i\000g\000e\000n\000c\000e}{section.3}% 8
\BOOKMARK [1][-]{section.4}{\376\377\000F\000o\000r\000m\000a\000l\000\040\000D\000e\000f\000i\000n\000i\000t\000i\000o\000n\000s}{}% 9
\BOOKMARK [2][-]{subsection.4.1}{\376\377\000P\000r\000e\000r\000e\000q\000u\000i\000s\000i\000t\000e\000s\000:\000\040\000P\000r\000o\000b\000a\000b\000i\000l\000i\000s\000t\000i\000c\000\040\000M\000o\000d\000e\000l\000s\000\040\000a\000n\000d\000\040\000G\000e\000n\000e\000r\000a\000t\000i\000v\000e\000\040\000D\000i\000s\000t\000r\000i\000b\000u\000t\000i\000o\000n\000s}{section.4}% 10
\BOOKMARK [2][-]{subsection.4.2}{\376\377\000E\000A\000I\000M\000R\000\040\000D\000e\000f\000i\000n\000i\000t\000i\000o\000n}{section.4}% 11
\BOOKMARK [2][-]{subsection.4.3}{\376\377\000P\000r\000a\000x\000i\000c\000o\000n\000\040\000D\000e\000f\000i\000n\000i\000t\000i\000o\000n}{section.4}% 12
\BOOKMARK [1][-]{section.5}{\376\377\000M\000a\000t\000h\000e\000m\000a\000t\000i\000c\000a\000l\000\040\000I\000n\000t\000e\000g\000r\000a\000t\000i\000o\000n}{}% 13
\BOOKMARK [2][-]{subsection.5.1}{\376\377\000I\000n\000f\000o\000r\000m\000a\000t\000i\000o\000n\000-\000T\000h\000e\000o\000r\000e\000t\000i\000c\000\040\000F\000o\000u\000n\000d\000a\000t\000i\000o\000n\000s}{section.5}% 14
\BOOKMARK [2][-]{subsection.5.2}{\376\377\000G\000r\000a\000p\000h\000-\000T\000h\000e\000o\000r\000e\000t\000i\000c\000\040\000F\000o\000r\000m\000a\000l\000i\000s\000m}{section.5}% 15
\BOOKMARK [2][-]{subsection.5.3}{\376\377\000C\000a\000t\000e\000g\000o\000r\000y\000-\000T\000h\000e\000o\000r\000e\000t\000i\000c\000\040\000I\000n\000t\000e\000r\000p\000r\000e\000t\000a\000t\000i\000o\000n}{section.5}% 16
\BOOKMARK [2][-]{subsection.5.4}{\376\377\000S\000h\000e\000a\000f\000-\000T\000h\000e\000o\000r\000e\000t\000i\000c\000\040\000I\000n\000t\000e\000r\000p\000r\000e\000t\000a\000t\000i\000o\000n}{section.5}% 17
\BOOKMARK [1][-]{section.6}{\376\377\000W\000o\000r\000k\000e\000d\000\040\000E\000x\000a\000m\000p\000l\000e\000s}{}% 18
\BOOKMARK [2][-]{subsection.6.1}{\376\377\000N\000e\000u\000r\000a\000l\000\040\000T\000i\000s\000s\000u\000e}{section.6}% 19
\BOOKMARK [2][-]{subsection.6.2}{\376\377\000T\000e\000r\000m\000i\000t\000e\000\040\000M\000o\000u\000n\000d}{section.6}% 20
\BOOKMARK [2][-]{subsection.6.3}{\376\377\000F\000o\000r\000e\000s\000t\000\040\000E\000c\000o\000s\000y\000s\000t\000e\000m}{section.6}% 21
\BOOKMARK [2][-]{subsection.6.4}{\376\377\000N\000e\000g\000a\000t\000i\000v\000e\000\040\000C\000a\000s\000e\000:\000\040\000C\000r\000y\000s\000t\000a\000l\000\040\000G\000r\000o\000w\000t\000h}{section.6}% 22
\BOOKMARK [1][-]{section.7}{\376\377\000T\000h\000e\000o\000r\000e\000t\000i\000c\000a\000l\000\040\000E\000x\000t\000e\000n\000s\000i\000o\000n\000s}{}% 23
\BOOKMARK [1][-]{section.8}{\376\377\000E\000m\000p\000i\000r\000i\000c\000a\000l\000\040\000a\000n\000d\000\040\000M\000e\000t\000h\000o\000d\000o\000l\000o\000g\000i\000c\000a\000l\000\040\000I\000m\000p\000r\000o\000v\000e\000m\000e\000n\000t\000s}{}% 24
\BOOKMARK [1][-]{section.9}{\376\377\000C\000o\000n\000c\000e\000p\000t\000u\000a\000l\000\040\000D\000e\000e\000p\000e\000n\000i\000n\000g}{}% 25
\BOOKMARK [1][-]{section.10}{\376\377\000P\000r\000a\000c\000t\000i\000c\000a\000l\000\040\000A\000p\000p\000l\000i\000c\000a\000t\000i\000o\000n\000s}{}% 26
\BOOKMARK [2][-]{subsection.10.1}{\376\377\000N\000e\000u\000r\000o\000s\000c\000i\000e\000n\000c\000e}{section.10}% 27
\BOOKMARK [2][-]{subsection.10.2}{\376\377\000A\000I\000\040\000a\000n\000d\000\040\000R\000o\000b\000o\000t\000i\000c\000s}{section.10}% 28
\BOOKMARK [2][-]{subsection.10.3}{\376\377\000E\000c\000o\000l\000o\000g\000i\000c\000a\000l\000\040\000a\000n\000d\000\040\000C\000o\000l\000l\000e\000c\000t\000i\000v\000e\000\040\000M\000i\000n\000d\000s}{section.10}% 29
\BOOKMARK [2][-]{subsection.10.4}{\376\377\000C\000r\000o\000s\000s\000-\000C\000u\000l\000t\000u\000r\000a\000l\000\040\000C\000o\000g\000n\000i\000t\000i\000o\000n}{section.10}% 30
\BOOKMARK [1][-]{section.11}{\376\377\000L\000i\000m\000i\000t\000s\000\040\000a\000n\000d\000\040\000F\000u\000t\000u\000r\000e\000\040\000R\000e\000s\000e\000a\000r\000c\000h}{}% 31
\BOOKMARK [1][-]{section.12}{\376\377\000E\000t\000h\000i\000c\000a\000l\000\040\000a\000n\000d\000\040\000P\000h\000i\000l\000o\000s\000o\000p\000h\000i\000c\000a\000l\000\040\000I\000m\000p\000l\000i\000c\000a\000t\000i\000o\000n\000s}{}% 32
\BOOKMARK [1][-]{section.13}{\376\377\000D\000e\000c\000i\000s\000i\000o\000n\000\040\000R\000u\000l\000e}{}% 33
\BOOKMARK [1][-]{section.14}{\376\377\000C\000o\000n\000c\000l\000u\000s\000i\000o\000n}{}% 34
\BOOKMARK [1][-]{appendix.A}{\376\377\000M\000a\000t\000h\000e\000m\000a\000t\000i\000c\000a\000l\000\040\000A\000p\000p\000e\000n\000d\000i\000x\000:\000\040\000E\000A\000I\000M\000R\000,\000\040\000I\000n\000f\000o\000r\000m\000a\000t\000i\000o\000n\000,\000\040\000a\000n\000d\000\040\000I\000m\000p\000r\000o\000b\000a\000b\000l\000e\000\040\000O\000r\000d\000e\000r}{}% 35
\BOOKMARK [2][-]{subsection.A.1}{\376\377\000P\000r\000e\000l\000i\000m\000i\000n\000a\000r\000i\000e\000s\000\040\000a\000n\000d\000\040\000N\000o\000t\000a\000t\000i\000o\000n}{appendix.A}% 36
\BOOKMARK [2][-]{subsection.A.2}{\376\377\000C\000o\000n\000n\000e\000c\000t\000i\000o\000n\000\040\000t\000o\000\040\000K\000o\000l\000m\000o\000g\000o\000r\000o\000v\000\040\000C\000o\000m\000p\000l\000e\000x\000i\000t\000y}{appendix.A}% 37
\BOOKMARK [2][-]{subsection.A.3}{\376\377\000S\000t\000a\000t\000i\000s\000t\000i\000c\000a\000l\000\040\000S\000u\000r\000p\000r\000i\000s\000e\000\040\000a\000n\000d\000\040\000L\000i\000k\000e\000l\000i\000h\000o\000o\000d\000\040\000R\000a\000t\000i\000o\000s}{appendix.A}% 38
\BOOKMARK [2][-]{subsection.A.4}{\376\377\000E\000n\000t\000r\000o\000p\000y\000\040\000R\000e\000d\000u\000c\000t\000i\000o\000n\000,\000\040\000W\000o\000r\000k\000,\000\040\000a\000n\000d\000\040\000D\000i\000r\000e\000c\000t\000e\000d\000\040\000A\000s\000s\000e\000m\000b\000l\000y}{appendix.A}% 39
\BOOKMARK [2][-]{subsection.A.5}{\376\377\000R\000e\000u\000s\000e\000,\000\040\000P\000a\000r\000a\000l\000l\000e\000l\000i\000s\000m\000,\000\040\000D\000e\000g\000e\000n\000e\000r\000a\000c\000y\000\040\000a\000s\000\040\000I\000n\000f\000o\000r\000m\000a\000t\000i\000o\000n\000\040\000D\000i\000s\000c\000o\000u\000n\000t\000s}{appendix.A}% 40
\BOOKMARK [2][-]{subsection.A.6}{\376\377\000C\000o\000h\000e\000r\000e\000n\000c\000e\000\040\000v\000i\000a\000\040\000C\000o\000n\000t\000r\000o\000l\000\040\000a\000n\000d\000\040\000C\000a\000u\000s\000a\000l\000\040\000G\000r\000a\000p\000h\000s}{appendix.A}% 41
\BOOKMARK [2][-]{subsection.A.7}{\376\377\000P\000r\000a\000c\000t\000i\000c\000a\000l\000\040\000E\000s\000t\000i\000m\000a\000t\000i\000o\000n\000\040\000\050\000F\000i\000n\000i\000t\000e\000\040\000D\000a\000t\000a\000\051}{appendix.A}% 42
\BOOKMARK [2][-]{subsection.A.8}{\376\377\000W\000o\000r\000k\000e\000d\000\040\000I\000n\000t\000u\000i\000t\000i\000o\000n\000s\000\040\000\050\000T\000r\000i\000a\000d\000\040\000E\000x\000a\000m\000p\000l\000e\000s\000\051}{appendix.A}% 43
\BOOKMARK [2][-]{subsection.A.9}{\376\377\000D\000e\000c\000i\000s\000i\000o\000n\000\040\000R\000u\000l\000e\000\040\000\050\000O\000p\000e\000r\000a\000t\000i\000o\000n\000a\000l\000\051}{appendix.A}% 44
\BOOKMARK [2][-]{subsection.A.10}{\376\377\000D\000e\000r\000i\000v\000a\000t\000i\000o\000n\000s\000\040\000a\000n\000d\000\040\000P\000s\000e\000u\000d\000o\000c\000o\000d\000e}{appendix.A}% 45
