This is LuaHBTeX, Version 1.22.0 (TeX Live 2025)  (format=lualatex 2025.9.22)  11 DEC 2025 15:27
 restricted system commands enabled.
**abstraction-draft-03.tex
(./abstraction-draft-03.tex
LaTeX2e <2025-06-01> patch level 1
L3 programming layer <2025-09-02>
Lua module: luaotfload 2024-12-03 v3.29 Lua based OpenType font support
Lua module: lualibs 2023-07-13 v2.76 ConTeXt Lua standard libraries.
Lua module: lualibs-extended 2023-07-13 v2.76 ConTeXt Lua libraries -- extended 
collection.
luaotfload | conf : Root cache directory is "/home/bonobo/.texlive2025/texmf-var
/luatex-cache/generic/names".
luaotfload | init : Loading fontloader "fontloader-2023-12-28.lua" from kpse-res
olved path "/usr/local/texlive/2025/texmf-dist/tex/luatex/luaotfload/fontloader-
2023-12-28.lua".
Lua-only attribute luaotfload@noligature = 1
luaotfload | init : Context OpenType loader version 3.134
Inserting `luaotfload.node_processor' in `pre_linebreak_filter'.
Inserting `luaotfload.node_processor' in `hpack_filter'.
Inserting `luaotfload.glyph_stream' in `glyph_stream_provider'.
Inserting `luaotfload.define_font' in `define_font'.
Lua-only attribute luaotfload_color_attribute = 2
luaotfload | conf : Root cache directory is "/home/bonobo/.texlive2025/texmf-var
/luatex-cache/generic/names".
Inserting `luaotfload.harf.strip_prefix' in `find_opentype_file'.
Inserting `luaotfload.harf.strip_prefix' in `find_truetype_file'.
Removing  `luaotfload.glyph_stream' from `glyph_stream_provider'.
Inserting `luaotfload.harf.glyphstream' in `glyph_stream_provider'.
Inserting `luaotfload.harf.finalize_vlist' in `post_linebreak_filter'.
Inserting `luaotfload.harf.finalize_hlist' in `hpack_filter'.
Inserting `luaotfload.cleanup_files' in `wrapup_run'.
Inserting `luaotfload.harf.finalize_unicode' in `finish_pdffile'.
Inserting `luaotfload.glyphinfo' in `glyph_info'.
Lua-only attribute luaotfload.letterspace_done = 3
Inserting `luaotfload.aux.set_sscale_dimens' in `luaotfload.patch_font'.
Inserting `luaotfload.aux.set_font_index' in `luaotfload.patch_font'.
Inserting `luaotfload.aux.patch_cambria_domh' in `luaotfload.patch_font'.
Inserting `luaotfload.aux.fixup_fontdata' in `luaotfload.patch_font_unsafe'.
Inserting `luaotfload.aux.set_capheight' in `luaotfload.patch_font'.
Inserting `luaotfload.aux.set_xheight' in `luaotfload.patch_font'.
Inserting `luaotfload.rewrite_fontname' in `luaotfload.patch_font'.
Inserting `tracingstacklevels' in `input_level_string'. (/usr/local/texlive/202
5/texmf-dist/tex/latex/base/article.cls
Document Class: article 2025/01/22 v1.4n Standard LaTeX document class
(/usr/local/texlive/2025/texmf-dist/tex/latex/base/size12.clo
File: size12.clo 2025/01/22 v1.4n Standard LaTeX file (size option)
luaotfload | db : Font names database loaded from /home/bonobo/.texlive2025/texm
f-var/luatex-cache/generic/names/luaotfload-names.luc.gz)
\c@part=\count273
\c@section=\count274
\c@subsection=\count275
\c@subsubsection=\count276
\c@paragraph=\count277
\c@subparagraph=\count278
\c@figure=\count279
\c@table=\count280
\abovecaptionskip=\skip49
\belowcaptionskip=\skip50
\bibindent=\dimen147
)
(/usr/local/texlive/2025/texmf-dist/tex/lualatex/luatextra/luatextra.sty
Package: luatextra 2010/10/10 v1.0 Loading usual LuaLaTeX packages

(/usr/local/texlive/2025/texmf-dist/tex/generic/iftex/ifluatex.sty
Package: ifluatex 2019/10/25 v1.5 ifluatex legacy package. Use iftex instead.

(/usr/local/texlive/2025/texmf-dist/tex/generic/iftex/iftex.sty
Package: iftex 2024/12/12 v1.0g TeX engine tests
))
(/usr/local/texlive/2025/texmf-dist/tex/latex/fontspec/fontspec.sty
(/usr/local/texlive/2025/texmf-dist/tex/latex/l3packages/xparse/xparse.sty
(/usr/local/texlive/2025/texmf-dist/tex/latex/l3kernel/expl3.sty
Package: expl3 2025-09-02 L3 programming layer (loader) 

(/usr/local/texlive/2025/texmf-dist/tex/latex/l3backend/l3backend-luatex.def
File: l3backend-luatex.def 2025-06-09 L3 backend support: PDF output (LuaTeX)
\l__color_backend_stack_int=\count281
Inserting `l3color' in `luaotfload.parse_color'.))
Package: xparse 2024-08-16 L3 Experimental document command parser
)
Package: fontspec 2024/05/11 v2.9e Font selection for XeLaTeX and LuaLaTeX
Lua module: fontspec 2024/05/11 v2.9e Font selection for XeLaTeX and LuaLaTeX (/usr/local/texlive/2025/texmf-dist/tex/latex/fontspec/fontspec-luatex.sty
Package: fontspec-luatex 2024/05/11 v2.9e Font selection for XeLaTeX and LuaLaT
eX
\l__fontspec_script_int=\count282
\l__fontspec_language_int=\count283
\l__fontspec_strnum_int=\count284
\l__fontspec_tmp_int=\count285
\l__fontspec_tmpa_int=\count286
\l__fontspec_tmpb_int=\count287
\l__fontspec_tmpc_int=\count288
\l__fontspec_em_int=\count289
\l__fontspec_emdef_int=\count290
\l__fontspec_strong_int=\count291
\l__fontspec_strongdef_int=\count292
\l__fontspec_tmpa_dim=\dimen148
\l__fontspec_tmpb_dim=\dimen149
\l__fontspec_tmpc_dim=\dimen150

(/usr/local/texlive/2025/texmf-dist/tex/latex/base/fontenc.sty
Package: fontenc 2024/12/21 v2.1c Standard LaTeX package
)
(/usr/local/texlive/2025/texmf-dist/tex/latex/fontspec/fontspec.cfg)))
(/usr/local/texlive/2025/texmf-dist/tex/luatex/luatexbase/luatexbase.sty
Package: luatexbase 2015/10/04 v1.3 luatexbase interface to LuaTeX 

(/usr/local/texlive/2025/texmf-dist/tex/luatex/ctablestack/ctablestack.sty
Package: ctablestack 2015/10/01 v1.0 Catcode table stable support
\@catcodetablestackcnt=\count293
)
\CatcodeTableOther=\catcodetable14
\CatcodeTableExpl=\catcodetable15
)
(/usr/local/texlive/2025/texmf-dist/tex/latex/metalogo/metalogo.sty
Package: metalogo 2010/05/29 v0.12 Extended TeX logo macros

(/usr/local/texlive/2025/texmf-dist/tex/latex/graphics/graphicx.sty
Package: graphicx 2024/12/31 v1.2e Enhanced LaTeX Graphics (DPC,SPQR)

(/usr/local/texlive/2025/texmf-dist/tex/latex/graphics/keyval.sty
Package: keyval 2022/05/29 v1.15 key=value parser (DPC)
\KV@toks@=\toks17
)
(/usr/local/texlive/2025/texmf-dist/tex/latex/graphics/graphics.sty
Package: graphics 2024/08/06 v1.4g Standard LaTeX Graphics (DPC,SPQR)

(/usr/local/texlive/2025/texmf-dist/tex/latex/graphics/trig.sty
Package: trig 2023/12/02 v1.11 sin cos tan (DPC)
)
(/usr/local/texlive/2025/texmf-dist/tex/latex/graphics-cfg/graphics.cfg
File: graphics.cfg 2016/06/04 v1.11 sample graphics configuration
)
Package graphics Info: Driver file: luatex.def on input line 106.

(/usr/local/texlive/2025/texmf-dist/tex/latex/graphics-def/luatex.def
File: luatex.def 2024/04/13 v1.2e Graphics/color driver for luatex
))
\Gin@req@height=\dimen151
\Gin@req@width=\dimen152
)
(/usr/local/texlive/2025/texmf-dist/tex/generic/iftex/ifxetex.sty
Package: ifxetex 2019/10/25 v0.7 ifxetex legacy package. Use iftex instead.
)
\xl@everylogo=\toks18
\xl@@everylogo=\toks19
LaTeX Info: Redefining \TeX on input line 193.
LaTeX Info: Redefining \LaTeX on input line 202.
LaTeX Info: Redefining \LaTeXe on input line 219.
)
(/usr/local/texlive/2025/texmf-dist/tex/lualatex/luacode/luacode.sty
Package: luacode 2012/01/23 v1.2a lua-in-tex helpers (mpg)
\luacode@lines=\toks20
\luacode@table@soft=\catcodetable16
)
(/usr/local/texlive/2025/texmf-dist/tex/latex/base/fixltx2e.sty
Package: fixltx2e 2016/12/29 v2.1a fixes to LaTeX (obsolete)
Applying: [2015/01/01] Old fixltx2e package on input line 46.


Package fixltx2e Warning: fixltx2e is not required with releases after 2015
(fixltx2e)                All fixes are now in the LaTeX kernel.
(fixltx2e)                See the latexrelease package for details.

Already applied: [0000/00/00] Old fixltx2e package on input line 53.
))
luaotfload | cache : Lookup cache loaded from /home/bonobo/.texlive2025/texmf-va
r/luatex-cache/generic/names/luaotfload-lookup-cache.luc.

Package fontspec Info: 
(fontspec)             Font family 'LatinModernRoman(0)' created for font
(fontspec)             'Latin Modern Roman' with options [Ligatures=TeX].
(fontspec)              
(fontspec)              This font family consists of the following NFSS
(fontspec)             series/shapes:
(fontspec)              
(fontspec)             - 'normal' (m/n) with NFSS spec.: <->"name:Latin Modern
(fontspec)             Roman:mode=node;script=latn;language=dflt;+tlig;"
(fontspec)             - 'bold' (b/n) with NFSS spec.: <->"name:Latin Modern
(fontspec)             Roman/B:mode=node;script=latn;language=dflt;+tlig;"
(fontspec)             - 'italic' (m/it) with NFSS spec.: <->"name:Latin
(fontspec)             Modern
(fontspec)             Roman/I:mode=node;script=latn;language=dflt;+tlig;"
(fontspec)             - 'bold italic' (b/it) with NFSS spec.: <->"name:Latin
(fontspec)             Modern
(fontspec)             Roman/BI:mode=node;script=latn;language=dflt;+tlig;"

 (/usr/local/texlive/2025/texmf-dist/tex/latex/geometry/geometry.sty
Package: geometry 2020/01/02 v5.9 Page Geometry

(/usr/local/texlive/2025/texmf-dist/tex/generic/iftex/ifvtex.sty
Package: ifvtex 2019/10/25 v1.7 ifvtex legacy package. Use iftex instead.
)
\Gm@cnth=\count294
\Gm@cntv=\count295
\c@Gm@tempcnt=\count296
\Gm@bindingoffset=\dimen153
\Gm@wd@mp=\dimen154
\Gm@odd@mp=\dimen155
\Gm@even@mp=\dimen156
\Gm@layoutwidth=\dimen157
\Gm@layoutheight=\dimen158
\Gm@layouthoffset=\dimen159
\Gm@layoutvoffset=\dimen160
\Gm@dimlist=\toks21
)
(/usr/local/texlive/2025/texmf-dist/tex/latex/setspace/setspace.sty
Package: setspace 2022/12/04 v6.7b set line spacing
)
(/usr/local/texlive/2025/texmf-dist/tex/latex/amsmath/amsmath.sty
Package: amsmath 2025/06/16 v2.17y AMS math features
\@mathmargin=\skip51

For additional information on amsmath, use the `?' option.
(/usr/local/texlive/2025/texmf-dist/tex/latex/amsmath/amstext.sty
Package: amstext 2024/11/17 v2.01 AMS text

(/usr/local/texlive/2025/texmf-dist/tex/latex/amsmath/amsgen.sty
File: amsgen.sty 1999/11/30 v2.0 generic functions
\@emptytoks=\toks22
\ex@=\dimen161
))
(/usr/local/texlive/2025/texmf-dist/tex/latex/amsmath/amsbsy.sty
Package: amsbsy 1999/11/29 v1.2d Bold Symbols
\pmbraise@=\dimen162
)
(/usr/local/texlive/2025/texmf-dist/tex/latex/amsmath/amsopn.sty
Package: amsopn 2022/04/08 v2.04 operator names
)
\inf@bad=\count297
LaTeX Info: Redefining \frac on input line 235.
\uproot@=\count298
\leftroot@=\count299
LaTeX Info: Redefining \overline on input line 398.
LaTeX Info: Redefining \colon on input line 409.
\classnum@=\count300
\DOTSCASE@=\count301
LaTeX Info: Redefining \ldots on input line 495.
LaTeX Info: Redefining \dots on input line 498.
LaTeX Info: Redefining \cdots on input line 619.
\Mathstrutbox@=\box53
\strutbox@=\box54
LaTeX Info: Redefining \big on input line 721.
LaTeX Info: Redefining \Big on input line 722.
LaTeX Info: Redefining \bigg on input line 723.
LaTeX Info: Redefining \Bigg on input line 724.
\big@size=\dimen163
LaTeX Font Info:    Redeclaring font encoding OML on input line 742.
LaTeX Font Info:    Redeclaring font encoding OMS on input line 743.
\macc@depth=\count302
LaTeX Info: Redefining \bmod on input line 904.
LaTeX Info: Redefining \pmod on input line 909.
LaTeX Info: Redefining \smash on input line 939.
LaTeX Info: Redefining \relbar on input line 969.
LaTeX Info: Redefining \Relbar on input line 970.
\c@MaxMatrixCols=\count303
\dotsspace@=\muskip17
\c@parentequation=\count304
\dspbrk@lvl=\count305
\tag@help=\toks23
\row@=\count306
\column@=\count307
\maxfields@=\count308
\andhelp@=\toks24
\eqnshift@=\dimen164
\alignsep@=\dimen165
\tagshift@=\dimen166
\tagwidth@=\dimen167
\totwidth@=\dimen168
\lineht@=\dimen169
\@envbody=\toks25
\multlinegap=\skip52
\multlinetaggap=\skip53
\mathdisplay@stack=\toks26
LaTeX Info: Redefining \[ on input line 2949.
LaTeX Info: Redefining \] on input line 2950.
)
(/usr/local/texlive/2025/texmf-dist/tex/latex/amsfonts/amssymb.sty
Package: amssymb 2013/01/14 v3.01 AMS font symbols

(/usr/local/texlive/2025/texmf-dist/tex/latex/amsfonts/amsfonts.sty
Package: amsfonts 2013/01/14 v3.01 Basic AMSFonts support
\symAMSa=\mathgroup4
\symAMSb=\mathgroup5
LaTeX Font Info:    Redeclaring math symbol \hbar on input line 98.
LaTeX Font Info:    Overwriting math alphabet `\mathfrak' in version `bold'
(Font)                  U/euf/m/n --> U/euf/b/n on input line 106.
))
(/usr/local/texlive/2025/texmf-dist/tex/latex/amscls/amsthm.sty
Package: amsthm 2020/05/29 v2.20.6
\thm@style=\toks27
\thm@bodyfont=\toks28
\thm@headfont=\toks29
\thm@notefont=\toks30
\thm@headpunct=\toks31
\thm@preskip=\skip54
\thm@postskip=\skip55
\thm@headsep=\skip56
\dth@everypar=\toks32
)
(/usr/local/texlive/2025/texmf-dist/tex/latex/mathtools/mathtools.sty
Package: mathtools 2024/10/04 v1.31 mathematical typesetting tools

(/usr/local/texlive/2025/texmf-dist/tex/latex/tools/calc.sty
Package: calc 2025/03/01 v4.3b Infix arithmetic (KKT,FJ)
\calc@Acount=\count309
\calc@Bcount=\count310
\calc@Adimen=\dimen170
\calc@Bdimen=\dimen171
\calc@Askip=\skip57
\calc@Bskip=\skip58
LaTeX Info: Redefining \setlength on input line 86.
LaTeX Info: Redefining \addtolength on input line 87.
\calc@Ccount=\count311
\calc@Cskip=\skip59
)
(/usr/local/texlive/2025/texmf-dist/tex/latex/mathtools/mhsetup.sty
Package: mhsetup 2021/03/18 v1.4 programming setup (MH)
)
\g_MT_multlinerow_int=\count312
\l_MT_multwidth_dim=\dimen172
\origjot=\skip60
\l_MT_shortvdotswithinadjustabove_dim=\dimen173
\l_MT_shortvdotswithinadjustbelow_dim=\dimen174
\l_MT_above_intertext_sep=\dimen175
\l_MT_below_intertext_sep=\dimen176
\l_MT_above_shortintertext_sep=\dimen177
\l_MT_below_shortintertext_sep=\dimen178
\xmathstrut@box=\box55
\xmathstrut@dim=\dimen179
)
(/usr/local/texlive/2025/texmf-dist/tex/latex/enumitem/enumitem.sty
Package: enumitem 2025/02/06 v3.11 Customized lists
\labelindent=\skip61
\enit@outerparindent=\dimen180
\enit@toks=\toks33
\enit@inbox=\box56
\enit@count@id=\count313
\enitdp@description=\count314
)
(/usr/local/texlive/2025/texmf-dist/tex/latex/csquotes/csquotes.sty
Package: csquotes 2024-04-04 v5.2o context-sensitive quotations (JAW)

(/usr/local/texlive/2025/texmf-dist/tex/latex/etoolbox/etoolbox.sty
Package: etoolbox 2025/02/11 v2.5l e-TeX tools for LaTeX (JAW)
\etb@tempcnta=\count315
)
\csq@reset=\count316
\csq@gtype=\count317
\csq@glevel=\count318
\csq@qlevel=\count319
\csq@maxlvl=\count320
\csq@tshold=\count321
\csq@ltx@everypar=\toks34

(/usr/local/texlive/2025/texmf-dist/tex/latex/csquotes/csquotes.def
File: csquotes.def 2024-04-04 v5.2o csquotes generic definitions (JAW)
)
Package csquotes Info: Trying to load configuration file 'csquotes.cfg'...
Package csquotes Info: ... configuration file loaded successfully.

(/usr/local/texlive/2025/texmf-dist/tex/latex/csquotes/csquotes.cfg
File: csquotes.cfg 
))
(/usr/local/texlive/2025/texmf-dist/tex/latex/hyperref/hyperref.sty
Package: hyperref 2025-07-12 v7.01o Hypertext links for LaTeX

(/usr/local/texlive/2025/texmf-dist/tex/latex/kvsetkeys/kvsetkeys.sty
Package: kvsetkeys 2022-10-05 v1.19 Key value parser (HO)
)
(/usr/local/texlive/2025/texmf-dist/tex/generic/kvdefinekeys/kvdefinekeys.sty
Package: kvdefinekeys 2019-12-19 v1.6 Define keys (HO)
)
(/usr/local/texlive/2025/texmf-dist/tex/generic/pdfescape/pdfescape.sty
Package: pdfescape 2019/12/09 v1.15 Implements pdfTeX's escape features (HO)

(/usr/local/texlive/2025/texmf-dist/tex/generic/ltxcmds/ltxcmds.sty
Package: ltxcmds 2023-12-04 v1.26 LaTeX kernel commands for general use (HO)
)
(/usr/local/texlive/2025/texmf-dist/tex/generic/pdftexcmds/pdftexcmds.sty
Package: pdftexcmds 2020-06-27 v0.33 Utility functions of pdfTeX for LuaTeX (HO
)

(/usr/local/texlive/2025/texmf-dist/tex/generic/infwarerr/infwarerr.sty
Package: infwarerr 2019/12/03 v1.5 Providing info/warning/error messages (HO)
)
Package pdftexcmds Info: \pdf@primitive is available.
Package pdftexcmds Info: \pdf@ifprimitive is available.
Package pdftexcmds Info: \pdfdraftmode found.
\pdftexcmds@toks=\toks35
))
(/usr/local/texlive/2025/texmf-dist/tex/latex/hycolor/hycolor.sty
Package: hycolor 2020-01-27 v1.10 Color options for hyperref/bookmark (HO)
)
(/usr/local/texlive/2025/texmf-dist/tex/latex/hyperref/nameref.sty
Package: nameref 2025-06-21 v2.57 Cross-referencing by name of section

(/usr/local/texlive/2025/texmf-dist/tex/latex/refcount/refcount.sty
Package: refcount 2019/12/15 v3.6 Data extraction from label references (HO)
)
(/usr/local/texlive/2025/texmf-dist/tex/generic/gettitlestring/gettitlestring.s
ty
Package: gettitlestring 2019/12/15 v1.6 Cleanup title references (HO)
 (/usr/local/texlive/2025/texmf-dist/tex/latex/kvoptions/kvoptions.sty
Package: kvoptions 2022-06-15 v3.15 Key value format for package options (HO)
))
\c@section@level=\count322
)
(/usr/local/texlive/2025/texmf-dist/tex/generic/stringenc/stringenc.sty
Package: stringenc 2019/11/29 v1.12 Convert strings between diff. encodings (HO
)
)
\@linkdim=\dimen181
\Hy@linkcounter=\count323
\Hy@pagecounter=\count324

(/usr/local/texlive/2025/texmf-dist/tex/latex/hyperref/pd1enc.def
File: pd1enc.def 2025-07-12 v7.01o Hyperref: PDFDocEncoding definition (HO)
)
(/usr/local/texlive/2025/texmf-dist/tex/generic/intcalc/intcalc.sty
Package: intcalc 2019/12/15 v1.3 Expandable calculations with integers (HO)
)
\Hy@SavedSpaceFactor=\count325

(/usr/local/texlive/2025/texmf-dist/tex/latex/hyperref/puenc.def
File: puenc.def 2025-07-12 v7.01o Hyperref: PDF Unicode definition (HO)
)
Package hyperref Info: Hyper figures OFF on input line 4195.
Package hyperref Info: Link nesting OFF on input line 4200.
Package hyperref Info: Hyper index ON on input line 4203.
Package hyperref Info: Plain pages OFF on input line 4210.
Package hyperref Info: Backreferencing OFF on input line 4215.
Package hyperref Info: Implicit mode ON; LaTeX internals redefined.
Package hyperref Info: Bookmarks ON on input line 4462.
\c@Hy@tempcnt=\count326

(/usr/local/texlive/2025/texmf-dist/tex/latex/url/url.sty
\Urlmuskip=\muskip18
Package: url 2013/09/16  ver 3.4  Verb mode for urls, etc.
)
LaTeX Info: Redefining \url on input line 4801.
\XeTeXLinkMargin=\dimen182

(/usr/local/texlive/2025/texmf-dist/tex/generic/bitset/bitset.sty
Package: bitset 2019/12/09 v1.3 Handle bit-vector datatype (HO)

(/usr/local/texlive/2025/texmf-dist/tex/generic/bigintcalc/bigintcalc.sty
Package: bigintcalc 2019/12/15 v1.5 Expandable calculations on big integers (HO
)
))
\Fld@menulength=\count327
\Field@Width=\dimen183
\Fld@charsize=\dimen184
Package hyperref Info: Hyper figures OFF on input line 6078.
Package hyperref Info: Link nesting OFF on input line 6083.
Package hyperref Info: Hyper index ON on input line 6086.
Package hyperref Info: backreferencing OFF on input line 6093.
Package hyperref Info: Link coloring OFF on input line 6098.
Package hyperref Info: Link coloring with OCG OFF on input line 6103.
Package hyperref Info: PDF/A mode OFF on input line 6108.
\Hy@abspage=\count328
\c@Item=\count329
\c@Hfootnote=\count330
)
Package hyperref Info: Driver (autodetected): hluatex.

(/usr/local/texlive/2025/texmf-dist/tex/latex/hyperref/hluatex.def
File: hluatex.def 2025-07-12 v7.01o Hyperref driver for luaTeX
\Fld@listcount=\count331
\c@bookmark@seq@number=\count332

(/usr/local/texlive/2025/texmf-dist/tex/latex/rerunfilecheck/rerunfilecheck.sty
Package: rerunfilecheck 2025-06-21 v1.11 Rerun checks for auxiliary files (HO)

(/usr/local/texlive/2025/texmf-dist/tex/generic/uniquecounter/uniquecounter.sty
Package: uniquecounter 2019/12/15 v1.4 Provide unlimited unique counter (HO)
)
Package uniquecounter Info: New unique counter `rerunfilecheck' on input line 2
84.
)
\Hy@SectionHShift=\skip62
) (/usr/local/texlive/2025/texmf-dist/tex/latex/biblatex/biblatex.sty
Package: biblatex 2025/07/10 v3.21 programmable bibliographies (PK/MW)

(/usr/local/texlive/2025/texmf-dist/tex/latex/logreq/logreq.sty
Package: logreq 2010/08/04 v1.0 xml request logger
\lrq@indent=\count333

(/usr/local/texlive/2025/texmf-dist/tex/latex/logreq/logreq.def
File: logreq.def 2010/08/04 v1.0 logreq spec v1.0
))
(/usr/local/texlive/2025/texmf-dist/tex/latex/base/ifthen.sty
Package: ifthen 2024/03/16 v1.1e Standard LaTeX ifthen package (DPC)
)
\c@tabx@nest=\count334
\c@listtotal=\count335
\c@listcount=\count336
\c@liststart=\count337
\c@liststop=\count338
\c@citecount=\count339
\c@citetotal=\count340
\c@multicitecount=\count341
\c@multicitetotal=\count342
\c@instcount=\count343
\c@maxnames=\count344
\c@minnames=\count345
\c@maxitems=\count346
\c@minitems=\count347
\c@citecounter=\count348
\c@maxcitecounter=\count349
\c@savedcitecounter=\count350
\c@uniquelist=\count351
\c@uniquename=\count352
\c@refsection=\count353
\c@refsegment=\count354
\c@maxextratitle=\count355
\c@maxextratitleyear=\count356
\c@maxextraname=\count357
\c@maxextradate=\count358
\c@maxextraalpha=\count359
\c@abbrvpenalty=\count360
\c@highnamepenalty=\count361
\c@lownamepenalty=\count362
\c@maxparens=\count363
\c@parenlevel=\count364
\blx@tempcnta=\count365
\blx@tempcntb=\count366
\blx@tempcntc=\count367
\c@blx@maxsection=\count368
\blx@maxsegment@0=\count369
\blx@notetype=\count370
\blx@parenlevel@text=\count371
\blx@parenlevel@foot=\count372
\blx@sectionciteorder@0=\count373
\blx@sectionciteorderinternal@0=\count374
\blx@entrysetcounter=\count375
\blx@biblioinstance=\count376
\labelnumberwidth=\skip63
\labelalphawidth=\skip64
\biblabelsep=\skip65
\bibitemsep=\skip66
\bibnamesep=\skip67
\bibinitsep=\skip68
\bibparsep=\skip69
\bibhang=\skip70
\blx@bcfin=\read2
\blx@bcfout=\write3
\blx@langwohyphens=\language2
\c@mincomprange=\count377
\c@maxcomprange=\count378
\c@mincompwidth=\count379
Package biblatex Info: Trying to load biblatex default data model...
Package biblatex Info: ... file 'blx-dm.def' found.

(/usr/local/texlive/2025/texmf-dist/tex/latex/biblatex/blx-dm.def
File: blx-dm.def 2025/07/10 v3.21 biblatex datamodel (PK/MW)
)
Package biblatex Info: Trying to load biblatex style data model...
Package biblatex Info: ... file 'authoryear.dbx' not found.
Package biblatex Info: Trying to load biblatex custom data model...
Package biblatex Info: ... file 'biblatex-dm.cfg' not found.
\c@afterword=\count380
\c@savedafterword=\count381
\c@annotator=\count382
\c@savedannotator=\count383
\c@author=\count384
\c@savedauthor=\count385
\c@bookauthor=\count386
\c@savedbookauthor=\count387
\c@commentator=\count388
\c@savedcommentator=\count389
\c@editor=\count390
\c@savededitor=\count391
\c@editora=\count392
\c@savededitora=\count393
\c@editorb=\count394
\c@savededitorb=\count395
\c@editorc=\count396
\c@savededitorc=\count397
\c@foreword=\count398
\c@savedforeword=\count399
\c@holder=\count400
\c@savedholder=\count401
\c@introduction=\count402
\c@savedintroduction=\count403
\c@namea=\count404
\c@savednamea=\count405
\c@nameb=\count406
\c@savednameb=\count407
\c@namec=\count408
\c@savednamec=\count409
\c@translator=\count410
\c@savedtranslator=\count411
\c@shortauthor=\count412
\c@savedshortauthor=\count413
\c@shorteditor=\count414
\c@savedshorteditor=\count415
\c@labelname=\count416
\c@savedlabelname=\count417
\c@institution=\count418
\c@savedinstitution=\count419
\c@lista=\count420
\c@savedlista=\count421
\c@listb=\count422
\c@savedlistb=\count423
\c@listc=\count424
\c@savedlistc=\count425
\c@listd=\count426
\c@savedlistd=\count427
\c@liste=\count428
\c@savedliste=\count429
\c@listf=\count430
\c@savedlistf=\count431
\c@location=\count432
\c@savedlocation=\count433
\c@organization=\count434
\c@savedorganization=\count435
\c@origlocation=\count436
\c@savedoriglocation=\count437
\c@origpublisher=\count438
\c@savedorigpublisher=\count439
\c@publisher=\count440
\c@savedpublisher=\count441
\c@language=\count442
\c@savedlanguage=\count443
\c@origlanguage=\count444
\c@savedoriglanguage=\count445
\c@pageref=\count446
\c@savedpageref=\count447
\shorthandwidth=\skip71
\shortjournalwidth=\skip72
\shortserieswidth=\skip73
\shorttitlewidth=\skip74
\shortauthorwidth=\skip75
\shorteditorwidth=\skip76
\locallabelnumberwidth=\skip77
\locallabelalphawidth=\skip78
\localshorthandwidth=\skip79
\localshortjournalwidth=\skip80
\localshortserieswidth=\skip81
\localshorttitlewidth=\skip82
\localshortauthorwidth=\skip83
\localshorteditorwidth=\skip84
Package biblatex Info: Trying to load enhanced support for Unicode engines...
Package biblatex Info: ... file 'blx-unicode.def' found.

(/usr/local/texlive/2025/texmf-dist/tex/latex/biblatex/blx-unicode.def)
Package biblatex Info: Trying to load compatibility code...
Package biblatex Info: ... file 'blx-compat.def' found.

(/usr/local/texlive/2025/texmf-dist/tex/latex/biblatex/blx-compat.def
File: blx-compat.def 2025/07/10 v3.21 biblatex compatibility (PK/MW)
)
Package biblatex Info: Trying to load generic definitions...
Package biblatex Info: ... file 'biblatex.def' found.

(/usr/local/texlive/2025/texmf-dist/tex/latex/biblatex/biblatex.def
File: biblatex.def 2025/07/10 v3.21 biblatex compatibility (PK/MW)
\c@textcitecount=\count448
\c@textcitetotal=\count449
\c@textcitemaxnames=\count450
\c@biburlbigbreakpenalty=\count451
\c@biburlbreakpenalty=\count452
\c@biburlnumpenalty=\count453
\c@biburlucpenalty=\count454
\c@biburllcpenalty=\count455
\biburlbigskip=\muskip19
\biburlnumskip=\muskip20
\biburlucskip=\muskip21
\biburllcskip=\muskip22
\c@smartand=\count456
)
Package biblatex Info: Trying to load bibliography style 'authoryear'...
Package biblatex Info: ... file 'authoryear.bbx' found.

(/usr/local/texlive/2025/texmf-dist/tex/latex/biblatex/bbx/authoryear.bbx
File: authoryear.bbx 2025/07/10 v3.21 biblatex bibliography style (PK/MW)
Package biblatex Info: Trying to load bibliography style 'standard'...
Package biblatex Info: ... file 'standard.bbx' found.

(/usr/local/texlive/2025/texmf-dist/tex/latex/biblatex/bbx/standard.bbx
File: standard.bbx 2025/07/10 v3.21 biblatex bibliography style (PK/MW)
\c@bbx:relatedcount=\count457
\c@bbx:relatedtotal=\count458
))
Package biblatex Info: Trying to load citation style 'authoryear'...
Package biblatex Info: ... file 'authoryear.cbx' found.

(/usr/local/texlive/2025/texmf-dist/tex/latex/biblatex/cbx/authoryear.cbx
File: authoryear.cbx 2025/07/10 v3.21 biblatex citation style (PK/MW)
Package biblatex Info: Redefining '\cite'.
Package biblatex Info: Redefining '\parencite'.
Package biblatex Info: Redefining '\footcite'.
Package biblatex Info: Redefining '\footcitetext'.
Package biblatex Info: Redefining '\smartcite'.
Package biblatex Info: Redefining '\textcite'.
Package biblatex Info: Redefining '\textcites'.
)
Package biblatex Info: Trying to load configuration file...
Package biblatex Info: ... file 'biblatex.cfg' found.

(/usr/local/texlive/2025/texmf-dist/tex/latex/biblatex/biblatex.cfg
File: biblatex.cfg 
)
Package biblatex Info: LuaTeX detected.
(biblatex)             Assuming input encoding 'utf8'.
Package biblatex Info: Document encoding is UTF8 ....
Package biblatex Info: ... and expl3
(biblatex)             2025-09-02 L3 programming layer (loader) 
(biblatex)             is new enough (at least 2020/04/06),
(biblatex)             setting 'casechanger=expl3'.

(/usr/local/texlive/2025/texmf-dist/tex/latex/biblatex/blx-case-expl3.sty
Package: blx-case-expl3 2025/07/10 v3.21 expl3 case changing code for biblatex
))
Package csquotes Info: Checking for multilingual support...
Package csquotes Info: ... none found.

(./abstraction-draft-03.aux)
\openout1 = abstraction-draft-03.aux

LaTeX Font Info:    Checking defaults for OML/cmm/m/it on input line 31.
LaTeX Font Info:    ... okay on input line 31.
LaTeX Font Info:    Checking defaults for OMS/cmsy/m/n on input line 31.
LaTeX Font Info:    ... okay on input line 31.
LaTeX Font Info:    Checking defaults for OT1/cmr/m/n on input line 31.
LaTeX Font Info:    ... okay on input line 31.
LaTeX Font Info:    Checking defaults for T1/cmr/m/n on input line 31.
LaTeX Font Info:    ... okay on input line 31.
LaTeX Font Info:    Checking defaults for TS1/cmr/m/n on input line 31.
LaTeX Font Info:    ... okay on input line 31.
LaTeX Font Info:    Checking defaults for TU/lmr/m/n on input line 31.
LaTeX Font Info:    ... okay on input line 31.
LaTeX Font Info:    Checking defaults for OMX/cmex/m/n on input line 31.
LaTeX Font Info:    ... okay on input line 31.
LaTeX Font Info:    Checking defaults for U/cmr/m/n on input line 31.
LaTeX Font Info:    ... okay on input line 31.
LaTeX Font Info:    Checking defaults for PD1/pdf/m/n on input line 31.
LaTeX Font Info:    ... okay on input line 31.
LaTeX Font Info:    Checking defaults for PU/pdf/m/n on input line 31.
LaTeX Font Info:    ... okay on input line 31.

Package fontspec Info: 
(fontspec)             Adjusting the maths setup (use [no-math] to avoid
(fontspec)             this).

\symlegacymaths=\mathgroup6
LaTeX Font Info:    Overwriting symbol font `legacymaths' in version `bold'
(Font)                  OT1/cmr/m/n --> OT1/cmr/bx/n on input line 31.
LaTeX Font Info:    Redeclaring math accent \acute on input line 31.
LaTeX Font Info:    Redeclaring math accent \grave on input line 31.
LaTeX Font Info:    Redeclaring math accent \ddot on input line 31.
LaTeX Font Info:    Redeclaring math accent \tilde on input line 31.
LaTeX Font Info:    Redeclaring math accent \bar on input line 31.
LaTeX Font Info:    Redeclaring math accent \breve on input line 31.
LaTeX Font Info:    Redeclaring math accent \check on input line 31.
LaTeX Font Info:    Redeclaring math accent \hat on input line 31.
LaTeX Font Info:    Redeclaring math accent \dot on input line 31.
LaTeX Font Info:    Redeclaring math accent \mathring on input line 31.
LaTeX Font Info:    Redeclaring math symbol \Gamma on input line 31.
LaTeX Font Info:    Redeclaring math symbol \Delta on input line 31.
LaTeX Font Info:    Redeclaring math symbol \Theta on input line 31.
LaTeX Font Info:    Redeclaring math symbol \Lambda on input line 31.
LaTeX Font Info:    Redeclaring math symbol \Xi on input line 31.
LaTeX Font Info:    Redeclaring math symbol \Pi on input line 31.
LaTeX Font Info:    Redeclaring math symbol \Sigma on input line 31.
LaTeX Font Info:    Redeclaring math symbol \Upsilon on input line 31.
LaTeX Font Info:    Redeclaring math symbol \Phi on input line 31.
LaTeX Font Info:    Redeclaring math symbol \Psi on input line 31.
LaTeX Font Info:    Redeclaring math symbol \Omega on input line 31.
LaTeX Font Info:    Redeclaring math symbol \mathdollar on input line 31.
LaTeX Font Info:    Redeclaring symbol font `operators' on input line 31.
LaTeX Font Info:    Encoding `OT1' has changed to `TU' for symbol font
(Font)              `operators' in the math version `normal' on input line 31.
LaTeX Font Info:    Overwriting symbol font `operators' in version `normal'
(Font)                  OT1/cmr/m/n --> TU/LatinModernRoman(0)/m/n on input lin
e 31.
LaTeX Font Info:    Encoding `OT1' has changed to `TU' for symbol font
(Font)              `operators' in the math version `bold' on input line 31.
LaTeX Font Info:    Overwriting symbol font `operators' in version `bold'
(Font)                  OT1/cmr/bx/n --> TU/LatinModernRoman(0)/m/n on input li
ne 31.
LaTeX Font Info:    Overwriting symbol font `operators' in version `normal'
(Font)                  TU/LatinModernRoman(0)/m/n --> TU/LatinModernRoman(0)/m
/n on input line 31.
LaTeX Font Info:    Overwriting math alphabet `\mathit' in version `normal'
(Font)                  OT1/cmr/m/it --> TU/LatinModernRoman(0)/m/it on input l
ine 31.
LaTeX Font Info:    Overwriting math alphabet `\mathbf' in version `normal'
(Font)                  OT1/cmr/bx/n --> TU/LatinModernRoman(0)/b/n on input li
ne 31.
LaTeX Font Info:    Overwriting math alphabet `\mathsf' in version `normal'
(Font)                  OT1/cmss/m/n --> TU/lmss/m/n on input line 31.
LaTeX Font Info:    Overwriting math alphabet `\mathtt' in version `normal'
(Font)                  OT1/cmtt/m/n --> TU/lmtt/m/n on input line 31.
LaTeX Font Info:    Overwriting symbol font `operators' in version `bold'
(Font)                  TU/LatinModernRoman(0)/m/n --> TU/LatinModernRoman(0)/b
/n on input line 31.
LaTeX Font Info:    Overwriting math alphabet `\mathit' in version `bold'
(Font)                  OT1/cmr/bx/it --> TU/LatinModernRoman(0)/b/it on input 
line 31.
LaTeX Font Info:    Overwriting math alphabet `\mathsf' in version `bold'
(Font)                  OT1/cmss/bx/n --> TU/lmss/b/n on input line 31.
LaTeX Font Info:    Overwriting math alphabet `\mathtt' in version `bold'
(Font)                  OT1/cmtt/m/n --> TU/lmtt/b/n on input line 31.

(/usr/local/texlive/2025/texmf-dist/tex/context/base/mkii/supp-pdf.mkii
[Loading MPS to PDF converter (version 2006.09.02).]
\scratchcounter=\count459
\scratchdimen=\dimen185
\scratchbox=\box57
\nofMPsegments=\count460
\nofMParguments=\count461
\everyMPshowfont=\toks36
\MPscratchCnt=\count462
\MPscratchDim=\dimen186
\MPnumerator=\count463
\makeMPintoPDFobject=\count464
\everyMPtoPDFconversion=\toks37
) (/usr/local/texlive/2025/texmf-dist/tex/latex/epstopdf-pkg/epstopdf-base.sty
Package: epstopdf-base 2020-01-24 v2.11 Base part for package epstopdf
Package epstopdf-base Info: Redefining graphics rule for `.eps' on input line 4
85.

(/usr/local/texlive/2025/texmf-dist/tex/latex/latexconfig/epstopdf-sys.cfg
File: epstopdf-sys.cfg 2010/07/13 v1.3 Configuration of (r)epstopdf for TeX Liv
e
))
*geometry* driver: auto-detecting
*geometry* detected driver: luatex
*geometry* verbose mode - [ preamble ] result:
* driver: luatex
* paper: letterpaper
* layout: <same size as paper>
* layoutoffset:(h,v)=(0.0pt,0.0pt)
* modes: 
* h-part:(L,W,R)=(72.26999pt, 469.75502pt, 72.26999pt)
* v-part:(T,H,B)=(72.26999pt, 650.43001pt, 72.26999pt)
* \paperwidth=614.295pt
* \paperheight=794.96999pt
* \textwidth=469.75502pt
* \textheight=650.43001pt
* \oddsidemargin=0.0pt
* \evensidemargin=0.0pt
* \topmargin=-37.0pt
* \headheight=12.0pt
* \headsep=25.0pt
* \topskip=12.0pt
* \footskip=30.0pt
* \marginparwidth=44.0pt
* \marginparsep=10.0pt
* \columnsep=10.0pt
* \skip\footins=10.8pt plus 4.0pt minus 2.0pt
* \hoffset=0.0pt
* \voffset=0.0pt
* \mag=1000
* \@twocolumnfalse
* \@twosidefalse
* \@mparswitchfalse
* \@reversemarginfalse
* (1in=72.27pt=25.4mm, 1cm=28.453pt)

Package hyperref Info: Link coloring OFF on input line 31.
(./abstraction-draft-03.out) (./abstraction-draft-03.out)
\@outlinefile=\write4

\openout4 = abstraction-draft-03.out
Package biblatex Info: Trying to load language 'english'...
Package biblatex Info: ... file 'english.lbx' found.

(/usr/local/texlive/2025/texmf-dist/tex/latex/biblatex/lbx/english.lbx
File: english.lbx 2025/07/10 v3.21 biblatex localization (PK/MW)
)
Package biblatex Info: LuaTeX detected.
(biblatex)             Assuming input encoding 'utf8'.
Package biblatex Info: Automatic encoding selection.
(biblatex)             Assuming data encoding 'utf8'.

\openout3 = abstraction-draft-03.bcf
Package biblatex Info: Trying to load bibliographic data...
Package biblatex Info: ... file 'abstraction-draft-03.bbl' not found.

No file abstraction-draft-03.bbl.
Package biblatex Info: Reference section=0 on input line 31.
Package biblatex Info: Reference segment=0 on input line 31.
LaTeX Font Info:    Trying to load font information for U+msa on input line 34.

(/usr/local/texlive/2025/texmf-dist/tex/latex/amsfonts/umsa.fd
File: umsa.fd 2013/01/14 v3.01 AMS symbols A
)
LaTeX Font Info:    Trying to load font information for U+msb on input line 34.


(/usr/local/texlive/2025/texmf-dist/tex/latex/amsfonts/umsb.fd
File: umsb.fd 2013/01/14 v3.01 AMS symbols B
)

[1

{/usr/local/texlive/2025/texmf-var/fonts/map/pdftex/updmap/pdftex.map}]

[2] (./abstraction-draft-03.toc

[3]

[4]

[5]

[6]

[7]

[8]

[9]

[10]
Overfull \hbox (2.63707pt too wide) in paragraph at lines 279--279
 [] [][]\TU/LatinModernRoman(0)/b/n/12 Chap-ter XXIX: Se-man-tic Type The-ory of
 Pre-dic-tive In-ter-faces with Racket 
 []



[11]

[12]
Missing character: There is no β (U+03B2) in font "name:Latin Modern Roman:mode
=node;script=latn;language=dflt;+tlig;"!
Missing character: There is no β (U+03B2) in font "name:Latin Modern Roman:mode
=node;script=latn;language=dflt;+tlig;"!


[13
Missing character: There is no β (U+03B2) in font "name:Latin Modern Roman:mode
=node;script=latn;language=dflt;+tlig;"!
]

[14])
\tf@toc=\write5

\openout5 = abstraction-draft-03.toc


[15]

[16]

[17]

[18]

[19]

[20]

[21]

[22]

[23]

[24]

[25]

[26]

[27]

[28]

[29]

[30]

[31]

[32]

[33]

LaTeX Warning: Citation 'Husserl1913' on page 34 undefined on input line 471.


LaTeX Warning: Citation 'Heidegger1927' on page 34 undefined on input line 476.



LaTeX Warning: Citation 'MerleauPonty1945' on page 34 undefined on input line 4
81.



[34]

LaTeX Warning: Citation 'Derrida1967' on page 35 undefined on input line 486.


LaTeX Warning: Citation 'Foucault1970' on page 35 undefined on input line 491.



[35]

[36]

[37]
Overfull \hbox (13.01366pt too wide) in paragraph at lines 595--595
[]\TU/LatinModernRoman(0)/b/n/17.28 Chap-ter X: Arith-metic, Ab-strac-tion, and Affordance-
 []



[38]

[39]

[40]

[41]

[42]

[43]

[44]

[45]

[46]

[47]

[48]

[49]

[50]

[51]

[52]

[53]

[54]

[55]

[56]

[57]

[58]

[59]
Overfull \hbox (11.7951pt too wide) in paragraph at lines 1310--1310
[]\TU/LatinModernRoman(0)/b/n/14.4 VIII.4 Al-ge-bra as a Uni-ver-sal In-ter-face
 for Quan-ti-ta-tive Worlds 
 []



[60]

[61]

[62]

[63]
Overfull \hbox (0.8194pt too wide) in paragraph at lines 1407--1408
\TU/LatinModernRoman(0)/m/n/12 Hu-mans rarely learn ab-strac-tion di-rectly. In-
stead, they learn through metaphors and schemas
 []



[64]

[65]

[66]

[67]

[68]

[69]

[70]
Overfull \hbox (26.95857pt too wide) in paragraph at lines 1619--1619
[]\TU/LatinModernRoman(0)/b/n/17.28 Chap-ter XIV: The Meta-physics of In-ter-fac
es — Bound-
 []



[71]

[72]

[73]

[74]

[75]

[76]

[77]

[78]
Overfull \hbox (16.46965pt too wide) in paragraph at lines 1872--1872
[]\TU/LatinModernRoman(0)/b/n/17.28 Chap-ter XVII: In-ter-faces in Physics — 
Fields, Bound-
 []


Overfull \hbox (1.8545pt too wide) in paragraph at lines 1905--1906
\TU/LatinModernRoman(0)/m/n/12 Quan-tum mea-sure-ment oc-curs at the bound-ary 
be-tween sys-tem and ap-pa-ra-tus. The observer-
 []



[79]

[80]

[81]

[82]

[83]

[84]

[85]

[86]

[87]

[88]

[89]

[90]

[91]

[92]

[93]
Overfull \hbox (128.15703pt too wide) detected at line 2504
[]
 []



[94]

[95]

[96]

[97]

[98]
Overfull \hbox (30.01717pt too wide) in paragraph at lines 2683--2683
[]\TU/LatinModernRoman(0)/b/n/17.28 Chap-ter XXIII: Markov Bound-aries as Semi-P
ermeable
 []


! LaTeX Error: Environment definition undefined.

See the LaTeX manual or LaTeX Companion for explanation.
Type  H <return>  for immediate help.
 ...                                              
                                                  
l.2704 \begin{definition}
                         [Markov Boundary]
? 

! LaTeX Error: \begin{document} ended by \end{definition}.

See the LaTeX manual or LaTeX Companion for explanation.
Type  H <return>  for immediate help.
 ...                                              
                                                  
l.2710 \end{definition}
                       
? 


[99]

! LaTeX Error: Environment definition undefined.

See the LaTeX manual or LaTeX Companion for explanation.
Type  H <return>  for immediate help.
 ...                                              
                                                  
l.2737 \begin{definition}
                         [Linear-Gaussian Conditional]
? 

! LaTeX Error: \begin{document} ended by \end{definition}.

See the LaTeX manual or LaTeX Companion for explanation.
Type  H <return>  for immediate help.
 ...                                              
                                                  
l.2743 \end{definition}
                       
? 

! LaTeX Error: Environment definition undefined.

See the LaTeX manual or LaTeX Companion for explanation.
Type  H <return>  for immediate help.
 ...                                              
                                                  
l.2745 \begin{definition}
                         [Logistic-Bernoulli Conditional]
? 

! LaTeX Error: \begin{document} ended by \end{definition}.

See the LaTeX manual or LaTeX Companion for explanation.
Type  H <return>  for immediate help.
 ...                                              
                                                  
l.2751 \end{definition}
                       
? 

! LaTeX Error: Environment lemma undefined.

See the LaTeX manual or LaTeX Companion for explanation.
Type  H <return>  for immediate help.
 ...                                              
                                                  
l.2765 \begin{lemma}
                    [Local Linearization of Conditional Means]
? 


[100]

! LaTeX Error: \begin{document} ended by \end{lemma}.

See the LaTeX manual or LaTeX Companion for explanation.
Type  H <return>  for immediate help.
 ...                                              
                                                  
l.2775 \end{lemma}
                  
? 

! LaTeX Error: Environment lemma undefined.

See the LaTeX manual or LaTeX Companion for explanation.
Type  H <return>  for immediate help.
 ...                                              
                                                  
l.2793 \begin{lemma}
                    [Local Linearization via Log-Odds]
? 

! LaTeX Error: \begin{document} ended by \end{lemma}.

See the LaTeX manual or LaTeX Companion for explanation.
Type  H <return>  for immediate help.
 ...                                              
                                                  
l.2806 \end{lemma}
                  
? 


[101]

[102]

! LaTeX Error: Environment theorem undefined.

See the LaTeX manual or LaTeX Companion for explanation.
Type  H <return>  for immediate help.
 ...                                              
                                                  
l.2894 \begin{theorem}
                      [Markov Boundaries as Linearized Interface Contracts]
? 


[103]

! LaTeX Error: \begin{document} ended by \end{theorem}.

See the LaTeX manual or LaTeX Companion for explanation.
Type  H <return>  for immediate help.
 ...                                              
                                                  
l.2909 \end{theorem}
                    
? 


[104]

[105]

[106]

[107]

[108]

[109]

[110]

[111]
Overfull \hbox (563.8458pt too wide) detected at line 3265
[]
 []



[112]

[113]
Overfull \hbox (23.036pt too wide) in paragraph at lines 3280--3280
[]\TU/LatinModernRoman(0)/b/n/17.28 Chap-ter XXV: Unis-tochas-tic Ge-om-e-try 
— Amplitude-
 []


! LaTeX Error: Environment definition undefined.

See the LaTeX manual or LaTeX Companion for explanation.
Type  H <return>  for immediate help.
 ...                                              
                                                  
l.3298 \begin{definition}
                         [Unistochastic Matrix]
? 

! LaTeX Error: \begin{document} ended by \end{definition}.

See the LaTeX manual or LaTeX Companion for explanation.
Type  H <return>  for immediate help.
 ...                                              
                                                  
l.3303 \end{definition}
                       
? 


[114]

! LaTeX Error: Environment definition undefined.

See the LaTeX manual or LaTeX Companion for explanation.
Type  H <return>  for immediate help.
 ...                                              
                                                  
l.3322 \begin{definition}
                         [Unistochastic Markov Boundary]
? 

! LaTeX Error: \begin{document} ended by \end{definition}.

See the LaTeX manual or LaTeX Companion for explanation.
Type  H <return>  for immediate help.
 ...                                              
                                                  
l.3324 \end{definition}
                       
? 
LaTeX Font Info:    Trying to load font information for U+euf on input line 334
5.
(/usr/local/texlive/2025/texmf-dist/tex/latex/amsfonts/ueuf.fd
File: ueuf.fd 2013/01/14 v3.01 Euler Fraktur
)

[115]

! LaTeX Error: Environment theorem undefined.

See the LaTeX manual or LaTeX Companion for explanation.
Type  H <return>  for immediate help.
 ...                                              
                                                  
l.3376 \begin{theorem}
                      [Unistochastic Closure Under DAG Composition]
? 

! LaTeX Error: \begin{document} ended by \end{theorem}.

See the LaTeX manual or LaTeX Companion for explanation.
Type  H <return>  for immediate help.
 ...                                              
                                                  
l.3379 \end{theorem}
                    
? 


[116]
Overfull \hbox (1.00949pt too wide) in paragraph at lines 3414--3414
[]\TU/LatinModernRoman(0)/b/n/14.4 XXV.6 Se-man-tic Vec-tor Dy-nam-ics on the Un
is-tochas-tic Man-
 []



[117]

[118]
Overfull \hbox (26.36899pt too wide) detected at line 3522
[]
 []



[119]

[120]

[121]

[122]

[123]

[124]

[125]

[126]

[127]

[128]

[129]

[130]

[131]

[132]

[133]

[134]

[135]

[136]
Missing character: There is no λ (U+03BB) in font [lmmono12-regular]:!
Missing character: There is no λ (U+03BB) in font [lmmono12-regular]:!
Missing character: There is no ∘ (U+2218) in font [lmmono12-regular]:!
Missing character: There is no ∘ (U+2218) in font [lmmono12-regular]:!
LaTeX Font Info:    Font shape `TU/lmtt/bx/n' in size <14.4> not available
(Font)              Font shape `TU/lmtt/b/n' tried instead on input line 4261.


[137
Missing character: There is no λ (U+03BB) in font [lmmono12-regular]:!
Missing character: There is no ∘ (U+2218) in font [lmmono12-regular]:!
]
Overfull \hbox (0.79292pt too wide) in paragraph at lines 4321--4322
[][]\TU/lmtt/m/n/12 collapse(..., sum-selector) \TU/LatinModernRoman(0)/m/n/12 
ag-gre-gates the merged con-fig-u-ra-tion by sum-ming pay-
 []

Missing character: There is no λ (U+03BB) in font [lmmono12-regular]:!
Missing character: There is no λ (U+03BB) in font [lmmono12-regular]:!


[138
Missing character: There is no λ (U+03BB) in font [lmmono12-regular]:!
]
Missing character: There is no λ (U+03BB) in font [lmmono12-regular]:!
Missing character: There is no λ (U+03BB) in font [lmmono12-regular]:!
Missing character: There is no λ (U+03BB) in font [lmmono12-regular]:!
Missing character: There is no λ (U+03BB) in font [lmmono12-regular]:!
Missing character: There is no ∘ (U+2218) in font [lmmono12-regular]:!
Missing character: There is no λ (U+03BB) in font [lmmono12-regular]:!
Missing character: There is no ∘ (U+2218) in font [lmmono12-regular]:!
Missing character: There is no λ (U+03BB) in font [lmmono12-regular]:!


[139
Missing character: There is no λ (U+03BB) in font [lmmono12-regular]:!
Missing character: There is no λ (U+03BB) in font [lmmono12-regular]:!
Missing character: There is no ∘ (U+2218) in font [lmmono12-regular]:!
Missing character: There is no λ (U+03BB) in font [lmmono12-regular]:!
]
Missing character: There is no ∘ (U+2218) in font [lmmono12-regular]:!
Missing character: There is no ∘ (U+2218) in font [lmmono12-regular]:!
Missing character: There is no ∘ (U+2218) in font [lmmono12-regular]:!
Missing character: There is no ∘ (U+2218) in font [lmmono12-regular]:!
Missing character: There is no λ (U+03BB) in font [lmmono12-regular]:!
Missing character: There is no λ (U+03BB) in font [lmmono12-regular]:!


[140
Missing character: There is no ∘ (U+2218) in font [lmmono12-regular]:!
Missing character: There is no ∘ (U+2218) in font [lmmono12-regular]:!
Missing character: There is no λ (U+03BB) in font [lmmono12-regular]:!
]
Missing character: There is no ∘ (U+2218) in font [lmmono12-regular]:!
Missing character: There is no ∘ (U+2218) in font [lmmono12-regular]:!
Missing character: There is no ∘ (U+2218) in font [lmmono12-regular]:!
Missing character: There is no ∘ (U+2218) in font [lmmono12-regular]:!

Overfull \hbox (1.84903pt too wide) in paragraph at lines 4495--4496
[]\TU/LatinModernRoman(0)/m/n/12 The Racket type []\TU/lmtt/m/n/12 semantic-stat
e \TU/LatinModernRoman(0)/m/n/12 be-comes a Sphere-pop re-gion com-posed of coor
dinate-
 []



[141
Missing character: There is no ∘ (U+2218) in font [lmmono12-regular]:!
Missing character: There is no ∘ (U+2218) in font [lmmono12-regular]:!
]

[142]

! LaTeX Error: Environment definition undefined.

See the LaTeX manual or LaTeX Companion for explanation.
Type  H <return>  for immediate help.
 ...                                              
                                                  
l.4569 \begin{definition}
                         [Desugaring of Parenthetical Operator Forms]
? 

! LaTeX Error: \begin{document} ended by \end{definition}.

See the LaTeX manual or LaTeX Companion for explanation.
Type  H <return>  for immediate help.
 ...                                              
                                                  
l.4586 \end{definition}
                       
? 

! LaTeX Error: Environment remark undefined.

See the LaTeX manual or LaTeX Companion for explanation.
Type  H <return>  for immediate help.
 ...                                              
                                                  
l.4590 \begin{remark}
                     
? 

! LaTeX Error: \begin{document} ended by \end{remark}.

See the LaTeX manual or LaTeX Companion for explanation.
Type  H <return>  for immediate help.
 ...                                              
                                                  
l.4592 \end{remark}
                   
? 


[143]

[144]

[145]

! LaTeX Error: Environment definition undefined.

See the LaTeX manual or LaTeX Companion for explanation.
Type  H <return>  for immediate help.
 ...                                              
                                                  
l.4747 \begin{definition}
                         [Objects of $\mathbf{Spherepop}$]
? 

! LaTeX Error: \begin{document} ended by \end{definition}.

See the LaTeX manual or LaTeX Companion for explanation.
Type  H <return>  for immediate help.
 ...                                              
                                                  
l.4753 \end{definition}
                       
? 

! LaTeX Error: Environment definition undefined.

See the LaTeX manual or LaTeX Companion for explanation.
Type  H <return>  for immediate help.
 ...                                              
                                                  
l.4776 \begin{definition}
                         [Morphisms]
? 


[146]

! LaTeX Error: \begin{document} ended by \end{definition}.

See the LaTeX manual or LaTeX Companion for explanation.
Type  H <return>  for immediate help.
 ...                                              
                                                  
l.4782 \end{definition}
                       
? 

! LaTeX Error: Environment definition undefined.

See the LaTeX manual or LaTeX Companion for explanation.
Type  H <return>  for immediate help.
 ...                                              
                                                  
l.4801 \begin{definition}
                         [Tensor on Objects]
? 

! LaTeX Error: \begin{document} ended by \end{definition}.

See the LaTeX manual or LaTeX Companion for explanation.
Type  H <return>  for immediate help.
 ...                                              
                                                  
l.4807 \end{definition}
                       
? 


[147]

[148]
Overfull \hbox (3.8895pt too wide) in paragraph at lines 4947--4947
[]\TU/LatinModernRoman(0)/b/n/14.4 XXXII.10 Sphere-pop as a Ge-o-met-ric Com-pu-
ta-tional Monoid 
 []



[149]
Overfull \hbox (132.17332pt too wide) detected at line 4968
[]
 []



[150]

[151]

! LaTeX Error: Environment definition undefined.

See the LaTeX manual or LaTeX Companion for explanation.
Type  H <return>  for immediate help.
 ...                                              
                                                  
l.5056 \begin{definition}
                         [Spherepop Fibration]
? 

! LaTeX Error: \begin{document} ended by \end{definition}.

See the LaTeX manual or LaTeX Companion for explanation.
Type  H <return>  for immediate help.
 ...                                              
                                                  
l.5065 \end{definition}
                       
? 


[152]

[153]

[154]

[155]
Overfull \hbox (11.60893pt too wide) detected at line 5243
[]
 []



[156]

[157]
Overfull \hbox (39.60757pt too wide) in paragraph at lines 5267--5267
[]\TU/LatinModernRoman(0)/b/n/17.28 Chap-ter XXXIV: Com-pu-ta-tional Uni-ver-sal
-ity of Sphere-
 []


! LaTeX Error: Environment definition undefined.

See the LaTeX manual or LaTeX Companion for explanation.
Type  H <return>  for immediate help.
 ...                                              
                                                  
l.5306 \begin{definition}
                         [Boolean Encoding]
? 


[158]

! LaTeX Error: \begin{document} ended by \end{definition}.

See the LaTeX manual or LaTeX Companion for explanation.
Type  H <return>  for immediate help.
 ...                                              
                                                  
l.5312 \end{definition}
                       
? 


[159]

! LaTeX Error: Environment theorem undefined.

See the LaTeX manual or LaTeX Companion for explanation.
Type  H <return>  for immediate help.
 ...                                              
                                                  
l.5390 \begin{theorem}
                      [Spherepop is Turing Complete (Sketch)]
? 

! LaTeX Error: \begin{document} ended by \end{theorem}.

See the LaTeX manual or LaTeX Companion for explanation.
Type  H <return>  for immediate help.
 ...                                              
                                                  
l.5392 \end{theorem}
                    
? 


[160]

! LaTeX Error: Environment theorem undefined.

See the LaTeX manual or LaTeX Companion for explanation.
Type  H <return>  for immediate help.
 ...                                              
                                                  
l.5459 \begin{theorem}
                      [Lambda Embedding (Sketch)]
? 

! LaTeX Error: \begin{document} ended by \end{theorem}.

See the LaTeX manual or LaTeX Companion for explanation.
Type  H <return>  for immediate help.
 ...                                              
                                                  
l.5461 \end{theorem}
                    
? 
! Undefined control sequence.
<recently read> \llbracket 
                           
l.5464 Define a translation $\llbracket
                                        \cdot \rrbracket$ from terms to regi...
? 
! Undefined control sequence.
l.5464 ...translation $\llbracket \cdot \rrbracket
                                                  $ from terms to regions:
? 
! Undefined control sequence.
l.5467 \llbracket
                  x \rrbracket = \mathsf{Var}(x), \quad
? 
! Undefined control sequence.
l.5467 \llbracket x \rrbracket
                               = \mathsf{Var}(x), \quad
? 
! Undefined control sequence.
l.5468 \llbracket
                  \lambda x. M \rrbracket = \mathsf{Abs}(x, \llbracket M \rr...
? 
! Undefined control sequence.
l.5468 \llbracket \lambda x. M \rrbracket
                                          = \mathsf{Abs}(x, \llbracket M \rr...
? 
! Undefined control sequence.
l.5468 ... \rrbracket = \mathsf{Abs}(x, \llbracket
                                                   M \rrbracket), \quad
? 
! Undefined control sequence.
l.5468 ... \mathsf{Abs}(x, \llbracket M \rrbracket
                                                  ), \quad
? 
! Undefined control sequence.
l.5469 \llbracket
                  M N \rrbracket = \mathsf{App}(\llbracket M \rrbracket, \ll...
? 
! Undefined control sequence.
l.5469 \llbracket M N \rrbracket
                                 = \mathsf{App}(\llbracket M \rrbracket, \ll...
? 
! Undefined control sequence.
l.5469 ...M N \rrbracket = \mathsf{App}(\llbracket
                                                   M \rrbracket, \llbracket ...
? 
! Undefined control sequence.
l.5469 ...t = \mathsf{App}(\llbracket M \rrbracket
                                                  , \llbracket N \rrbracket).
? 
! Undefined control sequence.
l.5469 ...App}(\llbracket M \rrbracket, \llbracket
                                                   N \rrbracket).
? 
! Undefined control sequence.
l.5469 ...et M \rrbracket, \llbracket N \rrbracket
                                                  ).
? 
! Undefined control sequence.
l.5475 \llbracket
                  M \rrbracket \xrightarrow{\mathsf{beta}} \llbracket N \rrb...
? 
! Undefined control sequence.
l.5475 \llbracket M \rrbracket
                               \xrightarrow{\mathsf{beta}} \llbracket N \rrb...
? 
! Undefined control sequence.
l.5475 ...t \xrightarrow{\mathsf{beta}} \llbracket
                                                   N \rrbracket.
? 
! Undefined control sequence.
l.5475 ...w{\mathsf{beta}} \llbracket N \rrbracket
                                                  .
? 


[161]

[162]

[163]

[164]
Overfull \hbox (47.45322pt too wide) detected at line 5630
[]
 []



[165]
Overfull \hbox (17.69907pt too wide) in paragraph at lines 5723--5723
[]\TU/LatinModernRoman(0)/b/n/14.4 XXXIV.10 Lambda Cal-cu-lus as RSVP–Ising Sy
m-me-try Break-
 []



[166]
Overfull \hbox (8.6479pt too wide) in paragraph at lines 5765--5766
[]\TU/LatinModernRoman(0)/m/n/12 Lambda cal-cu-lus is thereby rep-re-sented as 
a symmetry-breaking pro-cess in the 5D field–spin
 []



[167]
Overfull \hbox (169.97333pt too wide) detected at line 5832
[]
 []


! LaTeX Error: Environment theorem undefined.

See the LaTeX manual or LaTeX Companion for explanation.
Type  H <return>  for immediate help.
 ...                                              
                                                  
l.5838 \begin{theorem}
                      [Computational–Physical Equivalence of Spherepop]
? 


[168]

! LaTeX Error: \begin{document} ended by \end{theorem}.

See the LaTeX manual or LaTeX Companion for explanation.
Type  H <return>  for immediate help.
 ...                                              
                                                  
l.5872 \end{theorem}
                    
? 


[169]
Overfull \hbox (15.05267pt too wide) in paragraph at lines 5898--5898
[]\TU/LatinModernRoman(0)/b/n/17.28 Chap-ter XXXV: Ab-strac-tion as Re-duc-tion 
— Sphere-
 []


Overfull \hbox (219.66461pt too wide) detected at line 5953
[]  \OMS/cmsy/m/n/12   []    []    []\OML/cmm/m/it/12 :
 []



[170]

[171]

[172]
Missing character: There is no β (U+03B2) in font "name:Latin Modern Roman/B:mo
de=node;script=latn;language=dflt;+tlig;"!
Missing character: There is no β (U+03B2) in font "name:Latin Modern Roman/B:mo
de=node;script=latn;language=dflt;+tlig;"!
Missing character: There is no β (U+03B2) in font "name:Latin Modern Roman/B:mo
de=node;script=latn;language=dflt;+tlig;"!
! Undefined control sequence.
l.6119 \llbracket
                  x \rrbracket &= \mathsf{sphere}(\ell_x),\\
? 
! Undefined control sequence.
l.6119 \llbracket x \rrbracket
                               &= \mathsf{sphere}(\ell_x),\\
? 
! Undefined control sequence.
l.6120 \llbracket
                  \lambda x.M \rrbracket &= \mathsf{Abs}(x, \llbracket M \rr...
? 
! Undefined control sequence.
l.6120 \llbracket \lambda x.M \rrbracket
                                         &= \mathsf{Abs}(x, \llbracket M \rr...
? 
! Undefined control sequence.
l.6120 ...\rrbracket &= \mathsf{Abs}(x, \llbracket
                                                   M \rrbracket),\\
? 
! Undefined control sequence.
l.6120 ... \mathsf{Abs}(x, \llbracket M \rrbracket
                                                  ),\\
? 
! Undefined control sequence.
l.6121 \llbracket
                  M\,N \rrbracket &= \mathsf{App}(\llbracket M \rrbracket, \...
? 
! Undefined control sequence.
l.6121 \llbracket M\,N \rrbracket
                                  &= \mathsf{App}(\llbracket M \rrbracket, \...
? 
! Undefined control sequence.
l.6121 ...,N \rrbracket &= \mathsf{App}(\llbracket
                                                   M \rrbracket, \llbracket ...
? 
! Undefined control sequence.
l.6121 ... &= \mathsf{App}(\llbracket M \rrbracket
                                                  , \llbracket N \rrbracket).
? 
! Undefined control sequence.
l.6121 ...App}(\llbracket M \rrbracket, \llbracket
                                                   N \rrbracket).
? 
! Undefined control sequence.
l.6121 ...et M \rrbracket, \llbracket N \rrbracket
                                                  ).
? 
Missing character: There is no β (U+03B2) in font "name:Latin Modern Roman:mode
=node;script=latn;language=dflt;+tlig;"!
Missing character: There is no β (U+03B2) in font "name:Latin Modern Roman:mode
=node;script=latn;language=dflt;+tlig;"!
Missing character: There is no β (U+03B2) in font "name:Latin Modern Roman:mode
=node;script=latn;language=dflt;+tlig;"!
Missing character: There is no β (U+03B2) in font "name:Latin Modern Roman:mode
=node;script=latn;language=dflt;+tlig;"!


[173
Missing character: There is no β (U+03B2) in font "name:Latin Modern Roman/B:mo
de=node;script=latn;language=dflt;+tlig;"!
Missing character: There is no β (U+03B2) in font "name:Latin Modern Roman:mode
=node;script=latn;language=dflt;+tlig;"!
Missing character: There is no β (U+03B2) in font "name:Latin Modern Roman:mode
=node;script=latn;language=dflt;+tlig;"!
]

[174]

[175]

! LaTeX Error: Environment theorem undefined.

See the LaTeX manual or LaTeX Companion for explanation.
Type  H <return>  for immediate help.
 ...                                              
                                                  
l.6281 \begin{theorem}
                      [Abstraction--Reduction Equivalence]
? 

! LaTeX Error: \begin{document} ended by \end{theorem}.

See the LaTeX manual or LaTeX Companion for explanation.
Type  H <return>  for immediate help.
 ...                                              
                                                  
l.6300 \end{theorem}
                    
? 

Overfull \hbox (143.21294pt too wide) detected at line 6307
[]
 []



[176]
Overfull \hbox (16.52142pt too wide) in paragraph at lines 6317--6317
\TU/LatinModernRoman(0)/b/n/17.28 Re-duc-tion, Com-pu-ta-tion, and the Ge-om-e-t
ry of Mean-
 []


Overfull \hbox (230.06873pt too wide) detected at line 6330
[]
 []



[177]
Overfull \hbox (5.01486pt too wide) in paragraph at lines 6385--6387
[]\TU/LatinModernRoman(0)/m/n/12 Ev-ery com-pu-ta-tional model, re-gard-less of its sur-face syn-tax, re-duces to eval-u-a-tion through: 
 []


Overfull \hbox (27.7621pt too wide) detected at line 6425
[]  \OMS/cmsy/m/n/12   []    []\OML/cmm/m/it/12 :
 []


Overfull \hbox (9.82043pt too wide) in paragraph at lines 6431--6431
[]\TU/LatinModernRoman(0)/b/n/14.4 XXXVI.4 RSVP Physics and the En-ergy Ge-om-e-
try of Thought 
 []



[178]

[179]

! LaTeX Error: Environment theorem undefined.

See the LaTeX manual or LaTeX Companion for explanation.
Type  H <return>  for immediate help.
 ...                                              
                                                  
l.6531 \begin{theorem}
                      [The Reduction–Abstraction Equivalence]
? 

Overfull \hbox (246.04486pt too wide) detected at line 6549
[]
 []


Overfull \hbox (129.88074pt too wide) detected at line 6571
[]
 []


! LaTeX Error: \begin{document} ended by \end{theorem}.

See the LaTeX manual or LaTeX Companion for explanation.
Type  H <return>  for immediate help.
 ...                                              
                                                  
l.6572 \end{theorem}
                    
? 


[180]
Overfull \hbox (294.42493pt too wide) detected at line 6609
[]
 []



[181]
Overfull \hbox (1.0666pt too wide) in paragraph at lines 6630--6631
[]\TU/LatinModernRoman(0)/b/n/12 Ex-po-nents\TU/LatinModernRoman(0)/m/n/12 , \T
U/LatinModernRoman(0)/b/n/12 Di-vi-sion/Mul-ti-pli-ca-tion\TU/LatinModernRoman(
0)/m/n/12 , \TU/LatinModernRoman(0)/b/n/12 Ad-di-tion/Sub-trac-tion\TU/LatinMod
ernRoman(0)/m/n/12 : Ap-ply the re-main-
 []

! Undefined control sequence.
l.6650 \llbracket
                  \,\cdot\, \rrbracket : \text{ArithmeticExpr} \to \text{Sph...
? 
! Undefined control sequence.
l.6650 \llbracket \,\cdot\, \rrbracket
                                       : \text{ArithmeticExpr} \to \text{Sph...
? 
! Undefined control sequence.
l.6656     \llbracket
                      n \rrbracket = \mathsf{sphere}(\ell_{\mathsf{num}}, n).
? 
! Undefined control sequence.
l.6656     \llbracket n \rrbracket
                                   = \mathsf{sphere}(\ell_{\mathsf{num}}, n).
? 
! Undefined control sequence.
l.6660     \llbracket
                      A + B \rrbracket
? 
! Undefined control sequence.
l.6660     \llbracket A + B \rrbracket
                                      
? 
! Undefined control sequence.
l.6662         \mathsf{merge}(\llbracket
                                         A \rrbracket, \llbracket B \rrbrack...
? 
! Undefined control sequence.
l.6662 ...  \mathsf{merge}(\llbracket A \rrbracket
                                                  , \llbracket B \rrbracket),
? 
! Undefined control sequence.
l.6662 ...rge}(\llbracket A \rrbracket, \llbracket
                                                   B \rrbracket),
? 
! Undefined control sequence.
l.6662 ...et A \rrbracket, \llbracket B \rrbracket
                                                  ),
? 
! Undefined control sequence.
l.6670     \llbracket
                      A \times B \rrbracket
? 
! Undefined control sequence.
l.6670     \llbracket A \times B \rrbracket
                                           
? 
! Undefined control sequence.
l.6672         \mathsf{merge}(\llbracket
                                         A \rrbracket, \llbracket B \rrbrack...
? 
! Undefined control sequence.
l.6672 ...  \mathsf{merge}(\llbracket A \rrbracket
                                                  , \llbracket B \rrbracket),
? 
! Undefined control sequence.
l.6672 ...rge}(\llbracket A \rrbracket, \llbracket
                                                   B \rrbracket),
? 
! Undefined control sequence.
l.6672 ...et A \rrbracket, \llbracket B \rrbracket
                                                  ),
? 


[182]
! Undefined control sequence.
l.6721 \llbracket
                  (2 + 3)\,4 \rrbracket
? 
! Undefined control sequence.
l.6721 \llbracket (2 + 3)\,4 \rrbracket
                                       
? 
! Undefined control sequence.
l.6724 ...thsf{collapse}(\mathsf{merge}(\llbracket
                                                   2 \rrbracket,\llbracket 3...
? 
! Undefined control sequence.
l.6724 ...}(\mathsf{merge}(\llbracket 2 \rrbracket
                                                  ,\llbracket 3 \rrbracket),...
? 
! Undefined control sequence.
l.6724 ...erge}(\llbracket 2 \rrbracket,\llbracket
                                                   3 \rrbracket), f_+),
? 
! Undefined control sequence.
l.6724 ...ket 2 \rrbracket,\llbracket 3 \rrbracket
                                                  ), f_+),
? 
! Undefined control sequence.
l.6725   \llbracket
                    4 \rrbracket
? 
! Undefined control sequence.
l.6725   \llbracket 4 \rrbracket
                                
? 
! Undefined control sequence.
l.6731 \mathsf{collapse}(\mathsf{merge}(\llbracket
                                                   2 \rrbracket,\llbracket 3...
? 
! Undefined control sequence.
l.6731 ...}(\mathsf{merge}(\llbracket 2 \rrbracket
                                                  ,\llbracket 3 \rrbracket),...
? 
! Undefined control sequence.
l.6731 ...erge}(\llbracket 2 \rrbracket,\llbracket
                                                   3 \rrbracket), f_+)
? 
! Undefined control sequence.
l.6731 ...ket 2 \rrbracket,\llbracket 3 \rrbracket
                                                  ), f_+)
? 
! Undefined control sequence.
l.6733 \llbracket
                  5 \rrbracket,
? 
! Undefined control sequence.
l.6733 \llbracket 5 \rrbracket
                              ,
? 
! Undefined control sequence.
l.6739 \mathsf{merge}(\llbracket
                                 5 \rrbracket, \llbracket 4 \rrbracket),
? 
! Undefined control sequence.
l.6739 \mathsf{merge}(\llbracket 5 \rrbracket
                                             , \llbracket 4 \rrbracket),
? 
! Undefined control sequence.
l.6739 ...rge}(\llbracket 5 \rrbracket, \llbracket
                                                   4 \rrbracket),
? 
! Undefined control sequence.
l.6739 ...et 5 \rrbracket, \llbracket 4 \rrbracket
                                                  ),
? 
! Undefined control sequence.
l.6743 \mathsf{collapse}(\mathsf{merge}(\llbracket
                                                   5 \rrbracket, \llbracket ...
? 
! Undefined control sequence.
l.6743 ...}(\mathsf{merge}(\llbracket 5 \rrbracket
                                                  , \llbracket 4 \rrbracket)...
? 
! Undefined control sequence.
l.6743 ...rge}(\llbracket 5 \rrbracket, \llbracket
                                                   4 \rrbracket), f_{\times})
? 
! Undefined control sequence.
l.6743 ...et 5 \rrbracket, \llbracket 4 \rrbracket
                                                  ), f_{\times})
? 
! Undefined control sequence.
l.6745 \llbracket
                  20 \rrbracket,
? 
! Undefined control sequence.
l.6745 \llbracket 20 \rrbracket
                               ,
? 


[183]

[184]
Overfull \hbox (471.45772pt too wide) detected at line 6816
[]
 []


LaTeX Warning: Citation 'Husserl1913' on page 185 undefined on input line 6854.



LaTeX Warning: Citation 'Husserl1931' on page 185 undefined on input line 6854.



LaTeX Warning: Citation 'Husserl1954' on page 185 undefined on input line 6854.



Overfull \hbox (34.8345pt too wide) in paragraph at lines 6853--6862
\TU/LatinModernRoman(0)/m/n/12 Clas-si-cal phe-nomenol-ogy be-gins with Husserl
’s epoché []; []; [],
 []



[185]

LaTeX Warning: Citation 'MerleauPonty1945' on page 186 undefined on input line 
6863.


LaTeX Warning: Citation 'Derrida1967' on page 186 undefined on input line 6867.




[186]

[187]
Overfull \hbox (9.7887pt too wide) in paragraph at lines 7005--7009
\TU/LatinModernRoman(0)/m/n/12 nomenol-ogy sur-veys; where RSVP col-lapses, phe-
nomenol-ogy ex-pands. These dual operations---
 []



[188]

[189]

[190]

[191]

[192]

[193]
! Missing { inserted.
<to be read again> 
                   \discretionary 
l.7324 f^\*
           Q
? 
! Missing } inserted.
<inserted text> 
                }
l.7325 \]
         
? 


[194]

[195]

[196]

[197]

! LaTeX Error: Environment theorem undefined.

See the LaTeX manual or LaTeX Companion for explanation.
Type  H <return>  for immediate help.
 ...                                              
                                                  
l.7603 \begin{theorem}
                      [Structural Invariance of Predication]
? 

! LaTeX Error: \begin{document} ended by \end{theorem}.

See the LaTeX manual or LaTeX Companion for explanation.
Type  H <return>  for immediate help.
 ...                                              
                                                  
l.7617 \end{theorem}
                    
? 


[198]

[199]

[200]
Overfull \hbox (35.05362pt too wide) detected at line 7770
[]  \OMS/cmsy/m/n/12 ([])  \OML/cmm/m/it/12 p \OT1/cmr/m/n/12 : [](\OML/cmm/m/i
t/12 x\OT1/cmr/m/n/12 )  \OMS/cmsy/m/n/12 ([])  \OML/cmm/m/it/12 x \OMS/cmsy/m/
n/12 2 []  ([])  \OML/cmm/m/it/12 x \OMS/cmsy/m/n/12 2 R[]  ([])  \OML/cmm/m/it
/12 F[]\OT1/cmr/m/n/12 (\OML/cmm/m/it/12 x\OT1/cmr/m/n/12 ) = \OML/cmm/m/it/12 
x:
 []



[201]

! LaTeX Error: Environment theorem undefined.

See the LaTeX manual or LaTeX Companion for explanation.
Type  H <return>  for immediate help.
 ...                                              
                                                  
l.7792 \begin{theorem}
                      [Universal Predication Correspondence]
? 

! LaTeX Error: \begin{document} ended by \end{theorem}.

See the LaTeX manual or LaTeX Companion for explanation.
Type  H <return>  for immediate help.
 ...                                              
                                                  
l.7822 \end{theorem}
                    
? 


[202]
Overfull \hbox (100.27693pt too wide) detected at line 7892
[]
 []



[203]

[204]

[205]
Overfull \hbox (86.75317pt too wide) detected at line 8033
\OML/cmm/m/it/12 P\OT1/cmr/m/n/12 (\OML/cmm/m/it/12 x\OT1/cmr/m/n/12 )[]  \OMS/
cmsy/m/n/12 ([])  \OT1/cmr/m/n/12 (\OMS/cmsy/m/n/12 9\OML/cmm/m/it/12 p \OT1/cm
r/m/n/12 : \OML/cmm/m/it/12 P\OT1/cmr/m/n/12 (\OML/cmm/m/it/12 x\OT1/cmr/m/n/12
 ))  \OMS/cmsy/m/n/12 ([])  \OML/cmm/m/it/12 x \OMS/cmsy/m/n/12 2 []  ([])  \OM
L/cmm/m/it/12 []\OT1/cmr/m/n/12 (\OML/cmm/m/it/12 x\OT1/cmr/m/n/12 ) = \OMS/cm
sy/m/n/12 >  ([])  \OML/cmm/m/it/12 F[]\OT1/cmr/m/n/12 (\OML/cmm/m/it/12 x\OT1/
cmr/m/n/12 ) = \OML/cmm/m/it/12 x  \OMS/cmsy/m/n/12 ([])  \OML/cmm/m/it/12 x \O
MS/cmsy/m/n/12 2 R[]\OML/cmm/m/it/12 :
 []


! LaTeX Error: Environment meta-theorem undefined.

See the LaTeX manual or LaTeX Companion for explanation.
Type  H <return>  for immediate help.
 ...                                              
                                                  
l.8052 \begin{meta-theorem}
                           [Hamiltonian Semantic Realization of Predication]
? 


[206]
Overfull \hbox (80.24072pt too wide) detected at line 8085
[]
 []


! LaTeX Error: \begin{document} ended by \end{meta-theorem}.

See the LaTeX manual or LaTeX Companion for explanation.
Type  H <return>  for immediate help.
 ...                                              
                                                  
l.8087 \end{meta-theorem}
                         
? 


[207]
Overfull \hbox (6.72093pt too wide) in paragraph at lines 8117--8120
[]\TU/LatinModernRoman(0)/b/n/12 (v) Phe-nomeno-log-i-cal ful-fill-ment cor-re-s
ponds to Hamil-to-nian sta-bil-ity.[] \TU/LatinModernRoman(0)/m/n/12 The noema
 []


Overfull \hbox (30.90385pt too wide) in paragraph at lines 8141--8141
[]\TU/LatinModernRoman(0)/b/n/14.4 XX+.15 Corol-lar-ies of the Hamil-to-nian Se-
man-tic Meta-Theorem 
 []



[208]

[209]
Overfull \hbox (254.02763pt too wide) detected at line 8248
\OML/cmm/m/it/12 P\OT1/cmr/m/n/12 (\OML/cmm/m/it/12 x\OT1/cmr/m/n/12 ) []  \OMS
/cmsy/m/n/12 ([])  \OML/cmm/m/it/12 x []P  \OMS/cmsy/m/n/12 ([])  \OML/cmm/m/it
/12 x []P  \OMS/cmsy/m/n/12 ([])  \OML/cmm/m/it/12 x []m[]:
 []


Overfull \hbox (185.81294pt too wide) detected at line 8256
[]
 []


! LaTeX Error: Environment corollary undefined.

See the LaTeX manual or LaTeX Companion for explanation.
Type  H <return>  for immediate help.
 ...                                              
                                                  
l.8270 \begin{corollary}
                        [Predication as Fixed-Point Realization]
? 

Overfull \hbox (76.54297pt too wide) detected at line 8281
\OML/cmm/m/it/12 P\OT1/cmr/m/n/12 (\OML/cmm/m/it/12 x\OT1/cmr/m/n/12 )[]  \OMS/
cmsy/m/n/12 ([])  \OML/cmm/m/it/12 x \OMS/cmsy/m/n/12 2 []\OT1/cmr/m/n/12 (\OML
/cmm/m/it/12 F[]\OT1/cmr/m/n/12 )  \OMS/cmsy/m/n/12 ([])  \OML/cmm/m/it/12 x \O
T1/cmr/m/n/12 = \OML/cmm/m/it/12 F[]\OT1/cmr/m/n/12 (\OML/cmm/m/it/12 x\OT1/cmr
/m/n/12 )  \OMS/cmsy/m/n/12 ([])  \OML/cmm/m/it/12 x[]P:
 []


! LaTeX Error: \begin{document} ended by \end{corollary}.

See the LaTeX manual or LaTeX Companion for explanation.
Type  H <return>  for immediate help.
 ...                                              
                                                  
l.8297 \end{corollary}
                      
? 


[210]
Overfull \hbox (36.24898pt too wide) detected at line 8350
[]
 []



[211]

[212]
! Undefined control sequence.
l.8475 \emerges
                as the logic of the manifold’s own dynamics.
? 


[213]
Overfull \hbox (0.87721pt too wide) in paragraph at lines 8534--8539
\TU/LatinModernRoman(0)/m/n/12 This ap-pendix col-lects the prin-ci-pal def-i-ni
-tions and no-ta-tional con-ven-tions em-ployed through-
 []



[214]

[215]
Overfull \hbox (29.53334pt too wide) in paragraph at lines 8589--8589
[]\TU/LatinModernRoman(0)/b/n/17.28 Ap-pendix B: Cat-e-gor-i-cal Struc-tures Un-
der-ly-ing Sphere-
 []



[216]

[217]
! Undefined control sequence.
l.8735 \toprule
               
? 
! Undefined control sequence.
<recently read> \midrule 
                         
l.8737 \midrule
               
? 
! Undefined control sequence.
<recently read> \bottomrule 
                            
l.8756 \bottomrule
                  
? 

Overfull \hbox (26.00124pt too wide) in paragraph at lines 8734--8758
 [] 
 []



[218]

[219]

[220]

[221]

[222] (./abstraction-draft-03.aux)
 ***********
LaTeX2e <2025-06-01> patch level 1
L3 programming layer <2025-09-02>
 ***********


LaTeX Warning: There were undefined references.

Package rerunfilecheck Info: File `abstraction-draft-03.out' has not changed.
(rerunfilecheck)             Checksum: 48A9056047679AC3DFDB7720D29FB985;132557.


Package biblatex Warning: Please (re)run Biber on the file:
(biblatex)                abstraction-draft-03
(biblatex)                and rerun LaTeX afterwards.

Package logreq Info: Writing requests to 'abstraction-draft-03.run.xml'.

\openout1 = abstraction-draft-03.run.xml
)

Here is how much of LuaTeX's memory you used:
 23215 strings out of 476291
 125165,1373583 words of node,token memory allocated
 3036 words of node memory still in use:
   6 hlist, 2 vlist, 2 rule, 2 glue, 4 kern, 3 sub_mlist, 1 glyph, 568 attribute
, 69 glue_spec, 568 attribute_list, 1 write, 35 pdf_action nodes
   avail lists: 2:517,3:638,4:36,5:724,6:92,7:8560,8:116,9:582,10:17,11:855
 44266 multiletter control sequences out of 65536+600000
 108 fonts using 9305935 bytes
 88i,13n,92p,953b,1136s stack positions out of 10000i,1000n,20000p,200000b,200000s
</usr/local/texlive/2025/texmf-dist/fonts/opentype/public/lm/lmsans8-regular.otf
></usr/local/texlive/2025/texmf-dist/fonts/opentype/public/lm/lmmonolt10-bold.ot
f></usr/local/texlive/2025/texmf-dist/fonts/opentype/public/lm/lmroman6-regular.
otf></usr/local/texlive/2025/texmf-dist/fonts/opentype/public/lm/lmroman8-regula
r.otf></usr/local/texlive/2025/texmf-dist/fonts/opentype/public/lm/lmsans12-regu
lar.otf></usr/local/texlive/2025/texmf-dist/fonts/opentype/public/lm/lmroman12-i
talic.otf></usr/local/texlive/2025/texmf-dist/fonts/opentype/public/lm/lmmono12-
regular.otf></usr/local/texlive/2025/texmf-dist/fonts/opentype/public/lm/lmroman
12-regular.otf></usr/local/texlive/2025/texmf-dist/fonts/opentype/public/lm/lmro
man10-italic.otf></usr/local/texlive/2025/texmf-dist/fonts/opentype/public/lm/lm
roman10-regular.otf></usr/local/texlive/2025/texmf-dist/fonts/opentype/public/lm
/lmroman10-bold.otf></usr/local/texlive/2025/texmf-dist/fonts/opentype/public/lm
/lmroman17-regular.otf></usr/local/texlive/2025/texmf-dist/fonts/opentype/public
/lm/lmroman12-bold.otf></usr/local/texlive/2025/texmf-dist/fonts/type1/public/am
sfonts/cm/cmex10.pfb></usr/local/texlive/2025/texmf-dist/fonts/type1/public/amsf
onts/cmextra/cmex8.pfb></usr/local/texlive/2025/texmf-dist/fonts/type1/public/am
sfonts/cm/cmmi10.pfb></usr/local/texlive/2025/texmf-dist/fonts/type1/public/amsf
onts/cm/cmmi12.pfb></usr/local/texlive/2025/texmf-dist/fonts/type1/public/amsfon
ts/cm/cmmi6.pfb></usr/local/texlive/2025/texmf-dist/fonts/type1/public/amsfonts/
cm/cmmi8.pfb></usr/local/texlive/2025/texmf-dist/fonts/type1/public/amsfonts/cm/
cmr12.pfb></usr/local/texlive/2025/texmf-dist/fonts/type1/public/amsfonts/cm/cmr
6.pfb></usr/local/texlive/2025/texmf-dist/fonts/type1/public/amsfonts/cm/cmr8.pf
b></usr/local/texlive/2025/texmf-dist/fonts/type1/public/amsfonts/cm/cmsy10.pfb>
</usr/local/texlive/2025/texmf-dist/fonts/type1/public/amsfonts/cm/cmsy6.pfb></u
sr/local/texlive/2025/texmf-dist/fonts/type1/public/amsfonts/cm/cmsy8.pfb></usr/
local/texlive/2025/texmf-dist/fonts/type1/public/amsfonts/euler/eufm10.pfb></usr
/local/texlive/2025/texmf-dist/fonts/type1/public/amsfonts/symbols/msam10.pfb></
usr/local/texlive/2025/texmf-dist/fonts/type1/public/amsfonts/symbols/msbm10.pfb
>
Output written on abstraction-draft-03.pdf (222 pages, 761699 bytes).

PDF statistics: 3399 PDF objects out of 3580 (max. 8388607)
 3090 compressed objects within 31 object streams
 823 named destinations out of 1000 (max. 131072)
 3241 words of extra memory for PDF output out of 10000 (max. 100000000)

