\BOOKMARK [0][-]{chapter.1}{\376\377\000I\000n\000t\000r\000o\000d\000u\000c\000t\000i\000o\000n}{}% 1
\BOOKMARK [0][-]{chapter.2}{\376\377\000T\000i\000m\000e\000,\000\040\000I\000r\000r\000e\000v\000e\000r\000s\000i\000b\000i\000l\000i\000t\000y\000,\000\040\000a\000n\000d\000\040\000t\000h\000e\000\040\000M\000a\000t\000h\000e\000m\000a\000t\000i\000c\000s\000\040\000o\000f\000\040\000P\000e\000r\000s\000i\000s\000t\000e\000n\000c\000e}{}% 2
\BOOKMARK [0][-]{chapter.3}{\376\377\000H\000i\000s\000t\000o\000r\000i\000c\000a\000l\000\040\000P\000e\000r\000s\000i\000s\000t\000e\000n\000c\000e\000\040\000a\000n\000d\000\040\000t\000h\000e\000\040\000A\000r\000c\000h\000i\000t\000e\000c\000t\000u\000r\000e\000\040\000o\000f\000\040\000C\000o\000n\000s\000t\000r\000a\000i\000n\000t}{}% 3
\BOOKMARK [0][-]{chapter.4}{\376\377\000A\000b\000s\000t\000r\000a\000c\000t\000i\000o\000n\000,\000\040\000R\000e\000p\000r\000e\000s\000e\000n\000t\000a\000t\000i\000o\000n\000,\000\040\000a\000n\000d\000\040\000t\000h\000e\000\040\000C\000o\000s\000t\000\040\000o\000f\000\040\000F\000o\000r\000g\000e\000t\000t\000i\000n\000g}{}% 4
\BOOKMARK [0][-]{chapter.5}{\376\377\000E\000n\000e\000r\000g\000y\000,\000\040\000M\000a\000t\000e\000r\000i\000a\000l\000\040\000F\000l\000o\000w\000,\000\040\000a\000n\000d\000\040\000t\000h\000e\000\040\000G\000e\000o\000m\000e\000t\000r\000y\000\040\000o\000f\000\040\000W\000a\000s\000t\000e}{}% 5
\BOOKMARK [0][-]{chapter.6}{\376\377\000I\000n\000c\000e\000n\000t\000i\000v\000e\000s\000,\000\040\000P\000e\000r\000s\000u\000a\000s\000i\000o\000n\000,\000\040\000a\000n\000d\000\040\000S\000t\000r\000u\000c\000t\000u\000r\000a\000l\000\040\000I\000n\000c\000o\000m\000p\000a\000t\000i\000b\000i\000l\000i\000t\000y}{}% 6
\BOOKMARK [0][-]{chapter.7}{\376\377\000C\000i\000v\000i\000l\000i\000z\000a\000t\000i\000o\000n\000a\000l\000\040\000A\000d\000m\000i\000s\000s\000i\000b\000i\000l\000i\000t\000y\000\040\000a\000n\000d\000\040\000C\000o\000n\000s\000t\000r\000a\000i\000n\000t\000\040\000C\000l\000o\000s\000u\000r\000e}{}% 7
\BOOKMARK [0][-]{chapter.8}{\376\377\000S\000c\000a\000l\000e\000,\000\040\000L\000o\000c\000a\000l\000i\000t\000y\000,\000\040\000a\000n\000d\000\040\000t\000h\000e\000\040\000F\000a\000i\000l\000u\000r\000e\000\040\000o\000f\000\040\000T\000o\000p\000-\000D\000o\000w\000n\000\040\000C\000o\000n\000t\000r\000o\000l}{}% 8
\BOOKMARK [0][-]{chapter.9}{\376\377\000T\000e\000m\000p\000o\000r\000a\000l\000\040\000C\000o\000o\000r\000d\000i\000n\000a\000t\000i\000o\000n\000,\000\040\000R\000h\000y\000t\000h\000m\000,\000\040\000a\000n\000d\000\040\000P\000h\000a\000s\000e\000\040\000I\000n\000t\000e\000g\000r\000i\000t\000y}{}% 9
\BOOKMARK [0][-]{chapter.10}{\376\377\000T\000h\000e\000\040\000P\000r\000i\000n\000c\000i\000p\000l\000e\000\040\000o\000f\000\040\000S\000l\000o\000w\000\040\000I\000n\000v\000a\000r\000i\000a\000n\000t\000s}{}% 10
\BOOKMARK [0][-]{chapter.11}{\376\377\000A\000\040\000P\000r\000e\000l\000i\000m\000i\000n\000a\000r\000y\000\040\000A\000r\000c\000h\000i\000t\000e\000c\000t\000u\000r\000e\000\040\000f\000o\000r\000\040\000P\000e\000r\000s\000i\000s\000t\000e\000n\000t\000\040\000S\000y\000s\000t\000e\000m\000s}{}% 11
\BOOKMARK [0][-]{chapter.12}{\376\377\000T\000o\000w\000a\000r\000d\000\040\000a\000\040\000P\000h\000y\000s\000i\000c\000a\000l\000\040\000O\000n\000t\000o\000l\000o\000g\000y\000\040\000o\000f\000\040\000P\000e\000r\000s\000i\000s\000t\000e\000n\000c\000e}{}% 12
\BOOKMARK [0][-]{chapter.13}{\376\377\000S\000t\000a\000y\000i\000n\000g\000\040\000V\000e\000r\000s\000u\000s\000\040\000G\000o\000i\000n\000g\000:\000\040\000M\000o\000t\000i\000o\000n\000,\000\040\000T\000r\000a\000n\000s\000p\000o\000r\000t\000,\000\040\000a\000n\000d\000\040\000C\000i\000v\000i\000l\000i\000z\000a\000t\000i\000o\000n\000a\000l\000\040\000B\000i\000a\000s}{}% 13
\BOOKMARK [0][-]{chapter.14}{\376\377\000P\000r\000e\000d\000i\000c\000t\000i\000o\000n\000,\000\040\000C\000o\000m\000p\000r\000e\000h\000e\000n\000s\000i\000o\000n\000,\000\040\000a\000n\000d\000\040\000t\000h\000e\000\040\000I\000l\000l\000u\000s\000i\000o\000n\000\040\000o\000f\000\040\000C\000o\000n\000t\000r\000o\000l}{}% 14
\BOOKMARK [0][-]{chapter.15}{\376\377\000A\000c\000c\000u\000m\000u\000l\000a\000t\000i\000o\000n\000\040\000V\000e\000r\000s\000u\000s\000\040\000I\000n\000t\000e\000g\000r\000a\000t\000i\000o\000n}{}% 15
\BOOKMARK [0][-]{chapter.16}{\376\377\000F\000r\000o\000m\000\040\000P\000r\000i\000n\000c\000i\000p\000l\000e\000s\000\040\000t\000o\000\040\000F\000o\000r\000m\000a\000l\000i\000s\000m}{}% 16
\BOOKMARK [0][-]{chapter.17}{\376\377\000I\000n\000s\000t\000a\000n\000t\000i\000a\000t\000i\000o\000n\000\040\000W\000i\000t\000h\000o\000u\000t\000\040\000P\000r\000e\000m\000a\000t\000u\000r\000e\000\040\000C\000o\000m\000m\000i\000t\000m\000e\000n\000t}{}% 17
\BOOKMARK [0][-]{chapter.18}{\376\377\000A\000\040\000F\000i\000e\000l\000d\000-\000T\000h\000e\000o\000r\000e\000t\000i\000c\000\040\000L\000a\000n\000g\000u\000a\000g\000e\000\040\000f\000o\000r\000\040\000C\000a\000p\000a\000c\000i\000t\000y\000\040\000a\000n\000d\000\040\000F\000l\000o\000w}{}% 18
\BOOKMARK [0][-]{chapter.19}{\376\377\000B\000o\000u\000n\000d\000e\000d\000\040\000G\000e\000o\000m\000e\000t\000r\000y\000\040\000a\000n\000d\000\040\000t\000h\000e\000\040\000R\000e\000f\000u\000s\000a\000l\000\040\000o\000f\000\040\000E\000x\000p\000a\000n\000s\000i\000o\000n}{}% 19
\BOOKMARK [0][-]{chapter.20}{\376\377\000E\000m\000e\000r\000g\000e\000n\000t\000\040\000C\000o\000h\000e\000s\000i\000o\000n\000\040\000W\000i\000t\000h\000o\000u\000t\000\040\000C\000e\000n\000t\000r\000a\000l\000\040\000A\000u\000t\000h\000o\000r\000i\000t\000y}{}% 20
\BOOKMARK [0][-]{chapter.21}{\376\377\000C\000o\000m\000p\000u\000t\000a\000t\000i\000o\000n\000a\000l\000\040\000E\000m\000b\000o\000d\000i\000m\000e\000n\000t\000\040\000a\000n\000d\000\040\000A\000d\000m\000i\000s\000s\000i\000b\000l\000e\000\040\000I\000n\000t\000e\000r\000a\000c\000t\000i\000o\000n}{}% 21
\BOOKMARK [0][-]{chapter.22}{\376\377\000C\000o\000m\000p\000u\000t\000a\000t\000i\000o\000n\000\040\000a\000s\000\040\000C\000a\000p\000a\000c\000i\000t\000y\000-\000P\000r\000e\000s\000e\000r\000v\000i\000n\000g\000\040\000M\000e\000d\000i\000a\000t\000i\000o\000n}{}% 22
\BOOKMARK [0][-]{chapter.23}{\376\377\000H\000i\000s\000t\000o\000r\000y\000\040\000a\000s\000\040\000a\000\040\000C\000o\000m\000p\000u\000t\000a\000t\000i\000o\000n\000a\000l\000\040\000P\000r\000i\000m\000i\000t\000i\000v\000e}{}% 23
\BOOKMARK [0][-]{chapter.24}{\376\377\000C\000o\000u\000p\000l\000i\000n\000g\000\040\000C\000o\000m\000p\000u\000t\000a\000t\000i\000o\000n\000\040\000t\000o\000\040\000C\000a\000p\000a\000c\000i\000t\000y\000\040\000F\000i\000e\000l\000d\000s}{}% 24
\BOOKMARK [0][-]{chapter.25}{\376\377\000G\000a\000m\000e\000s\000,\000\040\000M\000e\000d\000i\000a\000,\000\040\000a\000n\000d\000\040\000t\000h\000e\000\040\000R\000e\000p\000r\000o\000d\000u\000c\000t\000i\000v\000e\000\040\000C\000a\000p\000a\000c\000i\000t\000y\000\040\000o\000f\000\040\000C\000i\000v\000i\000l\000i\000z\000a\000t\000i\000o\000n}{}% 25
\BOOKMARK [0][-]{chapter.26}{\376\377\000G\000o\000v\000e\000r\000n\000a\000n\000c\000e\000\040\000a\000s\000\040\000C\000u\000r\000r\000i\000c\000u\000l\000u\000m\000\040\000U\000n\000d\000e\000r\000\040\000I\000r\000r\000e\000v\000e\000r\000s\000i\000b\000l\000e\000\040\000C\000o\000m\000p\000l\000e\000x\000i\000t\000y}{}% 26
\BOOKMARK [0][-]{chapter.27}{\376\377\000D\000i\000s\000t\000r\000i\000b\000u\000t\000e\000d\000\040\000G\000o\000v\000e\000r\000n\000a\000n\000c\000e\000\040\000a\000n\000d\000\040\000t\000h\000e\000\040\000P\000r\000e\000s\000e\000r\000v\000a\000t\000i\000o\000n\000\040\000o\000f\000\040\000L\000e\000g\000i\000b\000i\000l\000i\000t\000y}{}% 27
\BOOKMARK [0][-]{chapter.28}{\376\377\000G\000o\000v\000e\000r\000n\000a\000n\000c\000e\000\040\000a\000s\000\040\000S\000i\000m\000u\000l\000a\000t\000i\000o\000n\000\040\000a\000n\000d\000\040\000E\000c\000o\000l\000o\000g\000i\000c\000a\000l\000\040\000F\000o\000r\000e\000s\000i\000g\000h\000t}{}% 28
\BOOKMARK [0][-]{chapter.29}{\376\377\000I\000n\000f\000r\000a\000s\000t\000r\000u\000c\000t\000u\000r\000e\000\040\000a\000s\000\040\000S\000l\000o\000w\000\040\000S\000i\000m\000u\000l\000a\000t\000i\000o\000n}{}% 29
\BOOKMARK [0][-]{chapter.30}{\376\377\000C\000i\000t\000i\000e\000s\000\040\000a\000s\000\040\000C\000o\000n\000t\000i\000n\000u\000o\000u\000s\000\040\000C\000i\000v\000i\000l\000i\000z\000a\000t\000i\000o\000n\000a\000l\000\040\000S\000i\000m\000u\000l\000a\000t\000i\000o\000n\000s}{}% 30
\BOOKMARK [0][-]{chapter.31}{\376\377\000P\000l\000a\000n\000e\000t\000a\000r\000y\000\040\000C\000o\000o\000r\000d\000i\000n\000a\000t\000i\000o\000n\000\040\000a\000s\000\040\000C\000u\000r\000r\000i\000c\000u\000l\000u\000m}{}% 31
\BOOKMARK [0][-]{chapter.32}{\376\377\000D\000e\000e\000p\000\040\000T\000i\000m\000e\000\040\000a\000n\000d\000\040\000I\000n\000t\000e\000r\000g\000e\000n\000e\000r\000a\000t\000i\000o\000n\000a\000l\000\040\000L\000e\000g\000i\000b\000i\000l\000i\000t\000y}{}% 32
\BOOKMARK [0][-]{chapter.33}{\376\377\000T\000r\000a\000j\000e\000c\000t\000o\000r\000y\000,\000\040\000S\000u\000b\000s\000t\000i\000t\000u\000t\000i\000o\000n\000,\000\040\000a\000n\000d\000\040\000t\000h\000e\000\040\000R\000e\000f\000u\000s\000a\000l\000\040\000o\000f\000\040\000A\000b\000r\000u\000p\000t\000n\000e\000s\000s}{}% 33
\BOOKMARK [0][-]{chapter.34}{\376\377\000S\000y\000n\000t\000h\000e\000s\000i\000s\000:\000\040\000B\000o\000o\000t\000s\000t\000r\000a\000p\000p\000i\000n\000g\000\040\000U\000t\000o\000p\000i\000a\000\040\000a\000s\000\040\000D\000i\000r\000e\000c\000t\000i\000o\000n\000a\000l\000\040\000S\000c\000a\000f\000f\000o\000l\000d}{}% 34
\BOOKMARK [0][-]{appendix.A}{\376\377\000C\000a\000p\000a\000c\000i\000t\000y\000\040\000F\000i\000e\000l\000d\000s\000\040\000a\000n\000d\000\040\000I\000r\000r\000e\000v\000e\000r\000s\000i\000b\000l\000e\000\040\000A\000c\000c\000o\000u\000n\000t\000i\000n\000g}{}% 35
\BOOKMARK [0][-]{appendix.B}{\376\377\000E\000m\000e\000r\000g\000e\000n\000t\000\040\000F\000l\000o\000w\000\040\000a\000n\000d\000\040\000G\000r\000a\000d\000i\000e\000n\000t\000\040\000D\000y\000n\000a\000m\000i\000c\000s}{}% 36
\BOOKMARK [0][-]{appendix.C}{\376\377\000H\000i\000s\000t\000o\000r\000y\000-\000N\000a\000t\000i\000v\000e\000\040\000C\000o\000m\000p\000u\000t\000a\000t\000i\000o\000n}{}% 37
\BOOKMARK [0][-]{appendix.D}{\376\377\000B\000r\000a\000n\000c\000h\000i\000n\000g\000\040\000a\000n\000d\000\040\000V\000i\000a\000b\000i\000l\000i\000t\000y\000\040\000K\000e\000r\000n\000e\000l\000s}{}% 38
\BOOKMARK [0][-]{appendix.E}{\376\377\000G\000o\000v\000e\000r\000n\000a\000n\000c\000e\000\040\000a\000s\000\040\000C\000u\000r\000r\000i\000c\000u\000l\000u\000m\000\040\000C\000o\000n\000s\000t\000r\000a\000i\000n\000t}{}% 39
\BOOKMARK [0][-]{appendix.F}{\376\377\000S\000i\000m\000u\000l\000a\000t\000i\000o\000n\000-\000t\000o\000-\000I\000n\000s\000t\000a\000n\000t\000i\000a\000t\000i\000o\000n\000\040\000M\000a\000p\000p\000i\000n\000g}{}% 40
\BOOKMARK [0][-]{appendix.G}{\376\377\000S\000u\000b\000s\000t\000i\000t\000u\000t\000i\000o\000n\000\040\000T\000r\000a\000j\000e\000c\000t\000o\000r\000i\000e\000s}{}% 41
\BOOKMARK [0][-]{appendix.H}{\376\377\000D\000e\000e\000p\000-\000T\000i\000m\000e\000\040\000L\000e\000g\000i\000b\000i\000l\000i\000t\000y}{}% 42
\BOOKMARK [0][-]{appendix.I}{\376\377\000T\000h\000e\000r\000m\000o\000d\000y\000n\000a\000m\000i\000c\000\040\000A\000l\000i\000g\000n\000m\000e\000n\000t\000\040\000o\000f\000\040\000C\000o\000m\000p\000u\000t\000a\000t\000i\000o\000n}{}% 43
\BOOKMARK [0][-]{appendix.J}{\376\377\000M\000o\000t\000i\000v\000e\000\040\000S\000y\000s\000t\000e\000m\000s\000\040\000a\000n\000d\000\040\000C\000o\000n\000t\000e\000x\000t\000u\000a\000l\000\040\000E\000f\000f\000i\000c\000i\000e\000n\000c\000y}{}% 44
\BOOKMARK [0][-]{appendix.K}{\376\377\000N\000u\000t\000r\000i\000t\000i\000o\000n\000a\000l\000\040\000S\000u\000b\000s\000t\000i\000t\000u\000t\000i\000o\000n\000\040\000D\000y\000n\000a\000m\000i\000c\000s}{}% 45
\BOOKMARK [0][-]{appendix.L}{\376\377\000C\000i\000t\000y\000\040\000N\000e\000t\000w\000o\000r\000k\000s\000\040\000a\000s\000\040\000C\000o\000m\000p\000o\000s\000a\000b\000l\000e\000\040\000G\000r\000a\000p\000h\000s}{}% 46
\BOOKMARK [0][-]{appendix.M}{\376\377\000P\000l\000a\000n\000e\000t\000a\000r\000y\000\040\000I\000n\000v\000a\000r\000i\000a\000n\000t\000\040\000C\000o\000n\000s\000t\000r\000a\000i\000n\000t\000s}{}% 47
\BOOKMARK [0][-]{appendix.N}{\376\377\000I\000n\000t\000e\000r\000g\000e\000n\000e\000r\000a\000t\000i\000o\000n\000a\000l\000\040\000C\000o\000a\000r\000s\000e\000-\000G\000r\000a\000i\000n\000i\000n\000g\000\040\000S\000t\000a\000b\000i\000l\000i\000t\000y}{}% 48
\BOOKMARK [0][-]{appendix.O}{\376\377\000T\000e\000r\000m\000i\000n\000a\000t\000i\000o\000n\000\040\000C\000r\000i\000t\000e\000r\000i\000o\000n}{}% 49
\BOOKMARK [0][-]{appendix.P}{\376\377\000E\000n\000e\000r\000g\000y\000\040\000G\000r\000a\000d\000i\000e\000n\000t\000\040\000A\000r\000c\000h\000i\000t\000e\000c\000t\000u\000r\000e\000s}{}% 50
\BOOKMARK [0][-]{appendix.Q}{\376\377\000G\000e\000o\000t\000h\000e\000r\000m\000a\000l\000\040\000a\000n\000d\000\040\000G\000r\000a\000v\000i\000t\000a\000t\000i\000o\000n\000a\000l\000\040\000S\000t\000o\000r\000a\000g\000e}{}% 51
\BOOKMARK [0][-]{appendix.R}{\376\377\000L\000o\000w\000-\000A\000c\000c\000e\000l\000e\000r\000a\000t\000i\000o\000n\000\040\000M\000a\000s\000s\000\040\000T\000r\000a\000n\000s\000p\000o\000r\000t}{}% 52
\BOOKMARK [0][-]{appendix.S}{\376\377\000H\000y\000d\000r\000o\000s\000p\000h\000e\000r\000i\000c\000\040\000R\000e\000d\000i\000s\000t\000r\000i\000b\000u\000t\000i\000o\000n\000\040\000C\000o\000n\000s\000t\000r\000a\000i\000n\000t\000s}{}% 53
\BOOKMARK [0][-]{appendix.T}{\376\377\000E\000c\000o\000l\000o\000g\000i\000c\000a\000l\000\040\000R\000e\000g\000e\000n\000e\000r\000a\000t\000i\000o\000n\000\040\000C\000o\000u\000p\000l\000i\000n\000g}{}% 54
\BOOKMARK [0][-]{appendix.U}{\376\377\000U\000r\000b\000a\000n\000\040\000G\000r\000o\000w\000t\000h\000\040\000B\000o\000u\000n\000d\000s}{}% 55
\BOOKMARK [0][-]{appendix.V}{\376\377\000I\000n\000f\000o\000r\000m\000a\000t\000i\000o\000n\000\040\000T\000h\000r\000o\000u\000g\000h\000p\000u\000t\000\040\000L\000i\000m\000i\000t\000s}{}% 56
\BOOKMARK [0][-]{appendix.W}{\376\377\000A\000d\000m\000i\000s\000s\000i\000b\000l\000e\000\040\000I\000n\000n\000o\000v\000a\000t\000i\000o\000n\000\040\000R\000a\000t\000e}{}% 57
\BOOKMARK [0][-]{appendix.X}{\376\377\000T\000e\000r\000m\000i\000n\000a\000l\000\040\000C\000l\000o\000s\000u\000r\000e}{}% 58
\BOOKMARK [0][-]{appendix.Y}{\376\377\000V\000a\000r\000i\000a\000t\000i\000o\000n\000a\000l\000\040\000F\000o\000r\000m\000u\000l\000a\000t\000i\000o\000n\000\040\000o\000f\000\040\000C\000a\000p\000a\000c\000i\000t\000y\000\040\000D\000y\000n\000a\000m\000i\000c\000s}{}% 59
\BOOKMARK [0][-]{appendix.Z}{\376\377\000C\000a\000t\000e\000g\000o\000r\000y\000-\000T\000h\000e\000o\000r\000e\000t\000i\000c\000\040\000S\000t\000r\000u\000c\000t\000u\000r\000e\000\040\000o\000f\000\040\000H\000i\000s\000t\000o\000r\000i\000e\000s}{}% 60
\BOOKMARK [0][-]{appendix.Alph27}{\376\377\000M\000o\000n\000o\000i\000d\000a\000l\000\040\000S\000t\000r\000u\000c\000t\000u\000r\000e\000\040\000a\000n\000d\000\040\000P\000a\000r\000a\000l\000l\000e\000l\000i\000s\000m}{}% 61
\BOOKMARK [0][-]{appendix.Alph28}{\376\377\000F\000u\000n\000c\000t\000o\000r\000i\000a\000l\000\040\000S\000i\000m\000u\000l\000a\000t\000i\000o\000n\000\040\000M\000a\000p\000p\000i\000n\000g}{}% 62
\BOOKMARK [0][-]{appendix.Alph29}{\376\377\000G\000o\000v\000e\000r\000n\000a\000n\000c\000e\000\040\000O\000p\000e\000r\000a\000t\000o\000r\000s\000\040\000a\000s\000\040\000E\000n\000d\000o\000f\000u\000n\000c\000t\000o\000r\000s}{}% 63
\BOOKMARK [0][-]{appendix.Alph30}{\376\377\000S\000t\000a\000b\000i\000l\000i\000t\000y\000\040\000U\000n\000d\000e\000r\000\040\000I\000t\000e\000r\000a\000t\000e\000d\000\040\000C\000o\000m\000p\000o\000s\000i\000t\000i\000o\000n}{}% 64
\BOOKMARK [0][-]{appendix.Alph31}{\376\377\000L\000e\000a\000r\000n\000i\000n\000g\000\040\000R\000a\000t\000e\000\040\000C\000o\000n\000s\000t\000r\000a\000i\000n\000t\000s}{}% 65
\BOOKMARK [0][-]{appendix.Alph32}{\376\377\000P\000a\000n\000o\000p\000t\000i\000c\000o\000n\000\040\000L\000i\000m\000i\000t}{}% 66
\BOOKMARK [0][-]{appendix.Alph33}{\376\377\000A\000s\000y\000m\000p\000t\000o\000t\000i\000c\000\040\000R\000e\000p\000l\000a\000c\000e\000m\000e\000n\000t\000\040\000T\000h\000e\000o\000r\000e\000m}{}% 67
\BOOKMARK [0][-]{appendix.Alph34}{\376\377\000E\000x\000i\000s\000t\000e\000n\000c\000e\000\040\000o\000f\000\040\000I\000n\000f\000i\000n\000i\000t\000e\000\040\000A\000d\000m\000i\000s\000s\000i\000b\000l\000e\000\040\000H\000i\000s\000t\000o\000r\000i\000e\000s}{}% 68
