This is LuaHBTeX, Version 1.22.0 (TeX Live 2025)  (format=lualatex 2025.9.22)  20 JAN 2026 18:46
 restricted system commands enabled.
**"Bootstrapping Utopia.tex"
("./Bootstrapping Utopia.tex"
LaTeX2e <2025-06-01> patch level 1
L3 programming layer <2025-09-02>
Lua module: luaotfload 2024-12-03 v3.29 Lua based OpenType font support
Lua module: lualibs 2023-07-13 v2.76 ConTeXt Lua standard libraries.
Lua module: lualibs-extended 2023-07-13 v2.76 ConTeXt Lua libraries -- extended 
collection.
luaotfload | conf : Root cache directory is "/home/bonobo/.texlive2025/texmf-var
/luatex-cache/generic/names".
luaotfload | init : Loading fontloader "fontloader-2023-12-28.lua" from kpse-res
olved path "/usr/local/texlive/2025/texmf-dist/tex/luatex/luaotfload/fontloader-
2023-12-28.lua".
Lua-only attribute luaotfload@noligature = 1
luaotfload | init : Context OpenType loader version 3.134
Inserting `luaotfload.node_processor' in `pre_linebreak_filter'.
Inserting `luaotfload.node_processor' in `hpack_filter'.
Inserting `luaotfload.glyph_stream' in `glyph_stream_provider'.
Inserting `luaotfload.define_font' in `define_font'.
Lua-only attribute luaotfload_color_attribute = 2
luaotfload | conf : Root cache directory is "/home/bonobo/.texlive2025/texmf-var
/luatex-cache/generic/names".
Inserting `luaotfload.harf.strip_prefix' in `find_opentype_file'.
Inserting `luaotfload.harf.strip_prefix' in `find_truetype_file'.
Removing  `luaotfload.glyph_stream' from `glyph_stream_provider'.
Inserting `luaotfload.harf.glyphstream' in `glyph_stream_provider'.
Inserting `luaotfload.harf.finalize_vlist' in `post_linebreak_filter'.
Inserting `luaotfload.harf.finalize_hlist' in `hpack_filter'.
Inserting `luaotfload.cleanup_files' in `wrapup_run'.
Inserting `luaotfload.harf.finalize_unicode' in `finish_pdffile'.
Inserting `luaotfload.glyphinfo' in `glyph_info'.
Lua-only attribute luaotfload.letterspace_done = 3
Inserting `luaotfload.aux.set_sscale_dimens' in `luaotfload.patch_font'.
Inserting `luaotfload.aux.set_font_index' in `luaotfload.patch_font'.
Inserting `luaotfload.aux.patch_cambria_domh' in `luaotfload.patch_font'.
Inserting `luaotfload.aux.fixup_fontdata' in `luaotfload.patch_font_unsafe'.
Inserting `luaotfload.aux.set_capheight' in `luaotfload.patch_font'.
Inserting `luaotfload.aux.set_xheight' in `luaotfload.patch_font'.
Inserting `luaotfload.rewrite_fontname' in `luaotfload.patch_font'.
Inserting `tracingstacklevels' in `input_level_string'. (/usr/local/texlive/202
5/texmf-dist/tex/latex/base/book.cls
Document Class: book 2025/01/22 v1.4n Standard LaTeX document class
(/usr/local/texlive/2025/texmf-dist/tex/latex/base/bk12.clo
File: bk12.clo 2025/01/22 v1.4n Standard LaTeX file (size option)
luaotfload | db : Font names database loaded from /home/bonobo/.texlive2025/texm
f-var/luatex-cache/generic/names/luaotfload-names.luc.gz)
\c@part=\count273
\c@chapter=\count274
\c@section=\count275
\c@subsection=\count276
\c@subsubsection=\count277
\c@paragraph=\count278
\c@subparagraph=\count279
\c@figure=\count280
\c@table=\count281
\abovecaptionskip=\skip49
\belowcaptionskip=\skip50
\bibindent=\dimen147
)
(/usr/local/texlive/2025/texmf-dist/tex/latex/fontspec/fontspec.sty
(/usr/local/texlive/2025/texmf-dist/tex/latex/l3packages/xparse/xparse.sty
(/usr/local/texlive/2025/texmf-dist/tex/latex/l3kernel/expl3.sty
Package: expl3 2025-09-02 L3 programming layer (loader) 

(/usr/local/texlive/2025/texmf-dist/tex/latex/l3backend/l3backend-luatex.def
File: l3backend-luatex.def 2025-06-09 L3 backend support: PDF output (LuaTeX)
\l__color_backend_stack_int=\count282
Inserting `l3color' in `luaotfload.parse_color'.))
Package: xparse 2024-08-16 L3 Experimental document command parser
)
Package: fontspec 2024/05/11 v2.9e Font selection for XeLaTeX and LuaLaTeX
Lua module: fontspec 2024/05/11 v2.9e Font selection for XeLaTeX and LuaLaTeX (/usr/local/texlive/2025/texmf-dist/tex/latex/fontspec/fontspec-luatex.sty
Package: fontspec-luatex 2024/05/11 v2.9e Font selection for XeLaTeX and LuaLaT
eX
\l__fontspec_script_int=\count283
\l__fontspec_language_int=\count284
\l__fontspec_strnum_int=\count285
\l__fontspec_tmp_int=\count286
\l__fontspec_tmpa_int=\count287
\l__fontspec_tmpb_int=\count288
\l__fontspec_tmpc_int=\count289
\l__fontspec_em_int=\count290
\l__fontspec_emdef_int=\count291
\l__fontspec_strong_int=\count292
\l__fontspec_strongdef_int=\count293
\l__fontspec_tmpa_dim=\dimen148
\l__fontspec_tmpb_dim=\dimen149
\l__fontspec_tmpc_dim=\dimen150

(/usr/local/texlive/2025/texmf-dist/tex/latex/base/fontenc.sty
Package: fontenc 2024/12/21 v2.1c Standard LaTeX package
)
(/usr/local/texlive/2025/texmf-dist/tex/latex/fontspec/fontspec.cfg)))
(/usr/local/texlive/2025/texmf-dist/tex/latex/geometry/geometry.sty
Package: geometry 2020/01/02 v5.9 Page Geometry

(/usr/local/texlive/2025/texmf-dist/tex/latex/graphics/keyval.sty
Package: keyval 2022/05/29 v1.15 key=value parser (DPC)
\KV@toks@=\toks17
)
(/usr/local/texlive/2025/texmf-dist/tex/generic/iftex/ifvtex.sty
Package: ifvtex 2019/10/25 v1.7 ifvtex legacy package. Use iftex instead.

(/usr/local/texlive/2025/texmf-dist/tex/generic/iftex/iftex.sty
Package: iftex 2024/12/12 v1.0g TeX engine tests
))
\Gm@cnth=\count294
\Gm@cntv=\count295
\c@Gm@tempcnt=\count296
\Gm@bindingoffset=\dimen151
\Gm@wd@mp=\dimen152
\Gm@odd@mp=\dimen153
\Gm@even@mp=\dimen154
\Gm@layoutwidth=\dimen155
\Gm@layoutheight=\dimen156
\Gm@layouthoffset=\dimen157
\Gm@layoutvoffset=\dimen158
\Gm@dimlist=\toks18
)
(/usr/local/texlive/2025/texmf-dist/tex/latex/setspace/setspace.sty
Package: setspace 2022/12/04 v6.7b set line spacing
)
(/usr/local/texlive/2025/texmf-dist/tex/latex/microtype/microtype.sty
Package: microtype 2025/07/09 v3.2b Micro-typographical refinements (RS)

(/usr/local/texlive/2025/texmf-dist/tex/latex/etoolbox/etoolbox.sty
Package: etoolbox 2025/02/11 v2.5l e-TeX tools for LaTeX (JAW)
\etb@tempcnta=\count297
)
\MT@toks=\toks19
\MT@tempbox=\box53
\MT@count=\count298
LaTeX Info: Redefining \noprotrusionifhmode on input line 1087.
LaTeX Info: Redefining \leftprotrusion on input line 1088.
\MT@prot@toks=\toks20
LaTeX Info: Redefining \rightprotrusion on input line 1107.
LaTeX Info: Redefining \textls on input line 1449.
\MT@outer@kern=\dimen159
LaTeX Info: Redefining \microtypecontext on input line 2053.
LaTeX Info: Redefining \textmicrotypecontext on input line 2070.
\MT@listname@count=\count299

(/usr/local/texlive/2025/texmf-dist/tex/latex/microtype/microtype-luatex.def
File: microtype-luatex.def 2025/07/09 v3.2b Definitions specific to luatex (RS)

Lua module: microtype 2025/07/09 v3.2b microtype module.
Module microtype Info: overwriting function `keepligature' on input line 63
LaTeX Info: Redefining \lsstyle on input line 779.
LaTeX Info: Redefining \lslig on input line 779.
\MT@outer@space=\skip51
)
Package microtype Info: Loading configuration file microtype.cfg.

(/usr/local/texlive/2025/texmf-dist/tex/latex/microtype/microtype.cfg
File: microtype.cfg 2025/07/09 v3.2b microtype main configuration file (RS)
)
LaTeX Info: Redefining \microtypesetup on input line 3065.
)
(/usr/local/texlive/2025/texmf-dist/tex/latex/amsmath/amsmath.sty
Package: amsmath 2025/06/16 v2.17y AMS math features
\@mathmargin=\skip52

For additional information on amsmath, use the `?' option.
(/usr/local/texlive/2025/texmf-dist/tex/latex/amsmath/amstext.sty
Package: amstext 2024/11/17 v2.01 AMS text

(/usr/local/texlive/2025/texmf-dist/tex/latex/amsmath/amsgen.sty
File: amsgen.sty 1999/11/30 v2.0 generic functions
\@emptytoks=\toks21
\ex@=\dimen160
))
(/usr/local/texlive/2025/texmf-dist/tex/latex/amsmath/amsbsy.sty
Package: amsbsy 1999/11/29 v1.2d Bold Symbols
\pmbraise@=\dimen161
)
(/usr/local/texlive/2025/texmf-dist/tex/latex/amsmath/amsopn.sty
Package: amsopn 2022/04/08 v2.04 operator names
)
\inf@bad=\count300
LaTeX Info: Redefining \frac on input line 235.
\uproot@=\count301
\leftroot@=\count302
LaTeX Info: Redefining \overline on input line 398.
LaTeX Info: Redefining \colon on input line 409.
\classnum@=\count303
\DOTSCASE@=\count304
LaTeX Info: Redefining \ldots on input line 495.
LaTeX Info: Redefining \dots on input line 498.
LaTeX Info: Redefining \cdots on input line 619.
\Mathstrutbox@=\box54
\strutbox@=\box55
LaTeX Info: Redefining \big on input line 721.
LaTeX Info: Redefining \Big on input line 722.
LaTeX Info: Redefining \bigg on input line 723.
LaTeX Info: Redefining \Bigg on input line 724.
\big@size=\dimen162
LaTeX Font Info:    Redeclaring font encoding OML on input line 742.
LaTeX Font Info:    Redeclaring font encoding OMS on input line 743.
\macc@depth=\count305
LaTeX Info: Redefining \bmod on input line 904.
LaTeX Info: Redefining \pmod on input line 909.
LaTeX Info: Redefining \smash on input line 939.
LaTeX Info: Redefining \relbar on input line 969.
LaTeX Info: Redefining \Relbar on input line 970.
\c@MaxMatrixCols=\count306
\dotsspace@=\muskip17
\c@parentequation=\count307
\dspbrk@lvl=\count308
\tag@help=\toks22
\row@=\count309
\column@=\count310
\maxfields@=\count311
\andhelp@=\toks23
\eqnshift@=\dimen163
\alignsep@=\dimen164
\tagshift@=\dimen165
\tagwidth@=\dimen166
\totwidth@=\dimen167
\lineht@=\dimen168
\@envbody=\toks24
\multlinegap=\skip53
\multlinetaggap=\skip54
\mathdisplay@stack=\toks25
LaTeX Info: Redefining \[ on input line 2949.
LaTeX Info: Redefining \] on input line 2950.
)
(/usr/local/texlive/2025/texmf-dist/tex/latex/amsfonts/amssymb.sty
Package: amssymb 2013/01/14 v3.01 AMS font symbols

(/usr/local/texlive/2025/texmf-dist/tex/latex/amsfonts/amsfonts.sty
Package: amsfonts 2013/01/14 v3.01 Basic AMSFonts support
\symAMSa=\mathgroup4
\symAMSb=\mathgroup5
LaTeX Font Info:    Redeclaring math symbol \hbar on input line 98.
LaTeX Font Info:    Overwriting math alphabet `\mathfrak' in version `bold'
(Font)                  U/euf/m/n --> U/euf/b/n on input line 106.
))
(/usr/local/texlive/2025/texmf-dist/tex/latex/mathtools/mathtools.sty
Package: mathtools 2024/10/04 v1.31 mathematical typesetting tools

(/usr/local/texlive/2025/texmf-dist/tex/latex/tools/calc.sty
Package: calc 2025/03/01 v4.3b Infix arithmetic (KKT,FJ)
\calc@Acount=\count312
\calc@Bcount=\count313
\calc@Adimen=\dimen169
\calc@Bdimen=\dimen170
\calc@Askip=\skip55
\calc@Bskip=\skip56
LaTeX Info: Redefining \setlength on input line 86.
LaTeX Info: Redefining \addtolength on input line 87.
\calc@Ccount=\count314
\calc@Cskip=\skip57
)
(/usr/local/texlive/2025/texmf-dist/tex/latex/mathtools/mhsetup.sty
Package: mhsetup 2021/03/18 v1.4 programming setup (MH)
)
\g_MT_multlinerow_int=\count315
\l_MT_multwidth_dim=\dimen171
\origjot=\skip58
\l_MT_shortvdotswithinadjustabove_dim=\dimen172
\l_MT_shortvdotswithinadjustbelow_dim=\dimen173
\l_MT_above_intertext_sep=\dimen174
\l_MT_below_intertext_sep=\dimen175
\l_MT_above_shortintertext_sep=\dimen176
\l_MT_below_shortintertext_sep=\dimen177
\xmathstrut@box=\box56
\xmathstrut@dim=\dimen178
)
(/usr/local/texlive/2025/texmf-dist/tex/latex/physics/physics.sty
Package: physics 
)
(/usr/local/texlive/2025/texmf-dist/tex/latex/hyperref/hyperref.sty
Package: hyperref 2025-07-12 v7.01o Hypertext links for LaTeX

(/usr/local/texlive/2025/texmf-dist/tex/latex/kvsetkeys/kvsetkeys.sty
Package: kvsetkeys 2022-10-05 v1.19 Key value parser (HO)
)
(/usr/local/texlive/2025/texmf-dist/tex/generic/kvdefinekeys/kvdefinekeys.sty
Package: kvdefinekeys 2019-12-19 v1.6 Define keys (HO)
)
(/usr/local/texlive/2025/texmf-dist/tex/generic/pdfescape/pdfescape.sty
Package: pdfescape 2019/12/09 v1.15 Implements pdfTeX's escape features (HO)

(/usr/local/texlive/2025/texmf-dist/tex/generic/ltxcmds/ltxcmds.sty
Package: ltxcmds 2023-12-04 v1.26 LaTeX kernel commands for general use (HO)
)
(/usr/local/texlive/2025/texmf-dist/tex/generic/pdftexcmds/pdftexcmds.sty
Package: pdftexcmds 2020-06-27 v0.33 Utility functions of pdfTeX for LuaTeX (HO
)

(/usr/local/texlive/2025/texmf-dist/tex/generic/infwarerr/infwarerr.sty
Package: infwarerr 2019/12/03 v1.5 Providing info/warning/error messages (HO)
)
Package pdftexcmds Info: \pdf@primitive is available.
Package pdftexcmds Info: \pdf@ifprimitive is available.
Package pdftexcmds Info: \pdfdraftmode found.
\pdftexcmds@toks=\toks26
))
(/usr/local/texlive/2025/texmf-dist/tex/latex/hycolor/hycolor.sty
Package: hycolor 2020-01-27 v1.10 Color options for hyperref/bookmark (HO)
)
(/usr/local/texlive/2025/texmf-dist/tex/latex/hyperref/nameref.sty
Package: nameref 2025-06-21 v2.57 Cross-referencing by name of section

(/usr/local/texlive/2025/texmf-dist/tex/latex/refcount/refcount.sty
Package: refcount 2019/12/15 v3.6 Data extraction from label references (HO)
)
(/usr/local/texlive/2025/texmf-dist/tex/generic/gettitlestring/gettitlestring.s
ty
Package: gettitlestring 2019/12/15 v1.6 Cleanup title references (HO)
 (/usr/local/texlive/2025/texmf-dist/tex/latex/kvoptions/kvoptions.sty
Package: kvoptions 2022-06-15 v3.15 Key value format for package options (HO)
))
\c@section@level=\count316
)
(/usr/local/texlive/2025/texmf-dist/tex/generic/stringenc/stringenc.sty
Package: stringenc 2019/11/29 v1.12 Convert strings between diff. encodings (HO
)
)
\@linkdim=\dimen179
\Hy@linkcounter=\count317
\Hy@pagecounter=\count318

(/usr/local/texlive/2025/texmf-dist/tex/latex/hyperref/pd1enc.def
File: pd1enc.def 2025-07-12 v7.01o Hyperref: PDFDocEncoding definition (HO)
)
(/usr/local/texlive/2025/texmf-dist/tex/generic/intcalc/intcalc.sty
Package: intcalc 2019/12/15 v1.3 Expandable calculations with integers (HO)
)
\Hy@SavedSpaceFactor=\count319

(/usr/local/texlive/2025/texmf-dist/tex/latex/hyperref/puenc.def
File: puenc.def 2025-07-12 v7.01o Hyperref: PDF Unicode definition (HO)
)
Package hyperref Info: Hyper figures OFF on input line 4195.
Package hyperref Info: Link nesting OFF on input line 4200.
Package hyperref Info: Hyper index ON on input line 4203.
Package hyperref Info: Plain pages OFF on input line 4210.
Package hyperref Info: Backreferencing OFF on input line 4215.
Package hyperref Info: Implicit mode ON; LaTeX internals redefined.
Package hyperref Info: Bookmarks ON on input line 4462.
\c@Hy@tempcnt=\count320

(/usr/local/texlive/2025/texmf-dist/tex/latex/url/url.sty
\Urlmuskip=\muskip18
Package: url 2013/09/16  ver 3.4  Verb mode for urls, etc.
)
LaTeX Info: Redefining \url on input line 4801.
\XeTeXLinkMargin=\dimen180

(/usr/local/texlive/2025/texmf-dist/tex/generic/bitset/bitset.sty
Package: bitset 2019/12/09 v1.3 Handle bit-vector datatype (HO)

(/usr/local/texlive/2025/texmf-dist/tex/generic/bigintcalc/bigintcalc.sty
Package: bigintcalc 2019/12/15 v1.5 Expandable calculations on big integers (HO
)
))
\Fld@menulength=\count321
\Field@Width=\dimen181
\Fld@charsize=\dimen182
Package hyperref Info: Hyper figures OFF on input line 6078.
Package hyperref Info: Link nesting OFF on input line 6083.
Package hyperref Info: Hyper index ON on input line 6086.
Package hyperref Info: backreferencing OFF on input line 6093.
Package hyperref Info: Link coloring OFF on input line 6098.
Package hyperref Info: Link coloring with OCG OFF on input line 6103.
Package hyperref Info: PDF/A mode OFF on input line 6108.
\Hy@abspage=\count322
\c@Item=\count323
\c@Hfootnote=\count324
)
Package hyperref Info: Driver (autodetected): hluatex.

(/usr/local/texlive/2025/texmf-dist/tex/latex/hyperref/hluatex.def
File: hluatex.def 2025-07-12 v7.01o Hyperref driver for luaTeX
\Fld@listcount=\count325
\c@bookmark@seq@number=\count326

(/usr/local/texlive/2025/texmf-dist/tex/latex/rerunfilecheck/rerunfilecheck.sty
Package: rerunfilecheck 2025-06-21 v1.11 Rerun checks for auxiliary files (HO)

(/usr/local/texlive/2025/texmf-dist/tex/generic/uniquecounter/uniquecounter.sty
Package: uniquecounter 2019/12/15 v1.4 Provide unlimited unique counter (HO)
)
Package uniquecounter Info: New unique counter `rerunfilecheck' on input line 2
84.
)
\Hy@SectionHShift=\skip59
) (/usr/local/texlive/2025/texmf-dist/tex/latex/cleveref/cleveref.sty
Package: cleveref 2018/03/27 v0.21.4 Intelligent cross-referencing
Package cleveref Info: `hyperref' support loaded on input line 2370.
LaTeX Info: Redefining \cref on input line 2370.
LaTeX Info: Redefining \Cref on input line 2370.
LaTeX Info: Redefining \crefrange on input line 2370.
LaTeX Info: Redefining \Crefrange on input line 2370.
LaTeX Info: Redefining \cpageref on input line 2370.
LaTeX Info: Redefining \Cpageref on input line 2370.
LaTeX Info: Redefining \cpagerefrange on input line 2370.
LaTeX Info: Redefining \Cpagerefrange on input line 2370.
LaTeX Info: Redefining \labelcref on input line 2370.
LaTeX Info: Redefining \labelcpageref on input line 2370.
)
==> First Aid for cleveref.sty applied!
(/usr/local/texlive/2025/texmf-dist/tex/latex/graphics/graphicx.sty
Package: graphicx 2024/12/31 v1.2e Enhanced LaTeX Graphics (DPC,SPQR)

(/usr/local/texlive/2025/texmf-dist/tex/latex/graphics/graphics.sty
Package: graphics 2024/08/06 v1.4g Standard LaTeX Graphics (DPC,SPQR)

(/usr/local/texlive/2025/texmf-dist/tex/latex/graphics/trig.sty
Package: trig 2023/12/02 v1.11 sin cos tan (DPC)
)
(/usr/local/texlive/2025/texmf-dist/tex/latex/graphics-cfg/graphics.cfg
File: graphics.cfg 2016/06/04 v1.11 sample graphics configuration
)
Package graphics Info: Driver file: luatex.def on input line 106.

(/usr/local/texlive/2025/texmf-dist/tex/latex/graphics-def/luatex.def
File: luatex.def 2024/04/13 v1.2e Graphics/color driver for luatex
))
\Gin@req@height=\dimen183
\Gin@req@width=\dimen184
)
(/usr/local/texlive/2025/texmf-dist/tex/latex/tools/longtable.sty
Package: longtable 2024-12-18 v4.23 Multi-page Table package (DPC)
\LTleft=\skip60
\LTright=\skip61
\LTpre=\skip62
\LTpost=\skip63
\LTchunksize=\count327
\LTcapwidth=\dimen185
\LT@head=\box57
\LT@firsthead=\box58
\LT@foot=\box59
\LT@lastfoot=\box60
\LT@gbox=\box61
\LT@cols=\count328
\LT@rows=\count329
\c@LT@tables=\count330
\c@LT@chunks=\count331
\LT@p@ftn=\toks27
)
(/usr/local/texlive/2025/texmf-dist/tex/latex/csquotes/csquotes.sty
Package: csquotes 2024-04-04 v5.2o context-sensitive quotations (JAW)
\csq@reset=\count332
\csq@gtype=\count333
\csq@glevel=\count334
\csq@qlevel=\count335
\csq@maxlvl=\count336
\csq@tshold=\count337
\csq@ltx@everypar=\toks28

(/usr/local/texlive/2025/texmf-dist/tex/latex/csquotes/csquotes.def
File: csquotes.def 2024-04-04 v5.2o csquotes generic definitions (JAW)
)
Package csquotes Info: Trying to load configuration file 'csquotes.cfg'...
Package csquotes Info: ... configuration file loaded successfully.

(/usr/local/texlive/2025/texmf-dist/tex/latex/csquotes/csquotes.cfg
File: csquotes.cfg 
))
luaotfload | cache : Lookup cache loaded from /home/bonobo/.texlive2025/texmf-va
r/luatex-cache/generic/names/luaotfload-lookup-cache.luc.

Package fontspec Info: 
(fontspec)             Font family 'LatinModernRoman(0)' created for font
(fontspec)             'Latin Modern Roman' with options
(fontspec)             [Ligatures=TeX,Ligatures=TeX].
(fontspec)              
(fontspec)              This font family consists of the following NFSS
(fontspec)             series/shapes:
(fontspec)              
(fontspec)             - 'normal' (m/n) with NFSS spec.: <->"name:Latin Modern
(fontspec)             Roman:mode=node;script=latn;language=dflt;+tlig;"
(fontspec)             - 'bold' (b/n) with NFSS spec.: <->"name:Latin Modern
(fontspec)             Roman/B:mode=node;script=latn;language=dflt;+tlig;"
(fontspec)             - 'italic' (m/it) with NFSS spec.: <->"name:Latin
(fontspec)             Modern
(fontspec)             Roman/I:mode=node;script=latn;language=dflt;+tlig;"
(fontspec)             - 'bold italic' (b/it) with NFSS spec.: <->"name:Latin
(fontspec)             Modern
(fontspec)             Roman/BI:mode=node;script=latn;language=dflt;+tlig;"

Package hyperref Info: Option `colorlinks' set `true' on input line 33.
Package csquotes Info: Checking for multilingual support...
Package csquotes Info: ... none found.

("./Bootstrapping Utopia.aux")
\openout1 = Bootstrapping Utopia.aux

LaTeX Font Info:    Checking defaults for OML/cmm/m/it on input line 41.
LaTeX Font Info:    ... okay on input line 41.
LaTeX Font Info:    Checking defaults for OMS/cmsy/m/n on input line 41.
LaTeX Font Info:    ... okay on input line 41.
LaTeX Font Info:    Checking defaults for OT1/cmr/m/n on input line 41.
LaTeX Font Info:    ... okay on input line 41.
LaTeX Font Info:    Checking defaults for T1/cmr/m/n on input line 41.
LaTeX Font Info:    ... okay on input line 41.
LaTeX Font Info:    Checking defaults for TS1/cmr/m/n on input line 41.
LaTeX Font Info:    ... okay on input line 41.
LaTeX Font Info:    Checking defaults for TU/lmr/m/n on input line 41.
LaTeX Font Info:    ... okay on input line 41.
LaTeX Font Info:    Checking defaults for OMX/cmex/m/n on input line 41.
LaTeX Font Info:    ... okay on input line 41.
LaTeX Font Info:    Checking defaults for U/cmr/m/n on input line 41.
LaTeX Font Info:    ... okay on input line 41.
LaTeX Font Info:    Checking defaults for PD1/pdf/m/n on input line 41.
LaTeX Font Info:    ... okay on input line 41.
LaTeX Font Info:    Checking defaults for PU/pdf/m/n on input line 41.
LaTeX Font Info:    ... okay on input line 41.

Package fontspec Info: 
(fontspec)             Adjusting the maths setup (use [no-math] to avoid
(fontspec)             this).

\symlegacymaths=\mathgroup6
LaTeX Font Info:    Overwriting symbol font `legacymaths' in version `bold'
(Font)                  OT1/cmr/m/n --> OT1/cmr/bx/n on input line 41.
LaTeX Font Info:    Redeclaring math accent \acute on input line 41.
LaTeX Font Info:    Redeclaring math accent \grave on input line 41.
LaTeX Font Info:    Redeclaring math accent \ddot on input line 41.
LaTeX Font Info:    Redeclaring math accent \tilde on input line 41.
LaTeX Font Info:    Redeclaring math accent \bar on input line 41.
LaTeX Font Info:    Redeclaring math accent \breve on input line 41.
LaTeX Font Info:    Redeclaring math accent \check on input line 41.
LaTeX Font Info:    Redeclaring math accent \hat on input line 41.
LaTeX Font Info:    Redeclaring math accent \dot on input line 41.
LaTeX Font Info:    Redeclaring math accent \mathring on input line 41.
LaTeX Font Info:    Redeclaring math symbol \Gamma on input line 41.
LaTeX Font Info:    Redeclaring math symbol \Delta on input line 41.
LaTeX Font Info:    Redeclaring math symbol \Theta on input line 41.
LaTeX Font Info:    Redeclaring math symbol \Lambda on input line 41.
LaTeX Font Info:    Redeclaring math symbol \Xi on input line 41.
LaTeX Font Info:    Redeclaring math symbol \Pi on input line 41.
LaTeX Font Info:    Redeclaring math symbol \Sigma on input line 41.
LaTeX Font Info:    Redeclaring math symbol \Upsilon on input line 41.
LaTeX Font Info:    Redeclaring math symbol \Phi on input line 41.
LaTeX Font Info:    Redeclaring math symbol \Psi on input line 41.
LaTeX Font Info:    Redeclaring math symbol \Omega on input line 41.
LaTeX Font Info:    Redeclaring math symbol \mathdollar on input line 41.
LaTeX Font Info:    Redeclaring symbol font `operators' on input line 41.
LaTeX Font Info:    Encoding `OT1' has changed to `TU' for symbol font
(Font)              `operators' in the math version `normal' on input line 41.
LaTeX Font Info:    Overwriting symbol font `operators' in version `normal'
(Font)                  OT1/cmr/m/n --> TU/LatinModernRoman(0)/m/n on input lin
e 41.
LaTeX Font Info:    Encoding `OT1' has changed to `TU' for symbol font
(Font)              `operators' in the math version `bold' on input line 41.
LaTeX Font Info:    Overwriting symbol font `operators' in version `bold'
(Font)                  OT1/cmr/bx/n --> TU/LatinModernRoman(0)/m/n on input li
ne 41.
LaTeX Font Info:    Overwriting symbol font `operators' in version `normal'
(Font)                  TU/LatinModernRoman(0)/m/n --> TU/LatinModernRoman(0)/m
/n on input line 41.
LaTeX Font Info:    Overwriting math alphabet `\mathit' in version `normal'
(Font)                  OT1/cmr/m/it --> TU/LatinModernRoman(0)/m/it on input l
ine 41.
LaTeX Font Info:    Overwriting math alphabet `\mathbf' in version `normal'
(Font)                  OT1/cmr/bx/n --> TU/LatinModernRoman(0)/b/n on input li
ne 41.
LaTeX Font Info:    Overwriting math alphabet `\mathsf' in version `normal'
(Font)                  OT1/cmss/m/n --> TU/lmss/m/n on input line 41.
LaTeX Font Info:    Overwriting math alphabet `\mathtt' in version `normal'
(Font)                  OT1/cmtt/m/n --> TU/lmtt/m/n on input line 41.
LaTeX Font Info:    Overwriting symbol font `operators' in version `bold'
(Font)                  TU/LatinModernRoman(0)/m/n --> TU/LatinModernRoman(0)/b
/n on input line 41.
LaTeX Font Info:    Overwriting math alphabet `\mathit' in version `bold'
(Font)                  OT1/cmr/bx/it --> TU/LatinModernRoman(0)/b/it on input 
line 41.
LaTeX Font Info:    Overwriting math alphabet `\mathsf' in version `bold'
(Font)                  OT1/cmss/bx/n --> TU/lmss/b/n on input line 41.
LaTeX Font Info:    Overwriting math alphabet `\mathtt' in version `bold'
(Font)                  OT1/cmtt/m/n --> TU/lmtt/b/n on input line 41.

*geometry* driver: auto-detecting
*geometry* detected driver: luatex
*geometry* verbose mode - [ preamble ] result:
* driver: luatex
* paper: a4paper
* layout: <same size as paper>
* layoutoffset:(h,v)=(0.0pt,0.0pt)
* modes: 
* h-part:(L,W,R)=(72.26999pt, 452.9679pt, 72.26999pt)
* v-part:(T,H,B)=(72.26999pt, 700.50687pt, 72.26999pt)
* \paperwidth=597.50787pt
* \paperheight=845.04684pt
* \textwidth=452.9679pt
* \textheight=700.50687pt
* \oddsidemargin=0.0pt
* \evensidemargin=0.0pt
* \topmargin=-31.8738pt
* \headheight=12.0pt
* \headsep=19.8738pt
* \topskip=12.0pt
* \footskip=30.0pt
* \marginparwidth=47.0pt
* \marginparsep=7.0pt
* \columnsep=10.0pt
* \skip\footins=10.8pt plus 4.0pt minus 2.0pt
* \hoffset=0.0pt
* \voffset=0.0pt
* \mag=1000
* \@twocolumnfalse
* \@twosidefalse
* \@mparswitchfalse
* \@reversemarginfalse
* (1in=72.27pt=25.4mm, 1cm=28.453pt)

LaTeX Info: Redefining \microtypecontext on input line 41.
Package microtype Info: Applying patch `item' on input line 41.
Package microtype Info: Applying patch `toc' on input line 41.
Package microtype Info: Applying patch `eqnum' on input line 41.
Package microtype Info: Applying patch `footnote' on input line 41.
Package microtype Info: Applying patch `verbatim' on input line 41.
LaTeX Info: Redefining \microtypesetup on input line 41.
Package microtype Info: Generating PDF output.
Package microtype Info: Character protrusion enabled (level 2).
Package microtype Info: Using default protrusion set `alltext'.
Package microtype Info: Automatic font expansion enabled (level 2),
(microtype)             stretch: 20, shrink: 20, step: 1, non-selected.
Package microtype Info: Using default expansion set `alltext-nott'.
Package microtype Info: Patching command `\showhyphens'.
Package microtype Info: No adjustment of tracking.
Package microtype Info: No adjustment of spacing.
Package microtype Info: No adjustment of kerning.

(/usr/local/texlive/2025/texmf-dist/tex/latex/microtype/mt-LatinModernRoman.cfg
File: mt-LatinModernRoman.cfg 2021/02/21 v1.1 microtype config. file: Latin Mod
ern Roman (RS)
) (/usr/local/texlive/2025/texmf-dist/tex/latex/graphics/color.sty
Package: color 2025/01/14 v1.3e Standard LaTeX Color (DPC)

(/usr/local/texlive/2025/texmf-dist/tex/latex/graphics-cfg/color.cfg
File: color.cfg 2016/01/02 v1.6 sample color configuration
)
Package color Info: Driver file: luatex.def on input line 149.

(/usr/local/texlive/2025/texmf-dist/tex/latex/graphics/mathcolor.ltx))
Package hyperref Info: Link coloring ON on input line 41.

("./Bootstrapping Utopia.out") ("./Bootstrapping Utopia.out")
\@outlinefile=\write3

\openout3 = Bootstrapping Utopia.out

(/usr/local/texlive/2025/texmf-dist/tex/context/base/mkii/supp-pdf.mkii
[Loading MPS to PDF converter (version 2006.09.02).]
\scratchcounter=\count338
\scratchdimen=\dimen186
\scratchbox=\box62
\nofMPsegments=\count339
\nofMParguments=\count340
\everyMPshowfont=\toks29
\MPscratchCnt=\count341
\MPscratchDim=\dimen187
\MPnumerator=\count342
\makeMPintoPDFobject=\count343
\everyMPtoPDFconversion=\toks30
) (/usr/local/texlive/2025/texmf-dist/tex/latex/epstopdf-pkg/epstopdf-base.sty
Package: epstopdf-base 2020-01-24 v2.11 Base part for package epstopdf
Package epstopdf-base Info: Redefining graphics rule for `.eps' on input line 4
85.

(/usr/local/texlive/2025/texmf-dist/tex/latex/latexconfig/epstopdf-sys.cfg
File: epstopdf-sys.cfg 2010/07/13 v1.3 Configuration of (r)epstopdf for TeX Liv
e
))
LaTeX Font Info:    Trying to load font information for U+msa on input line 45.


(/usr/local/texlive/2025/texmf-dist/tex/latex/amsfonts/umsa.fd
File: umsa.fd 2013/01/14 v3.01 AMS symbols A
)
(/usr/local/texlive/2025/texmf-dist/tex/latex/microtype/mt-msa.cfg
File: mt-msa.cfg 2006/02/04 v1.1 microtype config. file: AMS symbols (a) (RS)
)
LaTeX Font Info:    Trying to load font information for U+msb on input line 45.


(/usr/local/texlive/2025/texmf-dist/tex/latex/amsfonts/umsb.fd
File: umsb.fd 2013/01/14 v3.01 AMS symbols B
)
(/usr/local/texlive/2025/texmf-dist/tex/latex/microtype/mt-msb.cfg
File: mt-msb.cfg 2005/06/01 v1.0 microtype config. file: AMS symbols (b) (RS)
)
(/usr/local/texlive/2025/texmf-dist/tex/latex/microtype/mt-cmr.cfg
File: mt-cmr.cfg 2013/05/19 v2.2 microtype config. file: Computer Modern Roman 
(RS)
)

[1



{/usr/local/texlive/2025/texmf-var/fonts/map/pdftex/updmap/pdftex.map}]

! LaTeX Error: Environment abstract undefined.

See the LaTeX manual or LaTeX Companion for explanation.
Type  H <return>  for immediate help.
 ...                                              
                                                  
l.46 \begin{abstract}
                     
? 

! LaTeX Error: \begin{document} ended by \end{abstract}.

See the LaTeX manual or LaTeX Companion for explanation.
Type  H <return>  for immediate help.
 ...                                              
                                                  
l.56 \end{abstract}
                   
? 


LaTeX Font Info:    Font shape `TU/LatinModernRoman(0)/m/sl' in size <12> not a
vailable
(Font)              Font shape `TU/LatinModernRoman(0)/m/it' tried instead on i
nput line 58.

warning  (pdf backend): ignoring duplicate destination with the name 'page.i'
[1] ("./Bootstrapping Utopia.toc"

[2

]

[3]

! LaTeX Error: Counter too large.

See the LaTeX manual or LaTeX Companion for explanation.
Type  H <return>  for immediate help.
 ...                                              
                                                  
l.61 ...ure and Parallelism}{129}{appendix.Alph27}
                                                  %
? 

! LaTeX Error: Counter too large.

See the LaTeX manual or LaTeX Companion for explanation.
Type  H <return>  for immediate help.
 ...                                              
                                                  
l.62 ... Simulation Mapping}{130}{appendix.Alph28}
                                                  %
? 

! LaTeX Error: Counter too large.

See the LaTeX manual or LaTeX Companion for explanation.
Type  H <return>  for immediate help.
 ...                                              
                                                  
l.63 ...ors as Endofunctors}{131}{appendix.Alph29}
                                                  %
? 

! LaTeX Error: Counter too large.

See the LaTeX manual or LaTeX Companion for explanation.
Type  H <return>  for immediate help.
 ...                                              
                                                  
l.64 ...terated Composition}{132}{appendix.Alph30}
                                                  %
? 

! LaTeX Error: Counter too large.

See the LaTeX manual or LaTeX Companion for explanation.
Type  H <return>  for immediate help.
 ...                                              
                                                  
l.65 ...ng Rate Constraints}{133}{appendix.Alph31}
                                                  %
? 

! LaTeX Error: Counter too large.

See the LaTeX manual or LaTeX Companion for explanation.
Type  H <return>  for immediate help.
 ...                                              
                                                  
l.66 ....}}Panopticon Limit}{134}{appendix.Alph32}
                                                  %
? 

! LaTeX Error: Counter too large.

See the LaTeX manual or LaTeX Companion for explanation.
Type  H <return>  for immediate help.
 ...                                              
                                                  
l.67 ...Replacement Theorem}{135}{appendix.Alph33}
                                                  %
? 

! LaTeX Error: Counter too large.

See the LaTeX manual or LaTeX Companion for explanation.
Type  H <return>  for immediate help.
 ...                                              
                                                  
l.68 ...dmissible Histories}{136}{appendix.Alph34}
                                                  %
? 


[4])
\tf@toc=\write4

\openout4 = Bootstrapping Utopia.toc


[5]
Chapter 1.


[1


]

[2]

[3]
Chapter 2.


[4

]


Overfull \hbox (36.46385pt too wide) has occurred while \output is active
\TU/LatinModernRoman(0)/m/it/12 CHAP-TER 2.  TIME, IR-RE-VERSIBIL-ITY, AND THE 
MATH-E-MAT-ICS OF PER-SIS-TENCE \TU/LatinModernRoman(0)/m/n/12 5
 []

[5]


Overfull \hbox (36.46385pt too wide) has occurred while \output is active
\TU/LatinModernRoman(0)/m/it/12 CHAP-TER 2.  TIME, IR-RE-VERSIBIL-ITY, AND THE 
MATH-E-MAT-ICS OF PER-SIS-TENCE \TU/LatinModernRoman(0)/m/n/12 6
 []

[6]


Overfull \hbox (36.46385pt too wide) has occurred while \output is active
\TU/LatinModernRoman(0)/m/it/12 CHAP-TER 2.  TIME, IR-RE-VERSIBIL-ITY, AND THE 
MATH-E-MAT-ICS OF PER-SIS-TENCE \TU/LatinModernRoman(0)/m/n/12 7
 []

[7]
Chapter 3.


[8

]


Overfull \hbox (52.30103pt too wide) has occurred while \output is active
\TU/LatinModernRoman(0)/m/it/12 CHAP-TER 3.  HIS-TOR-I-CAL PER-SIS-TENCE AND THE
 AR-CHI-TEC-TURE OF CON-STRAINT \TU/LatinModernRoman(0)/m/n/12 9
 []

[9]


Overfull \hbox (58.18103pt too wide) has occurred while \output is active
\TU/LatinModernRoman(0)/m/it/12 CHAP-TER 3.  HIS-TOR-I-CAL PER-SIS-TENCE AND THE
 AR-CHI-TEC-TURE OF CON-STRAINT \TU/LatinModernRoman(0)/m/n/12 10
 []

[10]
Chapter 4.


[11

]


Overfull \hbox (40.99983pt too wide) has occurred while \output is active
\TU/LatinModernRoman(0)/m/it/12 CHAP-TER 4.  AB-STRAC-TION, REP-RE-SEN-TA-TION, AND THE COST OF FOR-GET-TING \TU/LatinModernRoman(0)/m/n/12 12
 []

[12]


Overfull \hbox (40.99983pt too wide) has occurred while \output is active
\TU/LatinModernRoman(0)/m/it/12 CHAP-TER 4.  AB-STRAC-TION, REP-RE-SEN-TA-TION, AND THE COST OF FOR-GET-TING \TU/LatinModernRoman(0)/m/n/12 13
 []

[13]
Chapter 5.


[14

]

[15]

[16]
Chapter 6.


[17

]


Overfull \hbox (27.03864pt too wide) has occurred while \output is active
\TU/LatinModernRoman(0)/m/it/12 CHAP-TER 6.  IN-CEN-TIVES, PER-SUA-SION, AND STR
UC-TURAL IN-COM-PAT-I-BIL-ITY \TU/LatinModernRoman(0)/m/n/12 18
 []

[18]


Overfull \hbox (27.03864pt too wide) has occurred while \output is active
\TU/LatinModernRoman(0)/m/it/12 CHAP-TER 6.  IN-CEN-TIVES, PER-SUA-SION, AND STR
UC-TURAL IN-COM-PAT-I-BIL-ITY \TU/LatinModernRoman(0)/m/n/12 19
 []

[19]
Chapter 7.

! LaTeX Error: \mathcal allowed only in math mode.

See the LaTeX manual or LaTeX Companion for explanation.
Type  H <return>  for immediate help.
 ...                                              
                                                  
l.310 Formally, let \mathcal
                               {X} denote the state space of a civilizati...
? 

! LaTeX Error: \mathcal allowed only in math mode.

See the LaTeX manual or LaTeX Companion for explanation.
Type  H <return>  for immediate help.
 ...                                              
                                                  
l.310 ...stitutional arrangements. Let \mathcal
                                                  {T} denote the set of a...
? 

! LaTeX Error: \mathcal allowed only in math mode.

See the LaTeX manual or LaTeX Companion for explanation.
Type  H <return>  for immediate help.
 ...                                              
                                                  
l.310 ...onceivable transformations on \mathcal
                                                  {X}. Civilizational adm...
? 

! LaTeX Error: \mathcal allowed only in math mode.

See the LaTeX manual or LaTeX Companion for explanation.
Type  H <return>  for immediate help.
 ...                                              
                                                  
l.310 ...bility is defined by a subset \mathcal
                                                  {T}_{\mathrm{adm}} \subset...
? 
! Missing $ inserted.
<inserted text> 
                $
l.310 ...ty is defined by a subset \mathcal{T}_
                                                  {\mathrm{adm}} \subset \ma...
? 

! LaTeX Error: Bad math environment delimiter.

See the LaTeX manual or LaTeX Companion for explanation.
Type  H <return>  for immediate help.
 ...                                              
                                                  
l.311 \[
        
? 
! Missing \endgroup inserted.
<inserted text> 
                \endgroup 
l.313 \]
        
? 
Missing character: There is no  (U+E001) in font "name:Latin Modern Roman:mod
e=node;script=latn;language=dflt;+tlig;"!
Missing character: There is no  (U+E001) in font "name:Latin Modern Roman:mod
e=node;script=latn;language=dflt;+tlig;"!
Missing character: There is no  (U+E001) in font "name:Latin Modern Roman:mod
e=node;script=latn;language=dflt;+tlig;"!
Missing character: There is no  (U+E001) in font "name:Latin Modern Roman:mod
e=node;script=latn;language=dflt;+tlig;"!
Missing character: There is no  (U+E001) in font "name:Latin Modern Roman:mod
e=node;script=latn;language=dflt;+tlig;"!

! LaTeX Error: \begin{document} ended by \end{equation*}.

See the LaTeX manual or LaTeX Companion for explanation.
Type  H <return>  for immediate help.
 ...                                              
                                                  
l.313 \]
        
? 
! Missing $ inserted.
<inserted text> 
                $
l.313 \]
        
? 
! Extra \endgroup.
<recently read> \endgroup 
                          
l.313 \]
        
? 

! LaTeX Error: \mathcal allowed only in math mode.

See the LaTeX manual or LaTeX Companion for explanation.
Type  H <return>  for immediate help.
 ...                                              
                                                  
l.314 ...ins within a viability region \mathcal
                                                  {V} \subset \mathcal{X}...
? 

! LaTeX Error: \mathcal allowed only in math mode.

See the LaTeX manual or LaTeX Companion for explanation.
Type  H <return>  for immediate help.
 ...                                              
                                                  
l.314 ...ty region \mathcal{V} \subset \mathcal
                                                  {X} for all t \geq 0...
? 
Missing character: There is no  (U+E001) in font "name:Latin Modern Roman:mod
e=node;script=latn;language=dflt;+tlig;"!
Missing character: There is no  (U+E001) in font "name:Latin Modern Roman:mod
e=node;script=latn;language=dflt;+tlig;"!
Missing character: There is no  (U+E001) in font "name:Latin Modern Roman:mod
e=node;script=latn;language=dflt;+tlig;"!
Missing character: There is no  (U+E001) in font "name:Latin Modern Roman:mod
e=node;script=latn;language=dflt;+tlig;"!
Missing character: There is no  (U+E001) in font "name:Latin Modern Roman:mod
e=node;script=latn;language=dflt;+tlig;"!
Missing character: There is no  (U+E001) in font "name:Latin Modern Roman:mod
e=node;script=latn;language=dflt;+tlig;"!
Missing character: There is no  (U+E001) in font "name:Latin Modern Roman:mod
e=node;script=latn;language=dflt;+tlig;"!
Missing character: There is no  (U+E001) in font "name:Latin Modern Roman:mod
e=node;script=latn;language=dflt;+tlig;"!
Missing character: There is no  (U+E001) in font "name:Latin Modern Roman:mod
e=node;script=latn;language=dflt;+tlig;"!
Missing character: There is no  (U+E001) in font "name:Latin Modern Roman:mod
e=node;script=latn;language=dflt;+tlig;"!
Missing character: There is no  (U+E001) in font "name:Latin Modern Roman:mod
e=node;script=latn;language=dflt;+tlig;"!
Missing character: There is no  (U+E001) in font "name:Latin Modern Roman:mod
e=node;script=latn;language=dflt;+tlig;"!
Missing character: There is no  (U+E001) in font "name:Latin Modern Roman:mod
e=node;script=latn;language=dflt;+tlig;"!
Missing character: There is no  (U+E001) in font "name:Latin Modern Roman:mod
e=node;script=latn;language=dflt;+tlig;"!
Missing character: There is no  (U+E001) in font "name:Latin Modern Roman:mod
e=node;script=latn;language=dflt;+tlig;"!
Missing character: There is no  (U+E001) in font "name:Latin Modern Roman:mod
e=node;script=latn;language=dflt;+tlig;"!
Missing character: There is no  (U+E001) in font "name:Latin Modern Roman:mod
e=node;script=latn;language=dflt;+tlig;"!
Missing character: There is no  (U+E001) in font "name:Latin Modern Roman:mod
e=node;script=latn;language=dflt;+tlig;"!
Missing character: There is no  (U+E001) in font "name:Latin Modern Roman:mod
e=node;script=latn;language=dflt;+tlig;"!
Missing character: There is no  (U+E001) in font "name:Latin Modern Roman:mod
e=node;script=latn;language=dflt;+tlig;"!
Missing character: There is no  (U+E001) in font "name:Latin Modern Roman:mod
e=node;script=latn;language=dflt;+tlig;"!
Missing character: There is no  (U+E001) in font "name:Latin Modern Roman:mod
e=node;script=latn;language=dflt;+tlig;"!
Missing character: There is no  (U+E001) in font "name:Latin Modern Roman:mod
e=node;script=latn;language=dflt;+tlig;"!
Missing character: There is no  (U+E001) in font "name:Latin Modern Roman:mod
e=node;script=latn;language=dflt;+tlig;"!
Missing character: There is no  (U+E001) in font "name:Latin Modern Roman:mod
e=node;script=latn;language=dflt;+tlig;"!
Missing character: There is no  (U+E001) in font "name:Latin Modern Roman:mod
e=node;script=latn;language=dflt;+tlig;"!
Missing character: There is no  (U+E001) in font "name:Latin Modern Roman:mod
e=node;script=latn;language=dflt;+tlig;"!
Missing character: There is no  (U+E001) in font "name:Latin Modern Roman:mod
e=node;script=latn;language=dflt;+tlig;"!
Missing character: There is no  (U+E001) in font "name:Latin Modern Roman:mod
e=node;script=latn;language=dflt;+tlig;"!
Missing character: There is no  (U+E001) in font "name:Latin Modern Roman:mod
e=node;script=latn;language=dflt;+tlig;"!
Missing character: There is no  (U+E001) in font "name:Latin Modern Roman:mod
e=node;script=latn;language=dflt;+tlig;"!
Missing character: There is no  (U+E001) in font "name:Latin Modern Roman:mod
e=node;script=latn;language=dflt;+tlig;"!

Overfull \hbox (17.1912pt too wide) in paragraph at lines 310--315
\OMS/cmsy/m/n/12 X\OML/cmm/m/it/12 ; andforanysequenceoftransformations\OMS/cms
y/m/n/12 f\OML/cmm/m/it/12 T[]\OMS/cmsy/m/n/12 g  T[]\OML/cmm/m/it/12 ; theresu
ltingtrajectoryx[] \OT1/cmr/m/n/12 = \OML/cmm/m/it/12 T[]\OT1/cmr/m/n/12 (\OML/
cmm/m/it/12 x[]\OT1/cmr/m/n/12 )$$$
 []

Missing character: There is no  (U+E001) in font "name:Latin Modern Roman:mod
e=node;script=latn;language=dflt;+tlig;"!
Missing character: There is no  (U+E001) in font "name:Latin Modern Roman:mod
e=node;script=latn;language=dflt;+tlig;"!
Missing character: There is no  (U+E001) in font "name:Latin Modern Roman:mod
e=node;script=latn;language=dflt;+tlig;"!
Missing character: There is no  (U+E001) in font "name:Latin Modern Roman:mod
e=node;script=latn;language=dflt;+tlig;"!

! LaTeX Error: \mathcal allowed only in math mode.

See the LaTeX manual or LaTeX Companion for explanation.
Type  H <return>  for immediate help.
 ...                                              
                                                  
l.316 The viability region \mathcal
                                      {V} is not fixed a priori. It is it...
? 

! LaTeX Error: \mathcal allowed only in math mode.

See the LaTeX manual or LaTeX Companion for explanation.
Type  H <return>  for immediate help.
 ...                                              
                                                  
l.316 ...ity. What matters is not that \mathcal
                                                  {V} remain unchanged, b...
? 
Missing character: There is no  (U+E001) in font "name:Latin Modern Roman:mod
e=node;script=latn;language=dflt;+tlig;"!
Missing character: There is no  (U+E001) in font "name:Latin Modern Roman:mod
e=node;script=latn;language=dflt;+tlig;"!
Missing character: There is no  (U+E001) in font "name:Latin Modern Roman:mod
e=node;script=latn;language=dflt;+tlig;"!
Missing character: There is no  (U+E001) in font "name:Latin Modern Roman:mod
e=node;script=latn;language=dflt;+tlig;"!
Missing character: There is no  (U+E001) in font "name:Latin Modern Roman:mod
e=node;script=latn;language=dflt;+tlig;"!
Missing character: There is no  (U+E001) in font "name:Latin Modern Roman:mod
e=node;script=latn;language=dflt;+tlig;"!
Missing character: There is no  (U+E001) in font "name:Latin Modern Roman:mod
e=node;script=latn;language=dflt;+tlig;"!
Missing character: There is no  (U+E001) in font "name:Latin Modern Roman:mod
e=node;script=latn;language=dflt;+tlig;"!
Missing character: There is no  (U+E001) in font "name:Latin Modern Roman:mod
e=node;script=latn;language=dflt;+tlig;"!
Missing character: There is no  (U+E001) in font "name:Latin Modern Roman:mod
e=node;script=latn;language=dflt;+tlig;"!
Missing character: There is no  (U+E001) in font "name:Latin Modern Roman:mod
e=node;script=latn;language=dflt;+tlig;"!
Missing character: There is no  (U+E001) in font "name:Latin Modern Roman:mod
e=node;script=latn;language=dflt;+tlig;"!


[20


Missing character: There is no  (U+E001) in font "name:Latin Modern Roman:mod
e=node;script=latn;language=dflt;+tlig;"!
Missing character: There is no  (U+E001) in font "name:Latin Modern Roman:mod
e=node;script=latn;language=dflt;+tlig;"!
Missing character: There is no  (U+E001) in font "name:Latin Modern Roman:mod
e=node;script=latn;language=dflt;+tlig;"!
Missing character: There is no  (U+E001) in font "name:Latin Modern Roman:mod
e=node;script=latn;language=dflt;+tlig;"!
Missing character: There is no  (U+E001) in font "name:Latin Modern Roman:mod
e=node;script=latn;language=dflt;+tlig;"!
Missing character: There is no  (U+E001) in font "name:Latin Modern Roman:mod
e=node;script=latn;language=dflt;+tlig;"!
Missing character: There is no  (U+E001) in font "name:Latin Modern Roman:mod
e=node;script=latn;language=dflt;+tlig;"!
Missing character: There is no  (U+E001) in font "name:Latin Modern Roman:mod
e=node;script=latn;language=dflt;+tlig;"!
Missing character: There is no  (U+E001) in font "name:Latin Modern Roman:mod
e=node;script=latn;language=dflt;+tlig;"!
Missing character: There is no  (U+E001) in font "name:Latin Modern Roman:mod
e=node;script=latn;language=dflt;+tlig;"!
Missing character: There is no  (U+E001) in font "name:Latin Modern Roman:mod
e=node;script=latn;language=dflt;+tlig;"!
Missing character: There is no  (U+E001) in font "name:Latin Modern Roman:mod
e=node;script=latn;language=dflt;+tlig;"!
Missing character: There is no  (U+E001) in font "name:Latin Modern Roman:mod
e=node;script=latn;language=dflt;+tlig;"!
Missing character: There is no  (U+E001) in font "name:Latin Modern Roman:mod
e=node;script=latn;language=dflt;+tlig;"!
Missing character: There is no  (U+E001) in font "name:Latin Modern Roman:mod
e=node;script=latn;language=dflt;+tlig;"!
]

! LaTeX Error: \mathcal allowed only in math mode.

See the LaTeX manual or LaTeX Companion for explanation.
Type  H <return>  for immediate help.
 ...                                              
                                                  
l.322 ...ssed formally as follows. Let \mathcal
                                                  {C}(x) denote the set o...
? 
Missing character: There is no  (U+E001) in font "name:Latin Modern Roman:mod
e=node;script=latn;language=dflt;+tlig;"!
Missing character: There is no  (U+E001) in font "name:Latin Modern Roman:mod
e=node;script=latn;language=dflt;+tlig;"!
Missing character: There is no  (U+E001) in font "name:Latin Modern Roman:mod
e=node;script=latn;language=dflt;+tlig;"!
Missing character: There is no  (U+E001) in font "name:Latin Modern Roman:mod
e=node;script=latn;language=dflt;+tlig;"!
Missing character: There is no  (U+E001) in font "name:Latin Modern Roman:mod
e=node;script=latn;language=dflt;+tlig;"!
Missing character: There is no  (U+E001) in font "name:Latin Modern Roman:mod
e=node;script=latn;language=dflt;+tlig;"!
Missing character: There is no  (U+E001) in font "name:Latin Modern Roman:mod
e=node;script=latn;language=dflt;+tlig;"!
Missing character: There is no  (U+E001) in font "name:Latin Modern Roman:mod
e=node;script=latn;language=dflt;+tlig;"!
Missing character: There is no  (U+E001) in font "name:Latin Modern Roman:mod
e=node;script=latn;language=dflt;+tlig;"!
Missing character: There is no  (U+E001) in font "name:Latin Modern Roman:mod
e=node;script=latn;language=dflt;+tlig;"!
Missing character: There is no  (U+E001) in font "name:Latin Modern Roman:mod
e=node;script=latn;language=dflt;+tlig;"!
Missing character: There is no  (U+E001) in font "name:Latin Modern Roman:mod
e=node;script=latn;language=dflt;+tlig;"!
Missing character: There is no  (U+E001) in font "name:Latin Modern Roman:mod
e=node;script=latn;language=dflt;+tlig;"!
Missing character: There is no  (U+E001) in font "name:Latin Modern Roman:mod
e=node;script=latn;language=dflt;+tlig;"!

! LaTeX Error: \mathcal allowed only in math mode.

See the LaTeX manual or LaTeX Companion for explanation.
Type  H <return>  for immediate help.
 ...                                              
                                                  
l.330 ...ichness of the admissible set \mathcal
                                                  {T}_{\mathrm{adm}}, not...
? 
! Missing $ inserted.
<inserted text> 
                $
l.330 ...ess of the admissible set \mathcal{T}_
                                                  {\mathrm{adm}}, not to ...
? 
! Missing $ inserted.
<inserted text> 
                $
l.331 
      
? 
Missing character: There is no  (U+E001) in font "name:Latin Modern Roman:mod
e=node;script=latn;language=dflt;+tlig;"!
Missing character: There is no  (U+E001) in font "name:Latin Modern Roman:mod
e=node;script=latn;language=dflt;+tlig;"!
Missing character: There is no  (U+E001) in font "name:Latin Modern Roman:mod
e=node;script=latn;language=dflt;+tlig;"!
Missing character: There is no  (U+E001) in font "name:Latin Modern Roman:mod
e=node;script=latn;language=dflt;+tlig;"!
Missing character: There is no  (U+E001) in font "name:Latin Modern Roman:mod
e=node;script=latn;language=dflt;+tlig;"!

Overfull \hbox (473.81644pt too wide) in paragraph at lines 330--331
\TU/LatinModernRoman(0)/m/n/12 cor-re-sponds to the size and rich-ness of the ad
-mis-si-ble set 󰀀T$[][]\OML/cmm/m/it/12 ; nottotheabsenceofrules:Asystemwi
thnoconstraintsquicklycollapsesintoastatewithnoviableactions:Asystemwithwell \O
MS/cmsy/m/n/12 ^^@
 []

! Missing $ inserted.
<inserted text> 
                $
l.332 ...admissible trajectories. Let \Gamma(x_
                                                  0) denote the set of al...
? 
! Missing $ inserted.
<inserted text> 
                $
l.333 
      
? 
Missing character: There is no  (U+E001) in font "name:Latin Modern Roman:mod
e=node;script=latn;language=dflt;+tlig;"!
Missing character: There is no  (U+E001) in font "name:Latin Modern Roman:mod
e=node;script=latn;language=dflt;+tlig;"!
Missing character: There is no  (U+E001) in font "name:Latin Modern Roman:mod
e=node;script=latn;language=dflt;+tlig;"!
Missing character: There is no  (U+E001) in font "name:Latin Modern Roman:mod
e=node;script=latn;language=dflt;+tlig;"!
Missing character: There is no  (U+E001) in font "name:Latin Modern Roman:mod
e=node;script=latn;language=dflt;+tlig;"!
Missing character: There is no  (U+E001) in font "name:Latin Modern Roman:mod
e=node;script=latn;language=dflt;+tlig;"!
Missing character: There is no  (U+E001) in font "name:Latin Modern Roman:mod
e=node;script=latn;language=dflt;+tlig;"!
Missing character: There is no  (U+E001) in font "name:Latin Modern Roman:mod
e=node;script=latn;language=dflt;+tlig;"!
Missing character: There is no  (U+E001) in font "name:Latin Modern Roman:mod
e=node;script=latn;language=dflt;+tlig;"!
Missing character: There is no  (U+E001) in font "name:Latin Modern Roman:mod
e=node;script=latn;language=dflt;+tlig;"!
Missing character: There is no  (U+E001) in font "name:Latin Modern Roman:mod
e=node;script=latn;language=dflt;+tlig;"!

Overfull \hbox (608.22661pt too wide) in paragraph at lines 332--333
\TU/LatinModernRoman(0)/m/n/12 Let 󰀀\OT1/cmr/m/n/12 ^^@\TU/LatinModernRom
an(0)/m/n/12 (x$[][]\OT1/cmr/m/n/12 )\OML/cmm/m/it/12 denotethesetofallinfinitea
dmissibletrajectoriesstartingfromx[]:Theeffectivefreedomofthesystematx[]canbedef
inedasthecardinalityorvolumeof\OT1/cmr/m/n/12 ^^@(\OML/cmm/m/it/12 x[]\OT1/cmr/
m/n/12 )\OML/cmm/m/it/12 underanappropriatemeasure:Constraint \OMS/cmsy/m/n/12 
^^@
 []


Overfull \hbox (148.4805pt too wide) in paragraph at lines 332--333
\OML/cmm/m/it/12 firstdesignseekstomaximizethisquantity; notbyremovingconstraint
s; butbyshapingthemtopreventterminalcollapse:$ 
 []




Overfull \hbox (3.92389pt too wide) has occurred while \output is active
\TU/LatinModernRoman(0)/m/it/12 CHAP-TER 7.  CIV-I-LIZA-TIONAL AD-MIS-SI-BIL-ITY
 AND CON-STRAINT CLO-SURE \TU/LatinModernRoman(0)/m/n/12 21
 []

[21
Missing character: There is no  (U+E001) in font "name:Latin Modern Roman:mod
e=node;script=latn;language=dflt;+tlig;"!
Missing character: There is no  (U+E001) in font "name:Latin Modern Roman:mod
e=node;script=latn;language=dflt;+tlig;"!
Missing character: There is no  (U+E001) in font "name:Latin Modern Roman:mod
e=node;script=latn;language=dflt;+tlig;"!
Missing character: There is no  (U+E001) in font "name:Latin Modern Roman:mod
e=node;script=latn;language=dflt;+tlig;"!
Missing character: There is no  (U+E001) in font "name:Latin Modern Roman:mod
e=node;script=latn;language=dflt;+tlig;"!
Missing character: There is no  (U+E001) in font "name:Latin Modern Roman:mod
e=node;script=latn;language=dflt;+tlig;"!
Missing character: There is no  (U+E001) in font "name:Latin Modern Roman:mod
e=node;script=latn;language=dflt;+tlig;"!
Missing character: There is no  (U+E001) in font "name:Latin Modern Roman:mod
e=node;script=latn;language=dflt;+tlig;"!
]


Overfull \hbox (3.92389pt too wide) has occurred while \output is active
\TU/LatinModernRoman(0)/m/it/12 CHAP-TER 7.  CIV-I-LIZA-TIONAL AD-MIS-SI-BIL-ITY
 AND CON-STRAINT CLO-SURE \TU/LatinModernRoman(0)/m/n/12 22
 []

[22]
Chapter 8.

! LaTeX Error: \mathcal allowed only in math mode.

See the LaTeX manual or LaTeX Companion for explanation.
Type  H <return>  for immediate help.
 ...                                              
                                                  
l.350 ... a civilizational state space \mathcal
                                                  {X}, now decomposed int...
? 

! LaTeX Error: \mathcal allowed only in math mode.

See the LaTeX manual or LaTeX Companion for explanation.
Type  H <return>  for immediate help.
 ...                                              
                                                  
l.350 ...rganizational parameter i \in \mathcal
                                                  {I}. Let x_i(t) d...
? 
! Missing $ inserted.
<inserted text> 
                $
l.350 ...ameter i \in \mathcal{I}. Let x_
                                                  i(t) denote the local s...
? 
! Missing $ inserted.
<inserted text> 
                $
l.351 
      
? 
Missing character: There is no  (U+E001) in font "name:Latin Modern Roman:mod
e=node;script=latn;language=dflt;+tlig;"!
Missing character: There is no  (U+E001) in font "name:Latin Modern Roman:mod
e=node;script=latn;language=dflt;+tlig;"!
Missing character: There is no  (U+E001) in font "name:Latin Modern Roman:mod
e=node;script=latn;language=dflt;+tlig;"!
Missing character: There is no  (U+E001) in font "name:Latin Modern Roman:mod
e=node;script=latn;language=dflt;+tlig;"!
Missing character: There is no  (U+E001) in font "name:Latin Modern Roman:mod
e=node;script=latn;language=dflt;+tlig;"!
Missing character: There is no  (U+E001) in font "name:Latin Modern Roman:mod
e=node;script=latn;language=dflt;+tlig;"!
Missing character: There is no  (U+E001) in font "name:Latin Modern Roman:mod
e=node;script=latn;language=dflt;+tlig;"!
Missing character: There is no  (U+E001) in font "name:Latin Modern Roman:mod
e=node;script=latn;language=dflt;+tlig;"!
Missing character: There is no  (U+E001) in font "name:Latin Modern Roman:mod
e=node;script=latn;language=dflt;+tlig;"!
Missing character: There is no  (U+E001) in font "name:Latin Modern Roman:mod
e=node;script=latn;language=dflt;+tlig;"!
Missing character: There is no  (U+E001) in font "name:Latin Modern Roman:mod
e=node;script=latn;language=dflt;+tlig;"!
Missing character: There is no  (U+E001) in font "name:Latin Modern Roman:mod
e=node;script=latn;language=dflt;+tlig;"!
Missing character: There is no  (U+E001) in font "name:Latin Modern Roman:mod
e=node;script=latn;language=dflt;+tlig;"!
Missing character: There is no  (U+E001) in font "name:Latin Modern Roman:mod
e=node;script=latn;language=dflt;+tlig;"!
Missing character: There is no  (U+E001) in font "name:Latin Modern Roman:mod
e=node;script=latn;language=dflt;+tlig;"!
Missing character: There is no  (U+E001) in font "name:Latin Modern Roman:mod
e=node;script=latn;language=dflt;+tlig;"!
Missing character: There is no  (U+E001) in font "name:Latin Modern Roman:mod
e=node;script=latn;language=dflt;+tlig;"!
Missing character: There is no  (U+E001) in font "name:Latin Modern Roman:mod
e=node;script=latn;language=dflt;+tlig;"!
Missing character: There is no  (U+E001) in font "name:Latin Modern Roman:mod
e=node;script=latn;language=dflt;+tlig;"!
Missing character: There is no  (U+E001) in font "name:Latin Modern Roman:mod
e=node;script=latn;language=dflt;+tlig;"!
Missing character: There is no  (U+E001) in font "name:Latin Modern Roman:mod
e=node;script=latn;language=dflt;+tlig;"!
Missing character: There is no  (U+E001) in font "name:Latin Modern Roman:mod
e=node;script=latn;language=dflt;+tlig;"!
Missing character: There is no  (U+E001) in font "name:Latin Modern Roman:mod
e=node;script=latn;language=dflt;+tlig;"!
Missing character: There is no  (U+E001) in font "name:Latin Modern Roman:mod
e=node;script=latn;language=dflt;+tlig;"!
Missing character: There is no  (U+E001) in font "name:Latin Modern Roman:mod
e=node;script=latn;language=dflt;+tlig;"!

Overfull \hbox (484.91338pt too wide) in paragraph at lines 350--351
\TU/LatinModernRoman(0)/m/n/12 󰀀x$[][]\OT1/cmr/m/n/12 (\OML/cmm/m/it/12 t\OT1/cmr/m/n/12 )\OML/cmm/m/it/12 denotethelocalstateofsubsystemi; andlettheglobalstatebex\OT1/cmr/m/n/12 (\OML/cmm/m/it/12 t\OT1/cmr/m/n/12 ) = \OMS/cmsy/m/n/12 f\OML/cmm/m/it/12 x[]\OT1/cmr/m/n/12 (\OML/cmm/m/it/12 t\OT1/cmr/m/n/12 )\OMS/cmsy/m/n/12 g[]\OML/cmm/m/it/12 :Transformationsactbothlocallyandthroughcouplingtermsthatrepresentinteractionamongsubsystems:$ 
 []


! LaTeX Error: \mathcal allowed only in math mode.

See the LaTeX manual or LaTeX Companion for explanation.
Type  H <return>  for immediate help.
 ...                                              
                                                  
l.352 ...the global transformation set \mathcal
                                                  {T} through centralized...
? 
Missing character: There is no  (U+E001) in font "name:Latin Modern Roman:mod
e=node;script=latn;language=dflt;+tlig;"!
Missing character: There is no  (U+E001) in font "name:Latin Modern Roman:mod
e=node;script=latn;language=dflt;+tlig;"!
Missing character: There is no  (U+E001) in font "name:Latin Modern Roman:mod
e=node;script=latn;language=dflt;+tlig;"!
Missing character: There is no  (U+E001) in font "name:Latin Modern Roman:mod
e=node;script=latn;language=dflt;+tlig;"!
Missing character: There is no  (U+E001) in font "name:Latin Modern Roman:mod
e=node;script=latn;language=dflt;+tlig;"!
Missing character: There is no  (U+E001) in font "name:Latin Modern Roman:mod
e=node;script=latn;language=dflt;+tlig;"!

! LaTeX Error: \mathcal allowed only in math mode.

See the LaTeX manual or LaTeX Companion for explanation.
Type  H <return>  for immediate help.
 ...                                              
                                                  
l.354 ...to coupling effects. Let N = |\mathcal
                                                  {I}|. The state space g...
? 

! LaTeX Error: \mathcal allowed only in math mode.

See the LaTeX manual or LaTeX Companion for explanation.
Type  H <return>  for immediate help.
 ...                                              
                                                  
l.354 .... The state space grows as \mathcal
                                                  {X} \sim \prod_i \mathcal{...
? 
! Missing $ inserted.
<inserted text> 
                $
l.354 ... space grows as \mathcal{X} \sim \prod
                                                  _i \mathcal{X}_i, and t...
? 
! Limit controls must follow a math operator.
<recently read> \slimits@ 
                          
l.354 ... space grows as \mathcal{X} \sim \prod
                                                  _i \mathcal{X}_i, and t...
? 
! Missing $ inserted.
<inserted text> 
                $
l.355 
      
? 
Missing character: There is no  (U+E001) in font "name:Latin Modern Roman:mod
e=node;script=latn;language=dflt;+tlig;"!
Missing character: There is no  (U+E001) in font "name:Latin Modern Roman:mod
e=node;script=latn;language=dflt;+tlig;"!
Missing character: There is no  (U+E001) in font "name:Latin Modern Roman:mod
e=node;script=latn;language=dflt;+tlig;"!
Missing character: There is no  (U+E001) in font "name:Latin Modern Roman:mod
e=node;script=latn;language=dflt;+tlig;"!
Missing character: There is no  (U+E001) in font "name:Latin Modern Roman:mod
e=node;script=latn;language=dflt;+tlig;"!
Missing character: There is no  (U+E001) in font "name:Latin Modern Roman:mod
e=node;script=latn;language=dflt;+tlig;"!
Missing character: There is no  (U+E001) in font "name:Latin Modern Roman:mod
e=node;script=latn;language=dflt;+tlig;"!
Missing character: There is no  (U+E001) in font "name:Latin Modern Roman:mod
e=node;script=latn;language=dflt;+tlig;"!
Missing character: There is no  (U+E001) in font "name:Latin Modern Roman:mod
e=node;script=latn;language=dflt;+tlig;"!
Missing character: There is no  (U+E001) in font "name:Latin Modern Roman:mod
e=node;script=latn;language=dflt;+tlig;"!
Missing character: There is no  (U+E001) in font "name:Latin Modern Roman:mod
e=node;script=latn;language=dflt;+tlig;"!
Missing character: There is no  (U+E001) in font "name:Latin Modern Roman:mod
e=node;script=latn;language=dflt;+tlig;"!
Missing character: There is no  (U+E001) in font "name:Latin Modern Roman:mod
e=node;script=latn;language=dflt;+tlig;"!
Missing character: There is no  (U+E001) in font "name:Latin Modern Roman:mod
e=node;script=latn;language=dflt;+tlig;"!
Missing character: There is no  (U+E001) in font "name:Latin Modern Roman:mod
e=node;script=latn;language=dflt;+tlig;"!
Missing character: There is no  (U+E001) in font "name:Latin Modern Roman:mod
e=node;script=latn;language=dflt;+tlig;"!
Missing character: There is no  (U+E001) in font "name:Latin Modern Roman:mod
e=node;script=latn;language=dflt;+tlig;"!

Overfull \hbox (832.07547pt too wide) in paragraph at lines 354--355
\TU/LatinModernRoman(0)/m/n/12 The state space grows as 󰀀X \OMS/cmsy/m/n/
12 \OMX/cmex/m/n/12 Q$[][]\OMS/cmsy/m/n/12 X[]\OML/cmm/m/it/12 ; andthenumberof
potentialinteractionsgrowsontheorderofN[]indenselycoupledsystems:Nocentralizedco
ntrollercantrack; letaloneanticipate; thefullspaceofadmissibleandinadmissibletra
jectoriesasNbecomeslarge:$ 
 []



[23


Missing character: There is no  (U+E001) in font "name:Latin Modern Roman:mod
e=node;script=latn;language=dflt;+tlig;"!
Missing character: There is no  (U+E001) in font "name:Latin Modern Roman:mod
e=node;script=latn;language=dflt;+tlig;"!
Missing character: There is no  (U+E001) in font "name:Latin Modern Roman:mod
e=node;script=latn;language=dflt;+tlig;"!
Missing character: There is no  (U+E001) in font "name:Latin Modern Roman:mod
e=node;script=latn;language=dflt;+tlig;"!
Missing character: There is no  (U+E001) in font "name:Latin Modern Roman:mod
e=node;script=latn;language=dflt;+tlig;"!
Missing character: There is no  (U+E001) in font "name:Latin Modern Roman:mod
e=node;script=latn;language=dflt;+tlig;"!
Missing character: There is no  (U+E001) in font "name:Latin Modern Roman:mod
e=node;script=latn;language=dflt;+tlig;"!
Missing character: There is no  (U+E001) in font "name:Latin Modern Roman:mod
e=node;script=latn;language=dflt;+tlig;"!
Missing character: There is no  (U+E001) in font "name:Latin Modern Roman:mod
e=node;script=latn;language=dflt;+tlig;"!
Missing character: There is no  (U+E001) in font "name:Latin Modern Roman:mod
e=node;script=latn;language=dflt;+tlig;"!
]

! LaTeX Error: \mathcal allowed only in math mode.

See the LaTeX manual or LaTeX Companion for explanation.
Type  H <return>  for immediate help.
 ...                                              
                                                  
l.368 ...o bounded coupling terms. Let \mathcal
                                                  {C}_i(x_i) denote the l...
? 
! Missing $ inserted.
<inserted text> 
                $
l.368 ...unded coupling terms. Let \mathcal{C}_
                                                  i(x_i) denote the local...
? 

! LaTeX Error: Bad math environment delimiter.

See the LaTeX manual or LaTeX Companion for explanation.
Type  H <return>  for immediate help.
 ...                                              
                                                  
l.369 \[
        
? 
! Missing \endgroup inserted.
<inserted text> 
                \endgroup 
l.371 \]
        
? 
Missing character: There is no  (U+E001) in font "name:Latin Modern Roman:mod
e=node;script=latn;language=dflt;+tlig;"!
Missing character: There is no  (U+E001) in font "name:Latin Modern Roman:mod
e=node;script=latn;language=dflt;+tlig;"!
Missing character: There is no  (U+E001) in font "name:Latin Modern Roman:mod
e=node;script=latn;language=dflt;+tlig;"!
Missing character: There is no  (U+E001) in font "name:Latin Modern Roman:mod
e=node;script=latn;language=dflt;+tlig;"!
Missing character: There is no  (U+E001) in font "name:Latin Modern Roman:mod
e=node;script=latn;language=dflt;+tlig;"!
Missing character: There is no  (U+E001) in font "name:Latin Modern Roman:mod
e=node;script=latn;language=dflt;+tlig;"!
Missing character: There is no  (U+E001) in font "name:Latin Modern Roman:mod
e=node;script=latn;language=dflt;+tlig;"!

! LaTeX Error: \begin{document} ended by \end{equation*}.

See the LaTeX manual or LaTeX Companion for explanation.
Type  H <return>  for immediate help.
 ...                                              
                                                  
l.371 \]
        
? 
! Missing $ inserted.
<inserted text> 
                $
l.371 \]
        
? 
! Extra \endgroup.
<recently read> \endgroup 
                          
l.371 \]
        
? 
Missing character: There is no  (U+E001) in font "name:Latin Modern Roman:mod
e=node;script=latn;language=dflt;+tlig;"!
Missing character: There is no  (U+E001) in font "name:Latin Modern Roman:mod
e=node;script=latn;language=dflt;+tlig;"!
Missing character: There is no  (U+E001) in font "name:Latin Modern Roman:mod
e=node;script=latn;language=dflt;+tlig;"!

Overfull \hbox (609.38239pt too wide) in paragraph at lines 368--373
\TU/LatinModernRoman(0)/m/n/12 izes over sub-sys-tems up to bounded cou-pling te
rms. Let 󰀀C$[][]\OT1/cmr/m/n/12 (\OML/cmm/m/it/12 x[]\OT1/cmr/m/n/12 )\OM
L/cmm/m/it/12 denotethelocalconstraintsatsitei; andlet\OMS/cmsy/m/n/12 C[]\OT1/
cmr/m/n/12 (\OML/cmm/m/it/12 x[]; x[]\OT1/cmr/m/n/12 )\OML/cmm/m/it/12 denotecou
plingconstraints:AtransformationTisadmissibleifandonlyif\OMS/cmsy/m/n/12 C[]\OT
1/cmr/m/n/12 (\OML/cmm/m/it/12 T\OT1/cmr/m/n/12 (\OML/cmm/m/it/12 x\OT1/cmr/m/n
/12 )[])[]\OML/cmm/m/it/12 i;$$$
 []




Overfull \hbox (13.18648pt too wide) has occurred while \output is active
\TU/LatinModernRoman(0)/m/it/12 CHAP-TER 8.  SCALE, LO-CAL-ITY, AND THE FAIL-URE
 OF TOP-DOWN CON-TROL \TU/LatinModernRoman(0)/m/n/12 24
 []

[24
Missing character: There is no  (U+E001) in font "name:Latin Modern Roman:mod
e=node;script=latn;language=dflt;+tlig;"!
]


Overfull \hbox (13.18648pt too wide) has occurred while \output is active
\TU/LatinModernRoman(0)/m/it/12 CHAP-TER 8.  SCALE, LO-CAL-ITY, AND THE FAIL-URE
 OF TOP-DOWN CON-TROL \TU/LatinModernRoman(0)/m/n/12 25
 []

[25]
Chapter 9.


[26

]


Overfull \hbox (11.84924pt too wide) has occurred while \output is active
\TU/LatinModernRoman(0)/m/it/12 CHAP-TER 9.  TEM-PO-RAL CO-OR-DI-NA-TION, RHYTHM
, AND PHASE IN-TEGRITY \TU/LatinModernRoman(0)/m/n/12 27
 []

[27]


Overfull \hbox (11.84924pt too wide) has occurred while \output is active
\TU/LatinModernRoman(0)/m/it/12 CHAP-TER 9.  TEM-PO-RAL CO-OR-DI-NA-TION, RHYTHM
, AND PHASE IN-TEGRITY \TU/LatinModernRoman(0)/m/n/12 28
 []

[28]
Chapter 10.


[29

]

[30]

[31]
Chapter 11.


[32

]


Overfull \hbox (4.79045pt too wide) has occurred while \output is active
\TU/LatinModernRoman(0)/m/it/12 CHAP-TER 11.  A PRE-LIM-I-NARY AR-CHI-TEC-TURE 
FOR PER-SIS-TENT SYS-TEMS \TU/LatinModernRoman(0)/m/n/12 33
 []

[33]


Overfull \hbox (4.79045pt too wide) has occurred while \output is active
\TU/LatinModernRoman(0)/m/it/12 CHAP-TER 11.  A PRE-LIM-I-NARY AR-CHI-TEC-TURE 
FOR PER-SIS-TENT SYS-TEMS \TU/LatinModernRoman(0)/m/n/12 34
 []

[34]
Chapter 12.


[35

]

[36]

[37]
Chapter 13.


[38

]


Overfull \hbox (93.19193pt too wide) has occurred while \output is active
\TU/LatinModernRoman(0)/m/it/12 CHAP-TER 13.  STAY-ING VER-SUS GO-ING: MO-TION, TRANS-PORT, AND CIV-I-LIZA-TIONAL BIAS \TU/LatinModernRoman(0)/m/n/12 39
 []

[39]


Overfull \hbox (93.19193pt too wide) has occurred while \output is active
\TU/LatinModernRoman(0)/m/it/12 CHAP-TER 13.  STAY-ING VER-SUS GO-ING: MO-TION, TRANS-PORT, AND CIV-I-LIZA-TIONAL BIAS \TU/LatinModernRoman(0)/m/n/12 40
 []

[40]
Chapter 14.


[41

]


Overfull \hbox (35.35986pt too wide) has occurred while \output is active
\TU/LatinModernRoman(0)/m/it/12 CHAP-TER 14.  PRE-DIC-TION, COM-PRE-HEN-SION, AN
D THE IL-LU-SION OF CON-TROL \TU/LatinModernRoman(0)/m/n/12 42
 []

[42]


Overfull \hbox (35.35986pt too wide) has occurred while \output is active
\TU/LatinModernRoman(0)/m/it/12 CHAP-TER 14.  PRE-DIC-TION, COM-PRE-HEN-SION, AN
D THE IL-LU-SION OF CON-TROL \TU/LatinModernRoman(0)/m/n/12 43
 []

[43]
Chapter 15.


[44

]

[45]

[46]
Chapter 16.


[47

]

[48]

[49]
Chapter 17.


[50

]

[51]

[52]
Chapter 18.


[53

]

[54]

[55]
Chapter 19.


[56

]

[57]

[58]
Chapter 20.


[59

]

[60]

[61]
Chapter 21.


[62

]


Overfull \hbox (31.96785pt too wide) has occurred while \output is active
\TU/LatinModernRoman(0)/m/it/12 CHAP-TER 21.  COM-PU-TA-TIONAL EM-BOD-I-MENT AND
 AD-MIS-SI-BLE IN-TER-AC-TION \TU/LatinModernRoman(0)/m/n/12 63
 []

[63]


Overfull \hbox (31.96785pt too wide) has occurred while \output is active
\TU/LatinModernRoman(0)/m/it/12 CHAP-TER 21.  COM-PU-TA-TIONAL EM-BOD-I-MENT AND
 AD-MIS-SI-BLE IN-TER-AC-TION \TU/LatinModernRoman(0)/m/n/12 64
 []

[64]
Chapter 22.


[65

]

[66]

[67]
Chapter 23.


[68

]

[69]

[70]
Chapter 24.


[71

]

[72]

[73]
Chapter 25.


[74

]


Overfull \hbox (65.23045pt too wide) has occurred while \output is active
\TU/LatinModernRoman(0)/m/it/12 CHAP-TER 25.  GAMES, ME-DIA, AND THE RE-PRO-DUC-
TIVE CA-PAC-ITY OF CIV-I-LIZA-TION \TU/LatinModernRoman(0)/m/n/12 75
 []

[75]


Overfull \hbox (65.23045pt too wide) has occurred while \output is active
\TU/LatinModernRoman(0)/m/it/12 CHAP-TER 25.  GAMES, ME-DIA, AND THE RE-PRO-DUC-
TIVE CA-PAC-ITY OF CIV-I-LIZA-TION \TU/LatinModernRoman(0)/m/n/12 76
 []

[76]
Chapter 26.


[77

]


Overfull \hbox (55.09444pt too wide) has occurred while \output is active
\TU/LatinModernRoman(0)/m/it/12 CHAP-TER 26.  GOV-ER-NANCE AS CUR-RICU-LUM UN-DE
R IR-RE-VERSIBLE COM-PLEX-ITY \TU/LatinModernRoman(0)/m/n/12 78
 []

[78]


Overfull \hbox (55.09444pt too wide) has occurred while \output is active
\TU/LatinModernRoman(0)/m/it/12 CHAP-TER 26.  GOV-ER-NANCE AS CUR-RICU-LUM UN-DE
R IR-RE-VERSIBLE COM-PLEX-ITY \TU/LatinModernRoman(0)/m/n/12 79
 []

[79]
Chapter 27.


[80

]


Overfull \hbox (60.95306pt too wide) has occurred while \output is active
\TU/LatinModernRoman(0)/m/it/12 CHAP-TER 27.  DIS-TRIBUTED GOV-ER-NANCE AND THE PRESER-VA-TION OF LEG-I-BIL-ITY \TU/LatinModernRoman(0)/m/n/12 81
 []

[81]


Overfull \hbox (60.95306pt too wide) has occurred while \output is active
\TU/LatinModernRoman(0)/m/it/12 CHAP-TER 27.  DIS-TRIBUTED GOV-ER-NANCE AND THE PRESER-VA-TION OF LEG-I-BIL-ITY \TU/LatinModernRoman(0)/m/n/12 82
 []

[82]
Chapter 28.


[83

]


Overfull \hbox (11.21048pt too wide) has occurred while \output is active
\TU/LatinModernRoman(0)/m/it/12 CHAP-TER 28.  GOV-ER-NANCE AS SIM-U-LA-TION AND ECO-LOG-I-CAL FORE-SIGHT \TU/LatinModernRoman(0)/m/n/12 84
 []

[84]


Overfull \hbox (11.21048pt too wide) has occurred while \output is active
\TU/LatinModernRoman(0)/m/it/12 CHAP-TER 28.  GOV-ER-NANCE AS SIM-U-LA-TION AND ECO-LOG-I-CAL FORE-SIGHT \TU/LatinModernRoman(0)/m/n/12 85
 []

[85]
Chapter 29.


[86

]

[87]

[88]
Chapter 30.


[89

]

[90]

[91]
Chapter 31.


[92

]

[93]

[94]
Chapter 32.


[95

]

[96]

[97]
Chapter 33.


[98

]


Overfull \hbox (44.49187pt too wide) has occurred while \output is active
\TU/LatinModernRoman(0)/m/it/12 CHAP-TER 33.  TRA-JEC-TORY, SUB-STI-TU-TION, AND
 THE RE-FUSAL OF ABRUPT-NESS \TU/LatinModernRoman(0)/m/n/12 99
 []

[99]


Overfull \hbox (50.37187pt too wide) has occurred while \output is active
\TU/LatinModernRoman(0)/m/it/12 CHAP-TER 33.  TRA-JEC-TORY, SUB-STI-TU-TION, AND
 THE RE-FUSAL OF ABRUPT-NESS \TU/LatinModernRoman(0)/m/n/12 100
 []

[100]
Chapter 34.


[101

]


Overfull \hbox (50.96788pt too wide) has occurred while \output is active
\TU/LatinModernRoman(0)/m/it/12 CHAP-TER 34.  SYN-THE-SIS: BOOT-STRAP-PING UTOPI
A AS DI-REC-TIONAL SCAF-FOLD \TU/LatinModernRoman(0)/m/n/12 102
 []

[102]
Appendix A.


[103

]
Appendix B.


[104

]
Appendix C.


[105

]
Appendix D.
Package microtype Info: Loading generic protrusion settings for font family
(microtype)             `lmss' (encoding: TU).
(microtype)             For optimal results, create family-specific settings.
(microtype)             See the microtype manual for details.


[106

]
Appendix E.


[107

]
Appendix F.


[108

]
Appendix G.


[109

]
Appendix H.


[110

]
Appendix I.


[111

]
Appendix J.


[112

]
Appendix K.


[113

]
Appendix L.


[114

]
Appendix M.


[115

]
Appendix N.


[116

]
Appendix O.


[117

]
Appendix P.


[118

]
Appendix Q.


[119

]
Appendix R.


[120

]
Appendix S.


[121

]
Appendix T.


[122

]
Appendix U.


[123

]
Appendix V.


[124

]
Appendix W.


[125

]
Appendix X.


[126

]
Appendix Y.


[127

]
Appendix Z.


[128

]
Appendix \GenericError {               }{LaTeX Error: Counter too large}{See th
e LaTeX manual or LaTeX Companion for explanation.}{You've lost some text.  Try
 typing  <return>  to proceed.\MessageBreak If that doesn't work, type  X <retu
rn>  to quit.}.

! LaTeX Error: Counter too large.

See the LaTeX manual or LaTeX Companion for explanation.
Type  H <return>  for immediate help.
 ...                                              
                                                  
l.1826 ...pter{Monoidal Structure and Parallelism}
                                                  
? 

! LaTeX Error: Counter too large.

See the LaTeX manual or LaTeX Companion for explanation.
Type  H <return>  for immediate help.
 ...                                              
                                                  
l.1836 \end{equation}
                     
? 

! LaTeX Error: Counter too large.

See the LaTeX manual or LaTeX Companion for explanation.
Type  H <return>  for immediate help.
 ...                                              
                                                  
l.1843 \end{equation}
                     
? 


[129

]
Appendix \GenericError {               }{LaTeX Error: Counter too large}{See th
e LaTeX manual or LaTeX Companion for explanation.}{You've lost some text.  Try
 typing  <return>  to proceed.\MessageBreak If that doesn't work, type  X <retu
rn>  to quit.}.

! LaTeX Error: Counter too large.

See the LaTeX manual or LaTeX Companion for explanation.
Type  H <return>  for immediate help.
 ...                                              
                                                  
l.1845 \chapter{Functorial Simulation Mapping}
                                              
? 

! LaTeX Error: Counter too large.

See the LaTeX manual or LaTeX Companion for explanation.
Type  H <return>  for immediate help.
 ...                                              
                                                  
l.1857 \end{equation}
                     
? 

! LaTeX Error: Counter too large.

See the LaTeX manual or LaTeX Companion for explanation.
Type  H <return>  for immediate help.
 ...                                              
                                                  
l.1865 \end{equation}
                     
? 


[130

]
Appendix \GenericError {               }{LaTeX Error: Counter too large}{See th
e LaTeX manual or LaTeX Companion for explanation.}{You've lost some text.  Try
 typing  <return>  to proceed.\MessageBreak If that doesn't work, type  X <retu
rn>  to quit.}.

! LaTeX Error: Counter too large.

See the LaTeX manual or LaTeX Companion for explanation.
Type  H <return>  for immediate help.
 ...                                              
                                                  
l.1867 ...er{Governance Operators as Endofunctors}
                                                  
? 

! LaTeX Error: Counter too large.

See the LaTeX manual or LaTeX Companion for explanation.
Type  H <return>  for immediate help.
 ...                                              
                                                  
l.1879 \end{equation}
                     
? 


[131

]
Appendix \GenericError {               }{LaTeX Error: Counter too large}{See th
e LaTeX manual or LaTeX Companion for explanation.}{You've lost some text.  Try
 typing  <return>  to proceed.\MessageBreak If that doesn't work, type  X <retu
rn>  to quit.}.

! LaTeX Error: Counter too large.

See the LaTeX manual or LaTeX Companion for explanation.
Type  H <return>  for immediate help.
 ...                                              
                                                  
l.1884 ...er{Stability Under Iterated Composition}
                                                  
? 

! LaTeX Error: Counter too large.

See the LaTeX manual or LaTeX Companion for explanation.
Type  H <return>  for immediate help.
 ...                                              
                                                  
l.1895 \end{equation}
                     
? 


[132

]
Appendix \GenericError {               }{LaTeX Error: Counter too large}{See th
e LaTeX manual or LaTeX Companion for explanation.}{You've lost some text.  Try
 typing  <return>  to proceed.\MessageBreak If that doesn't work, type  X <retu
rn>  to quit.}.

! LaTeX Error: Counter too large.

See the LaTeX manual or LaTeX Companion for explanation.
Type  H <return>  for immediate help.
 ...                                              
                                                  
l.1899 \chapter{Learning Rate Constraints}
                                          
? 

! LaTeX Error: Counter too large.

See the LaTeX manual or LaTeX Companion for explanation.
Type  H <return>  for immediate help.
 ...                                              
                                                  
l.1907 \end{equation}
                     
? 


[133

]
Appendix \GenericError {               }{LaTeX Error: Counter too large}{See th
e LaTeX manual or LaTeX Companion for explanation.}{You've lost some text.  Try
 typing  <return>  to proceed.\MessageBreak If that doesn't work, type  X <retu
rn>  to quit.}.

! LaTeX Error: Counter too large.

See the LaTeX manual or LaTeX Companion for explanation.
Type  H <return>  for immediate help.
 ...                                              
                                                  
l.1911 \chapter{Panopticon Limit}
                                 
? 

! LaTeX Error: Counter too large.

See the LaTeX manual or LaTeX Companion for explanation.
Type  H <return>  for immediate help.
 ...                                              
                                                  
l.1918 \end{equation}
                     
? 

! LaTeX Error: Counter too large.

See the LaTeX manual or LaTeX Companion for explanation.
Type  H <return>  for immediate help.
 ...                                              
                                                  
l.1923 \end{equation}
                     
? 


[134

]
Appendix \GenericError {               }{LaTeX Error: Counter too large}{See th
e LaTeX manual or LaTeX Companion for explanation.}{You've lost some text.  Try
 typing  <return>  to proceed.\MessageBreak If that doesn't work, type  X <retu
rn>  to quit.}.

! LaTeX Error: Counter too large.

See the LaTeX manual or LaTeX Companion for explanation.
Type  H <return>  for immediate help.
 ...                                              
                                                  
l.1925 \chapter{Asymptotic Replacement Theorem}
                                               
? 

! LaTeX Error: Counter too large.

See the LaTeX manual or LaTeX Companion for explanation.
Type  H <return>  for immediate help.
 ...                                              
                                                  
l.1934 \end{equation}
                     
? 

! LaTeX Error: Counter too large.

See the LaTeX manual or LaTeX Companion for explanation.
Type  H <return>  for immediate help.
 ...                                              
                                                  
l.1938 \end{equation}
                     
? 


[135

]
Appendix \GenericError {               }{LaTeX Error: Counter too large}{See th
e LaTeX manual or LaTeX Companion for explanation.}{You've lost some text.  Try
 typing  <return>  to proceed.\MessageBreak If that doesn't work, type  X <retu
rn>  to quit.}.

! LaTeX Error: Counter too large.

See the LaTeX manual or LaTeX Companion for explanation.
Type  H <return>  for immediate help.
 ...                                              
                                                  
l.1940 ...stence of Infinite Admissible Histories}
                                                  
? 

! LaTeX Error: Counter too large.

See the LaTeX manual or LaTeX Companion for explanation.
Type  H <return>  for immediate help.
 ...                                              
                                                  
l.1951 \end{equation}
                     
? 


[136

]

[137

]

[138] ("./Bootstrapping Utopia.aux")
 ***********
LaTeX2e <2025-06-01> patch level 1
L3 programming layer <2025-09-02>
 ***********
Package rerunfilecheck Info: File `"Bootstrapping Utopia".out' has not changed.

(rerunfilecheck)             Checksum: <no file>.
)

Here is how much of LuaTeX's memory you used:
 18617 strings out of 476291
 125236,953878 words of node,token memory allocated
 1378 words of node memory still in use:
   7 hlist, 2 vlist, 2 rule, 1 local_par, 4 glue, 4 kern, 1 penalty, 1 margin_ke
rn, 3 glyph, 207 attribute, 60 glue_spec, 207 attribute_list, 1 write nodes
   avail lists: 1:1,2:497,3:309,4:136,5:496,6:74,7:8575,8:289,9:276,10:17,11:914

 40251 multiletter control sequences out of 65536+600000
 79 fonts using 6646103 bytes
 73i,7n,92p,1018b,536s stack positions out of 10000i,1000n,20000p,200000b,200000s
</usr/local/texlive/2025/texmf-dist/fonts/opentype/public/lm/lmsans12-regular.ot
f></usr/local/texlive/2025/texmf-dist/fonts/opentype/public/lm/lmroman8-regular.
otf></usr/local/texlive/2025/texmf-dist/fonts/opentype/public/lm/lmroman12-itali
c.otf></usr/local/texlive/2025/texmf-dist/fonts/opentype/public/lm/lmroman12-reg
ular.otf></usr/local/texlive/2025/texmf-dist/fonts/opentype/public/lm/lmroman17-
regular.otf></usr/local/texlive/2025/texmf-dist/fonts/opentype/public/lm/lmroman
12-bold.otf></usr/local/texlive/2025/texmf-dist/fonts/type1/public/amsfonts/cm/c
mex10.pfb></usr/local/texlive/2025/texmf-dist/fonts/type1/public/amsfonts/cm/cmm
i12.pfb></usr/local/texlive/2025/texmf-dist/fonts/type1/public/amsfonts/cm/cmmi6
.pfb></usr/local/texlive/2025/texmf-dist/fonts/type1/public/amsfonts/cm/cmmi8.pf
b></usr/local/texlive/2025/texmf-dist/fonts/type1/public/amsfonts/cm/cmr12.pfb><
/usr/local/texlive/2025/texmf-dist/fonts/type1/public/amsfonts/cm/cmr6.pfb></usr
/local/texlive/2025/texmf-dist/fonts/type1/public/amsfonts/cm/cmr8.pfb></usr/loc
al/texlive/2025/texmf-dist/fonts/type1/public/amsfonts/cm/cmsy10.pfb></usr/local
/texlive/2025/texmf-dist/fonts/type1/public/amsfonts/cm/cmsy8.pfb></usr/local/te
xlive/2025/texmf-dist/fonts/type1/public/amsfonts/symbols/msbm10.pfb>
Output written on Bootstrapping Utopia.pdf (144 pages, 489510 bytes).

PDF statistics: 1145 PDF objects out of 1200 (max. 8388607)
 961 compressed objects within 10 object streams
 310 named destinations out of 1000 (max. 131072)
 545 words of extra memory for PDF output out of 10000 (max. 100000000)

