\BOOKMARK [1][-]{section.1}{\376\377\000I\000n\000t\000r\000o\000d\000u\000c\000t\000i\000o\000n\000:\000\040\000T\000h\000e\000\040\000I\000l\000l\000u\000s\000i\000o\000n\000\040\000o\000f\000\040\000E\000f\000f\000o\000r\000t\000l\000e\000s\000s\000\040\000F\000o\000r\000m}{}% 1
\BOOKMARK [1][-]{section.2}{\376\377\000E\000x\000p\000a\000n\000s\000i\000o\000n\000,\000\040\000C\000o\000m\000p\000r\000e\000s\000s\000i\000o\000n\000,\000\040\000a\000n\000d\000\040\000a\000\040\000Q\000u\000a\000l\000i\000f\000i\000e\000d\000\040\000F\000o\000r\000m\000a\000l\000\040\000M\000o\000d\000e\000l}{}% 2
\BOOKMARK [2][-]{subsection.2.1}{\376\377\000P\000r\000e\000l\000i\000m\000i\000n\000a\000r\000i\000e\000s}{section.2}% 3
\BOOKMARK [2][-]{subsection.2.2}{\376\377\000E\000x\000p\000a\000n\000s\000i\000o\000n\000\040\000a\000s\000\040\000E\000x\000p\000l\000o\000r\000a\000t\000i\000o\000n}{section.2}% 4
\BOOKMARK [2][-]{subsection.2.3}{\376\377\000C\000o\000m\000p\000r\000e\000s\000s\000i\000o\000n\000\040\000a\000s\000\040\000P\000r\000o\000j\000e\000c\000t\000i\000o\000n}{section.2}% 5
\BOOKMARK [2][-]{subsection.2.4}{\376\377\000T\000h\000e\000\040\000D\000e\000p\000e\000n\000d\000e\000n\000c\000y\000\040\000o\000f\000\040\000C\000o\000m\000p\000r\000e\000s\000s\000i\000o\000n\000\040\000o\000n\000\040\000P\000r\000i\000o\000r\000\040\000E\000x\000p\000l\000o\000r\000a\000t\000i\000o\000n}{section.2}% 6
\BOOKMARK [2][-]{subsection.2.5}{\376\377\000C\000o\000m\000p\000r\000e\000s\000s\000i\000o\000n\000\040\000W\000i\000t\000h\000o\000u\000t\000\040\000R\000e\000l\000e\000g\000a\000t\000i\000o\000n\000:\000\040\000A\000\040\000L\000i\000m\000i\000t\000i\000n\000g\000\040\000C\000a\000s\000e}{section.2}% 7
\BOOKMARK [2][-]{subsection.2.6}{\376\377\000A\000\040\000P\000r\000o\000b\000a\000b\000i\000l\000i\000s\000t\000i\000c\000\040\000A\000s\000y\000m\000m\000e\000t\000r\000y\000\040\000B\000e\000t\000w\000e\000e\000n\000\040\000C\000o\000n\000s\000t\000r\000u\000c\000t\000i\000o\000n\000\040\000a\000n\000d\000\040\000D\000i\000s\000r\000u\000p\000t\000i\000o\000n}{section.2}% 8
\BOOKMARK [2][-]{subsection.2.7}{\376\377\000F\000r\000a\000g\000i\000l\000i\000t\000y\000\040\000o\000f\000\040\000C\000o\000m\000p\000r\000e\000s\000s\000e\000d\000\040\000R\000e\000p\000r\000e\000s\000e\000n\000t\000a\000t\000i\000o\000n\000s}{section.2}% 9
\BOOKMARK [1][-]{section.3}{\376\377\000S\000k\000i\000l\000l\000\040\000a\000s\000\040\000I\000n\000t\000e\000r\000n\000a\000l\000i\000z\000e\000d\000\040\000S\000t\000r\000u\000c\000t\000u\000r\000e}{}% 10
\BOOKMARK [2][-]{subsection.3.1}{\376\377\000T\000h\000e\000\040\000S\000t\000a\000n\000d\000a\000r\000d\000\040\000A\000c\000c\000o\000u\000n\000t\000\040\000a\000n\000d\000\040\000I\000t\000s\000\040\000I\000n\000a\000d\000e\000q\000u\000a\000c\000y}{section.3}% 11
\BOOKMARK [2][-]{subsection.3.2}{\376\377\000A\000s\000p\000e\000c\000t\000\040\000R\000e\000l\000e\000g\000a\000t\000i\000o\000n\000\040\000T\000h\000e\000o\000r\000y\000:\000\040\000A\000\040\000R\000e\000v\000i\000s\000e\000d\000\040\000F\000o\000r\000m\000a\000l\000\040\000M\000o\000d\000e\000l}{section.3}% 12
\BOOKMARK [2][-]{subsection.3.3}{\376\377\000A\000u\000t\000o\000m\000a\000t\000i\000c\000i\000t\000y\000\040\000a\000s\000\040\000a\000\040\000C\000l\000a\000s\000s\000\040\000o\000f\000\040\000R\000e\000l\000e\000g\000a\000t\000i\000o\000n\000\040\000O\000u\000t\000c\000o\000m\000e\000s\000,\000\040\000N\000o\000t\000\040\000a\000\040\000U\000n\000i\000v\000e\000r\000s\000a\000l\000\040\000I\000d\000e\000n\000t\000i\000t\000y}{section.3}% 13
\BOOKMARK [2][-]{subsection.3.4}{\376\377\000N\000e\000u\000r\000a\000l\000\040\000C\000o\000r\000r\000e\000l\000a\000t\000e\000s\000:\000\040\000A\000\040\000C\000o\000n\000t\000e\000s\000t\000e\000d\000\040\000H\000y\000p\000o\000t\000h\000e\000s\000i\000s\000,\000\040\000N\000o\000t\000\040\000a\000n\000\040\000E\000s\000t\000a\000b\000l\000i\000s\000h\000e\000d\000\040\000S\000i\000g\000n\000a\000t\000u\000r\000e}{section.3}% 14
\BOOKMARK [2][-]{subsection.3.5}{\376\377\000H\000i\000e\000r\000a\000r\000c\000h\000i\000c\000a\000l\000\040\000A\000t\000t\000e\000n\000t\000i\000o\000n\000\040\000a\000n\000d\000\040\000C\000o\000m\000p\000o\000s\000i\000t\000i\000o\000n\000a\000l\000\040\000D\000e\000p\000t\000h}{section.3}% 15
\BOOKMARK [2][-]{subsection.3.6}{\376\377\000S\000k\000i\000l\000l\000\040\000a\000s\000\040\000C\000o\000m\000p\000r\000e\000s\000s\000e\000d\000\040\000S\000t\000r\000u\000c\000t\000u\000r\000e}{section.3}% 16
\BOOKMARK [2][-]{subsection.3.7}{\376\377\000I\000r\000r\000e\000v\000e\000r\000s\000i\000b\000i\000l\000i\000t\000y\000\040\000a\000n\000d\000\040\000R\000e\000c\000o\000n\000s\000t\000r\000u\000c\000t\000i\000v\000e\000\040\000L\000o\000s\000s}{section.3}% 17
\BOOKMARK [2][-]{subsection.3.8}{\376\377\000A\000n\000\040\000E\000x\000t\000e\000n\000d\000e\000d\000\040\000E\000x\000a\000m\000p\000l\000e\000:\000\040\000E\000x\000p\000e\000r\000t\000\040\000a\000n\000d\000\040\000N\000o\000v\000i\000c\000e\000\040\000P\000e\000r\000c\000e\000p\000t\000i\000o\000n}{section.3}% 18
\BOOKMARK [2][-]{subsection.3.9}{\376\377\000A\000n\000\040\000E\000x\000t\000e\000n\000d\000e\000d\000\040\000E\000x\000a\000m\000p\000l\000e\000:\000\040\000W\000r\000i\000t\000i\000n\000g\000\040\000a\000s\000\040\000E\000x\000p\000a\000n\000s\000i\000o\000n}{section.3}% 19
\BOOKMARK [1][-]{section.4}{\376\377\000P\000r\000o\000c\000e\000s\000s\000\040\000I\000n\000v\000i\000s\000i\000b\000i\000l\000i\000t\000y\000,\000\040\000A\000t\000t\000r\000i\000b\000u\000t\000i\000o\000n\000,\000\040\000a\000n\000d\000\040\000S\000e\000l\000e\000c\000t\000i\000o\000n}{}% 20
\BOOKMARK [2][-]{subsection.4.1}{\376\377\000C\000o\000m\000p\000r\000e\000s\000s\000e\000d\000\040\000O\000u\000t\000p\000u\000t\000s\000\040\000a\000n\000d\000\040\000S\000h\000i\000f\000t\000e\000d\000\040\000B\000u\000r\000d\000e\000n}{section.4}% 21
\BOOKMARK [2][-]{subsection.4.2}{\376\377\000F\000u\000n\000d\000a\000m\000e\000n\000t\000a\000l\000\040\000A\000t\000t\000r\000i\000b\000u\000t\000i\000o\000n\000\040\000E\000r\000r\000o\000r\000\040\000a\000n\000d\000\040\000t\000h\000e\000\040\000E\000r\000a\000s\000u\000r\000e\000\040\000o\000f\000\040\000P\000r\000o\000c\000e\000s\000s}{section.4}% 22
\BOOKMARK [2][-]{subsection.4.3}{\376\377\000P\000r\000o\000b\000a\000b\000i\000l\000i\000s\000t\000i\000c\000\040\000A\000s\000y\000m\000m\000e\000t\000r\000y\000\040\000a\000n\000d\000\040\000S\000u\000r\000v\000i\000v\000o\000r\000\040\000N\000a\000r\000r\000a\000t\000i\000v\000e\000s}{section.4}% 23
\BOOKMARK [2][-]{subsection.4.4}{\376\377\000M\000i\000s\000a\000t\000t\000r\000i\000b\000u\000t\000i\000o\000n\000\040\000f\000r\000o\000m\000\040\000E\000v\000a\000l\000u\000a\000t\000i\000v\000e\000\040\000E\000a\000s\000e}{section.4}% 24
\BOOKMARK [1][-]{section.5}{\376\377\000L\000a\000b\000o\000r\000\040\000a\000n\000d\000\040\000t\000h\000e\000\040\000P\000o\000l\000i\000t\000i\000c\000a\000l\000\040\000E\000c\000o\000n\000o\000m\000y\000\040\000o\000f\000\040\000D\000e\000l\000e\000g\000a\000t\000e\000d\000\040\000C\000o\000n\000s\000t\000r\000a\000i\000n\000t\000\040\000M\000a\000n\000a\000g\000e\000m\000e\000n\000t}{}% 25
\BOOKMARK [2][-]{subsection.5.1}{\376\377\000T\000h\000e\000\040\000V\000i\000s\000i\000b\000i\000l\000i\000t\000y\000\040\000G\000a\000p}{section.5}% 26
\BOOKMARK [2][-]{subsection.5.2}{\376\377\000D\000e\000l\000e\000g\000a\000t\000i\000o\000n\000,\000\040\000C\000o\000n\000s\000t\000r\000a\000i\000n\000t\000\040\000B\000l\000i\000n\000d\000n\000e\000s\000s\000,\000\040\000a\000n\000d\000\040\000C\000o\000m\000p\000r\000e\000s\000s\000e\000d\000\040\000A\000d\000v\000i\000c\000e}{section.5}% 27
\BOOKMARK [1][-]{section.6}{\376\377\000T\000h\000e\000\040\000E\000t\000h\000i\000c\000s\000\040\000o\000f\000\040\000C\000o\000m\000p\000r\000e\000s\000s\000i\000o\000n}{}% 28
\BOOKMARK [2][-]{subsection.6.1}{\376\377\000T\000h\000r\000e\000e\000\040\000D\000i\000s\000t\000i\000n\000c\000t\000\040\000S\000t\000a\000n\000d\000a\000r\000d\000s}{section.6}% 29
\BOOKMARK [2][-]{subsection.6.2}{\376\377\000N\000o\000n\000-\000D\000e\000c\000e\000p\000t\000i\000o\000n\000\040\000a\000s\000\040\000t\000h\000e\000\040\000W\000o\000r\000k\000i\000n\000g\000\040\000S\000t\000a\000n\000d\000a\000r\000d}{section.6}% 30
\BOOKMARK [2][-]{subsection.6.3}{\376\377\000C\000r\000i\000t\000e\000r\000i\000a\000\040\000f\000o\000r\000\040\000E\000t\000h\000i\000c\000a\000l\000\040\000R\000e\000p\000r\000e\000s\000e\000n\000t\000a\000t\000i\000o\000n}{section.6}% 31
\BOOKMARK [1][-]{section.7}{\376\377\000C\000o\000n\000c\000l\000u\000s\000i\000o\000n\000:\000\040\000T\000o\000w\000a\000r\000d\000\040\000a\000\040\000N\000a\000r\000r\000o\000w\000e\000r\000\040\000a\000n\000d\000\040\000M\000o\000r\000e\000\040\000D\000e\000f\000e\000n\000s\000i\000b\000l\000e\000\040\000C\000l\000a\000i\000m}{}% 32
\BOOKMARK [1][-]{appendix.A}{\376\377\000S\000u\000m\000m\000a\000r\000y\000\040\000o\000f\000\040\000F\000o\000r\000m\000a\000l\000\040\000R\000e\000s\000u\000l\000t\000s}{}% 33
\BOOKMARK [1][-]{appendix.B}{\376\377\000G\000l\000o\000s\000s\000a\000r\000y\000\040\000o\000f\000\040\000K\000e\000y\000\040\000T\000e\000r\000m\000s}{}% 34
