\BOOKMARK [1][-]{section.1}{\376\377\000S\000p\000e\000c\000i\000f\000i\000c\000a\000t\000i\000o\000n}{}% 1
\BOOKMARK [2][-]{subsection.1.1}{\376\377\000C\000l\000a\000i\000m\000\040\000i\000d\000e\000n\000t\000i\000f\000i\000e\000r\000s}{section.1}% 2
\BOOKMARK [2][-]{subsection.1.2}{\376\377\000E\000v\000i\000d\000e\000n\000c\000e\000\040\000a\000n\000d\000\040\000s\000t\000a\000t\000u\000s}{section.1}% 3
\BOOKMARK [2][-]{subsection.1.3}{\376\377\000C\000l\000a\000i\000m\000\040\000r\000e\000g\000i\000s\000t\000r\000y}{section.1}% 4
\BOOKMARK [2][-]{subsection.1.4}{\376\377\000S\000o\000u\000r\000c\000e\000\040\000c\000o\000r\000r\000e\000s\000p\000o\000n\000d\000e\000n\000c\000e}{section.1}% 5
\BOOKMARK [2][-]{subsection.1.5}{\376\377\000F\000o\000r\000m\000a\000l\000\040\000s\000t\000r\000u\000c\000t\000u\000r\000e\000\040\000o\000f\000\040\000C\000T\000-\0000\0000\0000}{section.1}% 6
\BOOKMARK [2][-]{subsection.1.6}{\376\377\000T\000o\000t\000a\000l\000i\000t\000y\000\040\000a\000n\000d\000\040\000c\000h\000o\000i\000c\000e}{section.1}% 7
\BOOKMARK [2][-]{subsection.1.7}{\376\377\000D\000e\000t\000e\000r\000m\000i\000n\000i\000s\000t\000i\000c\000\040\000s\000c\000o\000p\000e}{section.1}% 8
\BOOKMARK [2][-]{subsection.1.8}{\376\377\000A\000d\000m\000i\000s\000s\000i\000b\000i\000l\000i\000t\000y}{section.1}% 9
\BOOKMARK [2][-]{subsection.1.9}{\376\377\000I\000n\000f\000o\000r\000m\000a\000t\000i\000o\000n\000\040\000p\000a\000r\000t\000i\000t\000i\000o\000n\000s}{section.1}% 10
\BOOKMARK [2][-]{subsection.1.10}{\376\377\000R\000e\000f\000i\000n\000e\000m\000e\000n\000t\000\040\000o\000f\000\040\000i\000n\000f\000o\000r\000m\000a\000t\000i\000o\000n}{section.1}% 11
\BOOKMARK [2][-]{subsection.1.11}{\376\377\000R\000e\000f\000i\000n\000e\000m\000e\000n\000t\000\040\000o\000r\000d\000e\000r}{section.1}% 12
\BOOKMARK [2][-]{subsection.1.12}{\376\377\000F\000i\000n\000i\000t\000e\000\040\000o\000b\000s\000t\000r\000u\000c\000t\000i\000o\000n\000\040\000c\000e\000r\000t\000i\000f\000i\000c\000a\000t\000e\000s}{section.1}% 13
\BOOKMARK [2][-]{subsection.1.13}{\376\377\000C\000o\000n\000v\000e\000x\000\040\000a\000d\000m\000i\000s\000s\000i\000b\000i\000l\000i\000t\000y\000\040\000a\000n\000d\000\040\000H\000e\000l\000l\000y\000\040\000r\000e\000d\000u\000c\000t\000i\000o\000n}{section.1}% 14
\BOOKMARK [2][-]{subsection.1.14}{\376\377\000R\000a\000n\000d\000o\000m\000i\000z\000e\000d\000\040\000p\000o\000l\000i\000c\000i\000e\000s}{section.1}% 15
\BOOKMARK [2][-]{subsection.1.15}{\376\377\000P\000o\000l\000i\000c\000y\000\040\000e\000q\000u\000i\000v\000a\000l\000e\000n\000c\000e}{section.1}% 16
\BOOKMARK [2][-]{subsection.1.16}{\376\377\000M\000a\000n\000i\000f\000e\000s\000t\000\040\000c\000o\000r\000r\000e\000s\000p\000o\000n\000d\000e\000n\000c\000e}{section.1}% 17
\BOOKMARK [2][-]{subsection.1.17}{\376\377\000S\000c\000o\000p\000e\000\040\000o\000f\000\040\000f\000o\000r\000m\000a\000l\000\040\000v\000e\000r\000i\000f\000i\000c\000a\000t\000i\000o\000n}{section.1}% 18
\BOOKMARK [2][-]{subsection.1.18}{\376\377\000C\000o\000m\000p\000a\000t\000i\000b\000i\000l\000i\000t\000y}{section.1}% 19
\BOOKMARK [1][-]{section.2}{\376\377\000E\000p\000i\000s\000t\000e\000m\000i\000c\000\040\000O\000v\000e\000r\000l\000a\000p}{}% 20
\BOOKMARK [1][-]{section.3}{\376\377\000A\000d\000m\000i\000s\000s\000i\000b\000l\000e\000\040\000H\000i\000s\000t\000o\000r\000i\000e\000s}{}% 21
\BOOKMARK [1][-]{section.4}{\376\377\000L\000o\000c\000a\000l\000\040\000a\000n\000d\000\040\000G\000l\000o\000b\000a\000l\000\040\000G\000e\000o\000m\000e\000t\000r\000y}{}% 22
\BOOKMARK [1][-]{section.5}{\376\377\000V\000i\000s\000i\000b\000i\000l\000i\000t\000y\000\040\000a\000n\000d\000\040\000B\000o\000u\000n\000d\000e\000d\000\040\000C\000o\000r\000r\000e\000c\000t\000i\000o\000n}{}% 23
\BOOKMARK [1][-]{section.6}{\376\377\000D\000e\000c\000i\000s\000i\000o\000n\000-\000R\000e\000l\000e\000v\000a\000n\000t\000\040\000H\000i\000s\000t\000o\000r\000y\000\040\000a\000n\000d\000\040\000D\000u\000r\000a\000b\000l\000e\000\040\000A\000d\000j\000u\000d\000i\000c\000a\000t\000i\000o\000n}{}% 24
\BOOKMARK [1][-]{section.7}{\376\377\000L\000o\000g\000i\000c\000a\000l\000\040\000S\000t\000a\000t\000u\000s\000\040\000o\000f\000\040\000t\000h\000e\000\040\000C\000l\000a\000i\000m\000s}{}% 25
