\BOOKMARK [1][-]{section.1}{\376\377\000I\000n\000t\000r\000o\000d\000u\000c\000t\000i\000o\000n}{}% 1
\BOOKMARK [1][-]{section.2}{\376\377\000H\000i\000s\000t\000o\000r\000i\000c\000a\000l\000\040\000a\000n\000d\000\040\000C\000o\000n\000c\000e\000p\000t\000u\000a\000l\000\040\000F\000o\000u\000n\000d\000a\000t\000i\000o\000n\000s}{}% 2
\BOOKMARK [2][-]{subsection.2.1}{\376\377\000P\000r\000e\000r\000e\000q\000u\000i\000s\000i\000t\000e\000s\000:\000\040\000C\000o\000m\000p\000l\000e\000x\000i\000t\000y\000\040\000a\000n\000d\000\040\000I\000n\000f\000o\000r\000m\000a\000t\000i\000o\000n\000\040\000i\000n\000\040\000N\000a\000t\000u\000r\000a\000l\000\040\000S\000y\000s\000t\000e\000m\000s}{section.2}% 3
\BOOKMARK [2][-]{subsection.2.2}{\376\377\000A\000s\000s\000e\000m\000b\000l\000y\000\040\000T\000h\000e\000o\000r\000y\000\040\000a\000n\000d\000\040\000C\000o\000m\000p\000l\000e\000x\000i\000t\000y}{section.2}% 4
\BOOKMARK [2][-]{subsection.2.3}{\376\377\000P\000r\000a\000x\000i\000c\000o\000n\000:\000\040\000A\000c\000t\000i\000o\000n\000\040\000R\000e\000p\000r\000e\000s\000e\000n\000t\000a\000t\000i\000o\000n\000\040\000i\000n\000\040\000C\000o\000g\000n\000i\000t\000i\000o\000n}{section.2}% 5
\BOOKMARK [2][-]{subsection.2.4}{\376\377\000C\000o\000m\000p\000e\000t\000i\000n\000g\000\040\000A\000p\000p\000r\000o\000a\000c\000h\000e\000s}{section.2}% 6
\BOOKMARK [1][-]{section.3}{\376\377\000M\000i\000n\000d\000\040\000B\000l\000i\000n\000d\000n\000e\000s\000s\000\040\000a\000n\000d\000\040\000I\000n\000t\000e\000r\000s\000u\000b\000j\000e\000c\000t\000i\000v\000i\000t\000y\000\040\000C\000o\000l\000l\000a\000p\000s\000e}{}% 7
\BOOKMARK [1][-]{section.4}{\376\377\000H\000i\000s\000t\000o\000r\000i\000c\000a\000l\000\040\000a\000n\000d\000\040\000C\000o\000n\000c\000e\000p\000t\000u\000a\000l\000\040\000F\000o\000u\000n\000d\000a\000t\000i\000o\000n\000s}{}% 8
\BOOKMARK [2][-]{subsection.4.1}{\376\377\000P\000r\000e\000r\000e\000q\000u\000i\000s\000i\000t\000e\000s\000:\000\040\000C\000o\000m\000p\000l\000e\000x\000i\000t\000y\000\040\000a\000n\000d\000\040\000I\000n\000f\000o\000r\000m\000a\000t\000i\000o\000n\000\040\000i\000n\000\040\000N\000a\000t\000u\000r\000a\000l\000\040\000S\000y\000s\000t\000e\000m\000s}{section.4}% 9
\BOOKMARK [2][-]{subsection.4.2}{\376\377\000A\000s\000s\000e\000m\000b\000l\000y\000\040\000T\000h\000e\000o\000r\000y\000\040\000a\000n\000d\000\040\000C\000o\000m\000p\000l\000e\000x\000i\000t\000y}{section.4}% 10
\BOOKMARK [2][-]{subsection.4.3}{\376\377\000P\000r\000a\000x\000i\000c\000o\000n\000:\000\040\000A\000c\000t\000i\000o\000n\000\040\000R\000e\000p\000r\000e\000s\000e\000n\000t\000a\000t\000i\000o\000n\000\040\000i\000n\000\040\000C\000o\000g\000n\000i\000t\000i\000o\000n}{section.4}% 11
\BOOKMARK [2][-]{subsection.4.4}{\376\377\000C\000o\000m\000p\000e\000t\000i\000n\000g\000\040\000A\000p\000p\000r\000o\000a\000c\000h\000e\000s}{section.4}% 12
\BOOKMARK [1][-]{section.5}{\376\377\000F\000o\000r\000m\000a\000l\000\040\000D\000e\000f\000i\000n\000i\000t\000i\000o\000n\000s}{}% 13
\BOOKMARK [2][-]{subsection.5.1}{\376\377\000P\000r\000e\000r\000e\000q\000u\000i\000s\000i\000t\000e\000s\000:\000\040\000P\000r\000o\000b\000a\000b\000i\000l\000i\000s\000t\000i\000c\000\040\000M\000o\000d\000e\000l\000s\000\040\000a\000n\000d\000\040\000G\000e\000n\000e\000r\000a\000t\000i\000v\000e\000\040\000D\000i\000s\000t\000r\000i\000b\000u\000t\000i\000o\000n\000s}{section.5}% 14
\BOOKMARK [2][-]{subsection.5.2}{\376\377\000E\000A\000I\000M\000R\000\040\000D\000e\000f\000i\000n\000i\000t\000i\000o\000n}{section.5}% 15
\BOOKMARK [2][-]{subsection.5.3}{\376\377\000P\000r\000a\000x\000i\000c\000o\000n\000\040\000D\000e\000f\000i\000n\000i\000t\000i\000o\000n}{section.5}% 16
\BOOKMARK [1][-]{section.6}{\376\377\000M\000a\000t\000h\000e\000m\000a\000t\000i\000c\000a\000l\000\040\000I\000n\000t\000e\000g\000r\000a\000t\000i\000o\000n}{}% 17
\BOOKMARK [2][-]{subsection.6.1}{\376\377\000I\000n\000f\000o\000r\000m\000a\000t\000i\000o\000n\000-\000T\000h\000e\000o\000r\000e\000t\000i\000c\000\040\000F\000o\000u\000n\000d\000a\000t\000i\000o\000n\000s}{section.6}% 18
\BOOKMARK [2][-]{subsection.6.2}{\376\377\000G\000r\000a\000p\000h\000-\000T\000h\000e\000o\000r\000e\000t\000i\000c\000\040\000F\000o\000r\000m\000a\000l\000i\000s\000m}{section.6}% 19
\BOOKMARK [2][-]{subsection.6.3}{\376\377\000C\000a\000t\000e\000g\000o\000r\000y\000-\000T\000h\000e\000o\000r\000e\000t\000i\000c\000\040\000I\000n\000t\000e\000r\000p\000r\000e\000t\000a\000t\000i\000o\000n}{section.6}% 20
\BOOKMARK [2][-]{subsection.6.4}{\376\377\000S\000h\000e\000a\000f\000-\000T\000h\000e\000o\000r\000e\000t\000i\000c\000\040\000I\000n\000t\000e\000r\000p\000r\000e\000t\000a\000t\000i\000o\000n}{section.6}% 21
\BOOKMARK [1][-]{section.7}{\376\377\000W\000o\000r\000k\000e\000d\000\040\000E\000x\000a\000m\000p\000l\000e\000s}{}% 22
\BOOKMARK [2][-]{subsection.7.1}{\376\377\000N\000e\000u\000r\000a\000l\000\040\000T\000i\000s\000s\000u\000e}{section.7}% 23
\BOOKMARK [2][-]{subsection.7.2}{\376\377\000T\000e\000r\000m\000i\000t\000e\000\040\000M\000o\000u\000n\000d}{section.7}% 24
\BOOKMARK [2][-]{subsection.7.3}{\376\377\000F\000o\000r\000e\000s\000t\000\040\000E\000c\000o\000s\000y\000s\000t\000e\000m}{section.7}% 25
\BOOKMARK [2][-]{subsection.7.4}{\376\377\000N\000e\000g\000a\000t\000i\000v\000e\000\040\000C\000a\000s\000e\000:\000\040\000C\000r\000y\000s\000t\000a\000l\000\040\000G\000r\000o\000w\000t\000h}{section.7}% 26
\BOOKMARK [1][-]{section.8}{\376\377\000T\000h\000e\000o\000r\000e\000t\000i\000c\000a\000l\000\040\000E\000x\000t\000e\000n\000s\000i\000o\000n\000s}{}% 27
\BOOKMARK [1][-]{section.9}{\376\377\000E\000m\000p\000i\000r\000i\000c\000a\000l\000\040\000a\000n\000d\000\040\000M\000e\000t\000h\000o\000d\000o\000l\000o\000g\000i\000c\000a\000l\000\040\000I\000m\000p\000r\000o\000v\000e\000m\000e\000n\000t\000s}{}% 28
\BOOKMARK [1][-]{section.10}{\376\377\000C\000o\000n\000c\000e\000p\000t\000u\000a\000l\000\040\000D\000e\000e\000p\000e\000n\000i\000n\000g}{}% 29
\BOOKMARK [1][-]{section.11}{\376\377\000P\000r\000a\000c\000t\000i\000c\000a\000l\000\040\000A\000p\000p\000l\000i\000c\000a\000t\000i\000o\000n\000s}{}% 30
\BOOKMARK [2][-]{subsection.11.1}{\376\377\000N\000e\000u\000r\000o\000s\000c\000i\000e\000n\000c\000e}{section.11}% 31
\BOOKMARK [2][-]{subsection.11.2}{\376\377\000A\000I\000\040\000a\000n\000d\000\040\000R\000o\000b\000o\000t\000i\000c\000s}{section.11}% 32
\BOOKMARK [2][-]{subsection.11.3}{\376\377\000E\000c\000o\000l\000o\000g\000i\000c\000a\000l\000\040\000a\000n\000d\000\040\000C\000o\000l\000l\000e\000c\000t\000i\000v\000e\000\040\000M\000i\000n\000d\000s}{section.11}% 33
\BOOKMARK [2][-]{subsection.11.4}{\376\377\000C\000r\000o\000s\000s\000-\000C\000u\000l\000t\000u\000r\000a\000l\000\040\000C\000o\000g\000n\000i\000t\000i\000o\000n}{section.11}% 34
\BOOKMARK [1][-]{section.12}{\376\377\000L\000i\000m\000i\000t\000s\000\040\000a\000n\000d\000\040\000F\000u\000t\000u\000r\000e\000\040\000R\000e\000s\000e\000a\000r\000c\000h}{}% 35
\BOOKMARK [1][-]{section.13}{\376\377\000E\000t\000h\000i\000c\000a\000l\000\040\000a\000n\000d\000\040\000P\000h\000i\000l\000o\000s\000o\000p\000h\000i\000c\000a\000l\000\040\000I\000m\000p\000l\000i\000c\000a\000t\000i\000o\000n\000s}{}% 36
\BOOKMARK [1][-]{section.14}{\376\377\000D\000e\000c\000i\000s\000i\000o\000n\000\040\000R\000u\000l\000e}{}% 37
\BOOKMARK [1][-]{section.15}{\376\377\000C\000o\000n\000c\000l\000u\000s\000i\000o\000n}{}% 38
\BOOKMARK [1][-]{appendix.A}{\376\377\000M\000a\000t\000h\000e\000m\000a\000t\000i\000c\000a\000l\000\040\000A\000p\000p\000e\000n\000d\000i\000x\000:\000\040\000E\000A\000I\000M\000R\000,\000\040\000I\000n\000f\000o\000r\000m\000a\000t\000i\000o\000n\000,\000\040\000a\000n\000d\000\040\000I\000m\000p\000r\000o\000b\000a\000-\000\040\000b\000l\000e\000\040\000O\000r\000d\000e\000r}{}% 39
