Script started at Mon Oct 27 18:17:48 ADT 2025
Summaries will be saved to project-overview.txt
Processing Paradox of Precaution.txt
Temporary directory created: /mnt/c/Users/nateg/OneDrive/Documentos/GitHub/alphabet/sources/tmp_ParadoxofPrecaution.txt_t9XgHL
File split into chunks: /mnt/c/Users/nateg/OneDrive/Documentos/GitHub/alphabet/sources/tmp_ParadoxofPrecaution.txt_t9XgHL/chunk_aa
Temporary directory /mnt/c/Users/nateg/OneDrive/Documentos/GitHub/alphabet/sources/tmp_ParadoxofPrecaution.txt_t9XgHL removed
Paradox of Precaution.txt
Processing Prebiotic Cognition.txt
Temporary directory created: /mnt/c/Users/nateg/OneDrive/Documentos/GitHub/alphabet/sources/tmp_PrebioticCognition.txt_qDX7ry
File split into chunks: /mnt/c/Users/nateg/OneDrive/Documentos/GitHub/alphabet/sources/tmp_PrebioticCognition.txt_qDX7ry/chunk_aa
/mnt/c/Users/nateg/OneDrive/Documentos/GitHub/alphabet/sources/tmp_PrebioticCognition.txt_qDX7ry/chunk_ab
Temporary directory /mnt/c/Users/nateg/OneDrive/Documentos/GitHub/alphabet/sources/tmp_PrebioticCognition.txt_qDX7ry removed
Prebiotic Cognition.txt
Processing Rationalist Double Standard.txt
Temporary directory created: /mnt/c/Users/nateg/OneDrive/Documentos/GitHub/alphabet/sources/tmp_RationalistDoubleStandard.txt_ynLfY1
File split into chunks: /mnt/c/Users/nateg/OneDrive/Documentos/GitHub/alphabet/sources/tmp_RationalistDoubleStandard.txt_ynLfY1/chunk_aa
Temporary directory /mnt/c/Users/nateg/OneDrive/Documentos/GitHub/alphabet/sources/tmp_RationalistDoubleStandard.txt_ynLfY1 removed
Rationalist Double Standard.txt
Processing Reflexive Field Dynamics.txt
Temporary directory created: /mnt/c/Users/nateg/OneDrive/Documentos/GitHub/alphabet/sources/tmp_ReflexiveFieldDynamics.txt_tI8e50
File split into chunks: /mnt/c/Users/nateg/OneDrive/Documentos/GitHub/alphabet/sources/tmp_ReflexiveFieldDynamics.txt_tI8e50/chunk_aa
Temporary directory /mnt/c/Users/nateg/OneDrive/Documentos/GitHub/alphabet/sources/tmp_ReflexiveFieldDynamics.txt_tI8e50 removed
Reflexive Field Dynamics.txt
Processing Spherepop_Specifications.txt
Temporary directory created: /mnt/c/Users/nateg/OneDrive/Documentos/GitHub/alphabet/sources/tmp_Spherepop_Specifications.txt_7kyLQv
File split into chunks: /mnt/c/Users/nateg/OneDrive/Documentos/GitHub/alphabet/sources/tmp_Spherepop_Specifications.txt_7kyLQv/chunk_aa
Temporary directory /mnt/c/Users/nateg/OneDrive/Documentos/GitHub/alphabet/sources/tmp_Spherepop_Specifications.txt_7kyLQv removed
Spherepop_Specifications.txt
Processing The Geometry of Spherepop.txt
Temporary directory created: /mnt/c/Users/nateg/OneDrive/Documentos/GitHub/alphabet/sources/tmp_TheGeometryofSpherepop.txt_2S2OWP
File split into chunks: /mnt/c/Users/nateg/OneDrive/Documentos/GitHub/alphabet/sources/tmp_TheGeometryofSpherepop.txt_2S2OWP/chunk_aa
Temporary directory /mnt/c/Users/nateg/OneDrive/Documentos/GitHub/alphabet/sources/tmp_TheGeometryofSpherepop.txt_2S2OWP removed
The Geometry of Spherepop.txt
Processing The Paradox of Precaution - audio overview.txt
Temporary directory created: /mnt/c/Users/nateg/OneDrive/Documentos/GitHub/alphabet/sources/tmp_TheParadoxofPrecaution-audiooverview.txt_dkoGB5
File split into chunks: /mnt/c/Users/nateg/OneDrive/Documentos/GitHub/alphabet/sources/tmp_TheParadoxofPrecaution-audiooverview.txt_dkoGB5/chunk_aa
Temporary directory /mnt/c/Users/nateg/OneDrive/Documentos/GitHub/alphabet/sources/tmp_TheParadoxofPrecaution-audiooverview.txt_dkoGB5 removed
The Paradox of Precaution - audio overview.txt
Processing The_Paradox_of_Precaution.txt
Temporary directory created: /mnt/c/Users/nateg/OneDrive/Documentos/GitHub/alphabet/sources/tmp_The_Paradox_of_Precaution.txt_wW7cBR
File split into chunks: /mnt/c/Users/nateg/OneDrive/Documentos/GitHub/alphabet/sources/tmp_The_Paradox_of_Precaution.txt_wW7cBR/chunk_aa
Temporary directory /mnt/c/Users/nateg/OneDrive/Documentos/GitHub/alphabet/sources/tmp_The_Paradox_of_Precaution.txt_wW7cBR removed
The_Paradox_of_Precaution.txt
Processing Unistochastic Geometry.txt
Temporary directory created: /mnt/c/Users/nateg/OneDrive/Documentos/GitHub/alphabet/sources/tmp_UnistochasticGeometry.txt_8FAp0u
File split into chunks: /mnt/c/Users/nateg/OneDrive/Documentos/GitHub/alphabet/sources/tmp_UnistochasticGeometry.txt_8FAp0u/chunk_aa
Temporary directory /mnt/c/Users/nateg/OneDrive/Documentos/GitHub/alphabet/sources/tmp_UnistochasticGeometry.txt_8FAp0u removed
Unistochastic Geometry.txt
Processing blog-post.txt
Temporary directory created: /mnt/c/Users/nateg/OneDrive/Documentos/GitHub/alphabet/sources/tmp_blog-post.txt_1H4BnA
File split into chunks: /mnt/c/Users/nateg/OneDrive/Documentos/GitHub/alphabet/sources/tmp_blog-post.txt_1H4BnA/chunk_aa
Temporary directory /mnt/c/Users/nateg/OneDrive/Documentos/GitHub/alphabet/sources/tmp_blog-post.txt_1H4BnA removed
blog-post.txt
Processing conceptual-explainer.txt
Temporary directory created: /mnt/c/Users/nateg/OneDrive/Documentos/GitHub/alphabet/sources/tmp_conceptual-explainer.txt_VqZ85i
File split into chunks: /mnt/c/Users/nateg/OneDrive/Documentos/GitHub/alphabet/sources/tmp_conceptual-explainer.txt_VqZ85i/chunk_aa
Temporary directory /mnt/c/Users/nateg/OneDrive/Documentos/GitHub/alphabet/sources/tmp_conceptual-explainer.txt_VqZ85i removed
conceptual-explainer.txt
Processing key-ideas-summary.txt
Temporary directory created: /mnt/c/Users/nateg/OneDrive/Documentos/GitHub/alphabet/sources/tmp_key-ideas-summary.txt_O2VX2O
File split into chunks: /mnt/c/Users/nateg/OneDrive/Documentos/GitHub/alphabet/sources/tmp_key-ideas-summary.txt_O2VX2O/chunk_aa
Temporary directory /mnt/c/Users/nateg/OneDrive/Documentos/GitHub/alphabet/sources/tmp_key-ideas-summary.txt_O2VX2O removed
key-ideas-summary.txt
Processing notebooklm-links.txt
Temporary directory created: /mnt/c/Users/nateg/OneDrive/Documentos/GitHub/alphabet/sources/tmp_notebooklm-links.txt_AO1ywt
File split into chunks: /mnt/c/Users/nateg/OneDrive/Documentos/GitHub/alphabet/sources/tmp_notebooklm-links.txt_AO1ywt/chunk_aa
Temporary directory /mnt/c/Users/nateg/OneDrive/Documentos/GitHub/alphabet/sources/tmp_notebooklm-links.txt_AO1ywt removed
notebooklm-links.txt
Processing research-monograph.txt
Temporary directory created: /mnt/c/Users/nateg/OneDrive/Documentos/GitHub/alphabet/sources/tmp_research-monograph.txt_LhKt9G
File split into chunks: /mnt/c/Users/nateg/OneDrive/Documentos/GitHub/alphabet/sources/tmp_research-monograph.txt_LhKt9G/chunk_aa
Temporary directory /mnt/c/Users/nateg/OneDrive/Documentos/GitHub/alphabet/sources/tmp_research-monograph.txt_LhKt9G removed
research-monograph.txt
Processing study-guide.txt
Temporary directory created: /mnt/c/Users/nateg/OneDrive/Documentos/GitHub/alphabet/sources/tmp_study-guide.txt_Cnm6T2
File split into chunks: /mnt/c/Users/nateg/OneDrive/Documentos/GitHub/alphabet/sources/tmp_study-guide.txt_Cnm6T2/chunk_aa
Temporary directory /mnt/c/Users/nateg/OneDrive/Documentos/GitHub/alphabet/sources/tmp_study-guide.txt_Cnm6T2 removed
study-guide.txt
Script completed at Mon Oct 27 18:31:41 ADT 2025
