This is LuaHBTeX, Version 1.22.0 (TeX Live 2025)  (format=lualatex 2025.9.22)  27 NOV 2025 20:01
 restricted system commands enabled.
**draft-02.tex
(./draft-02.tex
LaTeX2e <2025-06-01> patch level 1
L3 programming layer <2025-09-02>
Lua module: luaotfload 2024-12-03 v3.29 Lua based OpenType font support
Lua module: lualibs 2023-07-13 v2.76 ConTeXt Lua standard libraries.
Lua module: lualibs-extended 2023-07-13 v2.76 ConTeXt Lua libraries -- extended 
collection.
luaotfload | conf : Root cache directory is "/home/bonobo/.texlive2025/texmf-var
/luatex-cache/generic/names".
luaotfload | init : Loading fontloader "fontloader-2023-12-28.lua" from kpse-res
olved path "/usr/local/texlive/2025/texmf-dist/tex/luatex/luaotfload/fontloader-
2023-12-28.lua".
Lua-only attribute luaotfload@noligature = 1
luaotfload | init : Context OpenType loader version 3.134
Inserting `luaotfload.node_processor' in `pre_linebreak_filter'.
Inserting `luaotfload.node_processor' in `hpack_filter'.
Inserting `luaotfload.glyph_stream' in `glyph_stream_provider'.
Inserting `luaotfload.define_font' in `define_font'.
Lua-only attribute luaotfload_color_attribute = 2
luaotfload | conf : Root cache directory is "/home/bonobo/.texlive2025/texmf-var
/luatex-cache/generic/names".
Inserting `luaotfload.harf.strip_prefix' in `find_opentype_file'.
Inserting `luaotfload.harf.strip_prefix' in `find_truetype_file'.
Removing  `luaotfload.glyph_stream' from `glyph_stream_provider'.
Inserting `luaotfload.harf.glyphstream' in `glyph_stream_provider'.
Inserting `luaotfload.harf.finalize_vlist' in `post_linebreak_filter'.
Inserting `luaotfload.harf.finalize_hlist' in `hpack_filter'.
Inserting `luaotfload.cleanup_files' in `wrapup_run'.
Inserting `luaotfload.harf.finalize_unicode' in `finish_pdffile'.
Inserting `luaotfload.glyphinfo' in `glyph_info'.
Lua-only attribute luaotfload.letterspace_done = 3
Inserting `luaotfload.aux.set_sscale_dimens' in `luaotfload.patch_font'.
Inserting `luaotfload.aux.set_font_index' in `luaotfload.patch_font'.
Inserting `luaotfload.aux.patch_cambria_domh' in `luaotfload.patch_font'.
Inserting `luaotfload.aux.fixup_fontdata' in `luaotfload.patch_font_unsafe'.
Inserting `luaotfload.aux.set_capheight' in `luaotfload.patch_font'.
Inserting `luaotfload.aux.set_xheight' in `luaotfload.patch_font'.
Inserting `luaotfload.rewrite_fontname' in `luaotfload.patch_font'.
Inserting `tracingstacklevels' in `input_level_string'. (/usr/local/texlive/202
5/texmf-dist/tex/latex/base/article.cls
Document Class: article 2025/01/22 v1.4n Standard LaTeX document class
(/usr/local/texlive/2025/texmf-dist/tex/latex/base/size12.clo
File: size12.clo 2025/01/22 v1.4n Standard LaTeX file (size option)
luaotfload | db : Font names database loaded from /home/bonobo/.texlive2025/texm
f-var/luatex-cache/generic/names/luaotfload-names.luc.gz)
\c@part=\count273
\c@section=\count274
\c@subsection=\count275
\c@subsubsection=\count276
\c@paragraph=\count277
\c@subparagraph=\count278
\c@figure=\count279
\c@table=\count280
\abovecaptionskip=\skip49
\belowcaptionskip=\skip50
\bibindent=\dimen147
)
(/usr/local/texlive/2025/texmf-dist/tex/latex/amsmath/amsmath.sty
Package: amsmath 2025/06/16 v2.17y AMS math features
\@mathmargin=\skip51

For additional information on amsmath, use the `?' option.
(/usr/local/texlive/2025/texmf-dist/tex/latex/amsmath/amstext.sty
Package: amstext 2024/11/17 v2.01 AMS text

(/usr/local/texlive/2025/texmf-dist/tex/latex/amsmath/amsgen.sty
File: amsgen.sty 1999/11/30 v2.0 generic functions
\@emptytoks=\toks17
\ex@=\dimen148
))
(/usr/local/texlive/2025/texmf-dist/tex/latex/amsmath/amsbsy.sty
Package: amsbsy 1999/11/29 v1.2d Bold Symbols
\pmbraise@=\dimen149
)
(/usr/local/texlive/2025/texmf-dist/tex/latex/amsmath/amsopn.sty
Package: amsopn 2022/04/08 v2.04 operator names
)
\inf@bad=\count281
LaTeX Info: Redefining \frac on input line 235.
\uproot@=\count282
\leftroot@=\count283
LaTeX Info: Redefining \overline on input line 398.
LaTeX Info: Redefining \colon on input line 409.
\classnum@=\count284
\DOTSCASE@=\count285
LaTeX Info: Redefining \ldots on input line 495.
LaTeX Info: Redefining \dots on input line 498.
LaTeX Info: Redefining \cdots on input line 619.
\Mathstrutbox@=\box53
\strutbox@=\box54
LaTeX Info: Redefining \big on input line 721.
LaTeX Info: Redefining \Big on input line 722.
LaTeX Info: Redefining \bigg on input line 723.
LaTeX Info: Redefining \Bigg on input line 724.
\big@size=\dimen150
LaTeX Font Info:    Redeclaring font encoding OML on input line 742.
LaTeX Font Info:    Redeclaring font encoding OMS on input line 743.
\macc@depth=\count286
LaTeX Info: Redefining \bmod on input line 904.
LaTeX Info: Redefining \pmod on input line 909.
LaTeX Info: Redefining \smash on input line 939.
LaTeX Info: Redefining \relbar on input line 969.
LaTeX Info: Redefining \Relbar on input line 970.
\c@MaxMatrixCols=\count287
\dotsspace@=\muskip17
\c@parentequation=\count288
\dspbrk@lvl=\count289
\tag@help=\toks18
\row@=\count290
\column@=\count291
\maxfields@=\count292
\andhelp@=\toks19
\eqnshift@=\dimen151
\alignsep@=\dimen152
\tagshift@=\dimen153
\tagwidth@=\dimen154
\totwidth@=\dimen155
\lineht@=\dimen156
\@envbody=\toks20
\multlinegap=\skip52
\multlinetaggap=\skip53
\mathdisplay@stack=\toks21
LaTeX Info: Redefining \[ on input line 2949.
LaTeX Info: Redefining \] on input line 2950.
)
(/usr/local/texlive/2025/texmf-dist/tex/latex/amsfonts/amssymb.sty
Package: amssymb 2013/01/14 v3.01 AMS font symbols

(/usr/local/texlive/2025/texmf-dist/tex/latex/amsfonts/amsfonts.sty
Package: amsfonts 2013/01/14 v3.01 Basic AMSFonts support
\symAMSa=\mathgroup4
\symAMSb=\mathgroup5
LaTeX Font Info:    Redeclaring math symbol \hbar on input line 98.
LaTeX Font Info:    Overwriting math alphabet `\mathfrak' in version `bold'
(Font)                  U/euf/m/n --> U/euf/b/n on input line 106.
))
(/usr/local/texlive/2025/texmf-dist/tex/latex/amscls/amsthm.sty
Package: amsthm 2020/05/29 v2.20.6
\thm@style=\toks22
\thm@bodyfont=\toks23
\thm@headfont=\toks24
\thm@notefont=\toks25
\thm@headpunct=\toks26
\thm@preskip=\skip54
\thm@postskip=\skip55
\thm@headsep=\skip56
\dth@everypar=\toks27
)
(/usr/local/texlive/2025/texmf-dist/tex/latex/mathtools/mathtools.sty
Package: mathtools 2024/10/04 v1.31 mathematical typesetting tools

(/usr/local/texlive/2025/texmf-dist/tex/latex/graphics/keyval.sty
Package: keyval 2022/05/29 v1.15 key=value parser (DPC)
\KV@toks@=\toks28
)
(/usr/local/texlive/2025/texmf-dist/tex/latex/tools/calc.sty
Package: calc 2025/03/01 v4.3b Infix arithmetic (KKT,FJ)
\calc@Acount=\count293
\calc@Bcount=\count294
\calc@Adimen=\dimen157
\calc@Bdimen=\dimen158
\calc@Askip=\skip57
\calc@Bskip=\skip58
LaTeX Info: Redefining \setlength on input line 86.
LaTeX Info: Redefining \addtolength on input line 87.
\calc@Ccount=\count295
\calc@Cskip=\skip59
)
(/usr/local/texlive/2025/texmf-dist/tex/latex/mathtools/mhsetup.sty
Package: mhsetup 2021/03/18 v1.4 programming setup (MH)
)
\g_MT_multlinerow_int=\count296
\l_MT_multwidth_dim=\dimen159
\origjot=\skip60
\l_MT_shortvdotswithinadjustabove_dim=\dimen160
\l_MT_shortvdotswithinadjustbelow_dim=\dimen161
\l_MT_above_intertext_sep=\dimen162
\l_MT_below_intertext_sep=\dimen163
\l_MT_above_shortintertext_sep=\dimen164
\l_MT_below_shortintertext_sep=\dimen165
\xmathstrut@box=\box55
\xmathstrut@dim=\dimen166
)
(/usr/local/texlive/2025/texmf-dist/tex/latex/tools/bm.sty
Package: bm 2023/12/19 v1.2f Bold Symbol Support (DPC/FMi)
\symboldoperators=\mathgroup6
\symboldletters=\mathgroup7
\symboldsymbols=\mathgroup8
Package bm Info: No bold for \OMX/cmex/m/n, using \pmb.
Package bm Info: No bold for \U/msa/m/n, using \pmb.
Package bm Info: No bold for \U/msb/m/n, using \pmb.
LaTeX Font Info:    Redeclaring math alphabet \mathbf on input line 149.
)
(/usr/local/texlive/2025/texmf-dist/tex/latex/geometry/geometry.sty
Package: geometry 2020/01/02 v5.9 Page Geometry

(/usr/local/texlive/2025/texmf-dist/tex/generic/iftex/ifvtex.sty
Package: ifvtex 2019/10/25 v1.7 ifvtex legacy package. Use iftex instead.

(/usr/local/texlive/2025/texmf-dist/tex/generic/iftex/iftex.sty
Package: iftex 2024/12/12 v1.0g TeX engine tests
))
\Gm@cnth=\count297
\Gm@cntv=\count298
\c@Gm@tempcnt=\count299
\Gm@bindingoffset=\dimen167
\Gm@wd@mp=\dimen168
\Gm@odd@mp=\dimen169
\Gm@even@mp=\dimen170
\Gm@layoutwidth=\dimen171
\Gm@layoutheight=\dimen172
\Gm@layouthoffset=\dimen173
\Gm@layoutvoffset=\dimen174
\Gm@dimlist=\toks29
)
(/usr/local/texlive/2025/texmf-dist/tex/latex/setspace/setspace.sty
Package: setspace 2022/12/04 v6.7b set line spacing
)
(/usr/local/texlive/2025/texmf-dist/tex/latex/csquotes/csquotes.sty
Package: csquotes 2024-04-04 v5.2o context-sensitive quotations (JAW)

(/usr/local/texlive/2025/texmf-dist/tex/latex/etoolbox/etoolbox.sty
Package: etoolbox 2025/02/11 v2.5l e-TeX tools for LaTeX (JAW)
\etb@tempcnta=\count300
)
\csq@reset=\count301
\csq@gtype=\count302
\csq@glevel=\count303
\csq@qlevel=\count304
\csq@maxlvl=\count305
\csq@tshold=\count306
\csq@ltx@everypar=\toks30

(/usr/local/texlive/2025/texmf-dist/tex/latex/csquotes/csquotes.def
File: csquotes.def 2024-04-04 v5.2o csquotes generic definitions (JAW)
)
Package csquotes Info: Trying to load configuration file 'csquotes.cfg'...
Package csquotes Info: ... configuration file loaded successfully.

(/usr/local/texlive/2025/texmf-dist/tex/latex/csquotes/csquotes.cfg
File: csquotes.cfg 
))
(/usr/local/texlive/2025/texmf-dist/tex/latex/hyperref/hyperref.sty
Package: hyperref 2025-07-12 v7.01o Hypertext links for LaTeX

(/usr/local/texlive/2025/texmf-dist/tex/latex/kvsetkeys/kvsetkeys.sty
Package: kvsetkeys 2022-10-05 v1.19 Key value parser (HO)
)
(/usr/local/texlive/2025/texmf-dist/tex/generic/kvdefinekeys/kvdefinekeys.sty
Package: kvdefinekeys 2019-12-19 v1.6 Define keys (HO)
)
(/usr/local/texlive/2025/texmf-dist/tex/generic/pdfescape/pdfescape.sty
Package: pdfescape 2019/12/09 v1.15 Implements pdfTeX's escape features (HO)

(/usr/local/texlive/2025/texmf-dist/tex/generic/ltxcmds/ltxcmds.sty
Package: ltxcmds 2023-12-04 v1.26 LaTeX kernel commands for general use (HO)
)
(/usr/local/texlive/2025/texmf-dist/tex/generic/pdftexcmds/pdftexcmds.sty
Package: pdftexcmds 2020-06-27 v0.33 Utility functions of pdfTeX for LuaTeX (HO
)

(/usr/local/texlive/2025/texmf-dist/tex/generic/infwarerr/infwarerr.sty
Package: infwarerr 2019/12/03 v1.5 Providing info/warning/error messages (HO)
)
Package pdftexcmds Info: \pdf@primitive is available.
Package pdftexcmds Info: \pdf@ifprimitive is available.
Package pdftexcmds Info: \pdfdraftmode found.
\pdftexcmds@toks=\toks31
))
(/usr/local/texlive/2025/texmf-dist/tex/latex/hycolor/hycolor.sty
Package: hycolor 2020-01-27 v1.10 Color options for hyperref/bookmark (HO)
)
(/usr/local/texlive/2025/texmf-dist/tex/latex/hyperref/nameref.sty
Package: nameref 2025-06-21 v2.57 Cross-referencing by name of section

(/usr/local/texlive/2025/texmf-dist/tex/latex/refcount/refcount.sty
Package: refcount 2019/12/15 v3.6 Data extraction from label references (HO)
)
(/usr/local/texlive/2025/texmf-dist/tex/generic/gettitlestring/gettitlestring.s
ty
Package: gettitlestring 2019/12/15 v1.6 Cleanup title references (HO)
 (/usr/local/texlive/2025/texmf-dist/tex/latex/kvoptions/kvoptions.sty
Package: kvoptions 2022-06-15 v3.15 Key value format for package options (HO)
))
\c@section@level=\count307
)
(/usr/local/texlive/2025/texmf-dist/tex/generic/stringenc/stringenc.sty
Package: stringenc 2019/11/29 v1.12 Convert strings between diff. encodings (HO
)
)
\@linkdim=\dimen175
\Hy@linkcounter=\count308
\Hy@pagecounter=\count309

(/usr/local/texlive/2025/texmf-dist/tex/latex/hyperref/pd1enc.def
File: pd1enc.def 2025-07-12 v7.01o Hyperref: PDFDocEncoding definition (HO)
)
(/usr/local/texlive/2025/texmf-dist/tex/generic/intcalc/intcalc.sty
Package: intcalc 2019/12/15 v1.3 Expandable calculations with integers (HO)
)
\Hy@SavedSpaceFactor=\count310

(/usr/local/texlive/2025/texmf-dist/tex/latex/hyperref/puenc.def
File: puenc.def 2025-07-12 v7.01o Hyperref: PDF Unicode definition (HO)
)
Package hyperref Info: Hyper figures OFF on input line 4195.
Package hyperref Info: Link nesting OFF on input line 4200.
Package hyperref Info: Hyper index ON on input line 4203.
Package hyperref Info: Plain pages OFF on input line 4210.
Package hyperref Info: Backreferencing OFF on input line 4215.
Package hyperref Info: Implicit mode ON; LaTeX internals redefined.
Package hyperref Info: Bookmarks ON on input line 4462.
\c@Hy@tempcnt=\count311

(/usr/local/texlive/2025/texmf-dist/tex/latex/url/url.sty
\Urlmuskip=\muskip18
Package: url 2013/09/16  ver 3.4  Verb mode for urls, etc.
)
LaTeX Info: Redefining \url on input line 4801.
\XeTeXLinkMargin=\dimen176

(/usr/local/texlive/2025/texmf-dist/tex/generic/bitset/bitset.sty
Package: bitset 2019/12/09 v1.3 Handle bit-vector datatype (HO)

(/usr/local/texlive/2025/texmf-dist/tex/generic/bigintcalc/bigintcalc.sty
Package: bigintcalc 2019/12/15 v1.5 Expandable calculations on big integers (HO
)
))
\Fld@menulength=\count312
\Field@Width=\dimen177
\Fld@charsize=\dimen178
Package hyperref Info: Hyper figures OFF on input line 6078.
Package hyperref Info: Link nesting OFF on input line 6083.
Package hyperref Info: Hyper index ON on input line 6086.
Package hyperref Info: backreferencing OFF on input line 6093.
Package hyperref Info: Link coloring OFF on input line 6098.
Package hyperref Info: Link coloring with OCG OFF on input line 6103.
Package hyperref Info: PDF/A mode OFF on input line 6108.
\Hy@abspage=\count313
\c@Item=\count314
\c@Hfootnote=\count315
)
Package hyperref Info: Driver (autodetected): hluatex.

(/usr/local/texlive/2025/texmf-dist/tex/latex/hyperref/hluatex.def
File: hluatex.def 2025-07-12 v7.01o Hyperref driver for luaTeX
\Fld@listcount=\count316
\c@bookmark@seq@number=\count317

(/usr/local/texlive/2025/texmf-dist/tex/latex/rerunfilecheck/rerunfilecheck.sty
Package: rerunfilecheck 2025-06-21 v1.11 Rerun checks for auxiliary files (HO)

(/usr/local/texlive/2025/texmf-dist/tex/generic/uniquecounter/uniquecounter.sty
Package: uniquecounter 2019/12/15 v1.4 Provide unlimited unique counter (HO)
)
Package uniquecounter Info: New unique counter `rerunfilecheck' on input line 2
84.
)
\Hy@SectionHShift=\skip61
) (/usr/local/texlive/2025/texmf-dist/tex/latex/physics/physics.sty
Package: physics 

(/usr/local/texlive/2025/texmf-dist/tex/latex/l3packages/xparse/xparse.sty
(/usr/local/texlive/2025/texmf-dist/tex/latex/l3kernel/expl3.sty
Package: expl3 2025-09-02 L3 programming layer (loader) 

(/usr/local/texlive/2025/texmf-dist/tex/latex/l3backend/l3backend-luatex.def
File: l3backend-luatex.def 2025-06-09 L3 backend support: PDF output (LuaTeX)
\l__color_backend_stack_int=\count318
Inserting `l3color' in `luaotfload.parse_color'.))
Package: xparse 2024-08-16 L3 Experimental document command parser
)) (/usr/local/texlive/2025/texmf-dist/tex/latex/float/float.sty
Package: float 2001/11/08 v1.3d Float enhancements (AL)
\c@float@type=\count319
\float@exts=\toks32
\float@box=\box56
\@float@everytoks=\toks33
\@floatcapt=\box57
)
(/usr/local/texlive/2025/texmf-dist/tex/latex/biblatex/biblatex.sty
Package: biblatex 2025/07/10 v3.21 programmable bibliographies (PK/MW)

(/usr/local/texlive/2025/texmf-dist/tex/latex/logreq/logreq.sty
Package: logreq 2010/08/04 v1.0 xml request logger
\lrq@indent=\count320

(/usr/local/texlive/2025/texmf-dist/tex/latex/logreq/logreq.def
File: logreq.def 2010/08/04 v1.0 logreq spec v1.0
))
(/usr/local/texlive/2025/texmf-dist/tex/latex/base/ifthen.sty
Package: ifthen 2024/03/16 v1.1e Standard LaTeX ifthen package (DPC)
)
\c@tabx@nest=\count321
\c@listtotal=\count322
\c@listcount=\count323
\c@liststart=\count324
\c@liststop=\count325
\c@citecount=\count326
\c@citetotal=\count327
\c@multicitecount=\count328
\c@multicitetotal=\count329
\c@instcount=\count330
\c@maxnames=\count331
\c@minnames=\count332
\c@maxitems=\count333
\c@minitems=\count334
\c@citecounter=\count335
\c@maxcitecounter=\count336
\c@savedcitecounter=\count337
\c@uniquelist=\count338
\c@uniquename=\count339
\c@refsection=\count340
\c@refsegment=\count341
\c@maxextratitle=\count342
\c@maxextratitleyear=\count343
\c@maxextraname=\count344
\c@maxextradate=\count345
\c@maxextraalpha=\count346
\c@abbrvpenalty=\count347
\c@highnamepenalty=\count348
\c@lownamepenalty=\count349
\c@maxparens=\count350
\c@parenlevel=\count351
\blx@tempcnta=\count352
\blx@tempcntb=\count353
\blx@tempcntc=\count354
\c@blx@maxsection=\count355
\blx@maxsegment@0=\count356
\blx@notetype=\count357
\blx@parenlevel@text=\count358
\blx@parenlevel@foot=\count359
\blx@sectionciteorder@0=\count360
\blx@sectionciteorderinternal@0=\count361
\blx@entrysetcounter=\count362
\blx@biblioinstance=\count363
\labelnumberwidth=\skip62
\labelalphawidth=\skip63
\biblabelsep=\skip64
\bibitemsep=\skip65
\bibnamesep=\skip66
\bibinitsep=\skip67
\bibparsep=\skip68
\bibhang=\skip69
\blx@bcfin=\read2
\blx@bcfout=\write3
\blx@langwohyphens=\language2
\c@mincomprange=\count364
\c@maxcomprange=\count365
\c@mincompwidth=\count366
Package biblatex Info: Trying to load biblatex default data model...
Package biblatex Info: ... file 'blx-dm.def' found.

(/usr/local/texlive/2025/texmf-dist/tex/latex/biblatex/blx-dm.def
File: blx-dm.def 2025/07/10 v3.21 biblatex datamodel (PK/MW)
)
Package biblatex Info: Trying to load biblatex style data model...
Package biblatex Info: ... file 'authoryear.dbx' not found.
Package biblatex Info: Trying to load biblatex custom data model...
Package biblatex Info: ... file 'biblatex-dm.cfg' not found.
\c@afterword=\count367
\c@savedafterword=\count368
\c@annotator=\count369
\c@savedannotator=\count370
\c@author=\count371
\c@savedauthor=\count372
\c@bookauthor=\count373
\c@savedbookauthor=\count374
\c@commentator=\count375
\c@savedcommentator=\count376
\c@editor=\count377
\c@savededitor=\count378
\c@editora=\count379
\c@savededitora=\count380
\c@editorb=\count381
\c@savededitorb=\count382
\c@editorc=\count383
\c@savededitorc=\count384
\c@foreword=\count385
\c@savedforeword=\count386
\c@holder=\count387
\c@savedholder=\count388
\c@introduction=\count389
\c@savedintroduction=\count390
\c@namea=\count391
\c@savednamea=\count392
\c@nameb=\count393
\c@savednameb=\count394
\c@namec=\count395
\c@savednamec=\count396
\c@translator=\count397
\c@savedtranslator=\count398
\c@shortauthor=\count399
\c@savedshortauthor=\count400
\c@shorteditor=\count401
\c@savedshorteditor=\count402
\c@labelname=\count403
\c@savedlabelname=\count404
\c@institution=\count405
\c@savedinstitution=\count406
\c@lista=\count407
\c@savedlista=\count408
\c@listb=\count409
\c@savedlistb=\count410
\c@listc=\count411
\c@savedlistc=\count412
\c@listd=\count413
\c@savedlistd=\count414
\c@liste=\count415
\c@savedliste=\count416
\c@listf=\count417
\c@savedlistf=\count418
\c@location=\count419
\c@savedlocation=\count420
\c@organization=\count421
\c@savedorganization=\count422
\c@origlocation=\count423
\c@savedoriglocation=\count424
\c@origpublisher=\count425
\c@savedorigpublisher=\count426
\c@publisher=\count427
\c@savedpublisher=\count428
\c@language=\count429
\c@savedlanguage=\count430
\c@origlanguage=\count431
\c@savedoriglanguage=\count432
\c@pageref=\count433
\c@savedpageref=\count434
\shorthandwidth=\skip70
\shortjournalwidth=\skip71
\shortserieswidth=\skip72
\shorttitlewidth=\skip73
\shortauthorwidth=\skip74
\shorteditorwidth=\skip75
\locallabelnumberwidth=\skip76
\locallabelalphawidth=\skip77
\localshorthandwidth=\skip78
\localshortjournalwidth=\skip79
\localshortserieswidth=\skip80
\localshorttitlewidth=\skip81
\localshortauthorwidth=\skip82
\localshorteditorwidth=\skip83
Package biblatex Info: Trying to load enhanced support for Unicode engines...
Package biblatex Info: ... file 'blx-unicode.def' found.

(/usr/local/texlive/2025/texmf-dist/tex/latex/biblatex/blx-unicode.def)
Package biblatex Info: Trying to load compatibility code...
Package biblatex Info: ... file 'blx-compat.def' found.

(/usr/local/texlive/2025/texmf-dist/tex/latex/biblatex/blx-compat.def
File: blx-compat.def 2025/07/10 v3.21 biblatex compatibility (PK/MW)
)
Package biblatex Info: Trying to load generic definitions...
Package biblatex Info: ... file 'biblatex.def' found.

(/usr/local/texlive/2025/texmf-dist/tex/latex/biblatex/biblatex.def
File: biblatex.def 2025/07/10 v3.21 biblatex compatibility (PK/MW)
\c@textcitecount=\count435
\c@textcitetotal=\count436
\c@textcitemaxnames=\count437
\c@biburlbigbreakpenalty=\count438
\c@biburlbreakpenalty=\count439
\c@biburlnumpenalty=\count440
\c@biburlucpenalty=\count441
\c@biburllcpenalty=\count442
\biburlbigskip=\muskip19
\biburlnumskip=\muskip20
\biburlucskip=\muskip21
\biburllcskip=\muskip22
\c@smartand=\count443
)
Package biblatex Info: Trying to load bibliography style 'authoryear'...
Package biblatex Info: ... file 'authoryear.bbx' found.

(/usr/local/texlive/2025/texmf-dist/tex/latex/biblatex/bbx/authoryear.bbx
File: authoryear.bbx 2025/07/10 v3.21 biblatex bibliography style (PK/MW)
Package biblatex Info: Trying to load bibliography style 'standard'...
Package biblatex Info: ... file 'standard.bbx' found.

(/usr/local/texlive/2025/texmf-dist/tex/latex/biblatex/bbx/standard.bbx
File: standard.bbx 2025/07/10 v3.21 biblatex bibliography style (PK/MW)
\c@bbx:relatedcount=\count444
\c@bbx:relatedtotal=\count445
))
Package biblatex Info: Trying to load citation style 'authoryear'...
Package biblatex Info: ... file 'authoryear.cbx' found.

(/usr/local/texlive/2025/texmf-dist/tex/latex/biblatex/cbx/authoryear.cbx
File: authoryear.cbx 2025/07/10 v3.21 biblatex citation style (PK/MW)
Package biblatex Info: Redefining '\cite'.
Package biblatex Info: Redefining '\parencite'.
Package biblatex Info: Redefining '\footcite'.
Package biblatex Info: Redefining '\footcitetext'.
Package biblatex Info: Redefining '\smartcite'.
Package biblatex Info: Redefining '\textcite'.
Package biblatex Info: Redefining '\textcites'.
)
Package biblatex Info: Trying to load configuration file...
Package biblatex Info: ... file 'biblatex.cfg' found.

(/usr/local/texlive/2025/texmf-dist/tex/latex/biblatex/biblatex.cfg
File: biblatex.cfg 
)
Package biblatex Info: LuaTeX detected.
(biblatex)             Assuming input encoding 'utf8'.
Package biblatex Info: Document encoding is UTF8 ....
Package biblatex Info: ... and expl3
(biblatex)             2025-09-02 L3 programming layer (loader) 
(biblatex)             is new enough (at least 2020/04/06),
(biblatex)             setting 'casechanger=expl3'.

(/usr/local/texlive/2025/texmf-dist/tex/latex/biblatex/blx-case-expl3.sty
Package: blx-case-expl3 2025/07/10 v3.21 expl3 case changing code for biblatex
))
Package csquotes Info: Checking for multilingual support...
Package csquotes Info: ... none found.

(./draft-02.aux)
\openout1 = draft-02.aux

LaTeX Font Info:    Checking defaults for OML/cmm/m/it on input line 29.
LaTeX Font Info:    ... okay on input line 29.
LaTeX Font Info:    Checking defaults for OMS/cmsy/m/n on input line 29.
LaTeX Font Info:    ... okay on input line 29.
LaTeX Font Info:    Checking defaults for OT1/cmr/m/n on input line 29.
LaTeX Font Info:    ... okay on input line 29.
LaTeX Font Info:    Checking defaults for T1/cmr/m/n on input line 29.
LaTeX Font Info:    ... okay on input line 29.
LaTeX Font Info:    Checking defaults for TS1/cmr/m/n on input line 29.
LaTeX Font Info:    ... okay on input line 29.
LaTeX Font Info:    Checking defaults for TU/lmr/m/n on input line 29.
LaTeX Font Info:    ... okay on input line 29.
LaTeX Font Info:    Checking defaults for OMX/cmex/m/n on input line 29.
LaTeX Font Info:    ... okay on input line 29.
LaTeX Font Info:    Checking defaults for U/cmr/m/n on input line 29.
LaTeX Font Info:    ... okay on input line 29.
LaTeX Font Info:    Checking defaults for PD1/pdf/m/n on input line 29.
LaTeX Font Info:    ... okay on input line 29.
LaTeX Font Info:    Checking defaults for PU/pdf/m/n on input line 29.
LaTeX Font Info:    ... okay on input line 29.

(/usr/local/texlive/2025/texmf-dist/tex/latex/graphics/graphicx.sty
Package: graphicx 2024/12/31 v1.2e Enhanced LaTeX Graphics (DPC,SPQR)

(/usr/local/texlive/2025/texmf-dist/tex/latex/graphics/graphics.sty
Package: graphics 2024/08/06 v1.4g Standard LaTeX Graphics (DPC,SPQR)

(/usr/local/texlive/2025/texmf-dist/tex/latex/graphics/trig.sty
Package: trig 2023/12/02 v1.11 sin cos tan (DPC)
)
(/usr/local/texlive/2025/texmf-dist/tex/latex/graphics-cfg/graphics.cfg
File: graphics.cfg 2016/06/04 v1.11 sample graphics configuration
)
Package graphics Info: Driver file: luatex.def on input line 106.

(/usr/local/texlive/2025/texmf-dist/tex/latex/graphics-def/luatex.def
File: luatex.def 2024/04/13 v1.2e Graphics/color driver for luatex

(/usr/local/texlive/2025/texmf-dist/tex/context/base/mkii/supp-pdf.mkii
[Loading MPS to PDF converter (version 2006.09.02).]
\scratchcounter=\count446
\scratchdimen=\dimen179
\scratchbox=\box58
\nofMPsegments=\count447
\nofMParguments=\count448
\everyMPshowfont=\toks34
\MPscratchCnt=\count449
\MPscratchDim=\dimen180
\MPnumerator=\count450
\makeMPintoPDFobject=\count451
\everyMPtoPDFconversion=\toks35
)))
(/usr/local/texlive/2025/texmf-dist/tex/latex/epstopdf-pkg/epstopdf-base.sty
Package: epstopdf-base 2020-01-24 v2.11 Base part for package epstopdf
Package epstopdf-base Info: Redefining graphics rule for `.eps' on input line 4
85.

(/usr/local/texlive/2025/texmf-dist/tex/latex/latexconfig/epstopdf-sys.cfg
File: epstopdf-sys.cfg 2010/07/13 v1.3 Configuration of (r)epstopdf for TeX Liv
e
))
\Gin@req@height=\dimen181
\Gin@req@width=\dimen182
)
*geometry* driver: auto-detecting
*geometry* detected driver: luatex
*geometry* verbose mode - [ preamble ] result:
* driver: luatex
* paper: <default>
* layout: <same size as paper>
* layoutoffset:(h,v)=(0.0pt,0.0pt)
* modes: 
* h-part:(L,W,R)=(72.26999pt, 469.75502pt, 72.26999pt)
* v-part:(T,H,B)=(72.26999pt, 650.43001pt, 72.26999pt)
* \paperwidth=614.295pt
* \paperheight=794.96999pt
* \textwidth=469.75502pt
* \textheight=650.43001pt
* \oddsidemargin=0.0pt
* \evensidemargin=0.0pt
* \topmargin=-37.0pt
* \headheight=12.0pt
* \headsep=25.0pt
* \topskip=12.0pt
* \footskip=30.0pt
* \marginparwidth=44.0pt
* \marginparsep=10.0pt
* \columnsep=10.0pt
* \skip\footins=10.8pt plus 4.0pt minus 2.0pt
* \hoffset=0.0pt
* \voffset=0.0pt
* \mag=1000
* \@twocolumnfalse
* \@twosidefalse
* \@mparswitchfalse
* \@reversemarginfalse
* (1in=72.27pt=25.4mm, 1cm=28.453pt)

Package hyperref Info: Link coloring OFF on input line 29.
(./draft-02.out) (./draft-02.out)
\@outlinefile=\write4

\openout4 = draft-02.out
Package biblatex Info: Trying to load language 'english'...
Package biblatex Info: ... file 'english.lbx' found.

(/usr/local/texlive/2025/texmf-dist/tex/latex/biblatex/lbx/english.lbx
File: english.lbx 2025/07/10 v3.21 biblatex localization (PK/MW)
)
Package biblatex Info: LuaTeX detected.
(biblatex)             Assuming input encoding 'utf8'.
Package biblatex Info: Automatic encoding selection.
(biblatex)             Assuming data encoding 'utf8'.

\openout3 = draft-02.bcf
Package biblatex Info: Trying to load bibliographic data...
Package biblatex Info: ... file 'draft-02.bbl' found.

(./draft-02.bbl)
Package biblatex Info: Reference section=0 on input line 29.
Package biblatex Info: Reference segment=0 on input line 29.
LaTeX Font Info:    Trying to load font information for U+msa on input line 32.

 (/usr/local/texlive/2025/texmf-dist/tex/latex/amsfonts/umsa.fd
File: umsa.fd 2013/01/14 v3.01 AMS symbols A
)
LaTeX Font Info:    Trying to load font information for U+msb on input line 32.

 (/usr/local/texlive/2025/texmf-dist/tex/latex/amsfonts/umsb.fd
File: umsb.fd 2013/01/14 v3.01 AMS symbols B
)
! Undefined control sequence.
l.34 ...adient Descent with Momentum (SGDM) \citep
                                                  {Polyak1964,Sutskever2013}...
? 
! Undefined control sequence.
l.36 ...mathbb{R}^n$, is Whitney-stratified \citep
                                                  {Whitney1965,Thom1969,Math...
? 
! Undefined control sequence.
l.36 ...iemannian metrics across its strata \citep
                                                  {LeeRiemannian2018,doCarmo...
? 
! Undefined control sequence.
l.36 ...trained form of heavy-ball dynamics \citep
                                                  {Polyak1964,Wibisono2016} ...
? 
! Undefined control sequence.
l.38 ... when the stratification is trivial \citep
                                                  {GoreskyMacPherson1988}, a...
? 
! Undefined control sequence.
l.40 ...sing classical submanifold geometry \citep
                                                  {doCarmoRiemannian1992,Che...
? 

Overfull \hbox (3.74388pt too wide) in paragraph at lines 40--41
[]\TU/lmr/m/n/12 The ge-o-met-ric en-hance-ments in-tro-duced by MAGI pro-vide 
sta-bil-ity prop-er-ties that SGDM
 []



[1

{/usr/local/texlive/2025/texmf-var/fonts/map/pdftex/updmap/pdftex.map}]
! Undefined control sequence.
l.42 ...ies, including Riemannian manifolds \citep
                                                  {LeeSmooth2013,LeeRiemanni...
? 
! Undefined control sequence.
l.42 ...an2018}, tangent and normal bundles \citep
                                                  {doCarmoRiemannian1992}, e...
? 
! Undefined control sequence.
l.42 ...moRiemannian1992}, exponential maps \citep
                                                  {CheegerEbin1975}, and cur...
? 
! Undefined control sequence.
l.42 ...gerEbin1975}, and curvature effects \citep
                                                  {Sakai1996}. Subsequent se...
? 
! Undefined control sequence.
l.42 ...ns introduce Whitney stratification \citep
                                                  {Whitney1957,Whitney1965},...
? 
! Undefined control sequence.
l.42 ...y1965}, stratified Morse potentials \citep
                                                  {Milnor1963,GoreskyMacPher...
? 
! Undefined control sequence.
l.42 ...mpared to its Euclidean counterpart \citep
                                                  {Polyak1964}, establishing...
? 
! Undefined control sequence.
l.42 ...d manifold-constrained optimization \citep
                                                  {Absil2008,Boumal2023}.
? 
! Undefined control sequence.
l.46 ...references in differential geometry \citep
                                                  {LeeSmooth2013,LeeRiemanni...
? 

Overfull \hbox (65.5973pt too wide) in paragraph at lines 46--47
\TU/lmr/m/n/12 dif-fer-en-tial ge-om-e-try LeeSmooth2013,LeeRie-man-nian2018,do-
Car-moRie-man-nian1992,Jost2011,Sakai1996.
 []

! Undefined control sequence.
l.50 ...$ with its differentiable structure \citep
                                                  {LeeSmooth2013}. A Riemann...
? 
! Undefined control sequence.
l.50 ...des the setting for geodesic motion \citep
                                                  {LeeRiemannian2018}.
? 


[2]
! Undefined control sequence.
<recently read> \Exp 
                     
l.62 For each $x \in S$, the exponential map $\Exp
                                                  _x : T_xS \to S$ is define...
? 
! Undefined control sequence.
l.64 \Exp
         _x(v) = \gamma_v(1),
? 
! Undefined control sequence.
l.66 ...dard results in Riemannian geometry \citep
                                                  {CheegerEbin1975,LeeRieman...
? 
! Undefined control sequence.
<recently read> \Exp 
                     
l.66 ...Riemannian2018}. In Euclidean space, $\Exp
                                                  _x(v)=x+v$, while on curve...
? 
! Undefined control sequence.
l.68 Classical comparison theorems \citep
                                         {CheegerEbin1975,Sakai1996} ensure ...
? 
! Undefined control sequence.
l.72 ...ion $d$. By the submanifold theorem \citep
                                                  {doCarmoRiemannian1992,Gui...
? 
! Undefined control sequence.
l.84 ...mponents emerge along tangent flows \citep
                                                  {doCarmoRiemannian1992}. T...
? 


[3]
! Undefined control sequence.
l.92 ... the exponential map to first order \citep
                                                  {Absil2008,Boumal2023}. Re...
? 
! Undefined control sequence.
l.106 ...nt descent and heavy-ball dynamics \citep
                                                  {Absil2008,Wibisono2016}.
? 
! Undefined control sequence.
l.112 ...erator and second fundamental form \citep
                                                  {doCarmoRiemannian1992,Sak...
? 
! Undefined control sequence.
l.116 ...cal results for geodesic deviation \citep
                                                  {Sakai1996} and Riemannian...
? 
! Undefined control sequence.
l.116 ...nnian center-of-mass constructions \citep
                                                  {Karcher1977}.
? 
! Undefined control sequence.
l.122 ...s type arise in singularity theory \citep
                                                  {Whitney1965,Thom1969}, to...
? 
! Undefined control sequence.
l.122 ...5,Thom1969}, topological stability \citep
                                                  {Mather1970}, differential...
? 
! Undefined control sequence.
l.122 ...Mather1970}, differential geometry \citep
                                                  {Chillingworth1976}, and a...
? 
! Undefined control sequence.
l.122 ...gworth1976}, and analytic geometry \citep
                                                  {BierstoneMilman1988,Pflau...
? 


[4]
! Undefined control sequence.
l.130 ...e from the ambient Euclidean space \citep
                                                  {Whitney1957,GuilleminPoll...
? 
! Undefined control sequence.
l.141 ...uously to the boundaries of strata \citep
                                                  {Whitney1965,Chillingworth...
? 


[5]
! Undefined control sequence.
l.150 ...e study of stratified Morse theory \citep
                                                  {GoreskyMacPherson1988} an...
? 
! Undefined control sequence.
l.158 ...-defined tangent and normal spaces \citep
                                                  {GuilleminPollack1974}.
? 
! Undefined control sequence.
l.168 ...s are semi-analytic or subanalytic \citep
                                                  {BierstoneMilman1988,Lojas...
? 
! Undefined control sequence.
l.168 ... of nonsmooth optimization methods \citep
                                                  {Bolte2014,HarauxJendoubi2...
? 


[6]
! Undefined control sequence.
l.174 ...compatible with the stratification \citep
                                                  {GoreskyMacPherson1988}, e...
? 
! Undefined control sequence.
l.179 ...neralize classical Morse functions \citep
                                                  {Milnor1963} to stratified...
? 
! Undefined control sequence.
l.179 ...amework of stratified Morse theory \citep
                                                  {GoreskyMacPherson1988}. T...
? 
! Undefined control sequence.
l.189 ...topological classification results \citep
                                                  {Milnor1963}.
? 


[7]
! Undefined control sequence.
l.203 ...compatible with the stratification \citep
                                                  {Bredon1970,Chillingworth1...
? 
! Undefined control sequence.
l.217 ...aces ensured by Whitney regularity \citep
                                                  {Whitney1965,Mather1973}.
? 
! Undefined control sequence.
l.223 ...cal model in the normal directions \citep
                                                  {GoreskyMacPherson1988,Pfl...
? 


[8]
! Undefined control sequence.
l.235 ...stratified manifold is subanalytic \citep
                                                  {BierstoneMilman1988,Lojas...
? 
! Undefined control sequence.
l.235 ...e Łojasiewicz gradient inequality \citep
                                                  {HarauxJendoubi2012,Kurdyk...
? 
! Undefined control sequence.
l.235 ...nd nonconvex optimization analysis \citep
                                                  {Bolte2014} and provides a...
? 
! Undefined control sequence.
l.250 ...ball method introduced by Polyak \citep
                                                  {Polyak1964}. In Euclidean...
? 
! Undefined control sequence.
l.250 ...thods, notably in the form of SGDM \citep
                                                  {Sutskever2013}, Nesterov’..
.
? 
! Undefined control sequence.
l.250 ... Nesterov’s accelerated gradient \citep
                                                  {Nesterov1983}, and variat...
? 
! Undefined control sequence.
l.250 ...al interpretations of acceleration \citep
                                                  {Wibisono2016}.
? 


[9]
! Undefined control sequence.
l.266 ...M and other momentum-based methods \citep
                                                  {Rumelhart1986,Sutskever20...
? 
! Undefined control sequence.
l.274 ...ocity field along the curve $x(t)$ \citep
                                                  {LeeRiemannian2018,Jost201...
? 
! Undefined control sequence.
l.276 ...iques from Riemannian optimization \citep
                                                  {Absil2008,Boumal2023}, we...
? 

Overfull \hbox (32.67729pt too wide) in paragraph at lines 276--277
[]\TU/lmr/m/n/12 Us-ing stan-dard dis-cretiza-tion tech-niques from Rie-man-nian
 op-ti-miza-tion Ab-sil2008,Boumal2023,
 []

! Undefined control sequence.
l.280 x_{k+1} = \Exp
                    _{x_k}(-\eta v_{k+1}),
? 


[10]
! Undefined control sequence.
l.286 ...n properties of normal coordinates \citep
                                                  {CheegerEbin1975,Sakai1996},
? 
! Undefined control sequence.
l.296 ...y a computationally simpler update \citep
                                                  {Absil2008}.
? 
! Undefined control sequence.
l.302 ...d fundamental form of submanifolds \citep
                                                  {doCarmoRiemannian1992}. T...
? 
! Undefined control sequence.
l.304 ...ative to their initial orientation \citep
                                                  {Jost2011}. This affects l...
? 
! Undefined control sequence.
l.312 ...and spaces of probability measures \citep
                                                  {AmbrosioGigliSavaré2008,...
? 
! Undefined control sequence.
l.314 ...s such as natural gradient descent \citep
                                                  {Amari1998,AmariNagaoka200...
? 
! Undefined control sequence.
l.314 ...ional formulations of acceleration \citep
                                                  {Wibisono2016}.
? 


[11]
! Undefined control sequence.
l.323 ... optimization methods such as SGDM \citep
                                                  {Polyak1964,Sutskever2013}...
? 
! Undefined control sequence.
l.327 ...-stratified Riemannian submanifold \citep
                                                  {Whitney1965,GoreskyMacPhe...
? 

Overfull \hbox (7.73804pt too wide) in paragraph at lines 327--328
\TU/lmr/m/n/12 Let $\OML/cmm/m/it/12 M \OMS/cmsy/m/n/12  \U/msb/m/n/12 R[]$ \T
U/lmr/m/n/12 be a Whitney-stratified Rie-man-nian sub-man-i-fold Whit-ney1965,Go
resky-MacPher-
 []

! Undefined control sequence.
l.331 ...mpatible with the ambient geometry \citep
                                                  {doCarmoRiemannian1992}. F...
? 
! Undefined control sequence.
l.335 ...aries due to Whitney condition (a) \citep
                                                  {Whitney1965}.
? 
! Undefined control sequence.
l.341 ...}$ be a stratified Morse potential \citep
                                                  {Milnor1963,GoreskyMacPher...
? 


[12]
! Undefined control sequence.
l.357 ...encode extrinsic curvature effects \citep
                                                  {doCarmoRiemannian1992}.
? 
! Undefined control sequence.
l.363 x_{k+1} = \Exp
                    _{x_k}(-\eta_k v_{k+1}),
? 
! Undefined control sequence.
l.365 ...g curvature and intrinsic geometry \citep
                                                  {LeeRiemannian2018,Cheeger...
? 
! Undefined control sequence.
l.367 ...ent parallel transport of momentum \citep
                                                  {Jost2011}.
? 
! Undefined control sequence.
l.375 ...tuition of stratified Morse theory \citep
                                                  {GoreskyMacPherson1988}, w...
? 
! Undefined control sequence.
l.377 ...irections of the receiving stratum \citep
                                                  {Whitney1965,Mather1973}. ...
? 


[13]
! Undefined control sequence.
l.383 \Exp
          _{x_k}(v) = x_k + v + O(\|v\|^2),
? 
! Undefined control sequence.
l.385 ...d by classical comparison theorems \citep
                                                  {Sakai1996}. Since $v_{k+1...
? 
! Undefined control sequence.
l.385 ...rm and remains quadratically small \citep
                                                  {doCarmoRiemannian1992}. T...
? 
! Undefined control sequence.
l.400 \Exp
          _{x_k}(-\eta_k v_{k+1}).
? 
! Undefined control sequence.
l.413 ...n undifferentiated Euclidean space \citep
                                                  {Polyak1964,Sutskever2013}...
? 
! Undefined control sequence.
l.413 ...ney-stratified Riemannian manifold \citep
                                                  {Whitney1965,GoreskyMacPhe...
? 
! Undefined control sequence.
l.413 ...ponents through tangent projection \citep
                                                  {doCarmoRiemannian1992}. T...
? 


[14]
! Undefined control sequence.
l.421 ...ingle stratum $S_0 = \mathbb{R}^n$ \citep
                                                  {GuilleminPollack1974}.
? 
! Undefined control sequence.
<recently read> \Exp 
                     
l.427 ...p reduces to Euclidean translation: $\Exp
                                                  _x(v)=x+v$ \citep{LeeSmoot...
? 
! Undefined control sequence.
l.427 ...idean translation: $\Exp_x(v)=x+v$ \citep
                                                  {LeeSmooth2013}.
? 
! Undefined control sequence.
l.431 ...ly diffeomorphic to $\mathbb{R}^n$ \citep
                                                  {Absil2008,Boumal2023}.
? 

! LaTeX Error: Environment theorem undefined.

See the LaTeX manual or LaTeX Companion for explanation.
Type  H <return>  for immediate help.
 ...                                              
                                                  
l.435 \begin{theorem}
                     [MAGI--SGDM Equivalence]
? 

! LaTeX Error: \begin{document} ended by \end{theorem}.

See the LaTeX manual or LaTeX Companion for explanation.
Type  H <return>  for immediate help.
 ...                                              
                                                  
l.443 \end{theorem}
                   
? 
! Undefined control sequence.
l.446 ...bb{R}^n$ with the Euclidean metric \citep
                                                  {LeeSmooth2013}, we have $...
? 
! Undefined control sequence.
l.453 which is the SGDM velocity update \citep
                                              {Polyak1964,Sutskever2013}.
? 
! Undefined control sequence.
<recently read> \Exp 
                     
l.455 For the position update, since $\Exp
                                          _{x}(v) = x + v$ in Euclidean spac...
? 
! Undefined control sequence.
l.455 ...{x}(v) = x + v$ in Euclidean space \citep
                                                  {LeeRiemannian2018}, we ob...
? 
! Undefined control sequence.
l.459 \Exp
          _{x_k}(-\eta_k v_{k+1})
? 


[15]

! LaTeX Error: Environment corollary undefined.

See the LaTeX manual or LaTeX Companion for explanation.
Type  H <return>  for immediate help.
 ...                                              
                                                  
l.468 \begin{corollary}
                       
? 
! Undefined control sequence.
l.469 ...fied submanifold of $\mathbb{R}^n$ \citep
                                                  {Whitney1965,Pflaum2000}, ...
? 

! LaTeX Error: \begin{document} ended by \end{corollary}.

See the LaTeX manual or LaTeX Companion for explanation.
Type  H <return>  for immediate help.
 ...                                              
                                                  
l.473 \end{corollary}
                     
? 
! Undefined control sequence.
l.476 ...points in lower-dimensional strata \citep
                                                  {GuilleminPollack1974}. Th...
? 
! Undefined control sequence.
l.476 ...ied by Whitney (a)--(b) conditions \citep
                                                  {Whitney1965,Mather1973}. ...
? 
! Undefined control sequence.
l.495 ...spect to the ambient inner product \citep
                                                  {doCarmoRiemannian1992,Lee...
? 
! Undefined control sequence.
l.495 ...ifold. In contrast, classical SGDM \citep
                                                  {Polyak1964,Sutskever2013}...
? 


[16]
! Undefined control sequence.
l.503 ...d local curvature of the embedding \citep
                                                  {Sakai1996,doCarmoRiemanni...
? 
! Undefined control sequence.
l.505 ...damental form and normal curvature \citep
                                                  {LeeRiemannian2018}.
? 

! LaTeX Error: Environment proposition undefined.

See the LaTeX manual or LaTeX Companion for explanation.
Type  H <return>  for immediate help.
 ...                                              
                                                  
l.511 \begin{proposition}
                         [Normal–Component Non-Increase for MAGI]
? 
! Undefined control sequence.
l.513 ...bmanifold $M \subset \mathbb{R}^n$ \citep
                                                  {Whitney1965,GoreskyMacPhe...
? 

! LaTeX Error: \begin{document} ended by \end{proposition}.

See the LaTeX manual or LaTeX Companion for explanation.
Type  H <return>  for immediate help.
 ...                                              
                                                  
l.522 \end{proposition}
                       
? 
! Undefined control sequence.
l.529 is tangential. Since $x_{k+1} = \Exp
                                          _{x_k}(\Delta_k)$, classical diffe...
? 
! Undefined control sequence.
l.529 ...ifferential–geometric expansions \citep
                                                  {CheegerEbin1975,Jost2011}...
? 


[17]
! Undefined control sequence.
l.569 ...w of the stratified Morse function \citep
                                                  {GoreskyMacPherson1988}. S...
? 
! Undefined control sequence.
l.575 ...itioned or semantically incoherent \citep
                                                  {Pflaum2000}.
? 


[18]
! Undefined control sequence.
l.579 ...ntrinsic, not extrinsic, curvature \citep
                                                  {Sakai1996}.
? 
! Undefined control sequence.
l.605 ...rameter space. Momentum-based SGDM \citep
                                                  {Polyak1964,Sutskever2013}...
? 


[19]
! Undefined control sequence.
l.617 ...adient methods to smooth manifolds \citep
                                                  {Absil2008,Boumal2023}. He...
? 
! Undefined control sequence.
l.621 ...ansport along the update direction \citep
                                                  {LeeRiemannian2018}. The p...
? 
! Undefined control sequence.
l.623 x_{k+1} = \Exp
                    _{x_k}(-\eta_k v_{k+1}),
? 
! Undefined control sequence.
l.625 ...al map captures intrinsic geometry \citep
                                                  {CheegerEbin1975}.
? 
! Undefined control sequence.
l.633 ...ation of the semantic manifold $M$ \citep
                                                  {Whitney1965,Mather1973,Go...
? 

Overfull \hbox (14.54872pt too wide) in paragraph at lines 633--635
[]\TU/lmr/m/n/12 (1) A Whit-ney strat-i-fi-ca-tion of the se-man-tic man-i-fold $\OML/cmm/m/it/12 M$ \TU/lmr/m/n/12 Whit-ney1965,Mather1973,Goresky-
 []

! Undefined control sequence.
l.636 (2) Stratified Morse potentials \citep
                                            {GoreskyMacPherson1988,Milnor1963}.

? 
! Undefined control sequence.
l.639 ...n onto $T_xM$ in the ambient space \citep
                                                  {doCarmoRiemannian1992}.
? 
! Undefined control sequence.
l.643 ...aws of Goresky–MacPherson theory \citep
                                                  {GoreskyMacPherson1988}.
? 


[20]
! Undefined control sequence.
l.651 ...y static reparameterization of SGD \citep
                                                  {Polyak1964,Wibisono2016}.
? 
! Undefined control sequence.
l.653 ..., and curvature-dependent behavior \citep
                                                  {Absil2008}. Euclidean SGD...
? 
! Undefined control sequence.
l.655 ...herent behavior near singularities \citep
                                                  {Whitney1965,Pflaum2000}.
? 


[21]
! Undefined control sequence.
l.669 ...form a Whitney-stratified manifold \citep
                                                  {Whitney1965,GoreskyMacPhe...
? 

Overfull \hbox (36.30528pt too wide) in paragraph at lines 669--670
\TU/lmr/m/n/12 re-sen-ta-tions form a Whitney-stratified man-i-fold Whit-ney1965
,Goresky-MacPher-son1988,Pflaum2000
 []

! Undefined control sequence.
l.671 ...e. The tangent projection operator \citep
                                                  {doCarmoRiemannian1992,Lee...
? 
! Undefined control sequence.
l.671 ...escribed by Whitney’s conditions \citep
                                                  {Whitney1965}, mirroring t...
? 
! Undefined control sequence.
l.671 ... gradient flows in singular spaces \citep
                                                  {GoreskyMacPherson1988}. T...
? 
! Undefined control sequence.
l.673 ...as in classical heavy-ball methods \citep
                                                  {Polyak1964,Sutskever2013}...
? 
! Undefined control sequence.
l.675 ...e behavior even near singularities \citep
                                                  {Milnor1963,GoreskyMacPher...
? 


[22]
! Undefined control sequence.
l.679 ...from Whitney’s foundational work \citep
                                                  {Whitney1965} to modern tr...
? 
! Undefined control sequence.
l.679 ...f Riemannian and stratified spaces \citep
                                                  {LeeRiemannian2018,Pflaum2...
? 


[23] (./draft-02.aux)
 ***********
LaTeX2e <2025-06-01> patch level 1
L3 programming layer <2025-09-02>
 ***********
Package rerunfilecheck Info: File `draft-02.out' has not changed.
(rerunfilecheck)             Checksum: 4D4F68AF2212E406BFBBC0B196B16837;2353.
Package logreq Info: Writing requests to 'draft-02.run.xml'.

\openout1 = draft-02.run.xml
)

Here is how much of LuaTeX's memory you used:
 19848 strings out of 476291
 125165,1373583 words of node,token memory allocated
 821 words of node memory still in use:
   6 hlist, 2 vlist, 2 rule, 2 glue, 4 kern, 1 glyph, 69 attribute, 69 glue_spec
, 69 attribute_list, 1 write nodes
   avail lists: 2:237,3:127,4:18,5:365,6:33,7:8282,8:49,9:329,10:13,11:853
 41699 multiletter control sequences out of 65536+600000
 77 fonts using 5128311 bytes
 73i,6n,75p,1065b,954s stack positions out of 10000i,1000n,20000p,200000b,200000s
</usr/local/texlive/2025/texmf-dist/fonts/opentype/public/lm/lmroman12-italic.ot
f></usr/local/texlive/2025/texmf-dist/fonts/opentype/public/lm/lmroman12-bold.ot
f></usr/local/texlive/2025/texmf-dist/fonts/opentype/public/lm/lmroman12-regular
.otf></usr/local/texlive/2025/texmf-dist/fonts/opentype/public/lm/lmroman17-regu
lar.otf></usr/local/texlive/2025/texmf-dist/fonts/type1/public/amsfonts/cm/cmex1
0.pfb></usr/local/texlive/2025/texmf-dist/fonts/type1/public/amsfonts/cm/cmmi12.
pfb></usr/local/texlive/2025/texmf-dist/fonts/type1/public/amsfonts/cm/cmmi6.pfb
></usr/local/texlive/2025/texmf-dist/fonts/type1/public/amsfonts/cm/cmmi8.pfb></
usr/local/texlive/2025/texmf-dist/fonts/type1/public/amsfonts/cm/cmr12.pfb></usr
/local/texlive/2025/texmf-dist/fonts/type1/public/amsfonts/cm/cmr6.pfb></usr/loc
al/texlive/2025/texmf-dist/fonts/type1/public/amsfonts/cm/cmr8.pfb></usr/local/t
exlive/2025/texmf-dist/fonts/type1/public/amsfonts/cm/cmsy10.pfb></usr/local/tex
live/2025/texmf-dist/fonts/type1/public/amsfonts/cm/cmsy8.pfb></usr/local/texliv
e/2025/texmf-dist/fonts/type1/public/amsfonts/symbols/msbm10.pfb>
Output written on draft-02.pdf (23 pages, 194379 bytes).

PDF statistics: 270 PDF objects out of 1000 (max. 8388607)
 220 compressed objects within 3 object streams
 80 named destinations out of 1000 (max. 131072)
 81 words of extra memory for PDF output out of 10000 (max. 100000000)

