\BOOKMARK [1][-]{section.1}{\376\377\000I\000n\000t\000r\000o\000d\000u\000c\000t\000i\000o\000n}{}% 1
\BOOKMARK [1][-]{section.2}{\376\377\000T\000h\000e\000\040\000R\000e\000l\000a\000t\000i\000v\000i\000s\000t\000i\000c\000\040\000S\000c\000a\000l\000a\000r\000\040\000V\000e\000c\000t\000o\000r\000\040\000P\000l\000e\000n\000u\000m}{}% 2
\BOOKMARK [2][-]{subsection.2.1}{\376\377\000A\000c\000t\000i\000o\000n\000\040\000F\000u\000n\000c\000t\000i\000o\000n\000a\000l\000\040\000a\000n\000d\000\040\000V\000a\000r\000i\000a\000t\000i\000o\000n\000a\000l\000\040\000S\000t\000r\000u\000c\000t\000u\000r\000e}{section.2}% 3
\BOOKMARK [2][-]{subsection.2.2}{\376\377\000L\000a\000m\000p\000h\000r\000o\000n\040\023\000L\000a\000m\000p\000h\000r\000o\000d\000y\000n\000e\000\040\000M\000e\000c\000h\000a\000n\000i\000s\000m}{section.2}% 4
\BOOKMARK [2][-]{subsection.2.3}{\376\377\000E\000n\000t\000r\000o\000p\000y\000\040\000B\000u\000d\000g\000e\000t\000s\000\040\000a\000n\000d\000\040\000G\000e\000n\000e\000r\000a\000l\000i\000z\000e\000d\000\040\000L\000a\000n\000d\000a\000u\000e\000r\000\040\000B\000o\000u\000n\000d\000s}{section.2}% 5
\BOOKMARK [2][-]{subsection.2.4}{\376\377\000I\000n\000t\000e\000r\000p\000r\000e\000t\000i\000v\000e\000\040\000S\000u\000m\000m\000a\000r\000y}{section.2}% 6
\BOOKMARK [1][-]{section.3}{\376\377\000C\000o\000s\000m\000o\000l\000o\000g\000i\000c\000a\000l\000\040\000E\000n\000c\000o\000d\000i\000n\000g\000s}{}% 7
\BOOKMARK [1][-]{section.4}{\376\377\000C\000o\000g\000n\000i\000t\000i\000v\000e\000\040\000a\000n\000d\000\040\000N\000e\000u\000r\000a\000l\000\040\000D\000y\000n\000a\000m\000i\000c\000s}{}% 8
\BOOKMARK [2][-]{subsection.4.1}{\376\377\000P\000r\000e\000d\000i\000c\000t\000i\000v\000e\000\040\000C\000o\000d\000i\000n\000g\000\040\000i\000n\000\040\000R\000S\000V\000P\000\040\000F\000i\000e\000l\000d\000s}{section.4}% 9
\BOOKMARK [2][-]{subsection.4.2}{\376\377\000S\000t\000a\000b\000i\000l\000i\000t\000y\000\040\000a\000n\000d\000\040\000R\000e\000g\000u\000l\000a\000t\000i\000o\000n}{section.4}% 10
\BOOKMARK [2][-]{subsection.4.3}{\376\377\000C\000o\000n\000s\000c\000i\000o\000u\000s\000n\000e\000s\000s\000\040\000a\000n\000d\000\040\000R\000S\000V\000P\000\040\000C\000o\000h\000e\000r\000e\000n\000c\000e}{section.4}% 11
\BOOKMARK [2][-]{subsection.4.4}{\376\377\000I\000n\000t\000e\000r\000p\000r\000e\000t\000i\000v\000e\000\040\000S\000u\000m\000m\000a\000r\000y}{section.4}% 12
\BOOKMARK [1][-]{section.5}{\376\377\000A\000r\000t\000i\000f\000i\000c\000i\000a\000l\000\040\000I\000n\000t\000e\000l\000l\000i\000g\000e\000n\000c\000e\000\040\000a\000n\000d\000\040\000R\000e\000p\000l\000i\000c\000a\000t\000o\000r\000\040\000D\000y\000n\000a\000m\000i\000c\000s}{}% 13
\BOOKMARK [2][-]{subsection.5.1}{\376\377\000E\000n\000t\000r\000o\000p\000y\000\040\000a\000n\000d\000\040\000N\000e\000g\000e\000n\000t\000r\000o\000p\000i\000c\000\040\000F\000o\000r\000c\000i\000n\000g}{section.5}% 14
\BOOKMARK [2][-]{subsection.5.2}{\376\377\000G\000r\000a\000d\000i\000e\000n\000t\000\040\000F\000l\000o\000w\000\040\000I\000n\000t\000e\000r\000p\000r\000e\000t\000a\000t\000i\000o\000n}{section.5}% 15
\BOOKMARK [2][-]{subsection.5.3}{\376\377\000C\000o\000n\000n\000e\000c\000t\000i\000o\000n\000\040\000t\000o\000\040\000A\000u\000t\000o\000r\000e\000g\000r\000e\000s\000s\000i\000o\000n}{section.5}% 16
\BOOKMARK [2][-]{subsection.5.4}{\376\377\000I\000n\000t\000e\000r\000p\000r\000e\000t\000i\000v\000e\000\040\000S\000u\000m\000m\000a\000r\000y}{section.5}% 17
\BOOKMARK [1][-]{section.6}{\376\377\000S\000e\000m\000a\000n\000t\000i\000c\000\040\000I\000n\000f\000r\000a\000s\000t\000r\000u\000c\000t\000u\000r\000e\000\040\000a\000n\000d\000\040\000C\000o\000m\000m\000u\000n\000i\000c\000a\000t\000i\000o\000n}{}% 18
\BOOKMARK [2][-]{subsection.6.1}{\376\377\000H\000o\000m\000o\000t\000o\000p\000y\000-\000C\000o\000l\000i\000m\000i\000t\000\040\000S\000e\000m\000a\000n\000t\000i\000c\000s}{section.6}% 19
\BOOKMARK [2][-]{subsection.6.2}{\376\377\000E\000x\000t\000e\000n\000s\000i\000o\000n\000\040\000o\000f\000\040\000M\000D\000L\000\040\000a\000n\000d\000\040\000F\000r\000e\000e\000\040\000E\000n\000e\000r\000g\000y}{section.6}% 20
\BOOKMARK [2][-]{subsection.6.3}{\376\377\000I\000n\000t\000e\000r\000p\000r\000e\000t\000i\000v\000e\000\040\000S\000u\000m\000m\000a\000r\000y}{section.6}% 21
\BOOKMARK [1][-]{section.7}{\376\377\000P\000h\000i\000l\000o\000s\000o\000p\000h\000y\000\040\000a\000n\000d\000\040\000E\000t\000h\000i\000c\000s\000\040\000o\000f\000\040\000E\000n\000t\000r\000o\000p\000y}{}% 22
\BOOKMARK [2][-]{subsection.7.1}{\376\377\000M\000i\000n\000i\000m\000i\000z\000a\000t\000i\000o\000n\000\040\000o\000f\000\040\000\040\000a\000s\000\040\000a\000\040\000N\000o\000r\000m\000a\000t\000i\000v\000e\000\040\000P\000r\000i\000n\000c\000i\000p\000l\000e}{section.7}% 23
\BOOKMARK [2][-]{subsection.7.2}{\376\377\000C\000o\000n\000s\000t\000r\000a\000i\000n\000t\000\040\000N\000a\000v\000i\000g\000a\000t\000i\000o\000n\000\040\000a\000n\000d\000\040\000H\000u\000m\000a\000n\000\040\000P\000r\000o\000j\000e\000c\000t\000s}{section.7}% 24
\BOOKMARK [2][-]{subsection.7.3}{\376\377\000E\000n\000t\000r\000o\000p\000y\000\040\000a\000s\000\040\000a\000\040\000U\000n\000i\000v\000e\000r\000s\000a\000l\000\040\000E\000t\000h\000i\000c\000a\000l\000\040\000S\000u\000b\000s\000t\000r\000a\000t\000e}{section.7}% 25
\BOOKMARK [2][-]{subsection.7.4}{\376\377\000I\000n\000t\000e\000r\000p\000r\000e\000t\000i\000v\000e\000\040\000S\000u\000m\000m\000a\000r\000y}{section.7}% 26
\BOOKMARK [1][-]{section.8}{\376\377\000E\000n\000g\000i\000n\000e\000e\000r\000i\000n\000g\000,\000\040\000B\000i\000o\000l\000o\000g\000y\000,\000\040\000a\000n\000d\000\040\000I\000n\000f\000r\000a\000s\000t\000r\000u\000c\000t\000u\000r\000e}{}% 27
\BOOKMARK [1][-]{section.9}{\376\377\000S\000a\000f\000e\000t\000y\000\040\000a\000n\000d\000\040\000G\000o\000v\000e\000r\000n\000a\000n\000c\000e}{}% 28
\BOOKMARK [1][-]{section.10}{\376\377\000R\000S\000V\000P\000\040\000a\000n\000d\000\040\000E\000x\000i\000s\000t\000e\000n\000t\000i\000a\000l\000\040\000R\000i\000s\000k\000:\000\040\000R\000e\000f\000r\000a\000m\000i\000n\000g\000\040\000t\000h\000e\000\040\000`\000`\000I\000f\000\040\000A\000n\000y\000o\000n\000e\000\040\000B\000u\000i\000l\000d\000s\000\040\000I\000t\000,\000\040\000E\000v\000e\000r\000y\000o\000n\000e\000\040\000D\000i\000e\000s\000'\000'\000\040\000N\000a\000r\000r\000a\000t\000i\000v\000e}{}% 29
\BOOKMARK [2][-]{subsection.10.1}{\376\377\000R\000e\000f\000r\000a\000m\000i\000n\000g\000\040\000t\000h\000e\000\040\000N\000a\000t\000u\000r\000e\000\040\000o\000f\000\040\000t\000h\000e\000\040\000P\000r\000o\000b\000l\000e\000m}{section.10}% 30
\BOOKMARK [2][-]{subsection.10.2}{\376\377\000F\000r\000o\000m\000\040\000`\000`\000A\000l\000i\000g\000n\000m\000e\000n\000t\000'\000'\000\040\000t\000o\000\040\000E\000n\000t\000r\000o\000p\000i\000c\000\040\000B\000u\000d\000g\000e\000t\000s}{section.10}% 31
\BOOKMARK [2][-]{subsection.10.3}{\376\377\000F\000r\000o\000m\000\040\000A\000g\000e\000n\000t\000-\000C\000e\000n\000t\000r\000i\000c\000\040\000t\000o\000\040\000S\000y\000s\000t\000e\000m\000-\000C\000e\000n\000t\000r\000i\000c\000\040\000S\000a\000f\000e\000t\000y}{section.10}% 32
\BOOKMARK [2][-]{subsection.10.4}{\376\377\000G\000o\000v\000e\000r\000n\000a\000n\000c\000e\000\040\000a\000s\000\040\000T\000h\000e\000r\000m\000o\000d\000y\000n\000a\000m\000i\000c\000\040\000M\000a\000n\000a\000g\000e\000m\000e\000n\000t}{section.10}% 33
\BOOKMARK [2][-]{subsection.10.5}{\376\377\000L\000a\000m\000p\000h\000r\000o\000n\040\023\000L\000a\000m\000p\000h\000r\000o\000d\000y\000n\000e\000\040\000a\000s\000\040\000S\000t\000a\000b\000i\000l\000i\000z\000e\000r}{section.10}% 34
\BOOKMARK [2][-]{subsection.10.6}{\376\377\000E\000t\000h\000i\000c\000s\000\040\000B\000e\000y\000o\000n\000d\000\040\000`\000`\000D\000o\000n\040\031\000t\000\040\000D\000i\000e\000'\000'}{section.10}% 35
\BOOKMARK [2][-]{subsection.10.7}{\376\377\000I\000n\000t\000e\000r\000p\000r\000e\000t\000i\000v\000e\000\040\000S\000u\000m\000m\000a\000r\000y}{section.10}% 36
\BOOKMARK [1][-]{section.11}{\376\377\000I\000n\000t\000e\000g\000r\000a\000t\000i\000o\000n\000\040\000w\000i\000t\000h\000\040\000D\000e\000r\000i\000v\000e\000d\000\040\000G\000e\000o\000m\000e\000t\000r\000y\000\040\000a\000n\000d\000\040\000A\000K\000S\000Z}{}% 37
\BOOKMARK [2][-]{subsection.11.1}{\376\377\000R\000S\000V\000P\000\040\000a\000s\000\040\000a\000\040\000S\000i\000g\000m\000a\000\040\000M\000o\000d\000e\000l}{section.11}% 38
\BOOKMARK [2][-]{subsection.11.2}{\376\377\000S\000h\000i\000f\000t\000e\000d\000\040\000S\000y\000m\000p\000l\000e\000c\000t\000i\000c\000\040\000S\000t\000r\000u\000c\000t\000u\000r\000e\000s}{section.11}% 39
\BOOKMARK [2][-]{subsection.11.3}{\376\377\000T\000r\000i\000p\000l\000i\000c\000a\000t\000e\000\040\000E\000n\000c\000o\000d\000i\000n\000g\000s\000\040\000a\000n\000d\000\040\000C\000l\000o\000s\000u\000r\000e}{section.11}% 40
\BOOKMARK [2][-]{subsection.11.4}{\376\377\000I\000n\000t\000e\000r\000p\000r\000e\000t\000i\000v\000e\000\040\000S\000u\000m\000m\000a\000r\000y}{section.11}% 41
\BOOKMARK [1][-]{section.12}{\376\377\000C\000o\000n\000c\000l\000u\000s\000i\000o\000n\000\040\000a\000n\000d\000\040\000O\000u\000t\000l\000o\000o\000k}{}% 42
\BOOKMARK [1][-]{appendix.A}{\376\377\000P\000D\000E\000s\000\040\000a\000n\000d\000\040\000B\000o\000u\000n\000d\000a\000r\000y\000\040\000C\000o\000n\000d\000i\000t\000i\000o\000n\000s\000\040\000f\000o\000r\000\040\000R\000S\000V\000P\000\040\000F\000i\000e\000l\000d\000s}{}% 43
\BOOKMARK [1][-]{appendix.B}{\376\377\000B\000V\000/\000A\000K\000S\000Z\000\040\000T\000e\000c\000h\000n\000i\000c\000a\000l\000\040\000D\000e\000t\000a\000i\000l\000s}{}% 44
\BOOKMARK [1][-]{appendix.C}{\376\377\000F\000r\000a\000c\000t\000i\000o\000n\000a\000l\000\040\000O\000p\000e\000r\000a\000t\000o\000r\000s\000\040\000a\000n\000d\000\040\000L\000o\000n\000g\000-\000R\000a\000n\000g\000e\000\040\000D\000e\000p\000e\000n\000d\000e\000n\000c\000e}{}% 45
\BOOKMARK [1][-]{appendix.D}{\376\377\000R\000A\000T\000\040\000F\000o\000r\000m\000a\000l\000i\000s\000m\000\040\000a\000n\000d\000\040\000A\000u\000t\000o\000r\000e\000g\000r\000e\000s\000s\000i\000v\000e\000\040\000C\000o\000g\000n\000i\000t\000i\000o\000n}{}% 46
\BOOKMARK [1][-]{appendix.E}{\376\377\000H\000Y\000D\000R\000A\000\040\000E\000n\000g\000i\000n\000e\000e\000r\000i\000n\000g\000\040\000S\000p\000e\000c\000i\000f\000i\000c\000a\000t\000i\000o\000n}{}% 47
\BOOKMARK [1][-]{appendix.F}{\376\377\000T\000A\000R\000T\000A\000N\000\040\000M\000a\000t\000h\000e\000m\000a\000t\000i\000c\000a\000l\000\040\000F\000r\000a\000m\000e\000w\000o\000r\000k}{}% 48
\BOOKMARK [1][-]{appendix.G}{\376\377\000S\000e\000m\000a\000n\000t\000i\000c\000\040\000M\000e\000r\000g\000e\000\040\000O\000p\000e\000r\000a\000t\000o\000r}{}% 49
\BOOKMARK [1][-]{appendix.H}{\376\377\000E\000A\000I\000M\000R\000\040\000a\000n\000d\000\040\000P\000r\000a\000x\000i\000c\000o\000n\000\040\000F\000o\000r\000m\000a\000l\000i\000z\000a\000t\000i\000o\000n}{}% 50
\BOOKMARK [1][-]{appendix.I}{\376\377\000E\000m\000p\000i\000r\000i\000c\000a\000l\000\040\000P\000r\000o\000t\000o\000c\000o\000l\000s}{}% 51
\BOOKMARK [1][-]{appendix.J}{\376\377\000R\000e\000p\000r\000o\000d\000u\000c\000i\000b\000i\000l\000i\000t\000y\000\040\000a\000n\000d\000\040\000P\000i\000p\000e\000l\000i\000n\000e\000s}{}% 52
\BOOKMARK [1][-]{appendix.K}{\376\377\000G\000l\000o\000s\000s\000a\000r\000y\000\040\000o\000f\000\040\000N\000e\000o\000l\000o\000g\000i\000s\000m\000s}{}% 53
