\BOOKMARK [0][-]{chapter.1}{\376\377\000P\000r\000e\000r\000e\000q\000u\000i\000s\000i\000t\000e\000s}{}% 1
\BOOKMARK [1][-]{section.1.1}{\376\377\000S\000t\000a\000n\000d\000a\000r\000d\000\040\000C\000o\000s\000m\000o\000l\000o\000g\000y\000\040\000a\000n\000d\000\040\000t\000h\000e\000\040\000F\000R\000W\000\040\000M\000e\000t\000r\000i\000c}{chapter.1}% 2
\BOOKMARK [1][-]{section.1.2}{\376\377\000I\000n\000f\000l\000a\000t\000i\000o\000n\000a\000r\000y\000\040\000C\000o\000s\000m\000o\000l\000o\000g\000y}{chapter.1}% 3
\BOOKMARK [1][-]{section.1.3}{\376\377\000E\000f\000f\000e\000c\000t\000i\000v\000e\000\040\000F\000i\000e\000l\000d\000\040\000T\000h\000e\000o\000r\000y\000\040\000a\000n\000d\000\040\000C\000o\000s\000m\000o\000l\000o\000g\000i\000c\000a\000l\000\040\000P\000e\000r\000t\000u\000r\000b\000a\000t\000i\000o\000n\000s}{chapter.1}% 4
\BOOKMARK [1][-]{section.1.4}{\376\377\000B\000V\000/\000A\000K\000S\000Z\000\040\000F\000o\000r\000m\000a\000l\000i\000s\000m}{chapter.1}% 5
\BOOKMARK [1][-]{section.1.5}{\376\377\000N\000o\000n\000-\000E\000x\000p\000a\000n\000d\000i\000n\000g\000\040\000C\000o\000s\000m\000o\000l\000o\000g\000i\000c\000a\000l\000\040\000M\000o\000d\000e\000l\000s}{chapter.1}% 6
\BOOKMARK [0][-]{chapter.2}{\376\377\000I\000n\000t\000r\000o\000d\000u\000c\000t\000i\000o\000n}{}% 7
\BOOKMARK [1][-]{section.2.1}{\376\377\000O\000v\000e\000r\000v\000i\000e\000w\000\040\000o\000f\000\040\000t\000h\000e\000\040\000R\000S\000V\000P\000\040\000F\000r\000a\000m\000e\000w\000o\000r\000k}{chapter.2}% 8
\BOOKMARK [1][-]{section.2.2}{\376\377\000M\000o\000t\000i\000v\000a\000t\000i\000o\000n\000\040\000a\000n\000d\000\040\000C\000o\000n\000t\000e\000x\000t}{chapter.2}% 9
\BOOKMARK [0][-]{chapter.3}{\376\377\000T\000h\000e\000o\000r\000e\000t\000i\000c\000a\000l\000\040\000F\000o\000u\000n\000d\000a\000t\000i\000o\000n\000s\000\040\000o\000f\000\040\000R\000S\000V\000P}{}% 10
\BOOKMARK [1][-]{section.3.1}{\376\377\000S\000c\000a\000l\000a\000r\000\040\000a\000n\000d\000\040\000V\000e\000c\000t\000o\000r\000\040\000F\000i\000e\000l\000d\000s\000\040\000i\000n\000\040\000t\000h\000e\000\040\000P\000l\000e\000n\000u\000m}{chapter.3}% 11
\BOOKMARK [1][-]{section.3.2}{\376\377\000E\000n\000t\000r\000o\000p\000i\000c\000\040\000R\000e\000d\000i\000s\000t\000r\000i\000b\000u\000t\000i\000o\000n\000\040\000a\000n\000d\000\040\000R\000e\000d\000s\000h\000i\000f\000t}{chapter.3}% 12
\BOOKMARK [1][-]{section.3.3}{\376\377\000N\000o\000n\000-\000E\000x\000p\000a\000n\000d\000i\000n\000g\000\040\000I\000n\000t\000e\000r\000p\000r\000e\000t\000a\000t\000i\000o\000n\000\040\000a\000n\000d\000\040\000C\000o\000a\000r\000s\000e\000-\000G\000r\000a\000i\000n\000i\000n\000g\000\040\000S\000c\000a\000l\000e}{chapter.3}% 13
\BOOKMARK [1][-]{section.3.4}{\376\377\000C\000a\000r\000t\000a\000n\000\040\000T\000o\000r\000s\000i\000o\000n\000\040\000a\000n\000d\000\040\000P\000l\000e\000n\000o\000m\000i\000c\000\040\000V\000o\000r\000t\000i\000c\000i\000t\000y}{chapter.3}% 14
\BOOKMARK [1][-]{section.3.5}{\376\377\000E\000n\000e\000r\000g\000e\000t\000i\000c\000s\000\040\000a\000n\000d\000\040\000O\000u\000t\000w\000a\000r\000d\000\040\000F\000a\000l\000l\000i\000n\000g}{chapter.3}% 15
\BOOKMARK [0][-]{chapter.4}{\376\377\000I\000n\000f\000l\000a\000t\000i\000o\000n\000\040\000i\000n\000\040\000t\000h\000e\000\040\000R\000S\000V\000P\000\040\000F\000r\000a\000m\000e\000w\000o\000r\000k}{}% 16
\BOOKMARK [1][-]{section.4.1}{\376\377\000I\000n\000f\000l\000a\000t\000i\000o\000n\000\040\000W\000i\000t\000h\000o\000u\000t\000\040\000a\000n\000\040\000I\000n\000f\000l\000a\000t\000o\000n\000:\000\040\000E\000n\000t\000r\000o\000p\000i\000c\000\040\000S\000m\000o\000o\000t\000h\000i\000n\000g\000,\000\040\000B\000u\000l\000k\000\040\000V\000i\000s\000c\000o\000s\000i\000t\000y\000,\000\040\000a\000n\000d\000\040\000T\000e\000n\000s\000o\000r\000-\000S\000o\000u\000r\000c\000e\000d\000\040\000S\000c\000a\000l\000a\000r\000s}{chapter.4}% 17
\BOOKMARK [2][-]{subsection.4.1.1}{\376\377\000F\000i\000e\000l\000d\000\040\000C\000o\000n\000t\000e\000n\000t\000\040\000a\000n\000d\000\040\000C\000o\000n\000s\000t\000i\000t\000u\000t\000i\000v\000e\000\040\000D\000a\000t\000a}{section.4.1}% 18
\BOOKMARK [2][-]{subsection.4.1.2}{\376\377\000M\000a\000c\000r\000o\000d\000y\000n\000a\000m\000i\000c\000s\000\040\000o\000n\000\040\000F\000R\000W\000\040\000a\000n\000d\000\040\000t\000h\000e\000\040\000V\000i\000s\000c\000o\000u\000s\000\040\000F\000i\000x\000e\000d\000\040\000P\000o\000i\000n\000t}{section.4.1}% 19
\BOOKMARK [2][-]{subsection.4.1.3}{\376\377\000M\000i\000c\000r\000o\000s\000c\000o\000p\000i\000c\000\040\000R\000S\000V\000P\000\040\000O\000r\000i\000g\000i\000n\000\040\000o\000f\000\040\000\040\000a\000n\000d\000\040\000n\000a}{section.4.1}% 20
\BOOKMARK [2][-]{subsection.4.1.4}{\376\377\000P\000e\000r\000t\000u\000r\000b\000a\000t\000i\000o\000n\000s\000:\000\040\000E\000f\000f\000e\000c\000t\000i\000v\000e\000-\000F\000l\000u\000i\000d\000\040\000P\000o\000w\000e\000r\000\040\000S\000p\000e\000c\000t\000r\000a\000\040\000a\000n\000d\000\040\000t\000h\000e\000\040\000B\000J\000M\000R\000\040\000C\000o\000r\000r\000e\000s\000p\000o\000n\000d\000e\000n\000c\000e}{section.4.1}% 21
\BOOKMARK [2][-]{subsection.4.1.5}{\376\377\000E\000x\000i\000t\000\040\000a\000n\000d\000\040\000R\000e\000h\000e\000a\000t\000i\000n\000g\000-\000b\000y\000-\000R\000e\000l\000a\000x\000a\000t\000i\000o\000n}{section.4.1}% 22
\BOOKMARK [2][-]{subsection.4.1.6}{\376\377\000C\000o\000n\000s\000i\000s\000t\000e\000n\000c\000y\000\040\000C\000o\000n\000d\000i\000t\000i\000o\000n\000s\000\040\000a\000n\000d\000\040\000O\000b\000s\000e\000r\000v\000a\000t\000i\000o\000n\000a\000l\000\040\000H\000a\000n\000d\000l\000e\000s}{section.4.1}% 23
\BOOKMARK [0][-]{chapter.5}{\376\377\000Q\000u\000a\000n\000t\000u\000m\000\040\000T\000h\000e\000r\000m\000o\000d\000y\000n\000a\000m\000i\000c\000\040\000A\000s\000p\000e\000c\000t\000s}{}% 24
\BOOKMARK [0][-]{chapter.6}{\376\377\000O\000b\000s\000e\000r\000v\000a\000t\000i\000o\000n\000a\000l\000\040\000S\000i\000g\000n\000a\000t\000u\000r\000e\000s}{}% 25
\BOOKMARK [1][-]{section.6.1}{\376\377\000C\000M\000B\000\040\000A\000n\000i\000s\000o\000t\000r\000o\000p\000i\000e\000s\000\040\000a\000n\000d\000\040\000P\000o\000w\000e\000r\000\040\000S\000p\000e\000c\000t\000r\000u\000m\000\040\000T\000i\000l\000t}{chapter.6}% 26
\BOOKMARK [1][-]{section.6.2}{\376\377\000G\000r\000a\000v\000i\000t\000a\000t\000i\000o\000n\000a\000l\000\040\000W\000a\000v\000e\000\040\000B\000a\000c\000k\000g\000r\000o\000u\000n\000d}{chapter.6}% 27
\BOOKMARK [1][-]{section.6.3}{\376\377\000O\000t\000h\000e\000r\000\040\000I\000m\000p\000l\000i\000c\000a\000t\000i\000o\000n\000s}{chapter.6}% 28
\BOOKMARK [0][-]{chapter.7}{\376\377\000C\000o\000m\000p\000u\000t\000a\000t\000i\000o\000n\000a\000l\000\040\000M\000o\000d\000e\000l\000i\000n\000g\000:\000\040\000T\000h\000e\000\040\000R\000S\000V\000P\000\040\000S\000i\000m\000u\000l\000a\000t\000o\000r}{}% 29
\BOOKMARK [1][-]{section.7.1}{\376\377\000L\000a\000t\000t\000i\000c\000e\000-\000B\000a\000s\000e\000d\000\040\000S\000i\000m\000u\000l\000a\000t\000i\000o\000n\000s}{chapter.7}% 30
\BOOKMARK [1][-]{section.7.2}{\376\377\000O\000b\000s\000e\000r\000v\000a\000t\000i\000o\000n\000a\000l\000\040\000P\000r\000e\000d\000i\000c\000t\000i\000o\000n\000s}{chapter.7}% 31
\BOOKMARK [0][-]{chapter.8}{\376\377\000E\000m\000p\000i\000r\000i\000c\000a\000l\000\040\000V\000a\000l\000i\000d\000a\000t\000i\000o\000n\000\040\000a\000n\000d\000\040\000I\000n\000t\000e\000r\000d\000i\000s\000c\000i\000p\000l\000i\000n\000a\000r\000y\000\040\000A\000p\000p\000l\000i\000c\000a\000t\000i\000o\000n\000s}{}% 32
\BOOKMARK [1][-]{section.8.1}{\376\377\000A\000s\000t\000r\000o\000n\000o\000m\000i\000c\000a\000l\000\040\000T\000e\000s\000t\000s}{chapter.8}% 33
\BOOKMARK [1][-]{section.8.2}{\376\377\000C\000o\000n\000n\000e\000c\000t\000i\000o\000n\000s\000\040\000t\000o\000\040\000C\000o\000g\000n\000i\000t\000i\000v\000e\000\040\000S\000c\000i\000e\000n\000c\000e}{chapter.8}% 34
\BOOKMARK [0][-]{chapter.9}{\376\377\000C\000o\000n\000c\000l\000u\000s\000i\000o\000n\000\040\000a\000n\000d\000\040\000F\000u\000t\000u\000r\000e\000\040\000D\000i\000r\000e\000c\000t\000i\000o\000n\000s}{}% 35
\BOOKMARK [0][-]{appendix.A}{\376\377\000M\000a\000t\000h\000e\000m\000a\000t\000i\000c\000a\000l\000\040\000A\000p\000p\000e\000n\000d\000i\000x\000:\000\040\000R\000S\000V\000P\000\040\000I\000n\000f\000l\000a\000t\000i\000o\000n\000\040\000W\000i\000t\000h\000o\000u\000t\000\040\000a\000n\000\040\000I\000n\000f\000l\000a\000t\000o\000n}{}% 36
\BOOKMARK [1][-]{section.A.1}{\376\377\000F\000i\000e\000l\000d\000\040\000C\000o\000n\000t\000e\000n\000t\000\040\000a\000n\000d\000\040\000S\000y\000m\000p\000l\000e\000c\000t\000i\000c\000\040\000S\000t\000r\000u\000c\000t\000u\000r\000e}{appendix.A}% 37
\BOOKMARK [1][-]{section.A.2}{\376\377\000E\000f\000f\000e\000c\000t\000i\000v\000e\000\040\000F\000R\000W\000\040\000D\000y\000n\000a\000m\000i\000c\000s}{appendix.A}% 38
\BOOKMARK [1][-]{section.A.3}{\376\377\000S\000l\000o\000w\000-\000R\000o\000l\000l\000\040\000P\000a\000r\000a\000m\000e\000t\000e\000r\000s\000\040\000W\000i\000t\000h\000o\000u\000t\000\040\000a\000\040\000S\000c\000a\000l\000a\000r\000\040\000P\000o\000t\000e\000n\000t\000i\000a\000l}{appendix.A}% 39
\BOOKMARK [1][-]{section.A.4}{\376\377\000M\000i\000c\000r\000o\000s\000c\000o\000p\000i\000c\000\040\000O\000r\000i\000g\000i\000n\000\040\000o\000f\000\040\000\040\000a\000n\000d\000\040\000n\000a}{appendix.A}% 40
\BOOKMARK [1][-]{section.A.5}{\376\377\000P\000e\000r\000t\000u\000r\000b\000a\000t\000i\000o\000n\000s\000\040\000a\000n\000d\000\040\000E\000f\000f\000e\000c\000t\000i\000v\000e\000-\000F\000l\000u\000i\000d\000\040\000S\000p\000e\000c\000t\000r\000a}{appendix.A}% 41
\BOOKMARK [1][-]{section.A.6}{\376\377\000E\000x\000i\000t\000\040\000f\000r\000o\000m\000\040\000I\000n\000f\000l\000a\000t\000i\000o\000n\000\040\000a\000n\000d\000\040\000R\000e\000h\000e\000a\000t\000i\000n\000g\000-\000b\000y\000-\000R\000e\000l\000a\000x\000a\000t\000i\000o\000n}{appendix.A}% 42
\BOOKMARK [1][-]{section.A.7}{\376\377\000N\000o\000n\000-\000E\000x\000p\000a\000n\000d\000i\000n\000g\000\040\000I\000n\000t\000e\000r\000p\000r\000e\000t\000a\000t\000i\000o\000n}{appendix.A}% 43
\BOOKMARK [0][-]{appendix.B}{\376\377\000M\000a\000t\000h\000e\000m\000a\000t\000i\000c\000a\000l\000\040\000D\000e\000t\000a\000i\000l\000s\000\040\000o\000f\000\040\000t\000h\000e\000\040\000K\000e\000r\000n\000e\000l}{}% 44
\BOOKMARK [0][-]{appendix.C}{\376\377\000C\000o\000m\000p\000a\000r\000i\000s\000o\000n\000\040\000w\000i\000t\000h\000\040\000S\000t\000a\000n\000d\000a\000r\000d\000\040\000I\000n\000f\000l\000a\000t\000i\000o\000n\000a\000r\000y\000\040\000S\000c\000e\000n\000a\000r\000i\000o\000s}{}% 45
\BOOKMARK [0][-]{appendix.D}{\376\377\000Q\000u\000a\000n\000t\000u\000m\000\040\000F\000i\000e\000l\000d\000\040\000T\000r\000e\000a\000t\000m\000e\000n\000t\000\040\000o\000f\000\040\000T\000e\000n\000s\000o\000r\000\040\000M\000o\000d\000e\000s}{}% 46
\BOOKMARK [0][-]{appendix.E}{\376\377\000E\000n\000t\000r\000o\000p\000y\000-\000B\000a\000s\000e\000d\000\040\000I\000n\000t\000e\000r\000p\000r\000e\000t\000a\000t\000i\000o\000n\000\040\000\050\000R\000S\000V\000P\000\040\000L\000i\000n\000k\000\051}{}% 47
\BOOKMARK [0][-]{appendix.F}{\376\377\000N\000u\000m\000e\000r\000i\000c\000a\000l\000\040\000S\000i\000m\000u\000l\000a\000t\000i\000o\000n\000\040\000A\000p\000p\000r\000o\000a\000c\000h}{}% 48
\BOOKMARK [0][-]{appendix.G}{\376\377\000R\000S\000V\000P\000\040\000F\000i\000e\000l\000d\000\040\000T\000h\000e\000o\000r\000y\000:\000\040\000A\000c\000t\000i\000o\000n\000,\000\040\000E\000u\000l\000e\000r\000-\000L\000a\000g\000r\000a\000n\000g\000e\000\040\000E\000q\000u\000a\000t\000i\000o\000n\000s\000,\000\040\000a\000n\000d\000\040\000C\000o\000n\000s\000t\000i\000t\000u\000t\000i\000v\000e\000\040\000C\000l\000o\000s\000u\000r\000e}{}% 49
