\BOOKMARK [1][-]{section.1}{\376\377\000I\000n\000t\000r\000o\000d\000u\000c\000t\000i\000o\000n}{}% 1
\BOOKMARK [2][-]{subsection.1.1}{\376\377\000M\000o\000t\000i\000v\000a\000t\000i\000o\000n\000s\000\040\000a\000n\000d\000\040\000C\000e\000n\000t\000r\000a\000l\000\040\000Q\000u\000e\000s\000t\000i\000o\000n\000s}{section.1}% 2
\BOOKMARK [2][-]{subsection.1.2}{\376\377\000S\000t\000r\000u\000c\000t\000u\000r\000e\000\040\000o\000f\000\040\000t\000h\000e\000\040\000P\000a\000p\000e\000r}{section.1}% 3
\BOOKMARK [2][-]{subsection.1.3}{\376\377\000N\000o\000t\000a\000t\000i\000o\000n\000\040\000a\000n\000d\000\040\000C\000o\000n\000v\000e\000n\000t\000i\000o\000n\000s}{section.1}% 4
\BOOKMARK [1][-]{section.2}{\376\377\000F\000o\000u\000n\000d\000a\000t\000i\000o\000n\000s\000\040\000o\000f\000\040\000A\000u\000t\000o\000r\000e\000g\000r\000e\000s\000s\000i\000v\000e\000\040\000S\000y\000s\000t\000e\000m\000s}{}% 5
\BOOKMARK [2][-]{subsection.2.1}{\376\377\000H\000i\000s\000t\000o\000r\000i\000c\000a\000l\000\040\000B\000a\000c\000k\000g\000r\000o\000u\000n\000d}{section.2}% 6
\BOOKMARK [2][-]{subsection.2.2}{\376\377\000F\000o\000r\000m\000a\000l\000\040\000D\000e\000f\000i\000n\000i\000t\000i\000o\000n\000s}{section.2}% 7
\BOOKMARK [2][-]{subsection.2.3}{\376\377\000I\000n\000f\000o\000r\000m\000a\000t\000i\000o\000n\000-\000T\000h\000e\000o\000r\000e\000t\000i\000c\000\040\000P\000r\000o\000p\000e\000r\000t\000i\000e\000s}{section.2}% 8
\BOOKMARK [1][-]{section.3}{\376\377\000C\000o\000n\000t\000i\000n\000u\000o\000u\000s\000\040\000D\000y\000n\000a\000m\000i\000c\000a\000l\000\040\000F\000r\000a\000m\000e\000w\000o\000r\000k\000s\000:\000\040\000F\000i\000e\000l\000d\000\040\000E\000v\000o\000l\000u\000t\000i\000o\000n\000s\000\040\000a\000n\000d\000\040\000S\000y\000m\000p\000l\000e\000c\000t\000i\000c\000\040\000S\000t\000r\000u\000c\000t\000u\000r\000e\000s}{}% 9
\BOOKMARK [2][-]{subsection.3.1}{\376\377\000T\000h\000e\000\040\000R\000S\000V\000P\000\040\000F\000r\000a\000m\000e\000w\000o\000r\000k}{section.3}% 10
\BOOKMARK [2][-]{subsection.3.2}{\376\377\000D\000e\000r\000i\000v\000e\000d\000\040\000S\000y\000m\000p\000l\000e\000c\000t\000i\000c\000\040\000S\000t\000r\000u\000c\000t\000u\000r\000e}{section.3}% 11
\BOOKMARK [2][-]{subsection.3.3}{\376\377\000N\000o\000e\000t\000h\000e\000r\000\040\000C\000u\000r\000r\000e\000n\000t\000s\000\040\000a\000n\000d\000\040\000C\000o\000n\000s\000e\000r\000v\000a\000t\000i\000o\000n\000\040\000L\000a\000w\000s}{section.3}% 12
\BOOKMARK [1][-]{section.4}{\376\377\000E\000m\000b\000e\000d\000d\000i\000n\000g\000\040\000M\000e\000c\000h\000a\000n\000i\000s\000m\000s\000:\000\040\000F\000r\000o\000m\000\040\000D\000i\000s\000c\000r\000e\000t\000e\000\040\000S\000t\000a\000t\000e\000s\000\040\000t\000o\000\040\000D\000e\000r\000i\000v\000e\000d\000\040\000S\000t\000a\000c\000k\000s}{}% 13
\BOOKMARK [2][-]{subsection.4.1}{\376\377\000M\000o\000t\000i\000v\000a\000t\000i\000o\000n\000\040\000a\000n\000d\000\040\000S\000t\000r\000a\000t\000e\000g\000y}{section.4}% 14
\BOOKMARK [2][-]{subsection.4.2}{\376\377\000T\000h\000e\000\040\000I\000m\000a\000g\000e\000\040\000o\000f\000\040\000t\000h\000e\000\040\000E\000m\000b\000e\000d\000d\000i\000n\000g}{section.4}% 15
\BOOKMARK [1][-]{section.5}{\376\377\000E\000n\000t\000r\000o\000p\000i\000c\000\040\000S\000m\000o\000o\000t\000h\000i\000n\000g\000:\000\040\000M\000a\000t\000h\000e\000m\000a\000t\000i\000c\000a\000l\000\040\000F\000o\000r\000m\000u\000l\000a\000t\000i\000o\000n\000\040\000a\000n\000d\000\040\000P\000r\000o\000o\000f\000s}{}% 16
\BOOKMARK [2][-]{subsection.5.1}{\376\377\000T\000h\000e\000\040\000E\000n\000t\000r\000o\000p\000i\000c\000\040\000S\000m\000o\000o\000t\000h\000i\000n\000g\000\040\000F\000u\000n\000c\000t\000i\000o\000n\000a\000l}{section.5}% 17
\BOOKMARK [2][-]{subsection.5.2}{\376\377\000T\000h\000e\000\040\000E\000n\000t\000r\000o\000p\000i\000c\000\040\000S\000m\000o\000o\000t\000h\000i\000n\000g\000\040\000C\000o\000m\000o\000n\000a\000d}{section.5}% 18
\BOOKMARK [2][-]{subsection.5.3}{\376\377\000S\000e\000m\000a\000n\000t\000i\000c\000\040\000I\000n\000t\000e\000r\000p\000r\000e\000t\000a\000t\000i\000o\000n}{section.5}% 19
\BOOKMARK [1][-]{section.6}{\376\377\000C\000a\000t\000e\000g\000o\000r\000i\000c\000a\000l\000\040\000A\000d\000j\000u\000n\000c\000t\000i\000o\000n\000s\000\040\000a\000n\000d\000\040\000R\000e\000f\000l\000e\000c\000t\000i\000v\000e\000\040\000S\000u\000b\000c\000a\000t\000e\000g\000o\000r\000i\000e\000s}{}% 20
\BOOKMARK [2][-]{subsection.6.1}{\376\377\000T\000h\000e\000\040\000M\000a\000i\000n\000\040\000A\000d\000j\000u\000n\000c\000t\000i\000o\000n}{section.6}% 21
\BOOKMARK [2][-]{subsection.6.2}{\376\377\000D\000i\000a\000g\000r\000a\000m\000m\000a\000t\000i\000c\000\040\000S\000u\000m\000m\000a\000r\000y}{section.6}% 22
\BOOKMARK [2][-]{subsection.6.3}{\376\377\000C\000o\000n\000s\000e\000q\000u\000e\000n\000c\000e\000s}{section.6}% 23
\BOOKMARK [1][-]{section.7}{\376\377\000S\000y\000m\000p\000l\000e\000c\000t\000i\000c\000\040\000R\000e\000d\000u\000c\000t\000i\000o\000n\000s\000\040\000a\000n\000d\000\040\000L\000o\000s\000s\000y\000\040\000C\000o\000m\000p\000r\000e\000s\000s\000i\000o\000n\000s}{}% 24
\BOOKMARK [2][-]{subsection.7.1}{\376\377\000T\000h\000e\000\040\000M\000o\000m\000e\000n\000t\000\040\000M\000a\000p\000\040\000a\000n\000d\000\040\000C\000o\000n\000s\000t\000r\000a\000i\000n\000t\000\040\000L\000o\000c\000u\000s}{section.7}% 25
\BOOKMARK [2][-]{subsection.7.2}{\376\377\000L\000o\000s\000s\000y\000\040\000C\000o\000m\000p\000r\000e\000s\000s\000i\000o\000n\000\040\000a\000n\000d\000\040\000S\000e\000m\000a\000n\000t\000i\000c\000\040\000C\000o\000a\000r\000s\000e\000-\000G\000r\000a\000i\000n\000i\000n\000g}{section.7}% 26
\BOOKMARK [1][-]{section.8}{\376\377\000A\000d\000m\000i\000s\000s\000i\000b\000i\000l\000i\000t\000y\000\040\000M\000a\000n\000i\000f\000o\000l\000d\000s\000\040\000a\000n\000d\000\040\000t\000h\000e\000\040\000G\000e\000o\000m\000e\000t\000r\000y\000\040\000o\000f\000\040\000C\000o\000n\000s\000t\000r\000a\000i\000n\000t\000s}{}% 27
\BOOKMARK [2][-]{subsection.8.1}{\376\377\000T\000h\000e\000\040\000A\000d\000m\000i\000s\000s\000i\000b\000i\000l\000i\000t\000y\000\040\000M\000a\000n\000i\000f\000o\000l\000d}{section.8}% 28
\BOOKMARK [2][-]{subsection.8.2}{\376\377\000A\000d\000m\000i\000s\000s\000i\000b\000i\000l\000i\000t\000y\000\040\000a\000n\000d\000\040\000t\000h\000e\000\040\000E\000n\000t\000r\000o\000p\000i\000c\000\040\000S\000m\000o\000o\000t\000h\000i\000n\000g\000\040\000C\000o\000m\000o\000n\000a\000d}{section.8}% 29
\BOOKMARK [1][-]{section.9}{\376\377\000T\000h\000e\000\040\000R\000e\000p\000a\000i\000r\000\040\000P\000s\000e\000u\000d\000o\000m\000e\000t\000r\000i\000c\000\040\000a\000n\000d\000\040\000D\000i\000s\000t\000i\000n\000c\000t\000i\000o\000n\000\040\000G\000e\000o\000m\000e\000t\000r\000y}{}% 30
\BOOKMARK [2][-]{subsection.9.1}{\376\377\000I\000n\000a\000d\000m\000i\000s\000s\000i\000b\000i\000l\000i\000t\000y\000\040\000a\000n\000d\000\040\000R\000e\000p\000a\000i\000r}{section.9}% 31
\BOOKMARK [2][-]{subsection.9.2}{\376\377\000D\000i\000s\000t\000i\000n\000c\000t\000i\000o\000n\000\040\000G\000e\000o\000m\000e\000t\000r\000y}{section.9}% 32
\BOOKMARK [1][-]{section.10}{\376\377\000O\000b\000s\000e\000r\000v\000a\000b\000i\000l\000i\000t\000y\000,\000\040\000W\000i\000t\000n\000e\000s\000s\000e\000s\000,\000\040\000a\000n\000d\000\040\000t\000h\000e\000\040\000G\000e\000o\000m\000e\000t\000r\000y\000\040\000o\000f\000\040\000E\000v\000i\000d\000e\000n\000c\000e}{}% 33
\BOOKMARK [2][-]{subsection.10.1}{\376\377\000O\000b\000s\000e\000r\000v\000a\000b\000i\000l\000i\000t\000y\000\040\000a\000s\000\040\000R\000e\000s\000t\000o\000r\000a\000b\000i\000l\000i\000t\000y}{section.10}% 34
\BOOKMARK [2][-]{subsection.10.2}{\376\377\000W\000i\000t\000n\000e\000s\000s\000\040\000P\000r\000o\000p\000a\000g\000a\000t\000i\000o\000n}{section.10}% 35
\BOOKMARK [1][-]{section.11}{\376\377\000C\000o\000n\000s\000e\000r\000v\000a\000t\000i\000o\000n\000\040\000o\000f\000\040\000A\000m\000b\000i\000g\000u\000i\000t\000y}{}% 36
\BOOKMARK [2][-]{subsection.11.1}{\376\377\000I\000r\000r\000e\000d\000u\000c\000i\000b\000l\000e\000\040\000A\000m\000b\000i\000g\000u\000i\000t\000y}{section.11}% 37
\BOOKMARK [2][-]{subsection.11.2}{\376\377\000A\000m\000b\000i\000g\000u\000i\000t\000y\000\040\000a\000s\000\040\000a\000\040\000T\000o\000p\000o\000l\000o\000g\000i\000c\000a\000l\000\040\000I\000n\000v\000a\000r\000i\000a\000n\000t}{section.11}% 38
\BOOKMARK [1][-]{section.12}{\376\377\000P\000H\000Y\000S\000I\000F\000O\000R\000M\000E\000R\000:\000\040\000D\000i\000f\000f\000u\000s\000i\000o\000n\000,\000\040\000R\000e\000p\000a\000i\000r\000,\000\040\000a\000n\000d\000\040\000P\000h\000y\000s\000i\000c\000a\000l\000\040\000S\000i\000m\000u\000l\000a\000t\000i\000o\000n}{}% 39
\BOOKMARK [2][-]{subsection.12.1}{\376\377\000D\000i\000f\000f\000u\000s\000i\000o\000n\000-\000B\000a\000s\000e\000d\000\040\000P\000h\000y\000s\000i\000c\000a\000l\000\040\000S\000i\000m\000u\000l\000a\000t\000i\000o\000n}{section.12}% 40
\BOOKMARK [2][-]{subsection.12.2}{\376\377\000P\000H\000Y\000S\000I\000F\000O\000R\000M\000E\000R\000\040\000a\000s\000\040\000R\000e\000p\000a\000i\000r}{section.12}% 41
\BOOKMARK [2][-]{subsection.12.3}{\376\377\000I\000m\000p\000l\000i\000c\000a\000t\000i\000o\000n\000s\000\040\000f\000o\000r\000\040\000A\000d\000m\000i\000s\000s\000i\000b\000i\000l\000i\000t\000y\000\040\000L\000e\000a\000r\000n\000i\000n\000g}{section.12}% 42
\BOOKMARK [1][-]{section.13}{\376\377\000N\000u\000m\000e\000r\000i\000c\000a\000l\000\040\000V\000a\000l\000i\000d\000a\000t\000i\000o\000n\000s\000\040\000a\000n\000d\000\040\000E\000m\000p\000i\000r\000i\000c\000a\000l\000\040\000I\000l\000l\000u\000s\000t\000r\000a\000t\000i\000o\000n\000s}{}% 43
\BOOKMARK [2][-]{subsection.13.1}{\376\377\000E\000n\000t\000r\000o\000p\000i\000c\000\040\000S\000m\000o\000o\000t\000h\000i\000n\000g\000\040\000o\000n\000\040\000S\0001}{section.13}% 44
\BOOKMARK [2][-]{subsection.13.2}{\376\377\000A\000d\000m\000i\000s\000s\000i\000b\000i\000l\000i\000t\000y\000\040\000M\000a\000n\000i\000f\000o\000l\000d\000\040\000V\000i\000s\000u\000a\000l\000i\000z\000a\000t\000i\000o\000n}{section.13}% 45
\BOOKMARK [2][-]{subsection.13.3}{\376\377\000L\000L\000M\000\040\000H\000i\000d\000d\000e\000n\000\040\000S\000t\000a\000t\000e\000\040\000E\000v\000o\000l\000u\000t\000i\000o\000n\000\040\000w\000i\000t\000h\000\040\000R\000e\000p\000a\000i\000r}{section.13}% 46
\BOOKMARK [2][-]{subsection.13.4}{\376\377\000Q\000u\000a\000n\000t\000i\000t\000a\000t\000i\000v\000e\000\040\000V\000a\000l\000i\000d\000a\000t\000i\000o\000n}{section.13}% 47
\BOOKMARK [1][-]{section.14}{\376\377\000I\000n\000t\000e\000r\000d\000i\000s\000c\000i\000p\000l\000i\000n\000a\000r\000y\000\040\000E\000x\000t\000e\000n\000s\000i\000o\000n\000s\000\040\000a\000n\000d\000\040\000T\000h\000e\000o\000r\000e\000t\000i\000c\000a\000l\000\040\000C\000o\000n\000n\000e\000c\000t\000i\000o\000n\000s}{}% 48
\BOOKMARK [2][-]{subsection.14.1}{\376\377\000S\000i\000m\000u\000l\000a\000t\000e\000d\000\040\000A\000g\000e\000n\000c\000y}{section.14}% 49
\BOOKMARK [2][-]{subsection.14.2}{\376\377\000S\000e\000m\000a\000n\000t\000i\000c\000\040\000I\000n\000f\000r\000a\000s\000t\000r\000u\000c\000t\000u\000r\000e}{section.14}% 50
\BOOKMARK [2][-]{subsection.14.3}{\376\377\000T\000A\000R\000T\000A\000N\000\040\000a\000n\000d\000\040\000C\000h\000a\000i\000n\000\040\000o\000f\000\040\000M\000e\000m\000o\000r\000y}{section.14}% 51
\BOOKMARK [2][-]{subsection.14.4}{\376\377\000C\000o\000s\000m\000o\000l\000o\000g\000i\000c\000a\000l\000\040\000P\000a\000r\000a\000l\000l\000e\000l\000s}{section.14}% 52
\BOOKMARK [1][-]{section.15}{\376\377\000I\000m\000p\000l\000i\000c\000a\000t\000i\000o\000n\000s\000\040\000f\000o\000r\000\040\000C\000o\000g\000n\000i\000t\000i\000v\000e\000\040\000S\000c\000i\000e\000n\000c\000e\000\040\000a\000n\000d\000\040\000A\000r\000t\000i\000f\000i\000c\000i\000a\000l\000\040\000I\000n\000t\000e\000l\000l\000i\000g\000e\000n\000c\000e}{}% 53
\BOOKMARK [2][-]{subsection.15.1}{\376\377\000C\000o\000n\000s\000c\000i\000o\000u\000s\000n\000e\000s\000s\000\040\000a\000s\000\040\000S\000t\000a\000b\000l\000e\000\040\000A\000d\000m\000i\000s\000s\000i\000b\000i\000l\000i\000t\000y}{section.15}% 54
\BOOKMARK [2][-]{subsection.15.2}{\376\377\000A\000l\000i\000g\000n\000m\000e\000n\000t\000\040\000v\000i\000a\000\040\000A\000d\000m\000i\000s\000s\000i\000b\000i\000l\000i\000t\000y\000\040\000S\000p\000e\000c\000i\000f\000i\000c\000a\000t\000i\000o\000n}{section.15}% 55
\BOOKMARK [2][-]{subsection.15.3}{\376\377\000D\000i\000s\000t\000i\000n\000c\000t\000i\000o\000n\000\040\000E\000c\000o\000l\000o\000g\000y}{section.15}% 56
\BOOKMARK [1][-]{section.16}{\376\377\000F\000u\000t\000u\000r\000e\000\040\000D\000i\000r\000e\000c\000t\000i\000o\000n\000s\000\040\000a\000n\000d\000\040\000O\000p\000e\000n\000\040\000P\000r\000o\000b\000l\000e\000m\000s}{}% 57
\BOOKMARK [1][-]{section.17}{\376\377\000C\000o\000n\000c\000l\000u\000s\000i\000o\000n}{}% 58
\BOOKMARK [1][-]{appendix.A}{\376\377\000D\000e\000t\000a\000i\000l\000e\000d\000\040\000P\000r\000o\000o\000f\000s}{}% 59
\BOOKMARK [2][-]{subsection.A.1}{\376\377\000P\000r\000o\000o\000f\000\040\000o\000f\000\040\000L\000e\000m\000m\000a\000\040\0005\000.\0001\000\040\000\050\000E\000x\000i\000s\000t\000e\000n\000c\000e\000\040\000a\000n\000d\000\040\000U\000n\000i\000q\000u\000e\000n\000e\000s\000s\000\051}{appendix.A}% 60
\BOOKMARK [2][-]{subsection.A.2}{\376\377\000P\000r\000o\000o\000f\000\040\000o\000f\000\040\000P\000r\000o\000p\000o\000s\000i\000t\000i\000o\000n\000\040\0008\000.\0001\000\040\000\050\000F\000l\000o\000w\000\040\000I\000n\000v\000a\000r\000i\000a\000n\000c\000e\000\051}{appendix.A}% 61
\BOOKMARK [2][-]{subsection.A.3}{\376\377\000P\000r\000o\000o\000f\000\040\000o\000f\000\040\000T\000h\000e\000o\000r\000e\000m\000\040\0001\0000\000.\0002\000\040\000\050\000W\000i\000t\000n\000e\000s\000s\000\040\000M\000o\000n\000o\000t\000o\000n\000i\000c\000i\000t\000y\000\051}{appendix.A}% 62
\BOOKMARK [1][-]{appendix.B}{\376\377\000D\000i\000a\000g\000r\000a\000m\000m\000a\000t\000i\000c\000\040\000R\000e\000p\000r\000e\000s\000e\000n\000t\000a\000t\000i\000o\000n\000s}{}% 63
\BOOKMARK [1][-]{appendix.C}{\376\377\000S\000i\000m\000u\000l\000a\000t\000e\000d\000\040\000A\000g\000e\000n\000c\000y\000\040\000C\000o\000n\000n\000e\000c\000t\000i\000o\000n\000s}{}% 64
\BOOKMARK [1][-]{appendix.D}{\376\377\000S\000e\000m\000a\000n\000t\000i\000c\000\040\000I\000n\000f\000r\000a\000s\000t\000r\000u\000c\000t\000u\000r\000e}{}% 65
\BOOKMARK [1][-]{appendix.E}{\376\377\000T\000A\000R\000T\000A\000N\000\040\000a\000n\000d\000\040\000C\000o\000M\000\040\000D\000y\000n\000a\000m\000i\000c\000s}{}% 66
\BOOKMARK [1][-]{appendix.F}{\376\377\000C\000o\000s\000m\000o\000l\000o\000g\000i\000c\000a\000l\000\040\000P\000a\000r\000a\000l\000l\000e\000l\000s}{}% 67
\BOOKMARK [1][-]{appendix.G}{\376\377\000S\000u\000p\000p\000l\000e\000m\000e\000n\000t\000a\000r\000y\000\040\000N\000u\000m\000e\000r\000i\000c\000a\000l\000\040\000E\000x\000a\000m\000p\000l\000e\000s}{}% 68
\BOOKMARK [2][-]{subsection.G.1}{\376\377\000M\000u\000l\000t\000i\000-\000M\000o\000d\000a\000l\000\040\000D\000a\000t\000a\000\040\000I\000n\000t\000e\000g\000r\000a\000t\000i\000o\000n}{appendix.G}% 69
\BOOKMARK [2][-]{subsection.G.2}{\376\377\000W\000a\000s\000s\000e\000r\000s\000t\000e\000i\000n\000\040\000D\000i\000s\000t\000a\000n\000c\000e\000\040\000a\000n\000d\000\040\000R\000e\000p\000a\000i\000r\000\040\000E\000q\000u\000i\000v\000a\000l\000e\000n\000c\000e}{appendix.G}% 70
