This is LuaHBTeX, Version 1.17.0 (TeX Live 2023/Debian)  (format=lualatex 2026.7.24)  7 AUG 2026 22:03
 restricted system commands enabled.
**unreachable-futures.tex
(./unreachable-futures.tex
LaTeX2e <2023-11-01> patch level 1
L3 programming layer <2024-01-22>
Lua module: luaotfload 2023-08-31 3.26 Lua based OpenType font support
Lua module: lualibs 2023-07-13 2.76 ConTeXt Lua standard libraries.
Lua module: lualibs-extended 2023-07-13 2.76 ConTeXt Lua libraries -- extended c
ollection.
luaotfload | conf : Root cache directory is "/home/bonobo/.texlive2023/texmf-var
/luatex-cache/generic/names".
luaotfload | init : Loading fontloader "fontloader-2023-08-19.lua" from kpse-res
olved path "/usr/share/texlive/texmf-dist/tex/luatex/luaotfload/fontloader-2023-
08-19.lua".
Lua-only attribute luaotfload@noligature = 1
luaotfload | init : Context OpenType loader version 3.133
Inserting `luaotfload.node_processor' in `pre_linebreak_filter'.
Inserting `luaotfload.node_processor' in `hpack_filter'.
Inserting `luaotfload.glyph_stream' in `glyph_stream_provider'.
Inserting `luaotfload.define_font' in `define_font'.
Lua-only attribute luaotfload_color_attribute = 2
luaotfload | conf : Root cache directory is "/home/bonobo/.texlive2023/texmf-var
/luatex-cache/generic/names".
Inserting `luaotfload.harf.strip_prefix' in `find_opentype_file'.
Inserting `luaotfload.harf.strip_prefix' in `find_truetype_file'.
Removing  `luaotfload.glyph_stream' from `glyph_stream_provider'.
Inserting `luaotfload.harf.glyphstream' in `glyph_stream_provider'.
Inserting `luaotfload.harf.finalize_vlist' in `post_linebreak_filter'.
Inserting `luaotfload.harf.finalize_hlist' in `hpack_filter'.
Inserting `luaotfload.cleanup_files' in `wrapup_run'.
Inserting `luaotfload.harf.finalize_unicode' in `finish_pdffile'.
Inserting `luaotfload.glyphinfo' in `glyph_info'.
Lua-only attribute luaotfload.letterspace_done = 3
Inserting `luaotfload.aux.set_sscale_dimens' in `luaotfload.patch_font'.
Inserting `luaotfload.aux.set_font_index' in `luaotfload.patch_font'.
Inserting `luaotfload.aux.patch_cambria_domh' in `luaotfload.patch_font'.
Inserting `luaotfload.aux.fixup_fontdata' in `luaotfload.patch_font_unsafe'.
Inserting `luaotfload.aux.set_capheight' in `luaotfload.patch_font'.
Inserting `luaotfload.aux.set_xheight' in `luaotfload.patch_font'.
Inserting `luaotfload.rewrite_fontname' in `luaotfload.patch_font'.
Inserting `tracingstacklevels' in `input_level_string'. (/usr/share/texlive/tex
mf-dist/tex/latex/base/book.cls
Document Class: book 2023/05/17 v1.4n Standard LaTeX document class
(/usr/share/texlive/texmf-dist/tex/latex/base/bk11.clo
File: bk11.clo 2023/05/17 v1.4n Standard LaTeX file (size option)
luaotfload | db : Font names database loaded from /home/bonobo/.texlive2023/texm
f-var/luatex-cache/generic/names/luaotfload-names.luc.gz)
\c@part=\count185
\c@chapter=\count186
\c@section=\count187
\c@subsection=\count188
\c@subsubsection=\count189
\c@paragraph=\count190
\c@subparagraph=\count191
\c@figure=\count192
\c@table=\count193
\abovecaptionskip=\skip48
\belowcaptionskip=\skip49
\bibindent=\dimen139
)
(/usr/share/texlive/texmf-dist/tex/latex/amsmath/amsmath.sty
Package: amsmath 2023/05/13 v2.17o AMS math features
\@mathmargin=\skip50

For additional information on amsmath, use the `?' option.
(/usr/share/texlive/texmf-dist/tex/latex/amsmath/amstext.sty
Package: amstext 2021/08/26 v2.01 AMS text

(/usr/share/texlive/texmf-dist/tex/latex/amsmath/amsgen.sty
File: amsgen.sty 1999/11/30 v2.0 generic functions
\@emptytoks=\toks17
\ex@=\dimen140
))
(/usr/share/texlive/texmf-dist/tex/latex/amsmath/amsbsy.sty
Package: amsbsy 1999/11/29 v1.2d Bold Symbols
\pmbraise@=\dimen141
)
(/usr/share/texlive/texmf-dist/tex/latex/amsmath/amsopn.sty
Package: amsopn 2022/04/08 v2.04 operator names
)
\inf@bad=\count194
LaTeX Info: Redefining \frac on input line 236.
\uproot@=\count195
\leftroot@=\count196
LaTeX Info: Redefining \overline on input line 399.
LaTeX Info: Redefining \colon on input line 410.
\classnum@=\count197
\DOTSCASE@=\count198
LaTeX Info: Redefining \ldots on input line 496.
LaTeX Info: Redefining \dots on input line 499.
LaTeX Info: Redefining \cdots on input line 620.
\Mathstrutbox@=\box51
\strutbox@=\box52
LaTeX Info: Redefining \big on input line 722.
LaTeX Info: Redefining \Big on input line 723.
LaTeX Info: Redefining \bigg on input line 724.
LaTeX Info: Redefining \Bigg on input line 725.
\big@size=\dimen142
LaTeX Font Info:    Redeclaring font encoding OML on input line 743.
LaTeX Font Info:    Redeclaring font encoding OMS on input line 744.
\macc@depth=\count199
LaTeX Info: Redefining \bmod on input line 905.
LaTeX Info: Redefining \pmod on input line 910.
LaTeX Info: Redefining \smash on input line 940.
LaTeX Info: Redefining \relbar on input line 970.
LaTeX Info: Redefining \Relbar on input line 971.
\c@MaxMatrixCols=\count266
\dotsspace@=\muskip16
\c@parentequation=\count267
\dspbrk@lvl=\count268
\tag@help=\toks18
\row@=\count269
\column@=\count270
\maxfields@=\count271
\andhelp@=\toks19
\eqnshift@=\dimen143
\alignsep@=\dimen144
\tagshift@=\dimen145
\tagwidth@=\dimen146
\totwidth@=\dimen147
\lineht@=\dimen148
\@envbody=\toks20
\multlinegap=\skip51
\multlinetaggap=\skip52
\mathdisplay@stack=\toks21
LaTeX Info: Redefining \[ on input line 2953.
LaTeX Info: Redefining \] on input line 2954.
)
(/usr/share/texlive/texmf-dist/tex/latex/amsfonts/amssymb.sty
Package: amssymb 2013/01/14 v3.01 AMS font symbols

(/usr/share/texlive/texmf-dist/tex/latex/amsfonts/amsfonts.sty
Package: amsfonts 2013/01/14 v3.01 Basic AMSFonts support
\symAMSa=\mathgroup4
\symAMSb=\mathgroup5
LaTeX Font Info:    Redeclaring math symbol \hbar on input line 98.
LaTeX Font Info:    Overwriting math alphabet `\mathfrak' in version `bold'
(Font)                  U/euf/m/n --> U/euf/b/n on input line 106.
))
(/usr/share/texlive/texmf-dist/tex/latex/amscls/amsthm.sty
Package: amsthm 2020/05/29 v2.20.6
\thm@style=\toks22
\thm@bodyfont=\toks23
\thm@headfont=\toks24
\thm@notefont=\toks25
\thm@headpunct=\toks26
\thm@preskip=\skip53
\thm@postskip=\skip54
\thm@headsep=\skip55
\dth@everypar=\toks27
)
(/usr/share/texlive/texmf-dist/tex/latex/mathtools/mathtools.sty
Package: mathtools 2022/06/29 v1.29 mathematical typesetting tools

(/usr/share/texlive/texmf-dist/tex/latex/graphics/keyval.sty
Package: keyval 2022/05/29 v1.15 key=value parser (DPC)
\KV@toks@=\toks28
)
(/usr/share/texlive/texmf-dist/tex/latex/tools/calc.sty
Package: calc 2023/07/08 v4.3 Infix arithmetic (KKT,FJ)
\calc@Acount=\count272
\calc@Bcount=\count273
\calc@Adimen=\dimen149
\calc@Bdimen=\dimen150
\calc@Askip=\skip56
\calc@Bskip=\skip57
LaTeX Info: Redefining \setlength on input line 80.
LaTeX Info: Redefining \addtolength on input line 81.
\calc@Ccount=\count274
\calc@Cskip=\skip58
)
(/usr/share/texlive/texmf-dist/tex/latex/mathtools/mhsetup.sty
Package: mhsetup 2021/03/18 v1.4 programming setup (MH)
)
\g_MT_multlinerow_int=\count275
\l_MT_multwidth_dim=\dimen151
\origjot=\skip59
\l_MT_shortvdotswithinadjustabove_dim=\dimen152
\l_MT_shortvdotswithinadjustbelow_dim=\dimen153
\l_MT_above_intertext_sep=\dimen154
\l_MT_below_intertext_sep=\dimen155
\l_MT_above_shortintertext_sep=\dimen156
\l_MT_below_shortintertext_sep=\dimen157
\xmathstrut@box=\box53
\xmathstrut@dim=\dimen158
)
(/usr/share/texlive/texmf-dist/tex/latex/microtype/microtype.sty
Package: microtype 2023/03/13 v3.1a Micro-typographical refinements (RS)

(/usr/share/texlive/texmf-dist/tex/latex/etoolbox/etoolbox.sty
Package: etoolbox 2020/10/05 v2.5k e-TeX tools for LaTeX (JAW)
\etb@tempcnta=\count276
)
\MT@toks=\toks29
\MT@tempbox=\box54
\MT@count=\count277
LaTeX Info: Redefining \noprotrusionifhmode on input line 1059.
LaTeX Info: Redefining \leftprotrusion on input line 1060.
\MT@prot@toks=\toks30
LaTeX Info: Redefining \rightprotrusion on input line 1078.
LaTeX Info: Redefining \textls on input line 1368.
\MT@outer@kern=\dimen159
LaTeX Info: Redefining \textmicrotypecontext on input line 1988.
\MT@listname@count=\count278

(/usr/share/texlive/texmf-dist/tex/latex/microtype/microtype-luatex.def
File: microtype-luatex.def 2023/03/13 v3.1a Definitions specific to luatex (RS)

Lua module: microtype 2023/03/13 3.1a microtype module.
Module microtype Info: overwriting function `keepligature' on input line 63
LaTeX Info: Redefining \lsstyle on input line 688.
LaTeX Info: Redefining \lslig on input line 688.
\MT@outer@space=\skip60
)
Package microtype Info: Loading configuration file microtype.cfg.

(/usr/share/texlive/texmf-dist/tex/latex/microtype/microtype.cfg
File: microtype.cfg 2023/03/13 v3.1a microtype main configuration file (RS)
))
(/usr/share/texlive/texmf-dist/tex/latex/csquotes/csquotes.sty
Package: csquotes 2022-09-14 v5.2n context-sensitive quotations (JAW)
\csq@reset=\count279
\csq@gtype=\count280
\csq@glevel=\count281
\csq@qlevel=\count282
\csq@maxlvl=\count283
\csq@tshold=\count284
\csq@ltx@everypar=\toks31

(/usr/share/texlive/texmf-dist/tex/latex/csquotes/csquotes.def
File: csquotes.def 2022-09-14 v5.2n csquotes generic definitions (JAW)
)
Package csquotes Info: Trying to load configuration file 'csquotes.cfg'...
Package csquotes Info: ... configuration file loaded successfully.

(/usr/share/texlive/texmf-dist/tex/latex/csquotes/csquotes.cfg
File: csquotes.cfg 
))
(/usr/share/texlive/texmf-dist/tex/latex/booktabs/booktabs.sty
Package: booktabs 2020/01/12 v1.61803398 Publication quality tables
\heavyrulewidth=\dimen160
\lightrulewidth=\dimen161
\cmidrulewidth=\dimen162
\belowrulesep=\dimen163
\belowbottomsep=\dimen164
\aboverulesep=\dimen165
\abovetopsep=\dimen166
\cmidrulesep=\dimen167
\cmidrulekern=\dimen168
\defaultaddspace=\dimen169
\@cmidla=\count285
\@cmidlb=\count286
\@aboverulesep=\dimen170
\@belowrulesep=\dimen171
\@thisruleclass=\count287
\@lastruleclass=\count288
\@thisrulewidth=\dimen172
)
(/usr/share/texlive/texmf-dist/tex/latex/hyperref/hyperref.sty
Package: hyperref 2024-01-20 v7.01h Hypertext links for LaTeX

(/usr/share/texlive/texmf-dist/tex/generic/iftex/iftex.sty
Package: iftex 2022/02/03 v1.0f TeX engine tests
)
(/usr/share/texlive/texmf-dist/tex/latex/kvsetkeys/kvsetkeys.sty
Package: kvsetkeys 2022-10-05 v1.19 Key value parser (HO)
)
(/usr/share/texlive/texmf-dist/tex/generic/kvdefinekeys/kvdefinekeys.sty
Package: kvdefinekeys 2019-12-19 v1.6 Define keys (HO)
)
(/usr/share/texlive/texmf-dist/tex/generic/pdfescape/pdfescape.sty
Package: pdfescape 2019/12/09 v1.15 Implements pdfTeX's escape features (HO)

(/usr/share/texlive/texmf-dist/tex/generic/ltxcmds/ltxcmds.sty
Package: ltxcmds 2023-12-04 v1.26 LaTeX kernel commands for general use (HO)
)
(/usr/share/texlive/texmf-dist/tex/generic/pdftexcmds/pdftexcmds.sty
Package: pdftexcmds 2020-06-27 v0.33 Utility functions of pdfTeX for LuaTeX (HO
)

(/usr/share/texlive/texmf-dist/tex/generic/infwarerr/infwarerr.sty
Package: infwarerr 2019/12/03 v1.5 Providing info/warning/error messages (HO)
)
Package pdftexcmds Info: \pdf@primitive is available.
Package pdftexcmds Info: \pdf@ifprimitive is available.
Package pdftexcmds Info: \pdfdraftmode found.
\pdftexcmds@toks=\toks32
))
(/usr/share/texlive/texmf-dist/tex/latex/hycolor/hycolor.sty
Package: hycolor 2020-01-27 v1.10 Color options for hyperref/bookmark (HO)
)
(/usr/share/texlive/texmf-dist/tex/latex/auxhook/auxhook.sty
Package: auxhook 2019-12-17 v1.6 Hooks for auxiliary files (HO)
)
(/usr/share/texlive/texmf-dist/tex/latex/hyperref/nameref.sty
Package: nameref 2023-11-26 v2.56 Cross-referencing by name of section

(/usr/share/texlive/texmf-dist/tex/latex/refcount/refcount.sty
Package: refcount 2019/12/15 v3.6 Data extraction from label references (HO)
)
(/usr/share/texlive/texmf-dist/tex/generic/gettitlestring/gettitlestring.sty
Package: gettitlestring 2019/12/15 v1.6 Cleanup title references (HO)

(/usr/share/texlive/texmf-dist/tex/latex/kvoptions/kvoptions.sty
Package: kvoptions 2022-06-15 v3.15 Key value format for package options (HO)
))
\c@section@level=\count289
)
\@linkdim=\dimen173
\Hy@linkcounter=\count290
\Hy@pagecounter=\count291

(/usr/share/texlive/texmf-dist/tex/latex/hyperref/pd1enc.def
File: pd1enc.def 2024-01-20 v7.01h Hyperref: PDFDocEncoding definition (HO)
)
(/usr/share/texlive/texmf-dist/tex/generic/intcalc/intcalc.sty
Package: intcalc 2019/12/15 v1.3 Expandable calculations with integers (HO)
)
\Hy@SavedSpaceFactor=\count292

(/usr/share/texlive/texmf-dist/tex/latex/hyperref/puenc.def
File: puenc.def 2024-01-20 v7.01h Hyperref: PDF Unicode definition (HO)
)
Package hyperref Info: Hyper figures OFF on input line 4179.
Package hyperref Info: Link nesting OFF on input line 4184.
Package hyperref Info: Hyper index ON on input line 4187.
Package hyperref Info: Plain pages OFF on input line 4194.
Package hyperref Info: Backreferencing OFF on input line 4199.
Package hyperref Info: Implicit mode ON; LaTeX internals redefined.
Package hyperref Info: Bookmarks ON on input line 4446.
\c@Hy@tempcnt=\count293

(/usr/share/texlive/texmf-dist/tex/latex/url/url.sty
\Urlmuskip=\muskip17
Package: url 2013/09/16  ver 3.4  Verb mode for urls, etc.
)
LaTeX Info: Redefining \url on input line 4784.
\XeTeXLinkMargin=\dimen174

(/usr/share/texlive/texmf-dist/tex/generic/bitset/bitset.sty
Package: bitset 2019/12/09 v1.3 Handle bit-vector datatype (HO)

(/usr/share/texlive/texmf-dist/tex/generic/bigintcalc/bigintcalc.sty
Package: bigintcalc 2019/12/15 v1.5 Expandable calculations on big integers (HO
)
))
\Fld@menulength=\count294
\Field@Width=\dimen175
\Fld@charsize=\dimen176
Package hyperref Info: Hyper figures OFF on input line 6063.
Package hyperref Info: Link nesting OFF on input line 6068.
Package hyperref Info: Hyper index ON on input line 6071.
Package hyperref Info: backreferencing OFF on input line 6078.
Package hyperref Info: Link coloring OFF on input line 6083.
Package hyperref Info: Link coloring with OCG OFF on input line 6088.
Package hyperref Info: PDF/A mode OFF on input line 6093.

(/usr/share/texlive/texmf-dist/tex/latex/base/atbegshi-ltx.sty
Package: atbegshi-ltx 2021/01/10 v1.0c Emulation of the original atbegshi
package with kernel methods
)
\Hy@abspage=\count295
\c@Item=\count296
\c@Hfootnote=\count297
)
Package hyperref Info: Driver (autodetected): hluatex.

(/usr/share/texlive/texmf-dist/tex/latex/hyperref/hluatex.def
File: hluatex.def 2024-01-20 v7.01h Hyperref driver for luaTeX

(/usr/share/texlive/texmf-dist/tex/generic/stringenc/stringenc.sty
Package: stringenc 2019/11/29 v1.12 Convert strings between diff. encodings (HO
)
)
(/usr/share/texlive/texmf-dist/tex/latex/base/atveryend-ltx.sty
Package: atveryend-ltx 2020/08/19 v1.0a Emulation of the original atveryend pac
kage
with kernel methods
)
\Fld@listcount=\count298
\c@bookmark@seq@number=\count299

(/usr/share/texlive/texmf-dist/tex/latex/rerunfilecheck/rerunfilecheck.sty
Package: rerunfilecheck 2022-07-10 v1.10 Rerun checks for auxiliary files (HO)

(/usr/share/texlive/texmf-dist/tex/generic/uniquecounter/uniquecounter.sty
Package: uniquecounter 2019/12/15 v1.4 Provide unlimited unique counter (HO)
)
Package uniquecounter Info: New unique counter `rerunfilecheck' on input line 2
85.
)
\Hy@SectionHShift=\skip61
)
(/usr/share/texlive/texmf-dist/tex/latex/cleveref/cleveref.sty
Package: cleveref 2018/03/27 v0.21.4 Intelligent cross-referencing
Package cleveref Info: `hyperref' support loaded on input line 2370.
LaTeX Info: Redefining \cref on input line 2370.
LaTeX Info: Redefining \Cref on input line 2370.
LaTeX Info: Redefining \crefrange on input line 2370.
LaTeX Info: Redefining \Crefrange on input line 2370.
LaTeX Info: Redefining \cpageref on input line 2370.
LaTeX Info: Redefining \Cpageref on input line 2370.
LaTeX Info: Redefining \cpagerefrange on input line 2370.
LaTeX Info: Redefining \Cpagerefrange on input line 2370.
LaTeX Info: Redefining \labelcref on input line 2370.
LaTeX Info: Redefining \labelcpageref on input line 2370.
Package cleveref Info: `amsthm' support loaded on input line 3026.
Package cleveref Info: include cross-reference names in hyperlinks on input lin
e 7836.
Package cleveref Info: include cross-reference names in hyperlinks on input lin
e 7852.
Package cleveref Info: no abbreviation of names on input line 7852.
)
(/usr/share/texlive/texmf-dist/tex/latex/enumitem/enumitem.sty
Package: enumitem 2019/06/20 v3.9 Customized lists
\labelindent=\skip62
\enit@outerparindent=\dimen177
\enit@toks=\toks33
\enit@inbox=\box55
\enit@count@id=\count300
\enitdp@description=\count301
)
(/usr/share/texlive/texmf-dist/tex/latex/setspace/setspace.sty
Package: setspace 2022/12/04 v6.7b set line spacing
)
(/usr/share/texlive/texmf-dist/tex/latex/geometry/geometry.sty
Package: geometry 2020/01/02 v5.9 Page Geometry

(/usr/share/texlive/texmf-dist/tex/generic/iftex/ifvtex.sty
Package: ifvtex 2019/10/25 v1.7 ifvtex legacy package. Use iftex instead.
)
\Gm@cnth=\count302
\Gm@cntv=\count303
\c@Gm@tempcnt=\count304
\Gm@bindingoffset=\dimen178
\Gm@wd@mp=\dimen179
\Gm@odd@mp=\dimen180
\Gm@even@mp=\dimen181
\Gm@layoutwidth=\dimen182
\Gm@layoutheight=\dimen183
\Gm@layouthoffset=\dimen184
\Gm@layoutvoffset=\dimen185
\Gm@dimlist=\toks34
)
\c@theorem=\count305
Package csquotes Info: Checking for multilingual support...
Package csquotes Info: ... none found.

(/usr/share/texlive/texmf-dist/tex/latex/l3backend/l3backend-luatex.def
File: l3backend-luatex.def 2024-01-04 L3 backend support: PDF output (LuaTeX)
\l__color_backend_stack_int=\count306
Inserting `l3color' in `luaotfload.parse_color'.
\l__pdf_internal_box=\box56
)
(./unreachable-futures.aux)
\openout1 = unreachable-futures.aux

LaTeX Font Info:    Checking defaults for OML/cmm/m/it on input line 66.
LaTeX Font Info:    ... okay on input line 66.
LaTeX Font Info:    Checking defaults for OMS/cmsy/m/n on input line 66.
LaTeX Font Info:    ... okay on input line 66.
LaTeX Font Info:    Checking defaults for OT1/cmr/m/n on input line 66.
LaTeX Font Info:    ... okay on input line 66.
LaTeX Font Info:    Checking defaults for T1/cmr/m/n on input line 66.
LaTeX Font Info:    ... okay on input line 66.
LaTeX Font Info:    Checking defaults for TS1/cmr/m/n on input line 66.
LaTeX Font Info:    Trying to load font information for TS1+cmr on input line 6
6.

(/usr/share/texlive/texmf-dist/tex/latex/base/ts1cmr.fd
File: ts1cmr.fd 2023/04/13 v2.5m Standard LaTeX font definitions
)
LaTeX Font Info:    ... okay on input line 66.
LaTeX Font Info:    Checking defaults for TU/lmr/m/n on input line 66.
LaTeX Font Info:    ... okay on input line 66.
LaTeX Font Info:    Checking defaults for OMX/cmex/m/n on input line 66.
LaTeX Font Info:    ... okay on input line 66.
LaTeX Font Info:    Checking defaults for U/cmr/m/n on input line 66.
LaTeX Font Info:    ... okay on input line 66.
LaTeX Font Info:    Checking defaults for PD1/pdf/m/n on input line 66.
LaTeX Font Info:    ... okay on input line 66.
LaTeX Font Info:    Checking defaults for PU/pdf/m/n on input line 66.
LaTeX Font Info:    ... okay on input line 66.

(/usr/share/texlive/texmf-dist/tex/latex/graphics/graphicx.sty
Package: graphicx 2021/09/16 v1.2d Enhanced LaTeX Graphics (DPC,SPQR)

(/usr/share/texlive/texmf-dist/tex/latex/graphics/graphics.sty
Package: graphics 2022/03/10 v1.4e Standard LaTeX Graphics (DPC,SPQR)

(/usr/share/texlive/texmf-dist/tex/latex/graphics/trig.sty
Package: trig 2021/08/11 v1.11 sin cos tan (DPC)
)
(/usr/share/texlive/texmf-dist/tex/latex/graphics-cfg/graphics.cfg
File: graphics.cfg 2016/06/04 v1.11 sample graphics configuration
)
Package graphics Info: Driver file: luatex.def on input line 107.

(/usr/share/texlive/texmf-dist/tex/latex/graphics-def/luatex.def
File: luatex.def 2022/09/22 v1.2d Graphics/color driver for luatex

(/usr/share/texlive/texmf-dist/tex/context/base/mkii/supp-pdf.mkii
[Loading MPS to PDF converter (version 2006.09.02).]
\scratchcounter=\count307
\scratchdimen=\dimen186
\scratchbox=\box57
\nofMPsegments=\count308
\nofMParguments=\count309
\everyMPshowfont=\toks35
\MPscratchCnt=\count310
\MPscratchDim=\dimen187
\MPnumerator=\count311
\makeMPintoPDFobject=\count312
\everyMPtoPDFconversion=\toks36
))) (/usr/share/texlive/texmf-dist/tex/latex/epstopdf-pkg/epstopdf-base.sty
Package: epstopdf-base 2020-01-24 v2.11 Base part for package epstopdf
Package epstopdf-base Info: Redefining graphics rule for `.eps' on input line 4
85.

(/usr/share/texlive/texmf-dist/tex/latex/latexconfig/epstopdf-sys.cfg
File: epstopdf-sys.cfg 2010/07/13 v1.3 Configuration of (r)epstopdf for TeX Liv
e
))
\Gin@req@height=\dimen188
\Gin@req@width=\dimen189
)
LaTeX Info: Redefining \microtypecontext on input line 66.
Package microtype Info: Applying patch `item' on input line 66.
Package microtype Info: Applying patch `toc' on input line 66.
Package microtype Info: Applying patch `eqnum' on input line 66.


Package microtype Warning: Unable to apply patch `footnote' on input line 66.

Package microtype Info: Applying patch `verbatim' on input line 66.
Package microtype Info: Generating PDF output.
Package microtype Info: Character protrusion enabled (level 2).
Package microtype Info: Using default protrusion set `alltext'.
Package microtype Info: Automatic font expansion enabled (level 2),
(microtype)             stretch: 20, shrink: 20, step: 1, non-selected.
Package microtype Info: Using default expansion set `alltext-nott'.
LaTeX Info: Redefining \showhyphens on input line 66.
Package microtype Info: No adjustment of tracking.
Package microtype Info: No adjustment of spacing.
Package microtype Info: No adjustment of kerning.
(/usr/share/texlive/texmf-dist/tex/latex/microtype/mt-LatinModernRoman.cfg
File: mt-LatinModernRoman.cfg 2021/02/21 v1.1 microtype config. file: Latin Mod
ern Roman (RS)
)
Package hyperref Info: Link coloring OFF on input line 66.

(./unreachable-futures.out) (./unreachable-futures.out)
\@outlinefile=\write3

\openout3 = unreachable-futures.out

*geometry* driver: auto-detecting
*geometry* detected driver: luatex
*geometry* verbose mode - [ preamble ] result:
* driver: luatex
* paper: a4paper
* layout: <same size as paper>
* layoutoffset:(h,v)=(0.0pt,0.0pt)
* modes: 
* h-part:(L,W,R)=(91.04881pt, 435.32718pt, 71.13188pt)
* v-part:(T,H,B)=(79.66771pt, 680.02087pt, 85.35826pt)
* \paperwidth=597.50787pt
* \paperheight=845.04684pt
* \textwidth=435.32718pt
* \textheight=680.02087pt
* \oddsidemargin=18.77882pt
* \evensidemargin=18.77882pt
* \topmargin=-24.47607pt
* \headheight=12.0pt
* \headsep=19.8738pt
* \topskip=11.0pt
* \footskip=27.46295pt
* \marginparwidth=62.0pt
* \marginparsep=7.0pt
* \columnsep=10.0pt
* \skip\footins=10.0pt plus 4.0pt minus 2.0pt
* \hoffset=0.0pt
* \voffset=0.0pt
* \mag=1000
* \@twocolumnfalse
* \@twosidefalse
* \@mparswitchfalse
* \@reversemarginfalse
* (1in=72.27pt=25.4mm, 1cm=28.453pt)

(/usr/share/texlive/texmf-dist/tex/latex/microtype/mt-cmr.cfg
File: mt-cmr.cfg 2013/05/19 v2.2 microtype config. file: Computer Modern Roman 
(RS)
)
LaTeX Font Info:    Trying to load font information for U+msa on input line 71.


(/usr/share/texlive/texmf-dist/tex/latex/amsfonts/umsa.fd
File: umsa.fd 2013/01/14 v3.01 AMS symbols A
)
(/usr/share/texlive/texmf-dist/tex/latex/microtype/mt-msa.cfg
File: mt-msa.cfg 2006/02/04 v1.1 microtype config. file: AMS symbols (a) (RS)
)
LaTeX Font Info:    Trying to load font information for U+msb on input line 71.


(/usr/share/texlive/texmf-dist/tex/latex/amsfonts/umsb.fd
File: umsb.fd 2013/01/14 v3.01 AMS symbols B
)
(/usr/share/texlive/texmf-dist/tex/latex/microtype/mt-msb.cfg
File: mt-msb.cfg 2005/06/01 v1.0 microtype config. file: AMS symbols (b) (RS)
) [1



{/var/lib/texmf/fonts/map/pdftex/updmap/pdftex.map}]
warning  (pdf backend): ignoring duplicate destination with the name 'page.i'
[1

] [2] [3] [4

]
LaTeX Font Info:    Trying to load font information for U+euf on input line 142
.
 (/usr/share/texlive/texmf-dist/tex/latex/amsfonts/ueuf.fd
File: ueuf.fd 2013/01/14 v3.01 Euler Fraktur
)
(/usr/share/texlive/texmf-dist/tex/latex/microtype/mt-euf.cfg
File: mt-euf.cfg 2006/07/03 v1.1 microtype config. file: AMS Euler Fraktur (RS)

) [5]
(./unreachable-futures.toc [6

] [7] [8] [9] [10] [11] [12] [13] [14] [15]
[16]
Overfull \hbox (5.23412pt too wide) detected at line 506
\TU/lmr/m/n/10.95 12.100 
 []


Overfull \hbox (5.23412pt too wide) detected at line 507
\TU/lmr/m/n/10.95 12.101 
 []


Overfull \hbox (5.23412pt too wide) detected at line 508
\TU/lmr/m/n/10.95 12.102 
 []


Overfull \hbox (5.23412pt too wide) detected at line 509
\TU/lmr/m/n/10.95 12.103 
 []


Overfull \hbox (5.23412pt too wide) detected at line 510
\TU/lmr/m/n/10.95 12.104 
 []


Overfull \hbox (5.23412pt too wide) detected at line 511
\TU/lmr/m/n/10.95 12.105 
 []


Overfull \hbox (5.23412pt too wide) detected at line 512
\TU/lmr/m/n/10.95 12.106 
 []


Overfull \hbox (5.23412pt too wide) detected at line 513
\TU/lmr/m/n/10.95 12.107 
 []


Overfull \hbox (5.23412pt too wide) detected at line 514
\TU/lmr/m/n/10.95 12.108 
 []


Overfull \hbox (5.23412pt too wide) detected at line 515
\TU/lmr/m/n/10.95 12.109 
 []


Overfull \hbox (5.23412pt too wide) detected at line 516
\TU/lmr/m/n/10.95 12.110 
 []


Overfull \hbox (5.23412pt too wide) detected at line 517
\TU/lmr/m/n/10.95 12.111 
 []


Overfull \hbox (5.23412pt too wide) detected at line 518
\TU/lmr/m/n/10.95 12.112 
 []


Overfull \hbox (5.23412pt too wide) detected at line 519
\TU/lmr/m/n/10.95 12.113 
 []


Overfull \hbox (5.23412pt too wide) detected at line 520
\TU/lmr/m/n/10.95 12.114 
 []


Overfull \hbox (5.23412pt too wide) detected at line 521
\TU/lmr/m/n/10.95 12.115 
 []


Overfull \hbox (5.23412pt too wide) detected at line 522
\TU/lmr/m/n/10.95 12.116 
 []


Overfull \hbox (5.23412pt too wide) detected at line 523
\TU/lmr/m/n/10.95 12.117 
 []


Overfull \hbox (5.23412pt too wide) detected at line 524
\TU/lmr/m/n/10.95 12.118 
 []


Overfull \hbox (5.23412pt too wide) detected at line 525
\TU/lmr/m/n/10.95 12.119 
 []


Overfull \hbox (5.23412pt too wide) detected at line 526
\TU/lmr/m/n/10.95 12.120 
 []


Overfull \hbox (5.23412pt too wide) detected at line 527
\TU/lmr/m/n/10.95 12.121 
 []


Overfull \hbox (5.23412pt too wide) detected at line 528
\TU/lmr/m/n/10.95 12.122 
 []


Overfull \hbox (5.23412pt too wide) detected at line 529
\TU/lmr/m/n/10.95 12.123 
 []


Overfull \hbox (5.23412pt too wide) detected at line 530
\TU/lmr/m/n/10.95 12.124 
 []

[17]
Overfull \hbox (5.23412pt too wide) detected at line 531
\TU/lmr/m/n/10.95 12.125 
 []


Overfull \hbox (5.23412pt too wide) detected at line 532
\TU/lmr/m/n/10.95 12.126 
 []


Overfull \hbox (5.23412pt too wide) detected at line 533
\TU/lmr/m/n/10.95 12.127 
 []


Overfull \hbox (5.23412pt too wide) detected at line 534
\TU/lmr/m/n/10.95 12.128 
 []


Overfull \hbox (5.23412pt too wide) detected at line 535
\TU/lmr/m/n/10.95 12.129 
 []


Overfull \hbox (5.23412pt too wide) detected at line 536
\TU/lmr/m/n/10.95 12.130 
 []


Overfull \hbox (5.23412pt too wide) detected at line 537
\TU/lmr/m/n/10.95 12.131 
 []


Overfull \hbox (5.23412pt too wide) detected at line 538
\TU/lmr/m/n/10.95 12.132 
 []


Overfull \hbox (5.23412pt too wide) detected at line 539
\TU/lmr/m/n/10.95 12.133 
 []


Overfull \hbox (5.23412pt too wide) detected at line 540
\TU/lmr/m/n/10.95 12.134 
 []

[18] [19]
Overfull \hbox (5.23412pt too wide) detected at line 641
\TU/lmr/m/n/10.95 13.100 
 []


Overfull \hbox (5.23412pt too wide) detected at line 642
\TU/lmr/m/n/10.95 13.101 
 []


Overfull \hbox (5.23412pt too wide) detected at line 643
\TU/lmr/m/n/10.95 13.102 
 []


Overfull \hbox (5.23412pt too wide) detected at line 644
\TU/lmr/m/n/10.95 13.103 
 []


Overfull \hbox (5.23412pt too wide) detected at line 645
\TU/lmr/m/n/10.95 13.104 
 []


Overfull \hbox (5.23412pt too wide) detected at line 646
\TU/lmr/m/n/10.95 13.105 
 []


Overfull \hbox (5.23412pt too wide) detected at line 647
\TU/lmr/m/n/10.95 13.106 
 []


Overfull \hbox (5.23412pt too wide) detected at line 648
\TU/lmr/m/n/10.95 13.107 
 []


Overfull \hbox (5.23412pt too wide) detected at line 649
\TU/lmr/m/n/10.95 13.108 
 []


Overfull \hbox (5.23412pt too wide) detected at line 650
\TU/lmr/m/n/10.95 13.109 
 []


Overfull \hbox (5.23412pt too wide) detected at line 651
\TU/lmr/m/n/10.95 13.110 
 []


Overfull \hbox (5.23412pt too wide) detected at line 652
\TU/lmr/m/n/10.95 13.111 
 []


Overfull \hbox (5.23412pt too wide) detected at line 653
\TU/lmr/m/n/10.95 13.112 
 []


Overfull \hbox (5.23412pt too wide) detected at line 654
\TU/lmr/m/n/10.95 13.113 
 []


Overfull \hbox (5.23412pt too wide) detected at line 655
\TU/lmr/m/n/10.95 13.114 
 []


Overfull \hbox (5.23412pt too wide) detected at line 656
\TU/lmr/m/n/10.95 13.115 
 []


Overfull \hbox (5.23412pt too wide) detected at line 657
\TU/lmr/m/n/10.95 13.116 
 []


Overfull \hbox (5.23412pt too wide) detected at line 658
\TU/lmr/m/n/10.95 13.117 
 []


Overfull \hbox (5.23412pt too wide) detected at line 659
\TU/lmr/m/n/10.95 13.118 
 []


Overfull \hbox (5.23412pt too wide) detected at line 660
\TU/lmr/m/n/10.95 13.119 
 []


Overfull \hbox (5.23412pt too wide) detected at line 661
\TU/lmr/m/n/10.95 13.120 
 []


Overfull \hbox (5.23412pt too wide) detected at line 662
\TU/lmr/m/n/10.95 13.121 
 []


Overfull \hbox (5.23412pt too wide) detected at line 663
\TU/lmr/m/n/10.95 13.122 
 []


Overfull \hbox (5.23412pt too wide) detected at line 664
\TU/lmr/m/n/10.95 13.123 
 []


Overfull \hbox (5.23412pt too wide) detected at line 665
\TU/lmr/m/n/10.95 13.124 
 []


Overfull \hbox (5.23412pt too wide) detected at line 666
\TU/lmr/m/n/10.95 13.125 
 []

[20]
Overfull \hbox (5.23412pt too wide) detected at line 667
\TU/lmr/m/n/10.95 13.126 
 []


Overfull \hbox (5.23412pt too wide) detected at line 668
\TU/lmr/m/n/10.95 13.127 
 []


Overfull \hbox (5.23412pt too wide) detected at line 669
\TU/lmr/m/n/10.95 13.128 
 []


Overfull \hbox (5.23412pt too wide) detected at line 670
\TU/lmr/m/n/10.95 13.129 
 []


Overfull \hbox (5.23412pt too wide) detected at line 671
\TU/lmr/m/n/10.95 13.130 
 []


Overfull \hbox (5.23412pt too wide) detected at line 672
\TU/lmr/m/n/10.95 13.131 
 []


Overfull \hbox (5.23412pt too wide) detected at line 673
\TU/lmr/m/n/10.95 13.132 
 []


Overfull \hbox (5.23412pt too wide) detected at line 674
\TU/lmr/m/n/10.95 13.133 
 []


Overfull \hbox (5.23412pt too wide) detected at line 675
\TU/lmr/m/n/10.95 13.134 
 []


Overfull \hbox (5.23412pt too wide) detected at line 676
\TU/lmr/m/n/10.95 13.135 
 []


Overfull \hbox (5.23412pt too wide) detected at line 677
\TU/lmr/m/n/10.95 13.136 
 []


Overfull \hbox (5.23412pt too wide) detected at line 678
\TU/lmr/m/n/10.95 13.137 
 []


Overfull \hbox (5.23412pt too wide) detected at line 679
\TU/lmr/m/n/10.95 13.138 
 []


Overfull \hbox (5.23412pt too wide) detected at line 680
\TU/lmr/m/n/10.95 13.139 
 []


Overfull \hbox (5.23412pt too wide) detected at line 681
\TU/lmr/m/n/10.95 13.140 
 []


Overfull \hbox (5.23412pt too wide) detected at line 682
\TU/lmr/m/n/10.95 13.141 
 []


Overfull \hbox (5.23412pt too wide) detected at line 683
\TU/lmr/m/n/10.95 13.142 
 []


Overfull \hbox (5.23412pt too wide) detected at line 684
\TU/lmr/m/n/10.95 13.143 
 []


Overfull \hbox (5.23412pt too wide) detected at line 685
\TU/lmr/m/n/10.95 13.144 
 []


Overfull \hbox (5.23412pt too wide) detected at line 686
\TU/lmr/m/n/10.95 13.145 
 []


Overfull \hbox (5.23412pt too wide) detected at line 687
\TU/lmr/m/n/10.95 13.146 
 []


Overfull \hbox (5.23412pt too wide) detected at line 688
\TU/lmr/m/n/10.95 13.147 
 []


Overfull \hbox (5.23412pt too wide) detected at line 689
\TU/lmr/m/n/10.95 13.148 
 []


Overfull \hbox (5.23412pt too wide) detected at line 690
\TU/lmr/m/n/10.95 13.149 
 []


Overfull \hbox (5.23412pt too wide) detected at line 691
\TU/lmr/m/n/10.95 13.150 
 []


Overfull \hbox (5.23412pt too wide) detected at line 692
\TU/lmr/m/n/10.95 13.151 
 []


Overfull \hbox (5.23412pt too wide) detected at line 693
\TU/lmr/m/n/10.95 13.152 
 []


Overfull \hbox (5.23412pt too wide) detected at line 694
\TU/lmr/m/n/10.95 13.153 
 []


Overfull \hbox (5.23412pt too wide) detected at line 695
\TU/lmr/m/n/10.95 13.154 
 []


Overfull \hbox (5.23412pt too wide) detected at line 696
\TU/lmr/m/n/10.95 13.155 
 []


Overfull \hbox (5.23412pt too wide) detected at line 697
\TU/lmr/m/n/10.95 13.156 
 []


Overfull \hbox (5.23412pt too wide) detected at line 698
\TU/lmr/m/n/10.95 13.157 
 []


Overfull \hbox (5.23412pt too wide) detected at line 699
\TU/lmr/m/n/10.95 13.158 
 []


Overfull \hbox (5.23412pt too wide) detected at line 700
\TU/lmr/m/n/10.95 13.159 
 []


Overfull \hbox (5.23412pt too wide) detected at line 701
\TU/lmr/m/n/10.95 13.160 
 []


Overfull \hbox (5.23412pt too wide) detected at line 702
\TU/lmr/m/n/10.95 13.161 
 []


Overfull \hbox (5.23412pt too wide) detected at line 703
\TU/lmr/m/n/10.95 13.162 
 []


Overfull \hbox (5.23412pt too wide) detected at line 704
\TU/lmr/m/n/10.95 13.163 
 []


Overfull \hbox (5.23412pt too wide) detected at line 705
\TU/lmr/m/n/10.95 13.164 
 []


Overfull \hbox (5.23412pt too wide) detected at line 706
\TU/lmr/m/n/10.95 13.165 
 []


Overfull \hbox (5.23412pt too wide) detected at line 707
\TU/lmr/m/n/10.95 13.166 
 []


Overfull \hbox (5.23412pt too wide) detected at line 708
\TU/lmr/m/n/10.95 13.167 
 []


Overfull \hbox (5.23412pt too wide) detected at line 709
\TU/lmr/m/n/10.95 13.168 
 []


Overfull \hbox (5.23412pt too wide) detected at line 710
\TU/lmr/m/n/10.95 13.169 
 []


Overfull \hbox (5.23412pt too wide) detected at line 711
\TU/lmr/m/n/10.95 13.170 
 []


Overfull \hbox (5.23412pt too wide) detected at line 712
\TU/lmr/m/n/10.95 13.171 
 []

[21]
Overfull \hbox (5.23412pt too wide) detected at line 713
\TU/lmr/m/n/10.95 13.172 
 []


Overfull \hbox (5.23412pt too wide) detected at line 714
\TU/lmr/m/n/10.95 13.173 
 []


Overfull \hbox (5.23412pt too wide) detected at line 715
\TU/lmr/m/n/10.95 13.174 
 []


Overfull \hbox (5.23412pt too wide) detected at line 716
\TU/lmr/m/n/10.95 13.175 
 []


Overfull \hbox (5.23412pt too wide) detected at line 717
\TU/lmr/m/n/10.95 13.176 
 []


Overfull \hbox (5.23412pt too wide) detected at line 718
\TU/lmr/m/n/10.95 13.177 
 []


Overfull \hbox (5.23412pt too wide) detected at line 719
\TU/lmr/m/n/10.95 13.178 
 []


Overfull \hbox (5.23412pt too wide) detected at line 720
\TU/lmr/m/n/10.95 13.179 
 []


Overfull \hbox (5.23412pt too wide) detected at line 721
\TU/lmr/m/n/10.95 13.180 
 []


Overfull \hbox (5.23412pt too wide) detected at line 722
\TU/lmr/m/n/10.95 13.181 
 []


Overfull \hbox (5.23412pt too wide) detected at line 723
\TU/lmr/m/n/10.95 13.182 
 []


Overfull \hbox (5.23412pt too wide) detected at line 724
\TU/lmr/m/n/10.95 13.183 
 []


Overfull \hbox (5.23412pt too wide) detected at line 725
\TU/lmr/m/n/10.95 13.184 
 []


Overfull \hbox (5.23412pt too wide) detected at line 726
\TU/lmr/m/n/10.95 13.185 
 []


Overfull \hbox (5.23412pt too wide) detected at line 727
\TU/lmr/m/n/10.95 13.186 
 []


Overfull \hbox (5.23412pt too wide) detected at line 728
\TU/lmr/m/n/10.95 13.187 
 []


Overfull \hbox (5.23412pt too wide) detected at line 729
\TU/lmr/m/n/10.95 13.188 
 []


Overfull \hbox (5.23412pt too wide) detected at line 730
\TU/lmr/m/n/10.95 13.189 
 []


Overfull \hbox (5.23412pt too wide) detected at line 731
\TU/lmr/m/n/10.95 13.190 
 []


Overfull \hbox (5.23412pt too wide) detected at line 732
\TU/lmr/m/n/10.95 13.191 
 []


Overfull \hbox (5.23412pt too wide) detected at line 733
\TU/lmr/m/n/10.95 13.192 
 []


Overfull \hbox (5.23412pt too wide) detected at line 734
\TU/lmr/m/n/10.95 13.193 
 []


Overfull \hbox (5.23412pt too wide) detected at line 735
\TU/lmr/m/n/10.95 13.194 
 []


Overfull \hbox (5.23412pt too wide) detected at line 736
\TU/lmr/m/n/10.95 13.195 
 []


Overfull \hbox (5.23412pt too wide) detected at line 737
\TU/lmr/m/n/10.95 13.196 
 []


Overfull \hbox (5.23412pt too wide) detected at line 738
\TU/lmr/m/n/10.95 13.197 
 []


Overfull \hbox (5.23412pt too wide) detected at line 739
\TU/lmr/m/n/10.95 13.198 
 []


Overfull \hbox (5.23412pt too wide) detected at line 740
\TU/lmr/m/n/10.95 13.199 
 []


Overfull \hbox (5.23412pt too wide) detected at line 741
\TU/lmr/m/n/10.95 13.200 
 []


Overfull \hbox (5.23412pt too wide) detected at line 742
\TU/lmr/m/n/10.95 13.201 
 []


Overfull \hbox (5.23412pt too wide) detected at line 743
\TU/lmr/m/n/10.95 13.202 
 []


Overfull \hbox (5.23412pt too wide) detected at line 744
\TU/lmr/m/n/10.95 13.203 
 []


Overfull \hbox (5.23412pt too wide) detected at line 745
\TU/lmr/m/n/10.95 13.204 
 []


Overfull \hbox (5.23412pt too wide) detected at line 746
\TU/lmr/m/n/10.95 13.205 
 []


Overfull \hbox (5.23412pt too wide) detected at line 747
\TU/lmr/m/n/10.95 13.206 
 []


Overfull \hbox (5.23412pt too wide) detected at line 748
\TU/lmr/m/n/10.95 13.207 
 []


Overfull \hbox (5.23412pt too wide) detected at line 749
\TU/lmr/m/n/10.95 13.208 
 []


Overfull \hbox (5.23412pt too wide) detected at line 750
\TU/lmr/m/n/10.95 13.209 
 []


Overfull \hbox (5.23412pt too wide) detected at line 751
\TU/lmr/m/n/10.95 13.210 
 []


Overfull \hbox (5.23412pt too wide) detected at line 752
\TU/lmr/m/n/10.95 13.211 
 []


Overfull \hbox (5.23412pt too wide) detected at line 753
\TU/lmr/m/n/10.95 13.212 
 []


Overfull \hbox (5.23412pt too wide) detected at line 754
\TU/lmr/m/n/10.95 13.213 
 []


Overfull \hbox (5.23412pt too wide) detected at line 755
\TU/lmr/m/n/10.95 13.214 
 []


Overfull \hbox (5.23412pt too wide) detected at line 756
\TU/lmr/m/n/10.95 13.215 
 []


Overfull \hbox (5.23412pt too wide) detected at line 757
\TU/lmr/m/n/10.95 13.216 
 []


Overfull \hbox (5.23412pt too wide) detected at line 758
\TU/lmr/m/n/10.95 13.217 
 []

[22]
Overfull \hbox (5.23412pt too wide) detected at line 759
\TU/lmr/m/n/10.95 13.218 
 []


Overfull \hbox (5.23412pt too wide) detected at line 760
\TU/lmr/m/n/10.95 13.219 
 []


Overfull \hbox (5.23412pt too wide) detected at line 761
\TU/lmr/m/n/10.95 13.220 
 []


Overfull \hbox (5.23412pt too wide) detected at line 762
\TU/lmr/m/n/10.95 13.221 
 []


Overfull \hbox (5.23412pt too wide) detected at line 763
\TU/lmr/m/n/10.95 13.222 
 []


Overfull \hbox (5.23412pt too wide) detected at line 764
\TU/lmr/m/n/10.95 13.223 
 []


Overfull \hbox (5.23412pt too wide) detected at line 765
\TU/lmr/m/n/10.95 13.224 
 []


Overfull \hbox (5.23412pt too wide) detected at line 766
\TU/lmr/m/n/10.95 13.225 
 []


Overfull \hbox (5.23412pt too wide) detected at line 767
\TU/lmr/m/n/10.95 13.226 
 []


Overfull \hbox (5.23412pt too wide) detected at line 768
\TU/lmr/m/n/10.95 13.227 
 []


Overfull \hbox (5.23412pt too wide) detected at line 769
\TU/lmr/m/n/10.95 13.228 
 []


Overfull \hbox (5.23412pt too wide) detected at line 770
\TU/lmr/m/n/10.95 13.229 
 []


Overfull \hbox (5.23412pt too wide) detected at line 771
\TU/lmr/m/n/10.95 13.230 
 []


Overfull \hbox (5.23412pt too wide) detected at line 772
\TU/lmr/m/n/10.95 13.231 
 []


Overfull \hbox (5.23412pt too wide) detected at line 773
\TU/lmr/m/n/10.95 13.232 
 []


Overfull \hbox (5.23412pt too wide) detected at line 774
\TU/lmr/m/n/10.95 13.233 
 []


Overfull \hbox (5.23412pt too wide) detected at line 775
\TU/lmr/m/n/10.95 13.234 
 []


Overfull \hbox (5.23412pt too wide) detected at line 776
\TU/lmr/m/n/10.95 13.235 
 []


Overfull \hbox (5.23412pt too wide) detected at line 777
\TU/lmr/m/n/10.95 13.236 
 []


Overfull \hbox (5.23412pt too wide) detected at line 778
\TU/lmr/m/n/10.95 13.237 
 []


Overfull \hbox (5.23412pt too wide) detected at line 779
\TU/lmr/m/n/10.95 13.238 
 []


Overfull \hbox (5.23412pt too wide) detected at line 780
\TU/lmr/m/n/10.95 13.239 
 []


Overfull \hbox (5.23412pt too wide) detected at line 781
\TU/lmr/m/n/10.95 13.240 
 []


Overfull \hbox (5.23412pt too wide) detected at line 782
\TU/lmr/m/n/10.95 13.241 
 []


Overfull \hbox (5.23412pt too wide) detected at line 783
\TU/lmr/m/n/10.95 13.242 
 []


Overfull \hbox (5.23412pt too wide) detected at line 784
\TU/lmr/m/n/10.95 13.243 
 []


Overfull \hbox (5.23412pt too wide) detected at line 785
\TU/lmr/m/n/10.95 13.244 
 []


Overfull \hbox (5.23412pt too wide) detected at line 786
\TU/lmr/m/n/10.95 13.245 
 []


Overfull \hbox (5.23412pt too wide) detected at line 787
\TU/lmr/m/n/10.95 13.246 
 []


Overfull \hbox (5.23412pt too wide) detected at line 788
\TU/lmr/m/n/10.95 13.247 
 []


Overfull \hbox (5.23412pt too wide) detected at line 789
\TU/lmr/m/n/10.95 13.248 
 []


Overfull \hbox (5.23412pt too wide) detected at line 790
\TU/lmr/m/n/10.95 13.249 
 []


Overfull \hbox (5.23412pt too wide) detected at line 791
\TU/lmr/m/n/10.95 13.250 
 []


Overfull \hbox (5.23412pt too wide) detected at line 792
\TU/lmr/m/n/10.95 13.251 
 []


Overfull \hbox (5.23412pt too wide) detected at line 793
\TU/lmr/m/n/10.95 13.252 
 []


Overfull \hbox (5.23412pt too wide) detected at line 794
\TU/lmr/m/n/10.95 13.253 
 []


Overfull \hbox (5.23412pt too wide) detected at line 795
\TU/lmr/m/n/10.95 13.254 
 []


Overfull \hbox (5.23412pt too wide) detected at line 796
\TU/lmr/m/n/10.95 13.255 
 []


Overfull \hbox (5.23412pt too wide) detected at line 797
\TU/lmr/m/n/10.95 13.256 
 []


Overfull \hbox (5.23412pt too wide) detected at line 798
\TU/lmr/m/n/10.95 13.257 
 []


Overfull \hbox (5.23412pt too wide) detected at line 799
\TU/lmr/m/n/10.95 13.258 
 []


Overfull \hbox (5.23412pt too wide) detected at line 800
\TU/lmr/m/n/10.95 13.259 
 []


Overfull \hbox (5.23412pt too wide) detected at line 801
\TU/lmr/m/n/10.95 13.260 
 []


Overfull \hbox (5.23412pt too wide) detected at line 802
\TU/lmr/m/n/10.95 13.261 
 []


Overfull \hbox (5.23412pt too wide) detected at line 803
\TU/lmr/m/n/10.95 13.262 
 []


Overfull \hbox (5.23412pt too wide) detected at line 804
\TU/lmr/m/n/10.95 13.263 
 []

[23]
Overfull \hbox (5.23412pt too wide) detected at line 805
\TU/lmr/m/n/10.95 13.264 
 []


Overfull \hbox (5.23412pt too wide) detected at line 806
\TU/lmr/m/n/10.95 13.265 
 []


Overfull \hbox (5.23412pt too wide) detected at line 807
\TU/lmr/m/n/10.95 13.266 
 []


Overfull \hbox (5.23412pt too wide) detected at line 808
\TU/lmr/m/n/10.95 13.267 
 []


Overfull \hbox (5.23412pt too wide) detected at line 809
\TU/lmr/m/n/10.95 13.268 
 []


Overfull \hbox (5.23412pt too wide) detected at line 810
\TU/lmr/m/n/10.95 13.269 
 []


Overfull \hbox (5.23412pt too wide) detected at line 811
\TU/lmr/m/n/10.95 13.270 
 []


Overfull \hbox (5.23412pt too wide) detected at line 812
\TU/lmr/m/n/10.95 13.271 
 []


Overfull \hbox (5.23412pt too wide) detected at line 813
\TU/lmr/m/n/10.95 13.272 
 []


Overfull \hbox (5.23412pt too wide) detected at line 814
\TU/lmr/m/n/10.95 13.273 
 []


Overfull \hbox (5.23412pt too wide) detected at line 815
\TU/lmr/m/n/10.95 13.274 
 []


Overfull \hbox (5.23412pt too wide) detected at line 816
\TU/lmr/m/n/10.95 13.275 
 []


Overfull \hbox (5.23412pt too wide) detected at line 817
\TU/lmr/m/n/10.95 13.276 
 []


Overfull \hbox (5.23412pt too wide) detected at line 818
\TU/lmr/m/n/10.95 13.277 
 []


Overfull \hbox (5.23412pt too wide) detected at line 819
\TU/lmr/m/n/10.95 13.278 
 []


Overfull \hbox (5.23412pt too wide) detected at line 820
\TU/lmr/m/n/10.95 13.279 
 []

[24])
\tf@toc=\write4

\openout4 = unreachable-futures.toc
 [25]
Chapter 1.
[1


] [2] [3] [4] [5] [6] [7] [8] [9] [10] [11] [12] [13]
Chapter 2.
[14

] [15] [16] [17] [18] [19] [20] [21] [22] [23] [24] [25] [26] [27] [28]
[29]
Chapter 3.
[30

] [31] [32]
Overfull \hbox (121.65518pt too wide) detected at line 1927
[] \OMS/cmsy/m/n/10.95 ! [] ! [] ! [] ! []\OML/cmm/m/it/10.95 :
 []

[33] [34] [35] [36] [37] [38] [39] [40] [41] [42] [43] [44]
Chapter 4.
[45

] [46]
Overfull \hbox (7.75935pt too wide) detected at line 2794
[] \OMS/cmsy/m/n/10.95 ! [] ! [] ! [] ! [] ! []\OML/cmm/m/it/10.95 :
 []

[47] [48] [49] [50] [51] [52] [53] [54] [55] [56] [57] [58] [59] [60]
Chapter 5.
[61

] [62] [63] [64] [65] [66] [67] [68] [69]
Overfull \hbox (0.16531pt too wide) detected at line 4361
[]
 []

[70] [71] [72] [73] [74] [75] [76] [77]
Chapter 6.
[78

] [79] [80] [81] [82] [83] [84] [85] [86] [87] [88] [89] [90] [91] [92]
[93] [94]
Chapter 7.
[95

] [96] [97] [98] [99] [100] [101] [102] [103] [104] [105] [106] [107]
[108] [109] [110] [111] [112] [113] [114] [115] [116]
Chapter 8.
[117

] [118]
Overfull \hbox (87.26167pt too wide) detected at line 7825
[]
 []

[119] [120] [121] [122] [123] [124] [125] [126] [127] [128] [129] [130]
[131] [132] [133] [134] [135] [136] [137] [138] [139] [140]
Chapter 9.
[141

] [142] [143] [144]
! Undefined control sequence.
l.9689 \Resp
          _i(H)
The control sequence at the end of the top line
of your error message was never \def'ed. If you have
misspelled it (e.g., `\hobx'), type `I' and the correct
spelling (e.g., `I\hbox'). Otherwise just continue,
and I'll forget about whatever was undefined.

[145] [146]
Overfull \hbox (167.89551pt too wide) detected at line 9850
\OML/cmm/m/it/10.95 P \OT1/cmr/m/n/10.95 = \OML/cmm/m/it/10.95 F\OT1/cmr/m/n/10
.95 ([]\OML/cmm/m/it/10.95 ; []; []; []; []; []; []; []\OT1/cmr/m/n/10.95 )\OML
/cmm/m/it/10.95 :
 []

[147] [148] [149]
! Undefined control sequence.
l.10001 \CR
         _i
The control sequence at the end of the top line
of your error message was never \def'ed. If you have
misspelled it (e.g., `\hobx'), type `I' and the correct
spelling (e.g., `I\hbox'). Otherwise just continue,
and I'll forget about whatever was undefined.

! Undefined control sequence.
l.10011 The larger \(\CR
                      _i\), the stronger the basis for claiming that actor \...
The control sequence at the end of the top line
of your error message was never \def'ed. If you have
misspelled it (e.g., `\hobx'), type `I' and the correct
spelling (e.g., `I\hbox'). Otherwise just continue,
and I'll forget about whatever was undefined.

! Undefined control sequence.
<argument> \Resp 
      
l.10050 \widehat{\Resp}
                     _i
The control sequence at the end of the top line
of your error message was never \def'ed. If you have
misspelled it (e.g., `\hobx'), type `I' and the correct
spelling (e.g., `I\hbox'). Otherwise just continue,
and I'll forget about whatever was undefined.

! Undefined control sequence.
<argument> \Resp 
      
l.10050 \widehat{\Resp}
                     _i
The control sequence at the end of the top line
of your error message was never \def'ed. If you have
misspelled it (e.g., `\hobx'), type `I' and the correct
spelling (e.g., `I\hbox'). Otherwise just continue,
and I'll forget about whatever was undefined.

! Undefined control sequence.
l.10056 \Resp
           _i.
The control sequence at the end of the top line
of your error message was never \def'ed. If you have
misspelled it (e.g., `\hobx'), type `I' and the correct
spelling (e.g., `I\hbox'). Otherwise just continue,
and I'll forget about whatever was undefined.

! Undefined control sequence.
<argument> \Resp 
      
l.10062 \widehat{\Resp}
                     _i
The control sequence at the end of the top line
of your error message was never \def'ed. If you have
misspelled it (e.g., `\hobx'), type `I' and the correct
spelling (e.g., `I\hbox'). Otherwise just continue,
and I'll forget about whatever was undefined.

! Undefined control sequence.
<argument> \Resp 
      
l.10062 \widehat{\Resp}
                     _i
The control sequence at the end of the top line
of your error message was never \def'ed. If you have
misspelled it (e.g., `\hobx'), type `I' and the correct
spelling (e.g., `I\hbox'). Otherwise just continue,
and I'll forget about whatever was undefined.

! Undefined control sequence.
l.10064 \Resp
           _i.
The control sequence at the end of the top line
of your error message was never \def'ed. If you have
misspelled it (e.g., `\hobx'), type `I' and the correct
spelling (e.g., `I\hbox'). Otherwise just continue,
and I'll forget about whatever was undefined.

[150] [151] [152] [153] [154] [155] [156] [157] [158] [159] [160] [161]
[162] [163]
! Undefined control sequence.
l.11116 \Resp
           (C)
The control sequence at the end of the top line
of your error message was never \def'ed. If you have
misspelled it (e.g., `\hobx'), type `I' and the correct
spelling (e.g., `I\hbox'). Otherwise just continue,
and I'll forget about whatever was undefined.

! Undefined control sequence.
l.11119 \Resp
           _{\mathrm{individual}},
The control sequence at the end of the top line
of your error message was never \def'ed. If you have
misspelled it (e.g., `\hobx'), type `I' and the correct
spelling (e.g., `I\hbox'). Otherwise just continue,
and I'll forget about whatever was undefined.

! Undefined control sequence.
l.11120 \Resp
           _{\mathrm{institutional}},
The control sequence at the end of the top line
of your error message was never \def'ed. If you have
misspelled it (e.g., `\hobx'), type `I' and the correct
spelling (e.g., `I\hbox'). Otherwise just continue,
and I'll forget about whatever was undefined.

! Undefined control sequence.
l.11121 \Resp
           _{\mathrm{systemic}},
The control sequence at the end of the top line
of your error message was never \def'ed. If you have
misspelled it (e.g., `\hobx'), type `I' and the correct
spelling (e.g., `I\hbox'). Otherwise just continue,
and I'll forget about whatever was undefined.

! Undefined control sequence.
l.11122 \Resp
           _{\mathrm{collective}}
The control sequence at the end of the top line
of your error message was never \def'ed. If you have
misspelled it (e.g., `\hobx'), type `I' and the correct
spelling (e.g., `I\hbox'). Otherwise just continue,
and I'll forget about whatever was undefined.

[164] [165] [166] [167] [168] [169] [170] [171] [172]
Chapter 10.
[173

]
Overfull \hbox (34.25267pt too wide) detected at line 11828
[]
 []

[174] [175] [176] [177] [178] [179] [180] [181] [182]
Overfull \hbox (21.02501pt too wide) detected at line 12512
[]
 []

[183] [184] [185]
Overfull \hbox (25.53648pt too wide) detected at line 12747
[]
 []

[186] [187]
Overfull \hbox (14.80019pt too wide) detected at line 12867
[] \OMS/cmsy/m/n/10.95 ! [] ! [] ! [] ! [] ! []\OML/cmm/m/it/10.95 :
 []

[188] [189] [190]
Overfull \hbox (8.82677pt too wide) detected at line 13116
[]
 []

[191] [192] [193] [194] [195] [196] [197] [198] [199] [200] [201]
Chapter 11.
[202

] [203] [204] [205] [206] [207] [208] [209] [210] [211] [212] [213]
! Undefined control sequence.
l.14893 \Corr
           (m,g)\downarrow
The control sequence at the end of the top line
of your error message was never \def'ed. If you have
misspelled it (e.g., `\hobx'), type `I' and the correct
spelling (e.g., `I\hbox'). Otherwise just continue,
and I'll forget about whatever was undefined.

[214] [215] [216] [217] [218] [219]
Overfull \hbox (174.8761pt too wide) detected at line 15355
[]
 []

[220] [221] [222] [223] [224] [225] [226] [227] [228] [229] [230] [231]
[232] [233] [234] [235] [236]
Chapter 12.
[237

] [238] [239] [240] [241] [242] [243] [244] [245] [246] [247] [248]
[249] [250] [251] [252] [253] [254] [255] [256] [257] [258] [259]
Overfull \hbox (47.14078pt too wide) detected at line 18407
[]
 []

[260] [261] [262] [263] [264] [265] [266] [267] [268] [269] [270] [271]
[272] [273] [274] [275] [276] [277] [278] [279] [280]
Overfull \hbox (52.51727pt too wide) detected at line 20044
[]
 []

[281] [282] [283] [284] [285] [286] [287] [288] [289] [290] [291] [292]
[293] [294] [295] [296]
Overfull \hbox (54.79489pt too wide) detected at line 21247
[]
 []

[297] [298] [299]
Chapter 13.
[300

] [301] [302] [303] [304] [305] [306] [307] [308] [309] [310] [311]
[312] [313] [314] [315] [316] [317] [318] [319] [320] [321] [322] [323]
[324] [325]
Overfull \hbox (9.36304pt too wide) detected at line 22877
[] \OMS/cmsy/m/n/10.95 ! [] ! [] ! [] ! []\OML/cmm/m/it/10.95 :
 []

[326] [327] [328] [329] [330] [331] [332] [333] [334] [335] [336] [337]
[338] [339] [340] [341] [342] [343]
Overfull \hbox (36.69452pt too wide) detected at line 23977
[]
 []

[344] [345] [346] [347]
Overfull \hbox (349.55789pt too wide) detected at line 24191
[]
 []

[348] [349] [350] [351] [352] [353] [354] [355] [356] [357] [358] [359]
[360] [361] [362] [363] [364] [365] [366] [367] [368] [369] [370] [371]
[372] [373] [374]
Overfull \hbox (182.58139pt too wide) detected at line 25739
[]
 []

[375] [376]
Overfull \hbox (406.49799pt too wide) detected at line 25823
[]
 []

[377] [378] [379] [380] [381] [382] [383] [384] [385] [386] [387] [388]
[389] [390]
Chapter 14.
[391

] [392] [393] [394] [395] [396] [397] [398] [399] [400] [401] [402]
Chapter 15.
[403

] [404] [405] [406] [407] [408] [409] [410] [411] [412] [413] [414]
[415] [416]
Overfull \hbox (23.25958pt too wide) detected at line 28064
[] \OMS/cmsy/m/n/10.95 ! [] ! [] ! [] ! [] ! [] ! []\OML/cmm/m/it/10.95 :
 []

[417] [418] [419

] [420] [421] [422] [423] [424] [425] [426] [427] [428]
[429]
Appendix A.
[430

] [431] [432] [433] [434] [435] [436] [437] [438] [439] [440] [441]
[442] [443] [444] [445] [446] [447] [448] [449] [450] [451

] [452] [453]
[454] [455] [456] [457] [458] [459] [460] [461] [462] [463] [464] [465]
(./unreachable-futures.aux)
 ***********
LaTeX2e <2023-11-01> patch level 1
L3 programming layer <2024-01-22>
 ***********
Package rerunfilecheck Info: File `unreachable-futures.out' has not changed.
(rerunfilecheck)             Checksum: D4FBE78B257629BDDF2C89C9B6A31583;183867.

)

Here is how much of LuaTeX's memory you used:
 18776 strings out of 476553
 125236,1977958 words of node,token memory allocated
 10155 words of node memory still in use:
   7 hlist, 2 vlist, 2 rule, 1 local_par, 4 glue, 4 kern, 1 penalty, 3 glyph, 23
99 attribute, 59 glue_spec, 2399 attribute_list, 1 write, 3 pdf_action nodes
   avail lists: 1:3,2:562,3:470,4:93,5:649,6:140,7:11418,8:72,9:778,10:31,11:106
3
 38748 multiletter control sequences out of 65536+600000
 64 fonts using 5069951 bytes
 72i,11n,75p,1296b,938s stack positions out of 10000i,1000n,20000p,200000b,200000s
</usr/share/texmf/fonts/opentype/public/lm/lmroman8-regular.otf></usr/share/texm
f/fonts/opentype/public/lm/lmroman10-bolditalic.otf></usr/share/texmf/fonts/open
type/public/lm/lmromanslant10-regular.otf></usr/share/texmf/fonts/opentype/publi
c/lm/lmroman10-bold.otf></usr/share/texmf/fonts/opentype/public/lm/lmroman10-ita
lic.otf></usr/share/texmf/fonts/opentype/public/lm/lmroman10-regular.otf></usr/s
hare/texmf/fonts/opentype/public/lm/lmroman12-regular.otf></usr/share/texmf/font
s/opentype/public/lm/lmroman12-bold.otf></usr/share/texlive/texmf-dist/fonts/typ
e1/public/amsfonts/cm/cmbx10.pfb></usr/share/texlive/texmf-dist/fonts/type1/publ
ic/amsfonts/cm/cmex10.pfb></usr/share/texlive/texmf-dist/fonts/type1/public/amsf
onts/cm/cmmi10.pfb></usr/share/texlive/texmf-dist/fonts/type1/public/amsfonts/cm
/cmmi6.pfb></usr/share/texlive/texmf-dist/fonts/type1/public/amsfonts/cm/cmmi8.p
fb></usr/share/texlive/texmf-dist/fonts/type1/public/amsfonts/cm/cmr10.pfb></usr
/share/texlive/texmf-dist/fonts/type1/public/amsfonts/cm/cmr6.pfb></usr/share/te
xlive/texmf-dist/fonts/type1/public/amsfonts/cm/cmr8.pfb></usr/share/texlive/tex
mf-dist/fonts/type1/public/amsfonts/cm/cmsy10.pfb></usr/share/texlive/texmf-dist
/fonts/type1/public/amsfonts/cm/cmsy6.pfb></usr/share/texlive/texmf-dist/fonts/t
ype1/public/amsfonts/cm/cmsy8.pfb></usr/share/texlive/texmf-dist/fonts/type1/pub
lic/amsfonts/euler/eufm10.pfb></usr/share/texlive/texmf-dist/fonts/type1/public/
amsfonts/symbols/msam10.pfb></usr/share/texlive/texmf-dist/fonts/type1/public/am
sfonts/symbols/msbm10.pfb>
Output written on unreachable-futures.pdf (491 pages, 1556292 bytes).

PDF statistics: 7042 PDF objects out of 7423 (max. 8388607)
 6446 compressed objects within 65 object streams
 1745 named destinations out of 2073 (max. 131072)
 7009 words of extra memory for PDF output out of 10000 (max. 100000000)

