\BOOKMARK [1][-]{Doc-Start}{\376\377\000S\000e\000c\000t\000i\000o\000n\000\040\000S\000y\000n\000o\000p\000s\000e\000s}{}% 1
\BOOKMARK [1][-]{section.1}{\376\377\000T\000e\000x\000t\000\040\000a\000s\000\040\000O\000n\000t\000o\000l\000o\000g\000i\000c\000a\000l\000\040\000G\000e\000n\000e\000r\000a\000t\000o\000r}{}% 2
\BOOKMARK [2][-]{subsection.1.1}{\376\377\000F\000o\000r\000m\000a\000l\000\040\000F\000i\000e\000l\000d\000\040\000S\000t\000r\000u\000c\000t\000u\000r\000e}{section.1}% 3
\BOOKMARK [1][-]{section.2}{\376\377\000H\000i\000s\000t\000o\000r\000i\000c\000a\000l\000\040\000P\000r\000i\000m\000a\000c\000y}{}% 4
\BOOKMARK [1][-]{section.3}{\376\377\000D\000e\000p\000e\000n\000d\000e\000n\000c\000y\000\040\000F\000i\000e\000l\000d\000s\000\040\000a\000n\000d\000\040\000L\000a\000t\000e\000n\000t\000\040\000P\000o\000t\000e\000n\000t\000i\000a\000l\000s}{}% 5
\BOOKMARK [2][-]{subsection.3.1}{\376\377\000A\000\040\000C\000o\000m\000p\000i\000l\000a\000t\000i\000o\000n\000\040\000E\000p\000i\000s\000o\000d\000e}{section.3}% 6
\BOOKMARK [2][-]{subsection.3.2}{\376\377\000E\000x\000t\000e\000n\000d\000i\000n\000g\000\040\000t\000h\000e\000\040\000P\000o\000t\000e\000n\000t\000i\000a\000l\000\040\000F\000i\000e\000l\000d}{section.3}% 7
\BOOKMARK [2][-]{subsection.3.3}{\376\377\000T\000h\000e\000\040\000G\000e\000n\000e\000r\000a\000l\000\040\000P\000a\000t\000t\000e\000r\000n}{section.3}% 8
\BOOKMARK [2][-]{subsection.3.4}{\376\377\000L\000a\000t\000e\000n\000c\000y\000,\000\040\000N\000o\000t\000\040\000N\000e\000g\000a\000t\000i\000o\000n}{section.3}% 9
\BOOKMARK [1][-]{section.4}{\376\377\000E\000x\000e\000c\000u\000t\000i\000o\000n\000\040\000a\000s\000\040\000S\000t\000o\000c\000h\000a\000s\000t\000i\000c\000\040\000F\000i\000e\000l\000d\000\040\000F\000l\000o\000w}{}% 10
\BOOKMARK [2][-]{subsection.4.1}{\376\377\000F\000o\000r\000m\000a\000l\000\040\000F\000i\000e\000l\000d\000\040\000S\000t\000r\000u\000c\000t\000u\000r\000e\000\040\000a\000n\000d\000\040\000S\000t\000o\000c\000h\000a\000s\000t\000i\000c\000\040\000D\000y\000n\000a\000m\000i\000c\000s}{section.4}% 11
\BOOKMARK [2][-]{subsection.4.2}{\376\377\000C\000o\000m\000p\000u\000t\000a\000t\000i\000o\000n\000a\000l\000\040\000H\000a\000m\000i\000l\000t\000o\000n\000i\000a\000n\000\040\000a\000n\000d\000\040\000O\000p\000t\000i\000m\000a\000l\000\040\000E\000x\000e\000c\000u\000t\000i\000o\000n\000\040\000P\000a\000t\000h\000s}{section.4}% 12
\BOOKMARK [2][-]{subsection.4.3}{\376\377\000C\000o\000r\000o\000l\000l\000a\000r\000y\000:\000\040\000R\000a\000t\000e\040\023\000D\000i\000s\000t\000o\000r\000t\000i\000o\000n\000\040\000V\000i\000e\000w\000\040\000o\000f\000\040\000O\000p\000t\000i\000m\000a\000l\000\040\000E\000x\000e\000c\000u\000t\000i\000o\000n}{section.4}% 13
\BOOKMARK [2][-]{subsection.4.4}{\376\377\000E\000x\000a\000m\000p\000l\000e\000:\000\040\000Q\000u\000a\000d\000r\000a\000t\000i\000c\000\040\000P\000o\000t\000e\000n\000t\000i\000a\000l\000\040\000o\000n\000\040\000R}{section.4}% 14
\BOOKMARK [1][-]{section.5}{\376\377\000R\000e\000n\000d\000e\000r\000i\000n\000g\000\040\000a\000s\000\040\000E\000n\000t\000r\000o\000p\000i\000c\000\040\000E\000x\000p\000a\000n\000s\000i\000o\000n}{}% 15
\BOOKMARK [2][-]{subsection.5.1}{\376\377\000E\000n\000t\000r\000o\000p\000y\000\040\000P\000r\000o\000d\000u\000c\000t\000i\000o\000n\000\040\000D\000u\000r\000i\000n\000g\000\040\000E\000x\000e\000c\000u\000t\000i\000o\000n}{section.5}% 16
\BOOKMARK [1][-]{section.6}{\376\377\000C\000o\000m\000p\000r\000e\000s\000s\000i\000o\000n\000\040\000a\000n\000d\000\040\000M\000e\000a\000n\000i\000n\000g}{}% 17
\BOOKMARK [1][-]{section.7}{\376\377\000D\000e\000l\000e\000g\000a\000t\000e\000d\000\040\000A\000g\000e\000n\000c\000y\000\040\000a\000n\000d\000\040\000M\000e\000t\000a\000-\000A\000u\000t\000h\000o\000r\000s\000h\000i\000p}{}% 18
\BOOKMARK [1][-]{section.8}{\376\377\000E\000x\000e\000c\000u\000t\000i\000o\000n\000a\000l\000\040\000O\000n\000t\000o\000l\000o\000g\000y\000\040\000a\000n\000d\000\040\000t\000h\000e\000\040\000M\000a\000n\000y\000-\000R\000u\000n\000\040\000U\000n\000i\000v\000e\000r\000s\000e}{}% 19
\BOOKMARK [2][-]{subsection.8.1}{\376\377\000M\000o\000d\000a\000l\000\040\000S\000t\000r\000u\000c\000t\000u\000r\000e\000\040\000o\000f\000\040\000E\000x\000e\000c\000u\000t\000i\000o\000n\000\040\000S\000p\000a\000c\000e}{section.8}% 20
\BOOKMARK [1][-]{section.9}{\376\377\000R\000e\000f\000l\000e\000x\000i\000v\000i\000t\000y\000\040\000a\000n\000d\000\040\000S\000e\000m\000a\000n\000t\000i\000c\000\040\000C\000l\000o\000s\000u\000r\000e}{}% 21
\BOOKMARK [2][-]{subsection.9.1}{\376\377\000T\000h\000e\000\040\000H\000a\000r\000d\000\040\000P\000r\000o\000b\000l\000e\000m\000\040\000a\000n\000d\000\040\000R\000e\000f\000l\000e\000x\000i\000v\000e\000\040\000C\000o\000m\000p\000u\000t\000a\000t\000i\000o\000n}{section.9}% 22
\BOOKMARK [1][-]{section.10}{\376\377\000E\000p\000i\000s\000t\000e\000m\000i\000c\000\040\000I\000m\000p\000l\000i\000c\000a\000t\000i\000o\000n\000s}{}% 23
\BOOKMARK [1][-]{section.11}{\376\377\000C\000o\000s\000m\000o\000g\000e\000n\000i\000c\000\040\000P\000a\000r\000a\000l\000l\000e\000l\000s\000\040\000a\000n\000d\000\040\000t\000h\000e\000\040\000M\000i\000c\000r\000o\000c\000o\000s\000m\000i\000c\000\040\000P\000l\000e\000n\000u\000m}{}% 24
\BOOKMARK [1][-]{section.12}{\376\377\000C\000o\000n\000c\000l\000u\000s\000i\000o\000n\000:\000\040\000T\000h\000e\000\040\000O\000n\000t\000o\000l\000o\000g\000i\000c\000a\000l\000\040\000S\000t\000a\000t\000u\000s\000\040\000o\000f\000\040\000t\000h\000e\000\040\000P\000r\000o\000c\000e\000d\000u\000r\000a\000l}{}% 25
\BOOKMARK [1][-]{section.13}{\376\377\000A\000s\000s\000e\000m\000b\000l\000y\000\040\000I\000n\000d\000e\000x\000\040\000a\000n\000d\000\040\000R\000e\000n\000d\000e\000r\000-\000S\000p\000a\000c\000e\000\040\000E\000n\000t\000r\000o\000p\000y}{}% 26
\BOOKMARK [2][-]{subsection.13.1}{\376\377\000W\000o\000r\000k\000e\000d\000\040\000E\000x\000a\000m\000p\000l\000e\000:\000\040\000F\000r\000a\000c\000t\000a\000l\000\040\000G\000e\000n\000e\000r\000a\000t\000o\000r}{section.13}% 27
\BOOKMARK [1][-]{section.14}{\376\377\000O\000b\000j\000e\000c\000t\000i\000o\000n\000s\000\040\000a\000n\000d\000\040\000R\000e\000p\000l\000i\000e\000s}{}% 28
\BOOKMARK [2][-]{subsection.14.1}{\376\377\000O\000b\000j\000e\000c\000t\000i\000o\000n\000\040\0001\000:\000\040\040\034\000T\000h\000i\000s\000\040\000i\000s\000\040\000m\000e\000r\000e\000l\000y\000\040\000m\000e\000t\000a\000p\000h\000o\000r\000i\000c\000a\000l\000.\040\035}{section.14}% 29
\BOOKMARK [3][-]{subsubsection.14.1.1}{\376\377\000P\000r\000o\000o\000f\000\040\000o\000f\000\040\000F\000u\000n\000c\000t\000o\000r\000i\000a\000l\000\040\000S\000t\000r\000u\000c\000t\000u\000r\000e}{subsection.14.1}% 30
\BOOKMARK [2][-]{subsection.14.2}{\376\377\000O\000b\000j\000e\000c\000t\000i\000o\000n\000\040\0002\000:\000\040\040\034\000C\000o\000d\000e\000\040\000i\000s\000\040\000a\000b\000s\000t\000r\000a\000c\000t\000,\000\040\000n\000o\000t\000\040\000p\000h\000y\000s\000i\000c\000a\000l\000.\040\035}{section.14}% 31
\BOOKMARK [2][-]{subsection.14.3}{\376\377\000O\000b\000j\000e\000c\000t\000i\000o\000n\000\040\0003\000:\000\040\040\034\000A\000s\000s\000e\000m\000b\000l\000y\000\040\000T\000h\000e\000o\000r\000y\000\040\000i\000s\000\040\000c\000o\000n\000t\000r\000o\000v\000e\000r\000s\000i\000a\000l\000.\040\035}{section.14}% 32
\BOOKMARK [2][-]{subsection.14.4}{\376\377\000C\000o\000n\000j\000e\000c\000t\000u\000r\000e\000:\000\040\000F\000i\000e\000l\000d\000-\000C\000o\000m\000p\000u\000t\000a\000b\000l\000e\000\040\000C\000o\000s\000m\000o\000g\000e\000n\000e\000s\000i\000s}{section.14}% 33
\BOOKMARK [1][-]{section.15}{\376\377\000F\000o\000r\000m\000a\000l\000\040\000S\000t\000a\000t\000e\000m\000e\000n\000t\000s\000:\000\040\000A\000s\000s\000e\000m\000b\000l\000y\000,\000\040\000C\000o\000m\000p\000l\000e\000x\000i\000t\000y\000,\000\040\000a\000n\000d\000\040\000E\000n\000t\000r\000o\000p\000y}{}% 34
\BOOKMARK [1][-]{section.16}{\376\377\000E\000m\000p\000i\000r\000i\000c\000a\000l\000\040\000V\000a\000l\000i\000d\000a\000t\000i\000o\000n\000:\000\040\000T\000h\000r\000e\000e\000\040\000C\000a\000s\000e\000\040\000S\000t\000u\000d\000i\000e\000s}{}% 35
\BOOKMARK [2][-]{subsection.16.1}{\376\377\000C\000a\000s\000e\000\040\0001\000:\000\040\000M\000a\000n\000d\000e\000l\000b\000r\000o\000t\000\040\000R\000e\000n\000d\000e\000r\000e\000r}{section.16}% 36
\BOOKMARK [2][-]{subsection.16.2}{\376\377\000C\000a\000s\000e\000\040\0002\000:\000\040\000L\000-\000S\000y\000s\000t\000e\000m\000\040\000T\000r\000e\000e\000\040\000G\000e\000n\000e\000r\000a\000t\000o\000r}{section.16}% 37
\BOOKMARK [2][-]{subsection.16.3}{\376\377\000C\000a\000s\000e\000\040\0003\000:\000\040\000N\000e\000u\000r\000a\000l\000\040\000N\000e\000t\000w\000o\000r\000k\000\040\000T\000r\000a\000i\000n\000i\000n\000g\000\040\000L\000o\000o\000p}{section.16}% 38
\BOOKMARK [1][-]{section.17}{\376\377\000M\000e\000r\000e\000o\000l\000o\000g\000i\000c\000a\000l\000\040\000C\000o\000m\000m\000i\000t\000m\000e\000n\000t\000s}{}% 39
\BOOKMARK [1][-]{section.18}{\376\377\000C\000o\000m\000p\000u\000t\000a\000t\000i\000o\000n\000a\000l\000\040\000C\000o\000m\000p\000l\000e\000x\000i\000t\000y\000\040\000a\000s\000\040\000F\000i\000e\000l\000d\000\040\000T\000o\000p\000o\000l\000o\000g\000y}{}% 40
\BOOKMARK [2][-]{subsection.18.1}{\376\377\000Q\000u\000a\000n\000t\000u\000m\000\040\000G\000e\000n\000e\000r\000a\000l\000i\000z\000a\000t\000i\000o\000n}{section.18}% 41
\BOOKMARK [1][-]{section.19}{\376\377\000O\000p\000e\000n\000\040\000P\000r\000o\000b\000l\000e\000m\000s\000\040\000a\000n\000d\000\040\000F\000u\000t\000u\000r\000e\000\040\000D\000i\000r\000e\000c\000t\000i\000o\000n\000s}{}% 42
\BOOKMARK [1][-]{section.20}{\376\377\000E\000x\000p\000a\000n\000d\000i\000n\000g\000\040\000M\000e\000m\000o\000r\000y\000:\000\040\000E\000d\000i\000t\000o\000r\040\023\000M\000u\000l\000t\000i\000p\000l\000e\000x\000e\000r\000\040\000S\000t\000r\000a\000t\000e\000g\000i\000e\000s\000\040\000f\000o\000r\000\040\000P\000r\000o\000c\000e\000d\000u\000r\000a\000l\000\040\000W\000o\000r\000k}{}% 43
\BOOKMARK [2][-]{subsection.20.1}{\376\377\000V\000i\000m\000\040\000a\000s\000\040\000S\000c\000a\000l\000a\000r\000\040\000P\000o\000t\000e\000n\000t\000i\000a\000l\000\040\000C\000u\000r\000a\000t\000o\000r}{section.20}% 44
\BOOKMARK [2][-]{subsection.20.2}{\376\377\000B\000y\000o\000b\000u\000/\000T\000m\000u\000x\000\040\000a\000s\000\040\000V\000e\000c\000t\000o\000r\000\040\000F\000l\000o\000w\000\040\000O\000r\000c\000h\000e\000s\000t\000r\000a\000t\000o\000r\000s}{section.20}% 45
\BOOKMARK [2][-]{subsection.20.3}{\376\377\000L\000i\000t\000e\000r\000a\000t\000e\000\040\000O\000p\000e\000r\000a\000t\000i\000o\000n\000s\000\040\000\046\000\040\000J\000o\000u\000r\000n\000a\000l\000i\000n\000g}{section.20}% 46
\BOOKMARK [2][-]{subsection.20.4}{\376\377\000R\000e\000f\000l\000e\000x\000i\000v\000e\000\040\000C\000a\000p\000t\000u\000r\000e\000:\000\040\000P\000r\000i\000n\000t\000S\000c\000r\000e\000e\000n\000.\000a\000h\000k\000\040\000L\000i\000n\000k\000a\000g\000e}{section.20}% 47
\BOOKMARK [2][-]{subsection.20.5}{\376\377\000H\000o\000t\000s\000t\000r\000i\000n\000g\000s\000\040\000a\000s\000\040\000E\000x\000t\000e\000r\000n\000a\000l\000i\000z\000e\000d\000\040\000P\000o\000t\000e\000n\000t\000i\000a\000l}{section.20}% 48
\BOOKMARK [2][-]{subsection.20.6}{\376\377\000C\000h\000e\000c\000k\000l\000i\000s\000t\000s\000\040\000a\000s\000\040\000L\000o\000w\000-\000E\000n\000t\000r\000o\000p\000y\000\040\000I\000n\000t\000e\000r\000f\000a\000c\000e\000s}{section.20}% 49
\BOOKMARK [1][-]{section.21}{\376\377\000R\000e\000v\000e\000r\000s\000i\000b\000l\000e\000\040\000E\000r\000a\000s\000u\000r\000e\000,\000\040\000C\000o\000m\000m\000e\000n\000t\000e\000d\000\040\000M\000e\000m\000o\000r\000y\000,\000\040\000a\000n\000d\000\040\000t\000h\000e\000\040\000E\000t\000h\000i\000c\000s\000\040\000o\000f\000\040\000A\000t\000t\000e\000n\000t\000i\000o\000n}{}% 50
\BOOKMARK [2][-]{subsection.21.1}{\376\377\000E\000n\000t\000r\000o\000p\000y\000\040\000B\000u\000d\000g\000e\000t\000s\000\040\000f\000o\000r\000\040\000L\000o\000g\000s}{section.21}% 51
\BOOKMARK [1][-]{section.22}{\376\377\000V\000i\000m\000\040\000a\000s\000\040\000C\000o\000m\000p\000r\000e\000s\000s\000e\000d\000\040\000H\000i\000s\000t\000o\000r\000y\000:\000\040\000M\000a\000c\000r\000o\000s\000,\000\040\000U\000n\000d\000o\000\040\000T\000r\000e\000e\000s\000,\000\040\000a\000n\000d\000\040\000M\000o\000d\000a\000l\000\040\000O\000n\000t\000o\000l\000o\000g\000y}{}% 52
\BOOKMARK [2][-]{subsection.22.1}{\376\377\000M\000a\000c\000r\000o\000s\000\040\000a\000s\000\040\000C\000o\000m\000p\000r\000e\000s\000s\000e\000d\000\040\000H\000i\000s\000t\000o\000r\000i\000e\000s}{section.22}% 53
\BOOKMARK [2][-]{subsection.22.2}{\376\377\000U\000n\000d\000o\000\040\000T\000r\000e\000e\000s\000\040\000a\000n\000d\000\040\000B\000r\000a\000n\000c\000h\000i\000n\000g\000\040\000T\000i\000m\000e}{section.22}% 54
\BOOKMARK [2][-]{subsection.22.3}{\376\377\000T\000e\000x\000t\000\040\000O\000b\000j\000e\000c\000t\000s\000\040\000a\000s\000\040\000O\000n\000t\000o\000l\000o\000g\000i\000c\000a\000l\000\040\000O\000b\000j\000e\000c\000t\000s}{section.22}% 55
\BOOKMARK [2][-]{subsection.22.4}{\376\377\000M\000o\000d\000a\000l\000\040\000E\000d\000i\000t\000i\000n\000g\000\040\000a\000n\000d\000\040\000O\000n\000t\000o\000l\000o\000g\000i\000c\000a\000l\000\040\000S\000e\000p\000a\000r\000a\000t\000i\000o\000n}{section.22}% 56
\BOOKMARK [1][-]{section.23}{\376\377\000E\000v\000a\000l\000u\000a\000t\000i\000o\000n\000\040\000a\000s\000\040\000L\000o\000c\000a\000l\000\040\000C\000o\000l\000l\000a\000p\000s\000e}{}% 57
\BOOKMARK [2][-]{subsection.23.1}{\376\377\000T\000h\000e\000\040\000C\000o\000m\000m\000o\000n\000\040\000S\000h\000a\000p\000e\000\040\000o\000f\000\040\000a\000\040\000C\000i\000r\000c\000l\000e\000\040\000o\000f\000\040\000E\000v\000a\000l\000u\000a\000t\000i\000o\000n}{section.23}% 58
\BOOKMARK [2][-]{subsection.23.2}{\376\377\000T\000h\000e\000\040\000P\000o\000p\000\040\000O\000p\000e\000r\000a\000t\000o\000r}{section.23}% 59
\BOOKMARK [2][-]{subsection.23.3}{\376\377\000T\000e\000x\000t\000\040\000O\000b\000j\000e\000c\000t\000s\000\040\000a\000s\000\040\000M\000a\000n\000u\000a\000l\000\040\000C\000o\000l\000l\000a\000p\000s\000e\000\040\000O\000p\000e\000r\000a\000t\000o\000r\000s}{section.23}% 60
\BOOKMARK [2][-]{subsection.23.4}{\376\377\000W\000h\000y\000\040\000T\000h\000i\000s\000\040\000B\000e\000l\000o\000n\000g\000s\000\040\000B\000e\000t\000w\000e\000e\000n\000\040\000E\000x\000e\000c\000u\000t\000i\000o\000n\000\040\000a\000n\000d\000\040\000R\000e\000p\000a\000i\000r}{section.23}% 61
\BOOKMARK [1][-]{section.24}{\376\377\000T\000e\000l\000e\000m\000e\000t\000r\000y\000\040\000A\000r\000c\000h\000i\000t\000e\000c\000t\000u\000r\000e\000s\000\040\000a\000n\000d\000\040\000t\000h\000e\000\040\000P\000r\000i\000m\000a\000c\000y\000\040\000o\000f\000\040\000H\000i\000s\000t\000o\000r\000y}{}% 62
\BOOKMARK [2][-]{subsection.24.1}{\376\377\000T\000h\000r\000e\000e\000\040\000L\000e\000v\000e\000l\000s\000\040\000o\000f\000\040\000C\000l\000a\000i\000m}{section.24}% 63
\BOOKMARK [2][-]{subsection.24.2}{\376\377\000T\000h\000e\000\040\000A\000r\000c\000h\000i\000t\000e\000c\000t\000u\000r\000e\000\040\000I\000s\000\040\000H\000i\000s\000t\000o\000r\000y\000-\000C\000e\000n\000t\000r\000i\000c\000\040\000b\000y\000\040\000C\000o\000n\000s\000t\000r\000u\000c\000t\000i\000o\000n}{section.24}% 64
\BOOKMARK [2][-]{subsection.24.3}{\376\377\000W\000h\000y\000\040\000t\000h\000e\000\040\000T\000r\000a\000f\000f\000i\000c\000-\000A\000n\000a\000l\000y\000s\000i\000s\000\040\000L\000i\000t\000e\000r\000a\000t\000u\000r\000e\000\040\000I\000s\000\040\000t\000h\000e\000\040\000R\000i\000g\000h\000t\000\040\000F\000r\000a\000m\000e\000,\000\040\000N\000o\000t\000\040\000t\000h\000e\000\040\000W\000h\000o\000l\000e\000\040\000C\000l\000a\000i\000m}{section.24}% 65
\BOOKMARK [1][-]{section.25}{\376\377\000M\000u\000l\000t\000i\000-\000C\000l\000o\000c\000k\000\040\000R\000e\000p\000a\000i\000r\000\040\000a\000n\000d\000\040\000B\000o\000u\000n\000d\000a\000r\000y\000\040\000S\000o\000v\000e\000r\000e\000i\000g\000n\000t\000y}{}% 66
\BOOKMARK [2][-]{subsection.25.1}{\376\377\000F\000r\000o\000m\000\040\000O\000n\000e\000\040\000C\000l\000o\000c\000k\000\040\000t\000o\000\040\000T\000h\000r\000e\000e}{section.25}% 67
\BOOKMARK [2][-]{subsection.25.2}{\376\377\000T\000h\000e\000\040\000R\000e\000p\000a\000i\000r\000\040\000R\000e\000l\000a\000t\000i\000o\000n\000,\000\040\000a\000n\000d\000\040\000W\000h\000y\000\040\000I\000t\000\040\000I\000s\000\040\000N\000o\000t\000\040\000t\000h\000e\000\040\000S\000a\000m\000e\000\040\000a\000s\000\040\000V\000a\000l\000i\000d\000i\000t\000y}{section.25}% 68
\BOOKMARK [2][-]{subsection.25.3}{\376\377\000R\000e\000c\000o\000n\000s\000t\000r\000u\000c\000t\000i\000o\000n\000\040\000a\000s\000\040\000W\000i\000t\000n\000e\000s\000s\000\040\000E\000x\000t\000r\000a\000c\000t\000i\000o\000n}{section.25}% 69
\BOOKMARK [2][-]{subsection.25.4}{\376\377\000R\000e\000p\000a\000i\000r\000\040\000P\000r\000e\000c\000e\000d\000e\000s\000\040\000M\000e\000m\000o\000r\000y}{section.25}% 70
\BOOKMARK [2][-]{subsection.25.5}{\376\377\000S\000y\000n\000t\000h\000e\000s\000i\000s\000:\000\040\000R\000e\000p\000a\000i\000r\000\040\000a\000s\000\040\000t\000h\000e\000\040\000G\000a\000t\000e\000\040\000t\000o\000\040\000C\000o\000n\000t\000i\000n\000u\000a\000t\000i\000o\000n}{section.25}% 71
\BOOKMARK [1][-]{section.26}{\376\377\000A\000d\000m\000i\000s\000s\000i\000b\000l\000e\000\040\000P\000r\000e\000f\000e\000t\000c\000h\000\040\000a\000n\000d\000\040\000t\000h\000e\000\040\000R\000e\000p\000a\000i\000r\000\040\000o\000f\000\040\000L\000a\000t\000e\000n\000t\000\040\000H\000i\000s\000t\000o\000r\000i\000e\000s}{}% 72
\BOOKMARK [2][-]{subsection.26.1}{\376\377\000P\000r\000e\000d\000i\000c\000t\000i\000o\000n\000\040\000I\000s\000\040\000N\000o\000t\000\040\000t\000h\000e\000\040\000O\000n\000l\000y\000\040\000A\000v\000a\000i\000l\000a\000b\000l\000e\000\040\000J\000u\000s\000t\000i\000f\000i\000c\000a\000t\000i\000o\000n}{section.26}% 73
\BOOKMARK [2][-]{subsection.26.2}{\376\377\000L\000a\000t\000e\000n\000t\000\040\000H\000i\000s\000t\000o\000r\000i\000e\000s\000\040\000a\000n\000d\000\040\000t\000h\000e\000\040\000R\000e\000p\000a\000i\000r\000-\000T\000h\000e\000n\000-\000A\000d\000m\000i\000t\000\040\000P\000i\000p\000e\000l\000i\000n\000e}{section.26}% 74
\BOOKMARK [2][-]{subsection.26.3}{\376\377\000W\000h\000y\000\040\000T\000h\000i\000s\000\040\000I\000s\000\040\000N\000o\000t\000\040\000M\000e\000r\000e\000l\000y\000\040\000R\000e\000n\000a\000m\000e\000d\000\040\000C\000a\000c\000h\000i\000n\000g}{section.26}% 75
\BOOKMARK [1][-]{section.27}{\376\377\000P\000r\000o\000c\000e\000d\000u\000r\000a\000l\000\040\000O\000n\000t\000o\000g\000e\000n\000y\000\040\000a\000n\000d\000\040\000L\000o\000n\000g\000-\000T\000e\000r\000m\000\040\000C\000o\000n\000c\000e\000p\000t\000\040\000F\000o\000r\000m\000a\000t\000i\000o\000n}{}% 76
\BOOKMARK [2][-]{subsection.27.1}{\376\377\000T\000h\000e\000\040\000T\000i\000m\000e\000s\000c\000a\000l\000e\000\040\000P\000r\000o\000b\000l\000e\000m}{section.27}% 77
\BOOKMARK [2][-]{subsection.27.2}{\376\377\000A\000\040\000F\000o\000u\000r\000-\000S\000t\000a\000g\000e\000\040\000C\000h\000a\000i\000n}{section.27}% 78
\BOOKMARK [2][-]{subsection.27.3}{\376\377\000C\000o\000n\000c\000e\000p\000t\000s\000\040\000a\000s\000\040\000R\000e\000p\000a\000i\000r\000e\000d\000\040\000H\000i\000s\000t\000o\000r\000i\000e\000s}{section.27}% 79
\BOOKMARK [2][-]{subsection.27.4}{\376\377\000W\000h\000y\000\040\000t\000h\000e\000\040\000T\000i\000m\000e\000s\000c\000a\000l\000e\000\040\000I\000s\000\040\000t\000h\000e\000\040\000P\000o\000i\000n\000t}{section.27}% 80
\BOOKMARK [1][-]{section.28}{\376\377\000R\000e\000c\000u\000r\000s\000i\000v\000e\000\040\000C\000o\000n\000t\000i\000n\000u\000a\000t\000i\000o\000n\000\040\000a\000n\000d\000\040\000P\000r\000o\000c\000e\000d\000u\000r\000a\000l\000\040\000O\000n\000t\000o\000l\000o\000g\000y}{}% 81
\BOOKMARK [2][-]{subsection.28.1}{\376\377\000F\000i\000v\000e\000\040\000R\000e\000g\000i\000s\000t\000e\000r\000s\000\040\000o\000f\000\040\000t\000h\000e\000\040\000S\000a\000m\000e\000\040\000P\000a\000t\000t\000e\000r\000n}{section.28}% 82
\BOOKMARK [2][-]{subsection.28.2}{\376\377\000A\000\040\000N\000o\000t\000e\000\040\000o\000n\000\040\000A\000u\000t\000o\000p\000o\000i\000e\000s\000i\000s}{section.28}% 83
\BOOKMARK [2][-]{subsection.28.3}{\376\377\000S\000u\000p\000e\000r\000s\000e\000d\000i\000n\000g\000,\000\040\000N\000o\000t\000\040\000R\000e\000p\000l\000a\000c\000i\000n\000g\000,\000\040\000t\000h\000e\000\040\000C\000o\000s\000m\000o\000l\000o\000g\000i\000c\000a\000l\000\040\000A\000n\000a\000l\000o\000g\000y}{section.28}% 84
\BOOKMARK [1][-]{section.29}{\376\377\000P\000r\000o\000c\000e\000d\000u\000r\000a\000l\000\040\000H\000e\000r\000m\000e\000n\000e\000u\000t\000i\000c\000s\000:\000\040\000C\000o\000m\000m\000e\000n\000t\000s\000,\000\040\000W\000h\000i\000t\000e\000s\000p\000a\000c\000e\000,\000\040\000a\000n\000d\000\040\000M\000o\000d\000a\000l\000\040\000C\000l\000a\000r\000i\000t\000y}{}% 85
\BOOKMARK [2][-]{subsection.29.1}{\376\377\000T\000h\000r\000e\000e\000\040\000T\000i\000e\000r\000s\000\040\000o\000f\000\040\000C\000o\000m\000m\000e\000n\000t\000a\000r\000y\000\040\000\050\000P\000r\000a\000g\000m\000a\000t\000i\000c\000\040\000S\000c\000h\000e\000m\000a\000\051}{section.29}% 86
\BOOKMARK [2][-]{subsection.29.2}{\376\377\000W\000h\000i\000t\000e\000s\000p\000a\000c\000e\000\040\000a\000s\000\040\000P\000a\000r\000s\000i\000n\000g\000\040\000A\000i\000d}{section.29}% 87
\BOOKMARK [2][-]{subsection.29.3}{\376\377\000M\000o\000d\000a\000l\000\040\000M\000a\000r\000k\000e\000r\000s}{section.29}% 88
\BOOKMARK [2][-]{subsection.29.4}{\376\377\000R\000e\000f\000l\000e\000x\000i\000v\000e\000\040\000I\000n\000d\000i\000c\000e\000s}{section.29}% 89
\BOOKMARK [1][-]{section.30}{\376\377\000A\000s\000s\000e\000m\000b\000l\000y\000\040\000T\000h\000e\000o\000r\000y\000\040\000a\000n\000d\000\040\000E\000n\000t\000r\000o\000p\000i\000c\000\040\000B\000o\000u\000n\000d\000a\000r\000i\000e\000s}{}% 90
\BOOKMARK [1][-]{section.31}{\376\377\000A\000u\000t\000o\000m\000a\000t\000i\000o\000n\000\040\000T\000h\000r\000e\000s\000h\000o\000l\000d\000s\000\040\000a\000n\000d\000\040\000t\000h\000e\000\040\000E\000t\000h\000i\000c\000s\000\040\000o\000f\000\040\000A\000t\000t\000e\000n\000t\000i\000o\000n}{}% 91
\BOOKMARK [1][-]{section.32}{\376\377\000P\000r\000o\000c\000e\000d\000u\000r\000a\000l\000\040\000H\000e\000r\000m\000e\000n\000e\000u\000t\000i\000c\000s\000\040\000E\000x\000t\000e\000n\000d\000e\000d\000:\000\040\000R\000e\000a\000d\000i\000n\000g\000\040\000a\000s\000\040\000E\000x\000e\000c\000u\000t\000i\000o\000n}{}% 92
\BOOKMARK [1][-]{appendix.A}{\376\377\000R\000S\000V\000P\000\040\000F\000i\000e\000l\000d\000\040\000E\000q\000u\000a\000t\000i\000o\000n\000s\000\040\000a\000n\000d\000\040\000C\000o\000m\000p\000u\000t\000a\000t\000i\000o\000n\000a\000l\000\040\000M\000a\000p\000p\000i\000n\000g}{}% 93
\BOOKMARK [2][-]{subsection.A.1}{\376\377\000F\000i\000e\000l\000d\000\040\000D\000y\000n\000a\000m\000i\000c\000s}{appendix.A}% 94
\BOOKMARK [2][-]{subsection.A.2}{\376\377\000C\000o\000m\000p\000u\000t\000a\000t\000i\000o\000n\000a\000l\000\040\000M\000a\000p\000p\000i\000n\000g}{appendix.A}% 95
\BOOKMARK [2][-]{subsection.A.3}{\376\377\000D\000i\000m\000e\000n\000s\000i\000o\000n\000a\000l\000\040\000A\000n\000a\000l\000y\000s\000i\000s}{appendix.A}% 96
\BOOKMARK [2][-]{subsection.A.4}{\376\377\000E\000m\000p\000i\000r\000i\000c\000a\000l\000\040\000A\000n\000a\000l\000o\000g\000y}{appendix.A}% 97
\BOOKMARK [1][-]{appendix.B}{\376\377\000P\000h\000e\000n\000o\000m\000e\000n\000o\000l\000o\000g\000y}{}% 98
\BOOKMARK [2][-]{subsection.B.1}{\376\377\000T\000h\000e\000\040\000P\000r\000o\000b\000l\000e\000m\000\040\000o\000f\000\040\000P\000e\000r\000s\000i\000s\000t\000e\000n\000c\000e}{appendix.B}% 99
\BOOKMARK [2][-]{subsection.B.2}{\376\377\000E\000x\000a\000c\000t\000\040\000P\000r\000e\000s\000e\000r\000v\000a\000t\000i\000o\000n\000\040\000I\000s\000\040\000R\000a\000r\000e}{appendix.B}% 100
\BOOKMARK [2][-]{subsection.B.3}{\376\377\000C\000o\000g\000n\000i\000t\000i\000v\000e\000\040\000C\000o\000n\000s\000e\000r\000v\000a\000t\000i\000o\000n}{appendix.B}% 101
\BOOKMARK [2][-]{subsection.B.4}{\376\377\000M\000e\000m\000o\000r\000y\000\040\000a\000s\000\040\000R\000e\000c\000o\000n\000s\000t\000r\000u\000c\000t\000i\000o\000n}{appendix.B}% 102
\BOOKMARK [2][-]{subsection.B.5}{\376\377\000P\000h\000e\000n\000o\000m\000e\000n\000o\000l\000o\000g\000i\000c\000a\000l\000\040\000E\000v\000i\000d\000e\000n\000c\000e}{appendix.B}% 103
\BOOKMARK [1][-]{appendix.C}{\376\377\000D\000i\000m\000e\000n\000s\000i\000o\000n\000a\000l\000\040\000P\000a\000r\000a\000l\000l\000e\000l\000s\000\040\000T\000a\000b\000l\000e}{}% 104
\BOOKMARK [1][-]{appendix.D}{\376\377\000T\000r\000i\000o\000n\000i\000c\000\040\000C\000y\000c\000l\000e\000x\000:\000\040\000P\000r\000o\000c\000e\000d\000u\000r\000a\000l\000\040\000F\000i\000e\000l\000d\000\040\000C\000o\000u\000p\000l\000i\000n\000g}{}% 105
\BOOKMARK [1][-]{appendix.E}{\376\377\000W\000o\000r\000k\000e\000d\000\040\000M\000i\000c\000r\000o\000-\000E\000x\000a\000m\000p\000l\000e\000:\000\040\000P\000r\000o\000b\000a\000b\000i\000l\000i\000s\000t\000i\000c\000\040\000L\000-\000S\000y\000s\000t\000e\000m}{}% 106
\BOOKMARK [1][-]{appendix.F}{\376\377\000A\000p\000p\000e\000n\000d\000i\000x\000\040\000F\000\040\040\024\000\040\000D\000e\000t\000e\000r\000m\000i\000n\000i\000s\000t\000i\000c\000\040\000C\000o\000n\000t\000r\000a\000s\000t\000:\000\040\000T\000h\000e\000\040\000K\000o\000c\000h\000\040\000C\000u\000r\000v\000e\000\040\000G\000e\000n\000e\000r\000a\000t\000o\000r}{}% 107
\BOOKMARK [1][-]{appendix.G}{\376\377\000A\000p\000p\000e\000n\000d\000i\000x\000\040\000G\000\040\040\024\000\040\0003\000D\000\040\000P\000r\000o\000c\000e\000d\000u\000r\000a\000l\000\040\000C\000o\000m\000p\000a\000r\000i\000s\000o\000n\000:\000\040\000S\000i\000e\000r\000p\000i\001\104\000s\000k\000i\000\040\000T\000e\000t\000r\000a\000h\000e\000d\000r\000o\000n}{}% 108
\BOOKMARK [1][-]{paragraph*.37}{\376\377\000N\000o\000t\000a\000t\000i\000o\000n}{}% 109
\BOOKMARK [1][-]{paragraph*.37}{\376\377\000G\000l\000o\000s\000s\000a\000r\000y}{}% 110
\BOOKMARK [1][-]{paragraph*.37}{\376\377\000L\000i\000s\000t\000\040\000o\000f\000\040\000F\000o\000r\000m\000a\000l\000\040\000S\000t\000a\000t\000e\000m\000e\000n\000t\000s}{}% 111
\BOOKMARK [1][-]{paragraph*.37}{\376\377\000A\000c\000k\000n\000o\000w\000l\000e\000d\000g\000m\000e\000n\000t\000s}{}% 112
\BOOKMARK [1][-]{paragraph*.37}{\376\377\000R\000e\000f\000e\000r\000e\000n\000c\000e\000s}{}% 113
