\BOOKMARK [0][-]{part.1}{\376\377\000I\000\040\000R\000e\000c\000u\000r\000s\000i\000o\000n\000\040\000B\000e\000f\000o\000r\000e\000\040\000I\000m\000p\000r\000o\000v\000e\000m\000e\000n\000t}{}% 1
\BOOKMARK [1][-]{section.1}{\376\377\000T\000h\000e\000\040\000M\000i\000s\000l\000e\000a\000d\000i\000n\000g\000\040\000G\000r\000a\000m\000m\000a\000r\000\040\000o\000f\000\040\000`\000`\000S\000e\000l\000f\000-\000I\000m\000p\000r\000o\000v\000e\000m\000e\000n\000t\000'\000'}{part.1}% 2
\BOOKMARK [1][-]{section.2}{\376\377\000R\000e\000c\000u\000r\000s\000i\000v\000e\000\040\000M\000o\000d\000i\000f\000i\000c\000a\000t\000i\000o\000n}{part.1}% 3
\BOOKMARK [2][-]{subsection.2.1}{\376\377\000T\000h\000r\000e\000e\000\040\000L\000e\000v\000e\000l\000s\000\040\000o\000f\000\040\000A\000d\000a\000p\000t\000a\000t\000i\000o\000n}{section.2}% 4
\BOOKMARK [2][-]{subsection.2.2}{\376\377\000A\000\040\000W\000o\000r\000k\000e\000d\000\040\000E\000x\000a\000m\000p\000l\000e\000:\000\040\000T\000h\000r\000e\000e\000\040\000S\000y\000s\000t\000e\000m\000s\000,\000\040\000T\000h\000r\000e\000e\000\040\000L\000e\000v\000e\000l\000s}{section.2}% 5
\BOOKMARK [1][-]{section.3}{\376\377\000R\000e\000c\000u\000r\000s\000i\000v\000e\000\040\000C\000o\000n\000t\000i\000n\000u\000a\000t\000i\000o\000n}{part.1}% 6
\BOOKMARK [1][-]{section.4}{\376\377\000A\000u\000t\000o\000p\000o\000i\000e\000s\000i\000s\000\040\000a\000s\000\040\000L\000o\000c\000a\000l\000\040\000R\000e\000c\000u\000r\000s\000i\000v\000e\000\040\000C\000o\000n\000t\000i\000n\000u\000a\000t\000i\000o\000n}{part.1}% 7
\BOOKMARK [1][-]{section.5}{\376\377\000S\000y\000m\000p\000o\000i\000e\000s\000i\000s\000\040\000a\000s\000\040\000D\000i\000s\000t\000r\000i\000b\000u\000t\000e\000d\000\040\000R\000e\000c\000u\000r\000s\000i\000v\000e\000\040\000C\000o\000n\000t\000i\000n\000u\000a\000t\000i\000o\000n}{part.1}% 8
\BOOKMARK [1][-]{section.6}{\376\377\000E\000v\000o\000l\000u\000t\000i\000o\000n\000\040\000a\000s\000\040\000P\000r\000e\000-\000I\000n\000t\000e\000l\000l\000i\000g\000e\000n\000t\000\040\000R\000e\000c\000u\000r\000s\000i\000v\000e\000\040\000C\000o\000n\000t\000i\000n\000u\000a\000t\000i\000o\000n}{part.1}% 9
\BOOKMARK [1][-]{section.7}{\376\377\000R\000e\000c\000u\000r\000s\000i\000v\000e\000\040\000C\000o\000n\000t\000i\000n\000u\000a\000t\000i\000o\000n\000\040\000W\000i\000t\000h\000o\000u\000t\000\040\000I\000d\000e\000n\000t\000i\000t\000y}{part.1}% 10
\BOOKMARK [0][-]{part.2}{\376\377\000I\000I\000\040\000R\000e\000p\000a\000i\000r\000\040\000a\000n\000d\000\040\000A\000d\000m\000i\000s\000s\000i\000b\000i\000l\000i\000t\000y}{}% 11
\BOOKMARK [1][-]{section.8}{\376\377\000R\000e\000p\000a\000i\000r\000\040\000R\000e\000q\000u\000i\000r\000e\000s\000\040\000R\000e\000c\000o\000v\000e\000r\000a\000b\000l\000e\000\040\000H\000i\000s\000t\000o\000r\000y}{part.2}% 12
\BOOKMARK [1][-]{section.9}{\376\377\000I\000m\000p\000r\000o\000v\000e\000m\000e\000n\000t\000\040\000a\000s\000\040\000a\000\040\000S\000p\000e\000c\000i\000a\000l\000\040\000C\000a\000s\000e}{part.2}% 13
\BOOKMARK [1][-]{section.10}{\376\377\000C\000a\000p\000a\000b\000i\000l\000i\000t\000y\000\040\000I\000s\000\040\000N\000o\000t\000\040\000F\000r\000e\000e}{part.2}% 14
\BOOKMARK [2][-]{subsection.10.1}{\376\377\000R\000e\000a\000c\000h\000a\000b\000i\000l\000i\000t\000y\000\040\000a\000s\000\040\000C\000a\000p\000a\000b\000i\000l\000i\000t\000y}{section.10}% 15
\BOOKMARK [2][-]{subsection.10.2}{\376\377\000R\000e\000p\000a\000i\000r\000\040\000a\000s\000\040\000I\000n\000f\000o\000r\000m\000a\000t\000i\000o\000n\000\040\000P\000r\000o\000d\000u\000c\000t\000i\000o\000n}{section.10}% 16
\BOOKMARK [2][-]{subsection.10.3}{\376\377\000R\000e\000p\000a\000i\000r\000\040\000E\000n\000t\000r\000o\000p\000y}{section.10}% 17
\BOOKMARK [2][-]{subsection.10.4}{\376\377\000F\000a\000i\000l\000u\000r\000e\000\040\000M\000o\000d\000e\000s\000\040\000o\000f\000\040\000R\000e\000p\000a\000i\000r}{section.10}% 18
\BOOKMARK [1][-]{section.11}{\376\377\000T\000h\000e\000\040\000R\000e\000p\000a\000i\000r\000\040\000D\000o\000m\000i\000n\000a\000n\000c\000e\000\040\000T\000h\000e\000o\000r\000e\000m}{part.2}% 19
\BOOKMARK [2][-]{subsection.11.1}{\376\377\000T\000h\000r\000e\000e\000\040\000D\000o\000m\000a\000i\000n\000s\000\040\000P\000a\000s\000t\000\040\000K}{section.11}% 20
\BOOKMARK [1][-]{section.12}{\376\377\000A\000d\000m\000i\000s\000s\000i\000b\000i\000l\000i\000t\000y\000\040\000a\000s\000\040\000V\000i\000a\000b\000l\000e\000\040\000R\000e\000c\000u\000r\000s\000i\000o\000n}{part.2}% 21
\BOOKMARK [2][-]{subsection.12.1}{\376\377\000B\000o\000u\000n\000d\000a\000r\000y\000\040\000R\000e\000p\000a\000i\000r\000\040\000a\000n\000d\000\040\000A\000d\000m\000i\000s\000s\000i\000b\000i\000l\000i\000t\000y\000\040\000R\000e\000c\000o\000v\000e\000r\000y}{section.12}% 22
\BOOKMARK [0][-]{part.3}{\376\377\000I\000I\000I\000\040\000C\000o\000m\000p\000r\000e\000s\000s\000i\000o\000n}{}% 23
\BOOKMARK [1][-]{section.13}{\376\377\000T\000h\000e\000\040\000C\000o\000m\000p\000r\000e\000s\000s\000i\000o\000n\000\040\000P\000r\000i\000n\000c\000i\000p\000l\000e}{part.3}% 24
\BOOKMARK [2][-]{subsection.13.1}{\376\377\000W\000h\000a\000t\000\040\000C\000o\000u\000n\000t\000s\000\040\000a\000s\000\040\000a\000\040\000L\000o\000c\000u\000s\000?}{section.13}% 25
\BOOKMARK [2][-]{subsection.13.2}{\376\377\000A\000n\000\040\000O\000p\000e\000r\000a\000t\000i\000o\000n\000a\000l\000\040\000M\000o\000d\000e\000l}{section.13}% 26
\BOOKMARK [2][-]{subsection.13.3}{\376\377\000R\000e\000l\000a\000x\000i\000n\000g\000\040\000I\000n\000d\000e\000p\000e\000n\000d\000e\000n\000c\000e\000:\000\040\000A\000n\000\040\000E\000x\000c\000h\000a\000n\000g\000e\000a\000b\000l\000e\000\040\000F\000a\000i\000l\000u\000r\000e\000\040\000M\000o\000d\000e\000l}{section.13}% 27
\BOOKMARK [2][-]{subsection.13.4}{\376\377\000D\000e\000r\000i\000v\000i\000n\000g\000\040\000D\000R\000\040\000R\000a\000t\000h\000e\000r\000\040\000T\000h\000a\000n\000\040\000I\000m\000p\000o\000r\000t\000i\000n\000g\000\040\000I\000t}{section.13}% 28
\BOOKMARK [2][-]{subsection.13.5}{\376\377\000C\000o\000m\000p\000r\000e\000s\000s\000i\000o\000n\000\040\000a\000n\000d\000\040\000M\000o\000n\000o\000t\000o\000n\000y}{section.13}% 29
\BOOKMARK [1][-]{section.14}{\376\377\000R\000e\000p\000a\000i\000r\000\040\000D\000i\000v\000e\000r\000s\000i\000t\000y\000\040\000a\000n\000d\000\040\000t\000h\000e\000\040\000R\000e\000c\000u\000r\000s\000i\000v\000e\000\040\000S\000t\000a\000b\000i\000l\000i\000t\000y\000\040\000P\000r\000i\000n\000c\000i\000p\000l\000e}{part.3}% 30
\BOOKMARK [2][-]{subsection.14.1}{\376\377\000A\000\040\000W\000o\000r\000k\000e\000d\000\040\000E\000x\000a\000m\000p\000l\000e}{section.14}% 31
\BOOKMARK [2][-]{subsection.14.2}{\376\377\000D\000i\000v\000e\000r\000s\000i\000t\000y\000\040\000B\000e\000y\000o\000n\000d\000\040\000C\000o\000u\000n\000t}{section.14}% 32
\BOOKMARK [1][-]{section.15}{\376\377\000M\000o\000n\000o\000c\000u\000l\000t\000u\000r\000e\000s\000\040\000a\000n\000d\000\040\000R\000e\000c\000u\000r\000s\000i\000v\000e\000\040\000F\000a\000i\000l\000u\000r\000e}{part.3}% 33
\BOOKMARK [2][-]{subsection.15.1}{\376\377\000M\000o\000n\000o\000c\000u\000l\000t\000u\000r\000e\000s\000\040\000a\000n\000d\000\040\000P\000a\000t\000h\000\040\000D\000e\000p\000e\000n\000d\000e\000n\000c\000e}{section.15}% 34
\BOOKMARK [0][-]{part.4}{\376\377\000I\000V\000\040\000C\000a\000s\000e\000\040\000S\000t\000u\000d\000i\000e\000s\000\040\000a\000n\000d\000\040\000S\000y\000n\000t\000h\000e\000s\000i\000s}{}% 35
\BOOKMARK [1][-]{section.16}{\376\377\000S\000c\000i\000e\000n\000c\000e\000\040\000a\000s\000\040\000R\000e\000c\000u\000r\000s\000i\000v\000e\000\040\000I\000m\000p\000r\000o\000v\000e\000m\000e\000n\000t\000\040\000o\000f\000\040\000I\000m\000p\000r\000o\000v\000e\000m\000e\000n\000t}{part.4}% 36
\BOOKMARK [1][-]{section.17}{\376\377\000C\000i\000v\000i\000l\000i\000z\000a\000t\000i\000o\000n\000\040\000a\000s\000\040\000M\000e\000t\000a\000-\000L\000e\000a\000r\000n\000i\000n\000g}{part.4}% 37
\BOOKMARK [2][-]{subsection.17.1}{\376\377\000C\000o\000o\000r\000d\000i\000n\000a\000t\000i\000o\000n\000\040\000a\000s\000\040\000R\000e\000p\000a\000i\000r\000\040\000C\000a\000p\000a\000c\000i\000t\000y}{section.17}% 38
\BOOKMARK [1][-]{section.18}{\376\377\000A\000G\000I\000\040\000a\000s\000\040\000a\000n\000\040\000E\000x\000t\000r\000e\000m\000e\000\040\000C\000a\000s\000e}{part.4}% 39
\BOOKMARK [2][-]{subsection.18.1}{\376\377\000T\000h\000e\000\040\000C\000l\000a\000i\000m\000\040\000T\000h\000i\000s\000\040\000E\000s\000s\000a\000y\000\040\000H\000a\000s\000\040\000A\000c\000t\000u\000a\000l\000l\000y\000\040\000E\000a\000r\000n\000e\000d}{section.18}% 40
\BOOKMARK [2][-]{subsection.18.2}{\376\377\000W\000h\000a\000t\000\040\000T\000h\000i\000s\000\040\000D\000o\000e\000s\000\040\000N\000o\000t\000\040\000S\000h\000o\000w}{section.18}% 41
\BOOKMARK [2][-]{subsection.18.3}{\376\377\000T\000h\000e\000\040\000Q\000u\000e\000s\000t\000i\000o\000n\000\040\000T\000h\000a\000t\000\040\000R\000e\000m\000a\000i\000n\000s}{section.18}% 42
\BOOKMARK [2][-]{subsection.18.4}{\376\377\000A\000G\000I\000\040\000a\000s\000\040\000C\000o\000m\000p\000r\000e\000s\000s\000i\000o\000n\000\040\000o\000f\000\040\000C\000i\000v\000i\000l\000i\000z\000a\000t\000i\000o\000n\000a\000l\000\040\000R\000e\000c\000u\000r\000s\000i\000o\000n}{section.18}% 43
\BOOKMARK [1][-]{section.19}{\376\377\000D\000i\000s\000t\000i\000n\000c\000t\000i\000o\000n\000\040\000P\000r\000e\000s\000e\000r\000v\000a\000t\000i\000o\000n\000\040\000a\000s\000\040\000t\000h\000e\000\040\000D\000e\000e\000p\000e\000r\000\040\000O\000b\000j\000e\000c\000t}{part.4}% 44
\BOOKMARK [2][-]{subsection.19.1}{\376\377\000A\000d\000m\000i\000s\000s\000i\000b\000i\000l\000i\000t\000y\000\040\000B\000e\000y\000o\000n\000d\000\040\000C\000o\000n\000t\000i\000n\000u\000a\000t\000i\000o\000n}{section.19}% 45
\BOOKMARK [2][-]{subsection.19.2}{\376\377\000T\000r\000u\000t\000h\000\040\000W\000i\000t\000h\000o\000u\000t\000\040\000P\000r\000o\000p\000o\000s\000i\000t\000i\000o\000n\000s}{section.19}% 46
\BOOKMARK [2][-]{subsection.19.3}{\376\377\000T\000h\000e\000\040\000N\000o\000n\000-\000D\000e\000c\000e\000p\000t\000i\000o\000n\000\040\000T\000h\000e\000o\000r\000y\000\040\000a\000n\000d\000\040\000t\000h\000e\000\040\000V\000i\000a\000b\000i\000l\000i\000t\000y\000\040\000M\000a\000n\000i\000f\000o\000l\000d}{section.19}% 47
\BOOKMARK [2][-]{subsection.19.4}{\376\377\000T\000h\000e\000\040\000T\000r\000u\000s\000t\000w\000o\000r\000t\000h\000i\000n\000e\000s\000s\000\040\000T\000h\000e\000o\000r\000y\000\040\000a\000n\000d\000\040\000O\000b\000s\000e\000r\000v\000e\000r\000-\000I\000n\000d\000e\000p\000e\000n\000d\000e\000n\000t\000\040\000A\000d\000m\000i\000s\000s\000i\000b\000i\000l\000i\000t\000y}{section.19}% 48
\BOOKMARK [2][-]{subsection.19.5}{\376\377\000T\000h\000e\000\040\000T\000e\000l\000e\000o\000l\000o\000g\000i\000c\000a\000l\000\040\000T\000h\000e\000o\000r\000y\000\040\000a\000n\000d\000\040\000R\000e\000c\000u\000r\000s\000i\000v\000e\000\040\000C\000o\000n\000t\000i\000n\000u\000a\000t\000i\000o\000n}{section.19}% 49
\BOOKMARK [2][-]{subsection.19.6}{\376\377\000O\000n\000e\000\040\000S\000t\000r\000u\000c\000t\000u\000r\000e\000,\000\040\000T\000h\000r\000e\000e\000\040\000P\000a\000r\000a\000m\000e\000t\000e\000r\000i\000z\000a\000t\000i\000o\000n\000s}{section.19}% 50
\BOOKMARK [2][-]{subsection.19.7}{\376\377\000T\000r\000u\000t\000h\000\040\000a\000s\000\040\000t\000h\000e\000\040\000R\000e\000p\000r\000e\000s\000e\000n\000t\000a\000t\000i\000o\000n\000a\000l\000\040\000S\000p\000e\000c\000i\000a\000l\000\040\000C\000a\000s\000e}{section.19}% 51
\BOOKMARK [2][-]{subsection.19.8}{\376\377\000W\000h\000a\000t\000\040\000T\000h\000i\000s\000\040\000D\000o\000e\000s\000\040\000N\000o\000t\000\040\000C\000l\000a\000i\000m}{section.19}% 52
\BOOKMARK [2][-]{subsection.19.9}{\376\377\000A\000n\000\040\000A\000s\000i\000d\000e\000:\000\040\000A\000t\000t\000r\000i\000b\000u\000t\000i\000o\000n\000\040\000a\000n\000d\000\040\000I\000n\000h\000e\000r\000i\000t\000a\000n\000c\000e}{section.19}% 53
\BOOKMARK [1][-]{section.20}{\376\377\000C\000o\000n\000c\000l\000u\000s\000i\000o\000n\000:\000\040\000T\000h\000e\000\040\000G\000e\000o\000m\000e\000t\000r\000y\000\040\000o\000f\000\040\000R\000e\000c\000u\000r\000s\000i\000v\000e\000\040\000S\000y\000s\000t\000e\000m\000s}{part.4}% 54
\BOOKMARK [1][-]{theorem.20.1}{\376\377\000O\000p\000e\000n\000\040\000P\000r\000o\000b\000l\000e\000m\000s}{part.4}% 55
