\BOOKMARK [1][-]{Doc-Start}{\376\377\000P\000r\000e\000l\000i\000m\000i\000n\000a\000r\000i\000e\000s}{}% 1
\BOOKMARK [2][-]{subsection.0.1}{\376\377\000M\000o\000d\000e\000l\000i\000n\000g\000\040\000A\000s\000s\000u\000m\000p\000t\000i\000o\000n\000s}{Doc-Start}% 2
\BOOKMARK [2][-]{subsection.0.2}{\376\377\000S\000y\000m\000b\000o\000l\000\040\000R\000e\000f\000e\000r\000e\000n\000c\000e\000\040\000T\000a\000b\000l\000e}{Doc-Start}% 3
\BOOKMARK [1][-]{subsection.0.2}{\376\377\000P\000a\000r\000t\000\040\000I\000\040\040\024\000\040\000F\000o\000u\000n\000d\000a\000t\000i\000o\000n\000s\000\040\000o\000f\000\040\000E\000x\000t\000r\000a\000c\000t\000i\000o\000n}{}% 4
\BOOKMARK [1][-]{section.1}{\376\377\000A\000x\000i\000o\000m\000s\000\040\000a\000n\000d\000\040\000D\000e\000f\000i\000n\000i\000t\000i\000o\000n\000s}{}% 5
\BOOKMARK [1][-]{section.2}{\376\377\000V\000i\000s\000i\000b\000i\000l\000i\000t\000y\000\040\000C\000o\000n\000s\000e\000r\000v\000a\000t\000i\000o\000n\000\040\000a\000n\000d\000\040\000I\000t\000s\000\040\000V\000i\000o\000l\000a\000t\000i\000o\000n}{}% 6
\BOOKMARK [1][-]{section.3}{\376\377\000L\000y\000a\000p\000u\000n\000o\000v\000\040\000S\000t\000a\000b\000i\000l\000i\000t\000y\000\040\000o\000f\000\040\000N\000o\000n\000-\000E\000x\000t\000r\000a\000c\000t\000i\000v\000e\000\040\000R\000e\000g\000i\000m\000e\000s}{}% 7
\BOOKMARK [1][-]{section.4}{\376\377\000S\000t\000a\000b\000i\000l\000i\000t\000y\000\040\000a\000n\000d\000\040\000B\000i\000f\000u\000r\000c\000a\000t\000i\000o\000n}{}% 8
\BOOKMARK [1][-]{theorem.4.2}{\376\377\000P\000a\000r\000t\000\040\000I\000I\000\040\040\024\000\040\000P\000o\000l\000i\000t\000i\000c\000a\000l\000\040\000E\000c\000o\000n\000o\000m\000y\000\040\000o\000f\000\040\000V\000i\000s\000i\000b\000i\000l\000i\000t\000y}{}% 9
\BOOKMARK [2][-]{subsection.4.1}{\376\377\000G\000S\000P\000\040\000A\000u\000c\000t\000i\000o\000n\000\040\000E\000x\000t\000r\000a\000c\000t\000i\000o\000n}{theorem.4.2}% 10
\BOOKMARK [1][-]{definition.4.1}{\376\377\000P\000a\000r\000t\000\040\000I\000I\000I\000\040\040\024\000\040\000C\000o\000g\000n\000i\000t\000i\000v\000e\000\040\000a\000n\000d\000\040\000A\000f\000f\000e\000c\000t\000i\000v\000e\000\040\000E\000x\000t\000r\000a\000c\000t\000i\000o\000n}{}% 11
\BOOKMARK [1][-]{theorem.4.3}{\376\377\000P\000a\000r\000t\000\040\000I\000V\000\040\040\024\000\040\000A\000d\000v\000e\000r\000s\000a\000r\000i\000a\000l\000\040\000E\000x\000t\000r\000a\000c\000t\000i\000o\000n}{}% 12
\BOOKMARK [1][-]{section.5}{\376\377\000S\000y\000b\000i\000l\000\040\000H\000a\000r\000v\000e\000s\000t\000i\000n\000g\000\040\000A\000t\000t\000a\000c\000k}{}% 13
\BOOKMARK [1][-]{section.6}{\376\377\000E\000n\000t\000r\000o\000p\000y\000\040\000F\000l\000o\000o\000d\000i\000n\000g}{}% 14
\BOOKMARK [1][-]{section.6}{\376\377\000P\000a\000r\000t\000\040\000V\000\040\040\024\000\040\000C\000o\000n\000s\000t\000i\000t\000u\000t\000i\000o\000n\000a\000l\000\040\000D\000e\000s\000i\000g\000n}{}% 15
\BOOKMARK [1][-]{corollary.6.1}{\376\377\000P\000a\000r\000t\000\040\000V\000I\000\040\040\024\000\040\000I\000m\000p\000l\000e\000m\000e\000n\000t\000a\000t\000i\000o\000n\000\040\000a\000n\000d\000\040\000V\000a\000l\000i\000d\000a\000t\000i\000o\000n}{}% 16
\BOOKMARK [2][-]{subsection.6.1}{\376\377\000O\000p\000e\000n\000\040\000P\000a\000r\000a\000m\000e\000t\000e\000r\000s}{corollary.6.1}% 17
\BOOKMARK [1][-]{subsection.6.1}{\376\377\000P\000a\000r\000t\000\040\000V\000\040\040\024\000\040\000G\000o\000v\000e\000r\000n\000a\000n\000c\000e\000\040\000a\000n\000d\000\040\000C\000o\000n\000s\000t\000i\000t\000u\000t\000i\000o\000n\000a\000l\000\040\000D\000e\000s\000i\000g\000n}{}% 18
\BOOKMARK [1][-]{section.7}{\376\377\000C\000o\000n\000s\000t\000i\000t\000u\000t\000i\000o\000n\000a\000l\000\040\000C\000o\000n\000s\000t\000r\000a\000i\000n\000t\000s\000\040\000f\000o\000r\000\040\000I\000n\000f\000l\000u\000e\000n\000c\000e}{}% 19
\BOOKMARK [1][-]{section.8}{\376\377\000G\000o\000v\000e\000r\000n\000a\000n\000c\000e\000\040\000b\000y\000\040\000D\000u\000a\000l\000-\000L\000e\000d\000g\000e\000r\000\040\000I\000n\000f\000l\000u\000e\000n\000c\000e\000\040\000A\000c\000c\000o\000u\000n\000t\000i\000n\000g}{}% 20
\BOOKMARK [1][-]{section.9}{\376\377\000E\000s\000c\000r\000o\000w\000e\000d\000\040\000V\000i\000s\000i\000b\000i\000l\000i\000t\000y\000\040\000a\000n\000d\000\040\000T\000i\000m\000e\000-\000L\000o\000c\000k\000e\000d\000\040\000R\000e\000a\000c\000h}{}% 21
\BOOKMARK [1][-]{section.10}{\376\377\000C\000o\000l\000l\000e\000c\000t\000i\000v\000e\000\040\000G\000o\000v\000e\000r\000n\000a\000n\000c\000e\000\040\000O\000p\000e\000r\000a\000t\000o\000r\000s}{}% 22
\BOOKMARK [1][-]{section.10}{\376\377\000P\000a\000r\000t\000\040\000V\000I\000\040\040\024\000\040\000I\000m\000p\000l\000e\000m\000e\000n\000t\000a\000t\000i\000o\000n\000\040\000a\000n\000d\000\040\000I\000n\000f\000r\000a\000s\000t\000r\000u\000c\000t\000u\000r\000e}{}% 23
\BOOKMARK [1][-]{section.11}{\376\377\000S\000y\000s\000t\000e\000m\000\040\000A\000r\000c\000h\000i\000t\000e\000c\000t\000u\000r\000e}{}% 24
\BOOKMARK [1][-]{section.12}{\376\377\000C\000o\000r\000e\000\040\000R\000a\000n\000k\000i\000n\000g\000\040\000A\000l\000g\000o\000r\000i\000t\000h\000m\000\040\000\050\000R\000e\000f\000e\000r\000e\000n\000c\000e\000\040\000I\000m\000p\000l\000e\000m\000e\000n\000t\000a\000t\000i\000o\000n\000\051}{}% 25
\BOOKMARK [1][-]{section.13}{\376\377\000A\000n\000t\000i\000-\000S\000y\000b\000i\000l\000\040\000I\000n\000f\000r\000a\000s\000t\000r\000u\000c\000t\000u\000r\000e}{}% 26
\BOOKMARK [1][-]{section.14}{\376\377\000E\000n\000t\000r\000o\000p\000y\000\040\000C\000o\000n\000t\000r\000o\000l\000\040\000P\000r\000o\000t\000o\000c\000o\000l}{}% 27
\BOOKMARK [1][-]{section.15}{\376\377\000M\000e\000t\000r\000i\000c\000\040\000D\000a\000s\000h\000b\000o\000a\000r\000d\000\040\000f\000o\000r\000\040\000L\000i\000v\000e\000\040\000I\000n\000s\000p\000e\000c\000t\000i\000o\000n}{}% 28
\BOOKMARK [1][-]{section.16}{\376\377\000I\000m\000p\000l\000e\000m\000e\000n\000t\000a\000t\000i\000o\000n\000\040\000R\000o\000a\000d\000m\000a\000p}{}% 29
\BOOKMARK [1][-]{Item.17}{\376\377\000P\000a\000r\000t\000\040\000V\000I\000I\000\040\040\024\000\040\000E\000m\000p\000i\000r\000i\000c\000a\000l\000\040\000S\000c\000i\000e\000n\000c\000e\000\040\000P\000r\000o\000g\000r\000a\000m}{}% 30
\BOOKMARK [1][-]{section.17}{\376\377\000O\000b\000s\000e\000r\000v\000a\000b\000l\000e\000\040\000F\000i\000e\000l\000d\000\040\000V\000a\000r\000i\000a\000b\000l\000e\000s}{}% 31
\BOOKMARK [1][-]{section.18}{\376\377\000C\000o\000r\000e\000\040\000F\000a\000l\000s\000i\000f\000i\000a\000b\000l\000e\000\040\000H\000y\000p\000o\000t\000h\000e\000s\000e\000s}{}% 32
\BOOKMARK [1][-]{section.19}{\376\377\000P\000r\000i\000m\000a\000r\000y\000\040\000M\000e\000a\000s\000u\000r\000e\000m\000e\000n\000t\000\040\000I\000n\000s\000t\000r\000u\000m\000e\000n\000t\000s}{}% 33
\BOOKMARK [2][-]{subsection.19.1}{\376\377\000V\000i\000s\000i\000b\000i\000l\000i\000t\000y\000\040\000G\000i\000n\000i\000\040\000I\000n\000d\000e\000x}{section.19}% 34
\BOOKMARK [2][-]{subsection.19.2}{\376\377\000E\000f\000f\000e\000c\000t\000i\000v\000e\000\040\000C\000o\000h\000e\000r\000e\000n\000c\000e\000\040\000C\000a\000p\000a\000c\000i\000t\000y}{section.19}% 35
\BOOKMARK [1][-]{section.20}{\376\377\000C\000o\000n\000t\000r\000o\000l\000l\000e\000d\000\040\000E\000x\000p\000e\000r\000i\000m\000e\000n\000t\000s}{}% 36
\BOOKMARK [1][-]{section.21}{\376\377\000N\000a\000t\000u\000r\000a\000l\000\040\000E\000x\000p\000e\000r\000i\000m\000e\000n\000t\000s}{}% 37
\BOOKMARK [1][-]{section.22}{\376\377\000B\000e\000n\000c\000h\000m\000a\000r\000k\000\040\000D\000a\000t\000a\000s\000e\000t\000s}{}% 38
\BOOKMARK [1][-]{section.23}{\376\377\000F\000a\000i\000l\000u\000r\000e\000\040\000M\000o\000d\000e\000s\000\040\000T\000h\000a\000t\000\040\000W\000o\000u\000l\000d\000\040\000F\000a\000l\000s\000i\000f\000y\000\040\000t\000h\000e\000\040\000T\000h\000e\000s\000i\000s}{}% 39
\BOOKMARK [1][-]{section.23}{\376\377\000P\000a\000r\000t\000\040\000V\000I\000I\000I\000\040\040\024\000\040\000M\000a\000t\000h\000e\000m\000a\000t\000i\000c\000a\000l\000\040\000P\000r\000o\000o\000f\000\040\000A\000p\000p\000e\000n\000d\000i\000x}{}% 40
\BOOKMARK [2][-]{subsection.23.1}{\376\377\000B\000o\000u\000n\000d\000e\000d\000n\000e\000s\000s\000\040\000o\000f\000\040\000C\000r\000e\000d\000i\000t\000\040\000U\000n\000d\000e\000r\000\040\000D\000e\000c\000a\000y}{section.23}% 41
\BOOKMARK [2][-]{subsection.23.2}{\376\377\000M\000o\000n\000o\000t\000o\000n\000i\000c\000\040\000C\000o\000l\000l\000a\000p\000s\000e\000\040\000o\000f\000\040\000C\000o\000h\000e\000r\000e\000n\000c\000e}{section.23}% 42
\BOOKMARK [1][-]{theorem.23.1}{\376\377\000P\000a\000r\000t\000\040\000X\000I\000I\000\040\040\024\000\040\000S\000y\000s\000t\000e\000m\000\040\000A\000r\000c\000h\000i\000t\000e\000c\000t\000u\000r\000e\000\040\000S\000p\000e\000c\000i\000f\000i\000c\000a\000t\000i\000o\000n}{}% 43
\BOOKMARK [2][-]{subsection.23.3}{\376\377\000C\000o\000r\000e\000\040\000A\000r\000c\000h\000i\000t\000e\000c\000t\000u\000r\000a\000l\000\040\000R\000e\000q\000u\000i\000r\000e\000m\000e\000n\000t\000s}{theorem.23.1}% 44
\BOOKMARK [2][-]{subsection.23.4}{\376\377\000S\000a\000f\000e\000t\000y\000\040\000T\000r\000i\000g\000g\000e\000r\000\040\000S\000u\000r\000f\000a\000c\000e\000s}{theorem.23.1}% 45
\BOOKMARK [2][-]{subsection.23.5}{\376\377\000F\000o\000r\000m\000a\000l\000\040\000C\000o\000m\000p\000l\000i\000a\000n\000c\000e\000\040\000S\000t\000a\000t\000e\000m\000e\000n\000t}{theorem.23.1}% 46
\BOOKMARK [1][-]{subsection.23.5}{\376\377\000P\000a\000r\000t\000\040\000X\000I\000I\000I\000\040\040\024\000\040\000G\000a\000m\000e\000-\000T\000h\000e\000o\000r\000e\000t\000i\000c\000\040\000A\000d\000v\000e\000r\000s\000a\000r\000y\000\040\000M\000o\000d\000e\000l\000i\000n\000g}{}% 47
\BOOKMARK [2][-]{subsection.23.6}{\376\377\000A\000d\000v\000e\000r\000s\000a\000r\000i\000a\000l\000\040\000S\000t\000r\000a\000t\000e\000g\000y\000\040\000S\000p\000a\000c\000e}{subsection.23.5}% 48
\BOOKMARK [2][-]{subsection.23.7}{\376\377\000C\000a\000n\000o\000n\000i\000c\000a\000l\000\040\000A\000t\000t\000a\000c\000k\000\040\000A\000r\000c\000h\000e\000t\000y\000p\000e\000s}{subsection.23.5}% 49
\BOOKMARK [2][-]{subsection.23.8}{\376\377\000S\000t\000a\000b\000i\000l\000i\000t\000y\000\040\000C\000o\000n\000d\000i\000t\000i\000o\000n\000s}{subsection.23.5}% 50
\BOOKMARK [2][-]{subsection.23.9}{\376\377\000A\000d\000v\000e\000r\000s\000a\000r\000i\000a\000l\000\040\000P\000h\000a\000s\000e\000\040\000T\000r\000a\000n\000s\000i\000t\000i\000o\000n\000s}{subsection.23.5}% 51
\BOOKMARK [1][-]{subsection.23.9}{\376\377\000P\000a\000r\000t\000\040\000X\000I\000V\000\040\040\024\000\040\000A\000u\000d\000i\000t\000o\000r\000\040\000a\000n\000d\000\040\000V\000e\000r\000i\000f\000i\000c\000a\000t\000i\000o\000n\000\040\000P\000r\000o\000t\000o\000c\000o\000l}{}% 52
\BOOKMARK [2][-]{subsection.23.10}{\376\377\000V\000e\000r\000i\000f\000i\000a\000b\000l\000e\000\040\000F\000i\000e\000l\000d\000\040\000L\000o\000g\000\040\000C\000o\000m\000m\000i\000t\000m\000e\000n\000t\000s}{subsection.23.9}% 53
\BOOKMARK [2][-]{subsection.23.11}{\376\377\000Z\000e\000r\000o\000-\000K\000n\000o\000w\000l\000e\000d\000g\000e\000\040\000P\000r\000o\000o\000f\000s}{subsection.23.9}% 54
\BOOKMARK [2][-]{subsection.23.12}{\376\377\000A\000u\000d\000i\000t\000\040\000V\000e\000r\000d\000i\000c\000t}{subsection.23.9}% 55
\BOOKMARK [2][-]{subsection.23.13}{\376\377\000P\000r\000o\000o\000f\000\040\000o\000f\000\040\000N\000o\000n\000-\000E\000x\000t\000r\000a\000c\000t\000i\000o\000n\000\040\000\050\000P\000o\000N\000E\000\051}{subsection.23.9}% 56
\BOOKMARK [1][-]{subsection.23.13}{\376\377\000P\000a\000r\000t\000\040\000X\000V\000\040\040\024\000\040\000S\000i\000m\000u\000l\000a\000t\000i\000o\000n\000\040\000H\000a\000r\000n\000e\000s\000s}{}% 57
