\BOOKMARK [1][-]{section.1}{\376\377\000I\000n\000t\000r\000o\000d\000u\000c\000t\000i\000o\000n\000:\000\040\000F\000r\000o\000m\000\040\000T\000o\000k\000e\000n\000s\000\040\000t\000o\000\040\000F\000i\000e\000l\000d\000s}{}% 1
\BOOKMARK [1][-]{section.2}{\376\377\000B\000a\000c\000k\000g\000r\000o\000u\000n\000d}{}% 2
\BOOKMARK [1][-]{section.3}{\376\377\000T\000h\000e\000\040\000C\000L\000I\000O\040\023\000A\000u\000g\000m\000e\000n\000t\000e\000d\000\040\000R\000S\000V\000P\000\040\000A\000c\000t\000i\000o\000n}{}% 3
\BOOKMARK [2][-]{subsection.3.1}{\376\377\000F\000r\000o\000m\000\040\000A\000l\000g\000o\000r\000i\000t\000h\000m\000\040\000t\000o\000\040\000A\000c\000t\000i\000o\000n}{section.3}% 4
\BOOKMARK [2][-]{subsection.3.2}{\376\377\000U\000n\000i\000f\000i\000e\000d\000\040\000L\000a\000g\000r\000a\000n\000g\000i\000a\000n}{section.3}% 5
\BOOKMARK [2][-]{subsection.3.3}{\376\377\000F\000i\000e\000l\000d\000\040\000E\000q\000u\000a\000t\000i\000o\000n\000s}{section.3}% 6
\BOOKMARK [2][-]{subsection.3.4}{\376\377\000C\000o\000u\000p\000l\000i\000n\000g\000\040\000I\000n\000t\000e\000r\000p\000r\000e\000t\000a\000t\000i\000o\000n}{section.3}% 7
\BOOKMARK [2][-]{subsection.3.5}{\376\377\000T\000h\000e\000\040\000C\000o\000g\000n\000i\000t\000i\000v\000e\000\040\000A\000c\000t\000i\000o\000n\000\040\000P\000r\000i\000n\000c\000i\000p\000l\000e}{section.3}% 8
\BOOKMARK [1][-]{section.4}{\376\377\000E\000n\000t\000r\000o\000p\000y\000\040\000a\000s\000\040\000C\000o\000h\000e\000r\000e\000n\000c\000e\000\040\000R\000e\000g\000u\000l\000a\000t\000o\000r}{}% 9
\BOOKMARK [2][-]{subsection.4.1}{\376\377\000T\000h\000e\000r\000m\000o\000d\000y\000n\000a\000m\000i\000c\000\040\000D\000u\000a\000l\000i\000t\000y\000\040\000o\000f\000\040\000S}{section.4}% 10
\BOOKMARK [2][-]{subsection.4.2}{\376\377\000C\000r\000i\000t\000i\000c\000a\000l\000\040\000R\000e\000g\000i\000m\000e\000s\000\040\000o\000f\000\040\000R\000e\000a\000s\000o\000n\000i\000n\000g\000\040\000T\000e\000m\000p\000e\000r\000a\000t\000u\000r\000e}{section.4}% 11
\BOOKMARK [2][-]{subsection.4.3}{\376\377\000C\000o\000s\000m\000o\000l\000o\000g\000i\000c\000a\000l\000\040\000A\000n\000a\000l\000o\000g\000y}{section.4}% 12
\BOOKMARK [2][-]{subsection.4.4}{\376\377\000I\000n\000f\000o\000r\000m\000a\000t\000i\000o\000n\000-\000T\000h\000e\000o\000r\000e\000t\000i\000c\000\040\000R\000e\000s\000t\000a\000t\000e\000m\000e\000n\000t}{section.4}% 13
\BOOKMARK [2][-]{subsection.4.5}{\376\377\000E\000n\000t\000r\000o\000p\000y\000\040\000a\000s\000\040\000E\000t\000h\000i\000c\000a\000l\000\040\000B\000o\000u\000n\000d\000a\000r\000y}{section.4}% 14
\BOOKMARK [1][-]{section.5}{\376\377\000R\000e\000w\000a\000r\000d\000\040\000a\000s\000\040\000L\000o\000c\000a\000l\000\040\000P\000o\000t\000e\000n\000t\000i\000a\000l\000\040\000E\000n\000e\000r\000g\000y}{}% 15
\BOOKMARK [2][-]{subsection.5.1}{\376\377\000R\000e\000w\000a\000r\000d\000\040\000a\000s\000\040\000E\000n\000e\000r\000g\000y\000\040\000S\000o\000u\000r\000c\000e}{section.5}% 16
\BOOKMARK [2][-]{subsection.5.2}{\376\377\000S\000t\000r\000e\000s\000s\040\023\000E\000n\000e\000r\000g\000y\000\040\000B\000a\000l\000a\000n\000c\000e}{section.5}% 17
\BOOKMARK [2][-]{subsection.5.3}{\376\377\000T\000e\000l\000e\000o\000l\000o\000g\000y\000\040\000a\000n\000d\000\040\000M\000o\000r\000p\000h\000i\000c\000\040\000D\000r\000i\000v\000e}{section.5}% 18
\BOOKMARK [2][-]{subsection.5.4}{\376\377\000R\000e\000w\000a\000r\000d\000,\000\040\000C\000u\000r\000v\000a\000t\000u\000r\000e\000,\000\040\000a\000n\000d\000\040\000M\000e\000a\000n\000i\000n\000g}{section.5}% 19
\BOOKMARK [2][-]{subsection.5.5}{\376\377\000E\000t\000h\000i\000c\000a\000l\000\040\000a\000n\000d\000\040\000P\000h\000e\000n\000o\000m\000e\000n\000o\000l\000o\000g\000i\000c\000a\000l\000\040\000C\000o\000n\000s\000e\000q\000u\000e\000n\000c\000e\000s}{section.5}% 20
\BOOKMARK [2][-]{subsection.5.6}{\376\377\000S\000u\000m\000m\000a\000r\000y}{section.5}% 21
\BOOKMARK [1][-]{section.6}{\376\377\000T\000h\000e\000\040\000M\000e\000t\000a\000-\000C\000o\000m\000p\000r\000e\000s\000s\000i\000o\000n\000\040\000B\000a\000r\000r\000i\000e\000r}{}% 22
\BOOKMARK [2][-]{subsection.6.1}{\376\377\000F\000r\000o\000m\000\040\000L\000e\000n\000g\000t\000h\000\040\000P\000e\000n\000a\000l\000t\000y\000\040\000t\000o\000\040\000C\000o\000m\000p\000r\000e\000s\000s\000i\000o\000n\000\040\000L\000a\000w}{section.6}% 23
\BOOKMARK [2][-]{subsection.6.2}{\376\377\000C\000o\000m\000p\000r\000e\000s\000s\000i\000o\000n\000\040\000a\000s\000\040\000E\000t\000h\000i\000c\000a\000l\000\040\000B\000o\000u\000n\000d\000a\000r\000y}{section.6}% 24
\BOOKMARK [2][-]{subsection.6.3}{\376\377\000G\000e\000o\000m\000e\000t\000r\000i\000c\000\040\000I\000n\000t\000e\000r\000p\000r\000e\000t\000a\000t\000i\000o\000n}{section.6}% 25
\BOOKMARK [2][-]{subsection.6.4}{\376\377\000R\000e\000l\000a\000t\000i\000o\000n\000\040\000t\000o\000\040\000t\000h\000e\000\040\000E\000t\000h\000i\000c\000s\000\040\000o\000f\000\040\000D\000e\000s\000c\000r\000i\000p\000t\000i\000o\000n}{section.6}% 26
\BOOKMARK [2][-]{subsection.6.5}{\376\377\000S\000u\000m\000m\000a\000r\000y}{section.6}% 27
\BOOKMARK [1][-]{section.7}{\376\377\000M\000o\000d\000e\000l\000-\000A\000w\000a\000r\000e\000\040\000M\000e\000a\000s\000u\000r\000e\000\040\000C\000o\000n\000t\000r\000o\000l}{}% 28
\BOOKMARK [2][-]{subsection.7.1}{\376\377\000A\000d\000a\000p\000t\000i\000v\000e\000\040\000M\000e\000a\000s\000u\000r\000e\000\040\000D\000e\000f\000i\000n\000i\000t\000i\000o\000n}{section.7}% 29
\BOOKMARK [2][-]{subsection.7.2}{\376\377\000C\000o\000n\000t\000i\000n\000u\000u\000m\000\040\000I\000n\000t\000e\000r\000p\000r\000e\000t\000a\000t\000i\000o\000n}{section.7}% 30
\BOOKMARK [2][-]{subsection.7.3}{\376\377\000S\000h\000e\000a\000f\000-\000T\000h\000e\000o\000r\000e\000t\000i\000c\000\040\000F\000o\000r\000m\000u\000l\000a\000t\000i\000o\000n}{section.7}% 31
\BOOKMARK [2][-]{subsection.7.4}{\376\377\000C\000a\000u\000s\000a\000l\000\040\000B\000o\000u\000n\000d\000a\000r\000y\000\040\000A\000n\000a\000l\000o\000g\000y}{section.7}% 32
\BOOKMARK [2][-]{subsection.7.5}{\376\377\000E\000t\000h\000i\000c\000a\000l\000\040\000a\000n\000d\000\040\000P\000r\000a\000c\000t\000i\000c\000a\000l\000\040\000I\000m\000p\000l\000i\000c\000a\000t\000i\000o\000n\000s}{section.7}% 33
\BOOKMARK [2][-]{subsection.7.6}{\376\377\000S\000u\000m\000m\000a\000r\000y}{section.7}% 34
\BOOKMARK [1][-]{section.8}{\376\377\000S\000i\000m\000u\000l\000a\000t\000i\000o\000n\000\040\000a\000n\000d\000\040\000S\000c\000a\000l\000i\000n\000g\000\040\000L\000a\000w\000s}{}% 35
\BOOKMARK [2][-]{subsection.8.1}{\376\377\000L\000a\000t\000t\000i\000c\000e\000\040\000I\000m\000p\000l\000e\000m\000e\000n\000t\000a\000t\000i\000o\000n}{section.8}% 36
\BOOKMARK [2][-]{subsection.8.2}{\376\377\000E\000m\000p\000i\000r\000i\000c\000a\000l\000\040\000M\000e\000t\000r\000i\000c\000s}{section.8}% 37
\BOOKMARK [2][-]{subsection.8.3}{\376\377\000S\000c\000a\000l\000i\000n\000g\000\040\000L\000a\000w\000s}{section.8}% 38
\BOOKMARK [2][-]{subsection.8.4}{\376\377\000C\000o\000m\000p\000a\000r\000i\000s\000o\000n\000\040\000t\000o\000\040\000G\000R\000P\000O\000\040\000O\000b\000s\000e\000r\000v\000a\000t\000i\000o\000n\000s}{section.8}% 39
\BOOKMARK [2][-]{subsection.8.5}{\376\377\000P\000h\000a\000s\000e\000\040\000D\000i\000a\000g\000r\000a\000m\000\040\000o\000f\000\040\000L\000e\000a\000r\000n\000i\000n\000g}{section.8}% 40
\BOOKMARK [2][-]{subsection.8.6}{\376\377\000I\000n\000t\000e\000r\000p\000r\000e\000t\000a\000t\000i\000o\000n}{section.8}% 41
\BOOKMARK [1][-]{section.9}{\376\377\000P\000h\000i\000l\000o\000s\000o\000p\000h\000i\000c\000a\000l\000\040\000I\000m\000p\000l\000i\000c\000a\000t\000i\000o\000n\000s}{}% 42
\BOOKMARK [2][-]{subsection.9.1}{\376\377\000T\000h\000e\000\040\000O\000n\000t\000o\000l\000o\000g\000i\000c\000a\000l\000\040\000G\000r\000a\000d\000i\000e\000n\000t\000\040\000o\000f\000\040\000C\000o\000h\000e\000r\000e\000n\000c\000e}{section.9}% 43
\BOOKMARK [2][-]{subsection.9.2}{\376\377\000O\000r\000t\000e\000g\000a\040\031\000s\000\040\000C\000i\000r\000c\000u\000m\000s\000t\000a\000n\000c\000e\000\040\000a\000n\000d\000\040\000t\000h\000e\000\040\000R\000e\000c\000i\000p\000r\000o\000c\000a\000l\000\040\000S\000e\000l\000f}{section.9}% 44
\BOOKMARK [2][-]{subsection.9.3}{\376\377\000S\000i\000m\000u\000l\000a\000t\000e\000d\000\040\000A\000g\000e\000n\000c\000y\000\040\000a\000n\000d\000\040\000t\000h\000e\000\040\000G\000e\000o\000m\000e\000t\000r\000y\000\040\000o\000f\000\040\000V\000a\000l\000u\000e}{section.9}% 45
\BOOKMARK [2][-]{subsection.9.4}{\376\377\000E\000p\000i\000s\000t\000e\000m\000i\000c\000\040\000H\000u\000m\000i\000l\000i\000t\000y\000\040\000a\000n\000d\000\040\000t\000h\000e\000\040\000E\000x\000p\000i\000a\000t\000o\000r\000y\000\040\000G\000a\000p}{section.9}% 46
\BOOKMARK [2][-]{subsection.9.5}{\376\377\000T\000o\000w\000a\000r\000d\000\040\000a\000\040\000T\000h\000e\000r\000m\000o\000-\000E\000t\000h\000i\000c\000a\000l\000\040\000P\000h\000y\000s\000i\000c\000s}{section.9}% 47
\BOOKMARK [2][-]{subsection.9.6}{\376\377\000S\000u\000m\000m\000a\000r\000y}{section.9}% 48
\BOOKMARK [1][-]{section.10}{\376\377\000C\000o\000n\000c\000l\000u\000s\000i\000o\000n\000:\000\040\000T\000h\000e\000\040\000C\000o\000g\000n\000i\000t\000i\000v\000e\000\040\000A\000c\000t\000i\000o\000n\000\040\000P\000r\000i\000n\000c\000i\000p\000l\000e}{}% 49
\BOOKMARK [1][-]{appendix.A}{\376\377\000M\000a\000t\000h\000e\000m\000a\000t\000i\000c\000a\000l\000\040\000A\000p\000p\000e\000n\000d\000i\000x\000:\000\040\000V\000a\000r\000i\000a\000t\000i\000o\000n\000a\000l\000\040\000D\000e\000r\000i\000v\000a\000t\000i\000o\000n\000s}{}% 50
\BOOKMARK [2][-]{subsection.A.1}{\376\377\000E\000u\000l\000e\000r\040\023\000L\000a\000g\000r\000a\000n\000g\000e\000\040\000E\000x\000p\000a\000n\000s\000i\000o\000n}{appendix.A}% 51
\BOOKMARK [2][-]{subsection.A.2}{\376\377\000F\000i\000e\000l\000d\000-\000T\000h\000e\000o\000r\000e\000t\000i\000c\000\040\000A\000d\000v\000a\000n\000t\000a\000g\000e\000\040\000E\000s\000t\000i\000m\000a\000t\000i\000o\000n}{appendix.A}% 52
\BOOKMARK [2][-]{subsection.A.3}{\376\377\000A\000n\000a\000l\000y\000t\000i\000c\000\040\000D\000e\000r\000i\000v\000a\000t\000i\000o\000n\000\040\000o\000f\000\040\000S\000c\000a\000l\000i\000n\000g\000\040\000E\000x\000p\000o\000n\000e\000n\000t\000s\000\040\000v\000i\000a\000\040\000R\000e\000n\000o\000r\000m\000a\000l\000i\000z\000a\000t\000i\000o\000n}{appendix.A}% 53
\BOOKMARK [2][-]{subsection.A.4}{\376\377\000H\000a\000m\000i\000l\000t\000o\000n\000i\000a\000n\000\040\000D\000e\000n\000s\000i\000t\000y}{appendix.A}% 54
\BOOKMARK [2][-]{subsection.A.5}{\376\377\000C\000o\000n\000s\000e\000r\000v\000a\000t\000i\000o\000n\000\040\000L\000a\000w\000s}{appendix.A}% 55
\BOOKMARK [1][-]{appendix.B}{\376\377\000E\000m\000p\000i\000r\000i\000c\000a\000l\000\040\000A\000p\000p\000e\000n\000d\000i\000x\000:\000\040\000L\000a\000t\000t\000i\000c\000e\000\040\000S\000i\000m\000u\000l\000a\000t\000i\000o\000n\000\040\000O\000u\000t\000l\000i\000n\000e}{}% 56
\BOOKMARK [2][-]{subsection.B.1}{\376\377\000A\000l\000g\000o\000r\000i\000t\000h\000m\000i\000c\000\040\000S\000t\000r\000u\000c\000t\000u\000r\000e}{appendix.B}% 57
\BOOKMARK [2][-]{subsection.B.2}{\376\377\000S\000c\000a\000l\000i\000n\000g\000\040\000V\000e\000r\000i\000f\000i\000c\000a\000t\000i\000o\000n}{appendix.B}% 58
\BOOKMARK [1][-]{appendix.C}{\376\377\000P\000h\000i\000l\000o\000s\000o\000p\000h\000i\000c\000a\000l\000\040\000A\000p\000p\000e\000n\000d\000i\000x\000:\000\040\000O\000n\000t\000o\000l\000o\000g\000i\000c\000a\000l\000\040\000C\000o\000r\000r\000e\000s\000p\000o\000n\000d\000e\000n\000c\000e\000s}{}% 59
\BOOKMARK [2][-]{subsection.C.1}{\376\377\000U\000n\000i\000f\000i\000e\000d\000\040\000P\000r\000i\000n\000c\000i\000p\000l\000e}{appendix.C}% 60
\BOOKMARK [1][-]{appendix.D}{\376\377\000N\000o\000t\000a\000t\000i\000o\000n\000\040\000a\000n\000d\000\040\000S\000y\000m\000b\000o\000l\000s}{}% 61
