\BOOKMARK [1][-]{section.1}{\376\377\000T\000h\000e\000\040\000E\000c\000o\000l\000o\000g\000y\000\040\000o\000f\000\040\000O\000p\000e\000r\000a\000t\000o\000r\000s}{}% 1
\BOOKMARK [1][-]{section.2}{\376\377\000T\000h\000e\000\040\000R\000S\000V\000P\000\040\000S\000u\000b\000s\000t\000r\000a\000t\000e}{}% 2
\BOOKMARK [2][-]{subsection.2.1}{\376\377\000O\000r\000i\000g\000i\000n\000s\000\040\000a\000n\000d\000\040\000M\000o\000t\000i\000v\000a\000t\000i\000o\000n\000\040\000o\000f\000\040\000t\000h\000e\000\040\000R\000S\000V\000P\000\040\000T\000r\000i\000a\000d}{section.2}% 3
\BOOKMARK [2][-]{subsection.2.2}{\376\377\000U\000n\000i\000t\000s\000\040\000a\000n\000d\000\040\000O\000n\000t\000o\000l\000o\000g\000y\000\040\000o\000f\000\040\000t\000h\000e\000\040\000C\000o\000n\000t\000i\000n\000u\000i\000t\000y\000\040\000E\000q\000u\000a\000t\000i\000o\000n}{section.2}% 4
\BOOKMARK [1][-]{section.3}{\376\377\000T\000h\000e\000\040\000O\000p\000e\000r\000a\000t\000o\000r\000\040\000A\000l\000g\000e\000b\000r\000a\000\040\000o\000f\000\040\000C\000o\000h\000e\000r\000e\000n\000c\000e}{}% 5
\BOOKMARK [2][-]{subsection.3.1}{\376\377\000L\000a\000m\000p\000h\000r\000o\000n\000\040\000a\000n\000d\000\040\000L\000a\000m\000p\000h\000r\000o\000d\000y\000n\000e\000:\000\040\000G\000l\000o\000b\000a\000l\000\040\000E\000n\000t\000r\000o\000p\000i\000c\000\040\000S\000m\000o\000o\000t\000h\000i\000n\000g}{section.3}% 6
\BOOKMARK [3][-]{subsubsection.3.1.1}{\376\377\000C\000o\000n\000d\000i\000t\000i\000o\000n\000s\000\040\000f\000o\000r\000\040\000A\000p\000p\000r\000o\000x\000i\000m\000a\000t\000i\000o\000n\000s\000\040\000a\000n\000d\000\040\000N\000o\000n\000l\000i\000n\000e\000a\000r\000\040\000R\000e\000g\000i\000m\000e\000s}{subsection.3.1}% 7
\BOOKMARK [2][-]{subsection.3.2}{\376\377\000A\000m\000p\000l\000i\000t\000w\000i\000s\000t\000:\000\040\000L\000o\000c\000a\000l\000\040\000C\000o\000n\000f\000o\000r\000m\000a\000l\000\040\000R\000e\000p\000a\000r\000a\000m\000e\000t\000e\000r\000i\000z\000a\000t\000i\000o\000n}{section.3}% 8
\BOOKMARK [3][-]{subsubsection.3.2.1}{\376\377\000P\000r\000e\000v\000e\000n\000t\000i\000n\000g\000\040\000D\000i\000v\000e\000r\000g\000e\000n\000c\000e\000\040\000U\000n\000d\000e\000r\000\040\000N\000o\000i\000s\000e\000\040\000o\000r\000\040\000A\000d\000v\000e\000r\000s\000a\000r\000i\000e\000s}{subsection.3.2}% 9
\BOOKMARK [2][-]{subsection.3.3}{\376\377\000S\000h\000e\000a\000f\000\040\000M\000o\000r\000p\000h\000i\000s\000m\000:\000\040\000D\000i\000s\000t\000r\000i\000b\000u\000t\000e\000d\000\040\000C\000o\000h\000e\000r\000e\000n\000c\000e}{section.3}% 10
\BOOKMARK [3][-]{subsubsection.3.3.1}{\376\377\000P\000r\000a\000c\000t\000i\000c\000a\000l\000\040\000C\000o\000n\000s\000t\000r\000u\000c\000t\000i\000o\000n\000\040\000i\000n\000\040\000C\000o\000g\000n\000i\000t\000i\000o\000n\000\040\000a\000n\000d\000\040\000S\000e\000m\000a\000n\000t\000i\000c\000s}{subsection.3.3}% 11
\BOOKMARK [1][-]{section.4}{\376\377\000R\000e\000c\000u\000r\000s\000i\000v\000e\000\040\000A\000r\000c\000h\000i\000t\000e\000c\000t\000u\000r\000e\000s\000:\000\040\000F\000r\000o\000m\000\040\000Y\000a\000r\000n\000c\000r\000a\000w\000l\000e\000r\000\040\000t\000o\000\040\000C\000L\000I\000O}{}% 12
\BOOKMARK [2][-]{subsection.4.1}{\376\377\000C\000o\000m\000p\000u\000t\000a\000t\000i\000o\000n\000a\000l\000\040\000I\000m\000p\000l\000e\000m\000e\000n\000t\000a\000t\000i\000o\000n\000\040\000a\000n\000d\000\040\000E\000q\000u\000i\000l\000i\000b\000r\000i\000u\000m\000\040\000M\000e\000a\000s\000u\000r\000e\000m\000e\000n\000t}{section.4}% 13
\BOOKMARK [1][-]{section.5}{\376\377\000S\000i\000m\000u\000l\000a\000t\000e\000d\000\040\000A\000g\000e\000n\000c\000y\000\040\000a\000n\000d\000\040\000t\000h\000e\000\040\000H\000Y\000D\000R\000A\000\040\000E\000c\000o\000l\000o\000g\000y}{}% 14
\BOOKMARK [2][-]{subsection.5.1}{\376\377\000K\000u\000r\000a\000m\000o\000t\000o\000\040\000C\000o\000u\000p\000l\000i\000n\000g\000\040\000a\000n\000d\000\040\000S\000c\000a\000l\000i\000n\000g}{section.5}% 15
\BOOKMARK [1][-]{section.6}{\376\377\000S\000e\000m\000a\000n\000t\000i\000c\000\040\000I\000n\000f\000r\000a\000s\000t\000r\000u\000c\000t\000u\000r\000e\000\040\000a\000n\000d\000\040\000t\000h\000e\000\040\000E\000n\000t\000r\000o\000p\000y\000\040\000C\000o\000m\000m\000o\000n\000s}{}% 16
\BOOKMARK [2][-]{subsection.6.1}{\376\377\000Q\000u\000a\000n\000t\000i\000f\000y\000i\000n\000g\000\040\000E\000n\000t\000r\000o\000p\000i\000c\000\040\000F\000a\000i\000r\000n\000e\000s\000s}{section.6}% 17
\BOOKMARK [1][-]{section.7}{\376\377\000T\000o\000w\000a\000r\000d\000\040\000a\000\040\000T\000h\000e\000o\000r\000y\000\040\000o\000f\000\040\000M\000o\000r\000p\000h\000o\000g\000e\000n\000e\000t\000i\000c\000\040\000E\000t\000h\000i\000c\000s}{}% 18
\BOOKMARK [2][-]{subsection.7.1}{\376\377\000O\000p\000e\000r\000a\000t\000i\000o\000n\000a\000l\000i\000z\000i\000n\000g\000\040\000C\000o\000h\000e\000r\000e\000n\000c\000e\000\040\000B\000e\000f\000o\000r\000e\000\040\000C\000o\000n\000t\000r\000o\000l}{section.7}% 19
\BOOKMARK [2][-]{subsection.7.2}{\376\377\000D\000i\000a\000g\000n\000o\000s\000i\000n\000g\000\040\000a\000n\000d\000\040\000I\000n\000t\000e\000r\000v\000e\000n\000i\000n\000g\000\040\000i\000n\000\040\000S\000e\000q\000u\000e\000n\000c\000e\000\040\000F\000a\000i\000l\000u\000r\000e\000s}{section.7}% 20
\BOOKMARK [1][-]{section.8}{\376\377\000G\000e\000n\000e\000r\000a\000l\000\040\000M\000e\000t\000h\000o\000d\000o\000l\000o\000g\000i\000c\000a\000l\000\040\000C\000o\000n\000s\000i\000d\000e\000r\000a\000t\000i\000o\000n\000s}{}% 21
\BOOKMARK [2][-]{subsection.8.1}{\376\377\000S\000t\000a\000t\000u\000s\000\040\000o\000f\000\040\000I\000n\000t\000e\000r\000n\000a\000l\000\040\000W\000o\000r\000k\000s\000\040\000a\000n\000d\000\040\000F\000a\000l\000s\000i\000f\000i\000a\000b\000i\000l\000i\000t\000y}{section.8}% 22
\BOOKMARK [2][-]{subsection.8.2}{\376\377\000I\000n\000t\000e\000g\000r\000a\000t\000i\000o\000n\000\040\000o\000f\000\040\000Q\000u\000a\000n\000t\000u\000m\000\040\000a\000n\000d\000\040\000S\000t\000o\000c\000h\000a\000s\000t\000i\000c\000\040\000E\000l\000e\000m\000e\000n\000t\000s}{section.8}% 23
\BOOKMARK [1][-]{section.9}{\376\377\000C\000o\000n\000c\000l\000u\000s\000i\000o\000n\000:\000\040\000T\000h\000e\000\040\000O\000p\000e\000r\000a\000t\000o\000r\000\040\000a\000s\000\040\000O\000n\000t\000o\000l\000o\000g\000i\000c\000a\000l\000\040\000C\000o\000n\000s\000t\000a\000n\000t}{}% 24
\BOOKMARK [1][-]{appendix.A}{\376\377\000A\000p\000p\000e\000n\000d\000i\000x\000\040\000A\000:\000\040\000E\000n\000e\000r\000g\000y\000\040\000F\000u\000n\000c\000t\000i\000o\000n\000a\000l\000\040\000D\000e\000t\000a\000i\000l\000s}{}% 25
\BOOKMARK [1][-]{appendix.B}{\376\377\000Q\000u\000i\000c\000k\000\040\000U\000s\000e\000-\000I\000t\000-\000N\000o\000w\000\040\000C\000h\000e\000c\000k\000l\000i\000s\000t}{}% 26
