\BOOKMARK [1][-]{section*.1}{\376\377\000C\000o\000n\000t\000e\000n\000t\000s}{}% 1
\BOOKMARK [1][-]{section.1}{\376\377\000I\000n\000t\000r\000o\000d\000u\000c\000t\000i\000o\000n\000:\000\040\000T\000h\000i\000n\000k\000i\000n\000g\000\040\000i\000n\000\040\000M\000o\000t\000i\000o\000n}{}% 2
\BOOKMARK [1][-]{section.2}{\376\377\000C\000o\000n\000c\000e\000p\000t\000u\000a\000l\000\040\000L\000i\000n\000e\000a\000g\000e\000:\000\040\000F\000r\000o\000m\000\040\000P\000e\000r\000i\000p\000a\000t\000e\000t\000i\000c\000\040\000T\000h\000o\000u\000g\000h\000t\000\040\000t\000o\000\040\000C\000y\000c\000l\000i\000c\000a\000l\000\040\000C\000o\000g\000n\000i\000t\000i\000o\000n}{}% 3
\BOOKMARK [2][-]{subsection.2.1}{\376\377\000F\000r\000o\000m\000\040\000S\000t\000a\000t\000i\000c\000\040\000M\000o\000d\000e\000l\000s\000\040\000t\000o\000\040\000D\000y\000n\000a\000m\000i\000c\000\040\000F\000l\000o\000w\000s}{section.2}% 4
\BOOKMARK [2][-]{subsection.2.2}{\376\377\000I\000n\000t\000e\000g\000r\000a\000t\000i\000o\000n\000\040\000o\000f\000\040\000T\000e\000m\000p\000o\000r\000a\000l\000\040\000D\000i\000m\000e\000n\000s\000i\000o\000n\000s}{section.2}% 5
\BOOKMARK [1][-]{section.3}{\376\377\000G\000e\000s\000t\000u\000r\000e\000,\000\040\000M\000o\000t\000i\000o\000n\000,\000\040\000a\000n\000d\000\040\000t\000h\000e\000\040\000O\000r\000i\000g\000i\000n\000s\000\040\000o\000f\000\040\000C\000o\000g\000n\000i\000t\000i\000o\000n}{}% 6
\BOOKMARK [2][-]{subsection.3.1}{\376\377\000E\000v\000o\000l\000u\000t\000i\000o\000n\000a\000r\000y\000\040\000P\000e\000r\000s\000p\000e\000c\000t\000i\000v\000e\000s\000\040\000o\000n\000\040\000R\000h\000y\000t\000h\000m\000i\000c\000\040\000C\000o\000g\000n\000i\000t\000i\000o\000n}{section.3}% 7
\BOOKMARK [2][-]{subsection.3.2}{\376\377\000O\000n\000t\000o\000g\000e\000n\000e\000t\000i\000c\000\040\000D\000e\000v\000e\000l\000o\000p\000m\000e\000n\000t\000\040\000o\000f\000\040\000G\000a\000i\000t\000\040\000P\000a\000t\000t\000e\000r\000n\000s}{section.3}% 8
\BOOKMARK [1][-]{section.4}{\376\377\000G\000a\000i\000t\000,\000\040\000A\000g\000e\000n\000c\000y\000,\000\040\000a\000n\000d\000\040\000t\000h\000e\000\040\000S\000p\000e\000c\000t\000r\000u\000m\000\040\000o\000f\000\040\000S\000e\000l\000f\000/\000O\000t\000h\000e\000r}{}% 9
\BOOKMARK [2][-]{subsection.4.1}{\376\377\000S\000o\000c\000i\000a\000l\000\040\000I\000m\000p\000l\000i\000c\000a\000t\000i\000o\000n\000s\000\040\000o\000f\000\040\000t\000h\000e\000\040\000S\000e\000l\000f\000/\000O\000t\000h\000e\000r\000\040\000S\000p\000e\000c\000t\000r\000u\000m}{section.4}% 10
\BOOKMARK [2][-]{subsection.4.2}{\376\377\000T\000e\000c\000h\000n\000o\000l\000o\000g\000i\000c\000a\000l\000\040\000E\000x\000t\000e\000n\000s\000i\000o\000n\000s\000\040\000a\000n\000d\000\040\000H\000u\000m\000a\000n\000-\000C\000o\000m\000p\000u\000t\000e\000r\000\040\000I\000n\000t\000e\000r\000a\000c\000t\000i\000o\000n}{section.4}% 11
\BOOKMARK [1][-]{section.5}{\376\377\000M\000a\000r\000k\000o\000v\000\040\000B\000l\000a\000n\000k\000e\000t\000s\000,\000\040\000G\000a\000i\000t\000,\000\040\000a\000n\000d\000\040\000t\000h\000e\000\040\000S\000e\000l\000f\000/\000O\000t\000h\000e\000r\000\040\000S\000p\000e\000c\000t\000r\000u\000m}{}% 12
\BOOKMARK [2][-]{subsection.5.1}{\376\377\000A\000I\000\040\000A\000p\000p\000l\000i\000c\000a\000t\000i\000o\000n\000s\000\040\000o\000f\000\040\000M\000a\000r\000k\000o\000v\000\040\000B\000l\000a\000n\000k\000e\000t\000\040\000D\000y\000n\000a\000m\000i\000c\000s}{section.5}% 13
\BOOKMARK [1][-]{section.6}{\376\377\000E\000m\000b\000o\000d\000i\000m\000e\000n\000t\000,\000\040\000P\000e\000r\000i\000p\000a\000t\000e\000t\000i\000c\000s\000,\000\040\000a\000n\000d\000\040\000t\000h\000e\000\040\000R\000h\000y\000t\000h\000m\000s\000\040\000o\000f\000\040\000T\000h\000o\000u\000g\000h\000t}{}% 14
\BOOKMARK [2][-]{subsection.6.1}{\376\377\000T\000h\000e\000\040\000R\000o\000l\000e\000\040\000o\000f\000\040\000P\000h\000e\000n\000o\000m\000e\000n\000o\000l\000o\000g\000y\000\040\000i\000n\000\040\000E\000m\000b\000o\000d\000i\000e\000d\000\040\000C\000o\000g\000n\000i\000t\000i\000o\000n}{section.6}% 15
\BOOKMARK [2][-]{subsection.6.2}{\376\377\000P\000r\000o\000c\000e\000s\000s\000\040\000P\000h\000i\000l\000o\000s\000o\000p\000h\000y\000\040\000P\000e\000r\000s\000p\000e\000c\000t\000i\000v\000e\000s}{section.6}% 16
\BOOKMARK [1][-]{section.7}{\376\377\000C\000o\000m\000p\000a\000r\000a\000t\000i\000v\000e\000\040\000A\000n\000a\000l\000y\000s\000i\000s\000:\000\040\000G\000W\000T\000,\000\040\000A\000I\000F\000,\000\040\000a\000n\000d\000\040\000R\000S\000V\000P\040\023\000C\000P\000G}{}% 17
\BOOKMARK [2][-]{subsection.7.1}{\376\377\000E\000n\000t\000r\000o\000p\000y\000\040\000p\000a\000c\000i\000n\000g\000\040\000a\000n\000d\000\040\000s\000l\000e\000e\000p\000\040\000r\000e\000g\000i\000m\000e\000s}{section.7}% 18
\BOOKMARK [2][-]{subsection.7.2}{\376\377\000O\000b\000s\000e\000r\000v\000a\000b\000l\000e\000s\000\040\000a\000n\000d\000\040\000e\000m\000p\000i\000r\000i\000c\000a\000l\000\040\000a\000l\000i\000g\000n\000m\000e\000n\000t}{section.7}% 19
\BOOKMARK [1][-]{section.8}{\376\377\000P\000h\000a\000s\000e\000-\000R\000e\000d\000u\000c\000e\000d\000\040\000D\000y\000n\000a\000m\000i\000c\000s\000\040\000o\000f\000\040\000R\000S\000V\000P\040\023\000C\000P\000G}{}% 20
\BOOKMARK [2][-]{subsection.8.1}{\376\377\000F\000r\000o\000m\000\040\000a\000m\000p\000l\000i\000t\000u\000d\000e\040\023\000p\000h\000a\000s\000e\000\040\000t\000o\000\040\000p\000h\000a\000s\000e\000-\000o\000n\000l\000y\000\040\000d\000y\000n\000a\000m\000i\000c\000s}{section.8}% 21
\BOOKMARK [2][-]{subsection.8.2}{\376\377\000O\000r\000d\000e\000r\000\040\000p\000a\000r\000a\000m\000e\000t\000e\000r\000\040\000a\000n\000d\000\040\000s\000y\000n\000c\000h\000r\000o\000n\000y}{section.8}% 22
\BOOKMARK [2][-]{subsection.8.3}{\376\377\000R\000E\000M\000\040\000a\000s\000\040\000b\000i\000f\000u\000r\000c\000a\000t\000i\000o\000n}{section.8}% 23
\BOOKMARK [2][-]{subsection.8.4}{\376\377\000P\000h\000a\000s\000e\000\040\000d\000i\000a\000g\000r\000a\000m\000\040\000o\000f\000\040\000R\000S\000V\000P\000\040\000s\000l\000e\000e\000p\000\040\000r\000e\000g\000i\000m\000e\000s}{section.8}% 24
\BOOKMARK [2][-]{subsection.8.5}{\376\377\000I\000n\000t\000e\000r\000p\000r\000e\000t\000a\000t\000i\000o\000n}{section.8}% 25
\BOOKMARK [1][-]{section.9}{\376\377\000M\000u\000l\000t\000i\000p\000l\000e\000x\000\040\000K\000u\000r\000a\000m\000o\000t\000o\000\040\000F\000o\000r\000m\000a\000l\000i\000z\000a\000t\000i\000o\000n\000\040\000o\000f\000\040\000R\000S\000V\000P\040\023\000C\000P\000G}{}% 26
\BOOKMARK [2][-]{subsection.9.1}{\376\377\000M\000o\000d\000e\000l\000\040\000d\000e\000f\000i\000n\000i\000t\000i\000o\000n}{section.9}% 27
\BOOKMARK [2][-]{subsection.9.2}{\376\377\000E\000n\000t\000r\000o\000p\000y\000\040\000p\000a\000c\000i\000n\000g\000\040\000\046\000\040\000R\000E\000M\000\040\000d\000e\000c\000o\000u\000p\000l\000i\000n\000g}{section.9}% 28
\BOOKMARK [2][-]{subsection.9.3}{\376\377\000L\000a\000y\000e\000r\000\040\000o\000r\000d\000e\000r\000\040\000p\000a\000r\000a\000m\000e\000t\000e\000r\000s\000\040\000a\000n\000d\000\040\000r\000e\000a\000d\000o\000u\000t\000s}{section.9}% 29
\BOOKMARK [2][-]{subsection.9.4}{\376\377\000R\000e\000d\000u\000c\000e\000d\000\040\000m\000e\000a\000n\000-\000f\000i\000e\000l\000d\000\040\000d\000e\000s\000c\000r\000i\000p\000t\000i\000o\000n\000\040\000\050\000w\000e\000a\000k\000\040\000h\000e\000t\000e\000r\000o\000g\000e\000n\000e\000i\000t\000y\000\051}{section.9}% 30
\BOOKMARK [2][-]{subsection.9.5}{\376\377\000D\000y\000n\000a\000m\000i\000c\000a\000l\000\040\000r\000e\000g\000i\000m\000e\000s\000\040\000a\000n\000d\000\040\000s\000i\000g\000n\000a\000t\000u\000r\000e\000s}{section.9}% 31
\BOOKMARK [2][-]{subsection.9.6}{\376\377\000N\000o\000i\000s\000e\000,\000\040\000c\000h\000i\000m\000e\000r\000a\000\040\000s\000t\000a\000t\000e\000s\000,\000\040\000a\000n\000d\000\040\000p\000a\000r\000t\000i\000a\000l\000\040\000s\000y\000n\000c\000h\000r\000o\000n\000y}{section.9}% 32
\BOOKMARK [2][-]{subsection.9.7}{\376\377\000O\000b\000s\000e\000r\000v\000a\000b\000l\000e\000s\000\040\000a\000n\000d\000\040\000e\000m\000p\000i\000r\000i\000c\000a\000l\000\040\000m\000a\000p\000p\000i\000n\000g}{section.9}% 33
\BOOKMARK [2][-]{subsection.9.8}{\376\377\000S\000i\000m\000u\000l\000a\000t\000i\000o\000n\000\040\000a\000n\000d\000\040\000f\000i\000t\000t\000i\000n\000g\000\040\000n\000o\000t\000e\000s}{section.9}% 34
\BOOKMARK [2][-]{subsection.9.9}{\376\377\000S\000u\000m\000m\000a\000r\000y}{section.9}% 35
\BOOKMARK [2][-]{subsection.9.10}{\376\377\000B\000r\000o\000a\000d\000e\000r\000\040\000T\000h\000e\000o\000r\000e\000t\000i\000c\000a\000l\000\040\000L\000a\000n\000d\000s\000c\000a\000p\000e}{section.9}% 36
\BOOKMARK [2][-]{subsection.9.11}{\376\377\000C\000r\000i\000t\000i\000c\000a\000l\000\040\000E\000n\000g\000a\000g\000e\000m\000e\000n\000t\000\040\000w\000i\000t\000h\000\040\000E\000x\000i\000s\000t\000i\000n\000g\000\040\000F\000r\000a\000m\000e\000w\000o\000r\000k\000s}{section.9}% 37
\BOOKMARK [1][-]{section.10}{\376\377\000R\000S\000V\000P\000\040\000I\000n\000t\000e\000r\000p\000r\000e\000t\000a\000t\000i\000o\000n\000\040\000o\000f\000\040\000C\000o\000r\000t\000i\000c\000a\000l\000\040\000C\000y\000c\000l\000e\000s}{}% 38
\BOOKMARK [2][-]{subsection.10.1}{\376\377\000S\000t\000a\000b\000i\000l\000i\000t\000y\000\040\000A\000n\000a\000l\000y\000s\000i\000s\000\040\000o\000f\000\040\000L\000i\000m\000i\000t\000\040\000C\000y\000c\000l\000e\000s}{section.10}% 39
\BOOKMARK [2][-]{subsection.10.2}{\376\377\000I\000n\000f\000o\000r\000m\000a\000t\000i\000o\000n\000-\000T\000h\000e\000o\000r\000e\000t\000i\000c\000\040\000F\000o\000u\000n\000d\000a\000t\000i\000o\000n\000s}{section.10}% 40
\BOOKMARK [1][-]{section.11}{\376\377\000A\000n\000\040\000R\000S\000V\000P\040\023\000C\000P\000G\000\040\000U\000n\000i\000f\000i\000e\000d\000\040\000M\000o\000d\000e\000l\000\040\000o\000f\000\040\000C\000o\000g\000n\000i\000t\000i\000v\000e\000\040\000G\000a\000i\000t\000,\000\040\000M\000e\000m\000o\000r\000y\000\040\000L\000o\000o\000p\000s\000,\000\040\000a\000n\000d\000\040\000R\000E\000M\000\040\000D\000e\000s\000y\000n\000c\000h\000r\000o\000n\000i\000z\000a\000t\000i\000o\000n}{}% 41
\BOOKMARK [2][-]{subsection.11.1}{\376\377\000S\000t\000a\000t\000e\000\040\000v\000a\000r\000i\000a\000b\000l\000e\000s\000\040\000a\000n\000d\000\040\000s\000c\000a\000l\000e\000s}{section.11}% 42
\BOOKMARK [2][-]{subsection.11.2}{\376\377\000C\000o\000r\000t\000i\000c\000a\000l\000\040\000c\000y\000c\000l\000e\000\040\000l\000a\000y\000e\000r\000:\000\040\000c\000o\000m\000p\000l\000e\000x\000\040\000H\000o\000p\000f\000\040\000n\000e\000t\000w\000o\000r\000k\000\040\000w\000i\000t\000h\000\040\000d\000i\000r\000e\000c\000t\000e\000d\000\040\000s\000k\000e\000w}{section.11}% 43
\BOOKMARK [2][-]{subsection.11.3}{\376\377\000C\000P\000G\000\040\000c\000h\000a\000i\000n\000s\000:\000\040\000c\000o\000u\000p\000l\000e\000d\000-\000p\000h\000a\000s\000e\000\040\000o\000s\000c\000i\000l\000l\000a\000t\000o\000r\000s\000\040\000f\000o\000r\000\040\000m\000o\000t\000o\000r\000\040\000a\000n\000d\000\040\000m\000n\000e\000m\000o\000n\000i\000c\000\040\000l\000o\000o\000p\000s}{section.11}% 44
\BOOKMARK [2][-]{subsection.11.4}{\376\377\000C\000r\000o\000s\000s\000-\000l\000a\000y\000e\000r\000\040\000c\000o\000u\000p\000l\000i\000n\000g\000\040\000\050\000R\000S\000V\000P\000\040\000b\000i\000n\000d\000i\000n\000g\000\051}{section.11}% 45
\BOOKMARK [2][-]{subsection.11.5}{\376\377\000E\000n\000t\000r\000o\000p\000y\000\040\000p\000a\000c\000i\000n\000g\000\040\000a\000n\000d\000\040\000s\000l\000e\000e\000p\000\040\000r\000e\000g\000i\000m\000e\000s}{section.11}% 46
\BOOKMARK [2][-]{subsection.11.6}{\376\377\000M\000e\000a\000s\000u\000r\000e\000m\000e\000n\000t\000\040\000m\000o\000d\000e\000l\000\040\000a\000n\000d\000\040\000e\000m\000p\000i\000r\000i\000c\000a\000l\000\040\000m\000a\000p\000p\000i\000n\000g}{section.11}% 47
\BOOKMARK [2][-]{subsection.11.7}{\376\377\000P\000r\000e\000d\000i\000c\000t\000i\000o\000n\000s\000\040\000a\000n\000d\000\040\000t\000e\000s\000t\000s}{section.11}% 48
\BOOKMARK [2][-]{subsection.11.8}{\376\377\000N\000u\000m\000e\000r\000i\000c\000a\000l\000\040\000s\000c\000h\000e\000m\000e\000\040\000\050\000g\000r\000a\000p\000h\000\040\000f\000o\000r\000m\000\051}{section.11}% 49
\BOOKMARK [2][-]{subsection.11.9}{\376\377\000S\000t\000o\000c\000h\000a\000s\000t\000i\000c\000\040\000A\000n\000a\000l\000y\000s\000i\000s}{section.11}% 50
\BOOKMARK [2][-]{subsection.11.10}{\376\377\000F\000u\000l\000l\000\040\000F\000i\000e\000l\000d\000\040\000E\000q\000u\000a\000t\000i\000o\000n\000s}{section.11}% 51
\BOOKMARK [1][-]{section.12}{\376\377\000B\000a\000y\000e\000s\000i\000a\000n\000\040\000A\000n\000a\000l\000y\000s\000i\000s\000\040\000f\000o\000r\000\040\000R\000S\000V\000P\000-\000F\000r\000a\000m\000e\000d\000\040\000C\000o\000r\000t\000i\000c\000a\000l\000\040\000C\000y\000c\000l\000e\000s}{}% 52
\BOOKMARK [1][-]{section.13}{\376\377\000E\000m\000p\000i\000r\000i\000c\000a\000l\000\040\000T\000e\000s\000t\000a\000b\000i\000l\000i\000t\000y\000:\000\040\000P\000r\000o\000t\000o\000c\000o\000l\000s\000\040\000a\000n\000d\000\040\000P\000r\000e\000d\000i\000c\000t\000i\000o\000n\000s}{}% 53
\BOOKMARK [2][-]{subsection.13.1}{\376\377\000S\000t\000u\000d\000y\000\040\0001\000:\000\040\000R\000e\000s\000t\000i\000n\000g\000\040\000a\000n\000d\000\040\000T\000a\000s\000k\000\040\000M\000E\000G\000\040\040\024\000\040\000D\000e\000t\000e\000c\000t\000i\000o\000n\000\040\000a\000n\000d\000\040\000R\000e\000l\000i\000a\000b\000i\000l\000i\000t\000y\000\040\000o\000f\000\040\000C\000y\000c\000l\000e\000s}{section.13}% 54
\BOOKMARK [2][-]{subsection.13.2}{\376\377\000S\000t\000u\000d\000y\000\040\0002\000:\000\040\000B\000e\000h\000a\000v\000i\000o\000r\000a\000l\000\040\000C\000o\000u\000p\000l\000i\000n\000g\000\040\040\024\000\040\000P\000h\000a\000s\000e\000\040\000P\000r\000e\000d\000i\000c\000t\000s\000\040\000P\000e\000r\000f\000o\000r\000m\000a\000n\000c\000e}{section.13}% 55
\BOOKMARK [2][-]{subsection.13.3}{\376\377\000S\000t\000u\000d\000y\000\040\0003\000:\000\040\000S\000l\000e\000e\000p\000\040\000P\000o\000l\000y\000s\000o\000m\000n\000o\000g\000r\000a\000p\000h\000y\000\040\000\050\000P\000S\000G\000\051\000\040\040\024\000\040\000R\000E\000M\000\040\000D\000e\000s\000y\000n\000c\000h\000r\000o\000n\000i\000z\000a\000t\000i\000o\000n}{section.13}% 56
\BOOKMARK [2][-]{subsection.13.4}{\376\377\000S\000t\000u\000d\000y\000\040\0004\000:\000\040\000C\000l\000i\000n\000i\000c\000a\000l\000\040\000C\000o\000h\000o\000r\000t\000s\000\040\040\024\000\040\000C\000y\000c\000l\000e\000\040\000S\000i\000g\000n\000a\000t\000u\000r\000e\000s\000\040\000o\000f\000\040\000D\000i\000s\000o\000r\000d\000e\000r}{section.13}% 57
\BOOKMARK [2][-]{subsection.13.5}{\376\377\000S\000t\000u\000d\000y\000\040\0005\000:\000\040\000C\000a\000u\000s\000a\000l\000\040\000P\000e\000r\000t\000u\000r\000b\000a\000t\000i\000o\000n\000\040\040\024\000\040\000P\000h\000a\000s\000e\000-\000L\000o\000c\000k\000e\000d\000\040\000S\000t\000i\000m\000u\000l\000a\000t\000i\000o\000n}{section.13}% 58
\BOOKMARK [2][-]{subsection.13.6}{\376\377\000S\000t\000u\000d\000y\000\040\0006\000:\000\040\000C\000r\000o\000s\000s\000-\000S\000p\000e\000c\000i\000e\000s\000\040\000a\000n\000d\000\040\000M\000u\000l\000t\000i\000m\000o\000d\000a\000l\000\040\000V\000a\000l\000i\000d\000a\000t\000i\000o\000n}{section.13}% 59
\BOOKMARK [2][-]{subsection.13.7}{\376\377\000M\000e\000a\000s\000u\000r\000e\000m\000e\000n\000t\000\040\000M\000o\000d\000e\000l\000\040\000a\000n\000d\000\040\000D\000e\000r\000i\000v\000e\000d\000\040\000V\000a\000r\000i\000a\000b\000l\000e\000s}{section.13}% 60
\BOOKMARK [2][-]{subsection.13.8}{\376\377\000S\000t\000a\000t\000i\000s\000t\000i\000c\000a\000l\000\040\000P\000l\000a\000n\000\040\000a\000n\000d\000\040\000C\000o\000r\000r\000e\000c\000t\000i\000o\000n\000s}{section.13}% 61
\BOOKMARK [2][-]{subsection.13.9}{\376\377\000C\000o\000n\000f\000o\000u\000n\000d\000s\000\040\000a\000n\000d\000\040\000M\000i\000t\000i\000g\000a\000t\000i\000o\000n\000s}{section.13}% 62
\BOOKMARK [2][-]{subsection.13.10}{\376\377\000O\000p\000e\000n\000\040\000S\000c\000i\000e\000n\000c\000e\000\040\000a\000n\000d\000\040\000R\000e\000p\000r\000o\000d\000u\000c\000i\000b\000i\000l\000i\000t\000y}{section.13}% 63
\BOOKMARK [2][-]{subsection.13.11}{\376\377\000F\000a\000l\000s\000i\000f\000i\000a\000b\000l\000e\000\040\000C\000r\000i\000t\000e\000r\000i\000a}{section.13}% 64
\BOOKMARK [1][-]{section.14}{\376\377\000I\000n\000t\000e\000r\000d\000i\000s\000c\000i\000p\000l\000i\000n\000a\000r\000y\000\040\000C\000o\000n\000n\000e\000c\000t\000i\000o\000n\000s\000:\000\040\000C\000o\000g\000n\000i\000t\000i\000v\000e\000\040\000S\000c\000i\000e\000n\000c\000e\000\040\000I\000n\000t\000e\000g\000r\000a\000t\000i\000o\000n}{}% 65
\BOOKMARK [2][-]{subsection.14.1}{\376\377\000L\000a\000n\000g\000u\000a\000g\000e\000\040\000a\000n\000d\000\040\000G\000a\000i\000t}{section.14}% 66
\BOOKMARK [2][-]{subsection.14.2}{\376\377\000S\000o\000c\000i\000a\000l\000\040\000C\000o\000g\000n\000i\000t\000i\000o\000n}{section.14}% 67
\BOOKMARK [2][-]{subsection.14.3}{\376\377\000L\000e\000a\000r\000n\000i\000n\000g\000\040\000a\000n\000d\000\040\000M\000e\000m\000o\000r\000y}{section.14}% 68
\BOOKMARK [1][-]{section.15}{\376\377\000B\000r\000o\000a\000d\000e\000r\000\040\000S\000c\000i\000e\000n\000t\000i\000f\000i\000c\000\040\000C\000o\000n\000n\000e\000c\000t\000i\000o\000n\000s}{}% 69
\BOOKMARK [2][-]{subsection.15.1}{\376\377\000E\000v\000o\000l\000u\000t\000i\000o\000n\000a\000r\000y\000\040\000B\000i\000o\000l\000o\000g\000y}{section.15}% 70
\BOOKMARK [1][-]{section.16}{\376\377\000C\000a\000t\000e\000g\000o\000r\000y\000-\000T\000h\000e\000o\000r\000e\000t\000i\000c\000\040\000I\000n\000t\000e\000r\000p\000r\000e\000t\000a\000t\000i\000o\000n\000\040\000o\000f\000\040\000R\000S\000V\000P\040\023\000C\000P\000G}{}% 71
\BOOKMARK [2][-]{subsection.16.1}{\376\377\000O\000b\000j\000e\000c\000t\000s\000\040\000a\000n\000d\000\040\000M\000o\000r\000p\000h\000i\000s\000m\000s}{section.16}% 72
\BOOKMARK [2][-]{subsection.16.2}{\376\377\000C\000o\000m\000p\000o\000s\000i\000t\000i\000o\000n\000a\000l\000\040\000G\000a\000i\000t}{section.16}% 73
\BOOKMARK [1][-]{section.17}{\376\377\000S\000h\000e\000a\000f\000-\000T\000h\000e\000o\000r\000e\000t\000i\000c\000\040\000I\000n\000t\000e\000r\000p\000r\000e\000t\000a\000t\000i\000o\000n\000\040\000o\000f\000\040\000R\000S\000V\000P\040\023\000C\000P\000G}{}% 74
\BOOKMARK [2][-]{subsection.17.1}{\376\377\000O\000p\000e\000n\000\040\000C\000o\000v\000e\000r\000s\000\040\000o\000f\000\040\000C\000o\000g\000n\000i\000t\000i\000v\000e\000\040\000S\000p\000a\000c\000e}{section.17}% 75
\BOOKMARK [2][-]{subsection.17.2}{\376\377\000G\000l\000u\000i\000n\000g\000\040\000C\000o\000n\000d\000i\000t\000i\000o\000n\000s}{section.17}% 76
\BOOKMARK [2][-]{subsection.17.3}{\376\377\000M\000a\000r\000k\000o\000v\000\040\000B\000l\000a\000n\000k\000e\000t\000s\000\040\000a\000s\000\040\000S\000h\000e\000a\000v\000e\000s}{section.17}% 77
\BOOKMARK [1][-]{section.18}{\376\377\000H\000o\000m\000o\000t\000o\000p\000y\000-\000\040\000a\000n\000d\000\040\000T\000y\000p\000e\000-\000T\000h\000e\000o\000r\000e\000t\000i\000c\000\040\000P\000e\000r\000s\000p\000e\000c\000t\000i\000v\000e\000s\000\040\000o\000n\000\040\000R\000S\000V\000P\040\023\000C\000P\000G}{}% 78
\BOOKMARK [2][-]{subsection.18.1}{\376\377\000C\000y\000c\000l\000e\000s\000\040\000a\000s\000\040\000H\000o\000m\000o\000t\000o\000p\000y\000\040\000C\000l\000a\000s\000s\000e\000s}{section.18}% 79
\BOOKMARK [2][-]{subsection.18.2}{\376\377\000H\000i\000g\000h\000e\000r\000-\000C\000a\000t\000e\000g\000o\000r\000i\000c\000a\000l\000\040\000S\000y\000n\000c\000h\000r\000o\000n\000y}{section.18}% 80
\BOOKMARK [2][-]{subsection.18.3}{\376\377\000T\000y\000p\000e\000-\000T\000h\000e\000o\000r\000e\000t\000i\000c\000\040\000E\000n\000c\000o\000d\000i\000n\000g}{section.18}% 81
\BOOKMARK [2][-]{subsection.18.4}{\376\377\000P\000e\000r\000s\000i\000s\000t\000e\000n\000c\000e\000\040\000a\000n\000d\000\040\000T\000o\000p\000o\000l\000o\000g\000i\000c\000a\000l\000\040\000D\000a\000t\000a\000\040\000A\000n\000a\000l\000y\000s\000i\000s}{section.18}% 82
\BOOKMARK [2][-]{subsection.18.5}{\376\377\000S\000u\000m\000m\000a\000r\000y}{section.18}% 83
\BOOKMARK [2][-]{subsection.18.6}{\376\377\000E\000m\000p\000i\000r\000i\000c\000a\000l\000\040\000P\000r\000e\000d\000i\000c\000t\000i\000o\000n\000s\000\040\000f\000r\000o\000m\000\040\000t\000h\000e\000\040\000H\000o\000m\000o\000t\000o\000p\000y\000\040\000V\000i\000e\000w}{section.18}% 84
\BOOKMARK [2][-]{subsection.18.7}{\376\377\000M\000e\000t\000h\000o\000d\000s\000\040\000S\000k\000e\000t\000c\000h\000:\000\040\000T\000o\000p\000o\000l\000o\000g\000i\000c\000a\000l\000\040\000a\000n\000d\000\040\000G\000r\000o\000u\000p\000o\000i\000d\000\040\000A\000n\000a\000l\000y\000s\000e\000s\000\040\000o\000f\000\040\000C\000o\000r\000t\000i\000c\000a\000l\000\040\000C\000y\000c\000l\000e\000s}{section.18}% 85
\BOOKMARK [1][-]{section.19}{\376\377\000C\000o\000n\000c\000l\000u\000s\000i\000o\000n\000:\000\040\000T\000o\000w\000a\000r\000d\000\040\000a\000\040\000R\000h\000y\000t\000h\000m\000i\000c\000\040\000S\000c\000i\000e\000n\000c\000e\000\040\000o\000f\000\040\000C\000o\000n\000s\000c\000i\000o\000u\000s\000n\000e\000s\000s}{}% 86
\BOOKMARK [2][-]{subsection.19.1}{\376\377\000C\000o\000m\000p\000l\000e\000x\000\040\000S\000y\000s\000t\000e\000m\000s\000\040\000S\000c\000i\000e\000n\000c\000e}{section.19}% 87
\BOOKMARK [2][-]{subsection.19.2}{\376\377\000A\000p\000p\000l\000i\000e\000d\000\040\000F\000i\000e\000l\000d\000s}{section.19}% 88
\BOOKMARK [1][-]{section.20}{\376\377\000T\000e\000c\000h\000n\000i\000c\000a\000l\000\040\000E\000x\000p\000a\000n\000s\000i\000o\000n\000s\000:\000\040\000A\000d\000v\000a\000n\000c\000e\000d\000\040\000M\000a\000t\000h\000e\000m\000a\000t\000i\000c\000a\000l\000\040\000T\000o\000o\000l\000s}{}% 89
\BOOKMARK [2][-]{subsection.20.1}{\376\377\000I\000n\000f\000o\000r\000m\000a\000t\000i\000o\000n\000\040\000G\000e\000o\000m\000e\000t\000r\000y}{section.20}% 90
\BOOKMARK [2][-]{subsection.20.2}{\376\377\000D\000a\000t\000a\000\040\000A\000n\000a\000l\000y\000s\000i\000s\000\040\000T\000o\000o\000l\000s}{section.20}% 91
\BOOKMARK [1][-]{section.21}{\376\377\000P\000o\000t\000e\000n\000t\000i\000a\000l\000\040\000C\000h\000a\000l\000l\000e\000n\000g\000e\000s\000\040\000a\000n\000d\000\040\000S\000o\000l\000u\000t\000i\000o\000n\000s\000:\000\040\000C\000o\000m\000m\000o\000n\000\040\000P\000i\000t\000f\000a\000l\000l\000s}{}% 92
\BOOKMARK [1][-]{section.22}{\376\377\000C\000o\000n\000c\000l\000u\000s\000i\000o\000n\000:\000\040\000O\000s\000c\000i\000l\000l\000a\000t\000o\000r\000y\000\040\000A\000t\000t\000r\000a\000c\000t\000o\000r\000s\000\040\000a\000n\000d\000\040\000t\000h\000e\000\040\000R\000h\000y\000t\000h\000m\000i\000c\000\040\000S\000c\000i\000e\000n\000c\000e\000\040\000o\000f\000\040\000C\000o\000n\000s\000c\000i\000o\000u\000s\000n\000e\000s\000s}{}% 93
\BOOKMARK [1][-]{appendix.A}{\376\377\000M\000a\000t\000h\000e\000m\000a\000t\000i\000c\000a\000l\000\040\000F\000o\000r\000m\000a\000l\000i\000z\000a\000t\000i\000o\000n\000\040\000a\000n\000d\000\040\000S\000t\000a\000b\000i\000l\000i\000t\000y\000\040\000A\000n\000a\000l\000y\000s\000i\000s}{}% 94
\BOOKMARK [2][-]{subsection.A.1}{\376\377\000F\000i\000e\000l\000d\000\040\000E\000q\000u\000a\000t\000i\000o\000n\000s\000\040\000o\000f\000\040\000R\000S\000V\000P\040\023\000C\000P\000G}{appendix.A}% 95
\BOOKMARK [2][-]{subsection.A.2}{\376\377\000L\000i\000m\000i\000t\000\040\000C\000y\000c\000l\000e\000s\000\040\000a\000n\000d\000\040\000C\000P\000G\000\040\000D\000y\000n\000a\000m\000i\000c\000s}{appendix.A}% 96
\BOOKMARK [2][-]{subsection.A.3}{\376\377\000L\000y\000a\000p\000u\000n\000o\000v\000\040\000S\000t\000a\000b\000i\000l\000i\000t\000y}{appendix.A}% 97
\BOOKMARK [2][-]{subsection.A.4}{\376\377\000E\000n\000t\000r\000o\000p\000y\000\040\000F\000u\000n\000c\000t\000i\000o\000n\000a\000l\000\040\000a\000n\000d\000\040\000V\000a\000r\000i\000a\000t\000i\000o\000n\000a\000l\000\040\000P\000r\000i\000n\000c\000i\000p\000l\000e}{appendix.A}% 98
\BOOKMARK [1][-]{appendix.B}{\376\377\000E\000x\000p\000e\000r\000i\000m\000e\000n\000t\000a\000l\000\040\000P\000r\000o\000t\000o\000c\000o\000l\000s\000\040\000a\000n\000d\000\040\000P\000r\000e\000d\000i\000c\000t\000i\000o\000n\000s}{}% 99
\BOOKMARK [2][-]{subsection.B.1}{\376\377\000C\000o\000r\000e\000\040\000P\000r\000e\000d\000i\000c\000t\000i\000o\000n\000s}{appendix.B}% 100
\BOOKMARK [2][-]{subsection.B.2}{\376\377\000S\000t\000u\000d\000y\000\040\0001\000:\000\040\000M\000E\000G\000\040\000D\000e\000t\000e\000c\000t\000i\000o\000n\000\040\000o\000f\000\040\000C\000o\000r\000t\000i\000c\000a\000l\000\040\000C\000y\000c\000l\000e\000s}{appendix.B}% 101
\BOOKMARK [2][-]{subsection.B.3}{\376\377\000S\000t\000u\000d\000y\000\040\0002\000:\000\040\000M\000e\000m\000o\000r\000y\000\040\000L\000o\000o\000p\000s\000\040\000a\000n\000d\000\040\000W\000o\000r\000k\000i\000n\000g\000\040\000M\000e\000m\000o\000r\000y}{appendix.B}% 102
\BOOKMARK [2][-]{subsection.B.4}{\376\377\000S\000t\000u\000d\000y\000\040\0003\000:\000\040\000R\000E\000M\000\040\000D\000e\000s\000y\000n\000c\000h\000r\000o\000n\000i\000z\000a\000t\000i\000o\000n}{appendix.B}% 103
\BOOKMARK [2][-]{subsection.B.5}{\376\377\000S\000t\000u\000d\000y\000\040\0004\000:\000\040\000C\000l\000i\000n\000i\000c\000a\000l\000\040\000P\000o\000p\000u\000l\000a\000t\000i\000o\000n\000s}{appendix.B}% 104
\BOOKMARK [2][-]{subsection.B.6}{\376\377\000M\000u\000l\000t\000i\000-\000M\000o\000d\000a\000l\000\040\000V\000a\000l\000i\000d\000a\000t\000i\000o\000n}{appendix.B}% 105
\BOOKMARK [2][-]{subsection.B.7}{\376\377\000D\000a\000t\000a\000\040\000S\000h\000a\000r\000i\000n\000g\000\040\000a\000n\000d\000\040\000R\000e\000p\000r\000o\000d\000u\000c\000i\000b\000i\000l\000i\000t\000y}{appendix.B}% 106
\BOOKMARK [1][-]{appendix.C}{\376\377\000C\000o\000m\000p\000a\000r\000a\000t\000i\000v\000e\000\040\000F\000r\000a\000m\000e\000w\000o\000r\000k}{}% 107
\BOOKMARK [2][-]{subsection.C.1}{\376\377\000G\000l\000o\000b\000a\000l\000\040\000W\000o\000r\000k\000s\000p\000a\000c\000e\000\040\000T\000h\000e\000o\000r\000y\000\040\000\050\000G\000W\000T\000\051}{appendix.C}% 108
\BOOKMARK [2][-]{subsection.C.2}{\376\377\000A\000c\000t\000i\000v\000e\000\040\000I\000n\000f\000e\000r\000e\000n\000c\000e\000\040\000\050\000A\000I\000F\000\051}{appendix.C}% 109
\BOOKMARK [2][-]{subsection.C.3}{\376\377\000I\000n\000t\000e\000g\000r\000a\000t\000e\000d\000\040\000I\000n\000f\000o\000r\000m\000a\000t\000i\000o\000n\000\040\000T\000h\000e\000o\000r\000y\000\040\000\050\000I\000I\000T\000\051}{appendix.C}% 110
\BOOKMARK [2][-]{subsection.C.4}{\376\377\000D\000y\000n\000a\000m\000i\000c\000\040\000C\000o\000r\000e\000\040\000H\000y\000p\000o\000t\000h\000e\000s\000i\000s}{appendix.C}% 111
\BOOKMARK [2][-]{subsection.C.5}{\376\377\000A\000t\000t\000e\000n\000t\000i\000o\000n\000\040\000S\000c\000h\000e\000m\000a\000\040\000T\000h\000e\000o\000r\000y\000\040\000\050\000A\000S\000T\000\051}{appendix.C}% 112
\BOOKMARK [2][-]{subsection.C.6}{\376\377\000P\000r\000e\000d\000i\000c\000t\000i\000v\000e\000\040\000P\000r\000o\000c\000e\000s\000s\000i\000n\000g}{appendix.C}% 113
\BOOKMARK [2][-]{subsection.C.7}{\376\377\000R\000S\000V\000P\040\023\000C\000P\000G\000\040\000a\000s\000\040\000S\000y\000n\000t\000h\000e\000s\000i\000s}{appendix.C}% 114
\BOOKMARK [1][-]{appendix.D}{\376\377\000I\000n\000t\000e\000r\000d\000i\000s\000c\000i\000p\000l\000i\000n\000a\000r\000y\000\040\000C\000o\000n\000n\000e\000c\000t\000i\000o\000n\000s}{}% 115
\BOOKMARK [2][-]{subsection.D.1}{\376\377\000L\000a\000n\000g\000u\000a\000g\000e\000\040\000a\000s\000\040\000R\000h\000y\000t\000h\000m\000i\000c\000\040\000E\000n\000t\000r\000a\000i\000n\000m\000e\000n\000t}{appendix.D}% 116
\BOOKMARK [2][-]{subsection.D.2}{\376\377\000S\000o\000c\000i\000a\000l\000\040\000C\000o\000g\000n\000i\000t\000i\000o\000n\000\040\000a\000n\000d\000\040\000C\000o\000l\000l\000e\000c\000t\000i\000v\000e\000\040\000G\000a\000i\000t}{appendix.D}% 117
\BOOKMARK [2][-]{subsection.D.3}{\376\377\000L\000e\000a\000r\000n\000i\000n\000g\000\040\000a\000n\000d\000\040\000M\000e\000m\000o\000r\000y\000\040\000a\000s\000\040\000R\000h\000y\000t\000h\000m\000\040\000S\000t\000a\000b\000i\000l\000i\000z\000a\000t\000i\000o\000n}{appendix.D}% 118
\BOOKMARK [2][-]{subsection.D.4}{\376\377\000E\000v\000o\000l\000u\000t\000i\000o\000n\000a\000r\000y\000\040\000B\000i\000o\000l\000o\000g\000y\000\040\000a\000n\000d\000\040\000C\000o\000m\000p\000a\000r\000a\000t\000i\000v\000e\000\040\000G\000a\000i\000t}{appendix.D}% 119
\BOOKMARK [2][-]{subsection.D.5}{\376\377\000A\000p\000p\000l\000i\000e\000d\000\040\000C\000o\000n\000n\000e\000c\000t\000i\000o\000n\000s}{appendix.D}% 120
\BOOKMARK [2][-]{subsection.D.6}{\376\377\000S\000y\000n\000t\000h\000e\000s\000i\000s}{appendix.D}% 121
\BOOKMARK [1][-]{section*.33}{\376\377\000B\000i\000b\000l\000i\000o\000g\000r\000a\000p\000h\000y}{}% 122
