\BOOKMARK [1][-]{section.1}{\376\377\000T\000o\000w\000a\000r\000d\000\040\000a\000\040\000P\000h\000y\000s\000i\000c\000s\000\040\000o\000f\000\040\000U\000n\000d\000e\000r\000s\000t\000a\000n\000d\000i\000n\000g}{}% 1
\BOOKMARK [1][-]{section.2}{\376\377\000C\000o\000g\000n\000i\000t\000i\000v\000e\000\040\000R\000e\000s\000o\000u\000r\000c\000e\000\040\000T\000h\000e\000o\000r\000y\000\040\000a\000s\000\040\000E\000n\000e\000r\000g\000e\000t\000i\000c\000\040\000S\000u\000b\000s\000t\000r\000a\000t\000e}{}% 2
\BOOKMARK [2][-]{subsection.2.1}{\376\377\000H\000a\000m\000i\000l\000t\000o\000n\000i\000a\000n\000\040\000D\000y\000n\000a\000m\000i\000c\000s\000\040\000o\000f\000\040\000C\000o\000g\000n\000i\000t\000i\000o\000n}{section.2}% 3
\BOOKMARK [2][-]{subsection.2.2}{\376\377\000G\000a\000u\000g\000e\000-\000T\000h\000e\000o\000r\000e\000t\000i\000c\000\040\000F\000o\000r\000m\000u\000l\000a\000t\000i\000o\000n}{section.2}% 4
\BOOKMARK [2][-]{subsection.2.3}{\376\377\000T\000h\000e\000r\000m\000o\000d\000y\000n\000a\000m\000i\000c\000\040\000E\000n\000t\000r\000o\000p\000y\000\040\000a\000n\000d\000\040\000C\000o\000g\000n\000i\000t\000i\000v\000e\000\040\000S\000t\000a\000t\000e\000s}{section.2}% 5
\BOOKMARK [2][-]{subsection.2.4}{\376\377\000R\000e\000l\000a\000t\000i\000o\000n\000\040\000t\000o\000\040\000t\000h\000e\000\040\000F\000r\000e\000e\000-\000E\000n\000e\000r\000g\000y\000\040\000P\000r\000i\000n\000c\000i\000p\000l\000e}{section.2}% 6
\BOOKMARK [1][-]{section.3}{\376\377\000F\000i\000x\000e\000d\000-\000P\000o\000i\000n\000t\000\040\000C\000a\000u\000s\000a\000l\000i\000t\000y\000\040\000a\000s\000\040\000E\000v\000a\000l\000u\000a\000t\000i\000v\000e\000\040\000P\000r\000i\000n\000c\000i\000p\000l\000e}{}% 7
\BOOKMARK [2][-]{subsection.3.1}{\376\377\000F\000r\000o\000m\000\040\000E\000v\000a\000l\000u\000a\000t\000i\000o\000n\000\040\000t\000o\000\040\000E\000q\000u\000i\000l\000i\000b\000r\000i\000u\000m}{section.3}% 8
\BOOKMARK [2][-]{subsection.3.2}{\376\377\000R\000e\000c\000u\000r\000s\000i\000v\000e\000\040\000E\000v\000a\000l\000u\000a\000t\000i\000o\000n\000\040\000a\000n\000d\000\040\000I\000d\000e\000m\000p\000o\000t\000e\000n\000t\000\040\000C\000l\000o\000s\000u\000r\000e}{section.3}% 9
\BOOKMARK [2][-]{subsection.3.3}{\376\377\000E\000n\000t\000r\000o\000p\000y\000,\000\040\000E\000v\000a\000l\000u\000a\000t\000i\000o\000n\000,\000\040\000a\000n\000d\000\040\000t\000h\000e\000\040\000A\000r\000r\000o\000w\000\040\000o\000f\000\040\000C\000o\000m\000p\000r\000e\000h\000e\000n\000s\000i\000o\000n}{section.3}% 10
\BOOKMARK [2][-]{subsection.3.4}{\376\377\000F\000i\000x\000e\000d\000\040\000P\000o\000i\000n\000t\000s\000\040\000a\000s\000\040\000t\000h\000e\000\040\000L\000i\000m\000i\000t\000s\000\040\000o\000f\000\040\000I\000n\000f\000e\000r\000e\000n\000c\000e}{section.3}% 11
\BOOKMARK [1][-]{section.4}{\376\377\000R\000S\000V\000P\000\040\000a\000n\000d\000\040\000t\000h\000e\000\040\000E\000n\000t\000r\000o\000p\000i\000c\000\040\000G\000e\000o\000m\000e\000t\000r\000y\000\040\000o\000f\000\040\000T\000h\000o\000u\000g\000h\000t}{}% 12
\BOOKMARK [2][-]{subsection.4.1}{\376\377\000S\000c\000a\000l\000a\000r\000\040\000P\000o\000t\000e\000n\000t\000i\000a\000l\000\040\000a\000n\000d\000\040\000C\000o\000n\000c\000e\000p\000t\000u\000a\000l\000\040\000C\000a\000p\000a\000c\000i\000t\000y}{section.4}% 13
\BOOKMARK [2][-]{subsection.4.2}{\376\377\000V\000e\000c\000t\000o\000r\000\040\000F\000l\000o\000w\000\040\000a\000n\000d\000\040\000I\000n\000f\000e\000r\000e\000n\000c\000e\000\040\000D\000y\000n\000a\000m\000i\000c\000s}{section.4}% 14
\BOOKMARK [2][-]{subsection.4.3}{\376\377\000E\000n\000t\000r\000o\000p\000y\000\040\000a\000n\000d\000\040\000C\000o\000g\000n\000i\000t\000i\000v\000e\000\040\000D\000i\000v\000e\000r\000s\000i\000t\000y}{section.4}% 15
\BOOKMARK [2][-]{subsection.4.4}{\376\377\000G\000e\000o\000m\000e\000t\000r\000i\000c\000\040\000U\000n\000i\000f\000i\000c\000a\000t\000i\000o\000n\000\040\000o\000f\000\040\000C\000R\000T\000\040\000a\000n\000d\000\040\000F\000P\000C}{section.4}% 16
\BOOKMARK [2][-]{subsection.4.5}{\376\377\000E\000n\000t\000r\000o\000p\000i\000c\000\040\000G\000e\000o\000m\000e\000t\000r\000y\000\040\000a\000n\000d\000\040\000C\000o\000n\000s\000c\000i\000o\000u\000s\000\040\000M\000e\000d\000i\000a\000t\000i\000o\000n}{section.4}% 17
\BOOKMARK [2][-]{subsection.4.6}{\376\377\000S\000u\000m\000m\000a\000r\000y\000\040\000o\000f\000\040\000t\000h\000e\000\040\000T\000r\000i\000a\000d\000i\000c\000\040\000C\000o\000r\000r\000e\000s\000p\000o\000n\000d\000e\000n\000c\000e}{section.4}% 18
\BOOKMARK [1][-]{section.5}{\376\377\000T\000h\000e\000\040\000D\000e\000c\000e\000l\000e\000r\000a\000t\000i\000o\000n\000i\000s\000t\000\040\000M\000a\000n\000i\000f\000o\000l\000d\000:\000\040\000S\000e\000v\000e\000n\000\040\000M\000o\000d\000e\000s\000\040\000o\000f\000\040\000L\000e\000a\000r\000n\000i\000n\000g}{}% 19
\BOOKMARK [2][-]{subsection.5.1}{\376\377\000P\000e\000d\000a\000g\000o\000g\000y\000\040\000a\000s\000\040\000E\000n\000t\000r\000o\000p\000y\000\040\000M\000a\000n\000a\000g\000e\000m\000e\000n\000t}{section.5}% 20
\BOOKMARK [2][-]{subsection.5.2}{\376\377\000I\000n\000s\000t\000i\000t\000u\000t\000i\000o\000n\000a\000l\000\040\000T\000h\000e\000r\000m\000o\000d\000y\000n\000a\000m\000i\000c\000s}{section.5}% 21
\BOOKMARK [2][-]{subsection.5.3}{\376\377\000E\000t\000h\000i\000c\000a\000l\000\040\000C\000l\000o\000s\000u\000r\000e\000\040\000a\000n\000d\000\040\000t\000h\000e\000\040\000A\000r\000r\000o\000w\000\040\000o\000f\000\040\000C\000i\000v\000i\000l\000i\000z\000a\000t\000i\000o\000n}{section.5}% 22
\BOOKMARK [2][-]{subsection.5.4}{\376\377\000C\000i\000v\000i\000l\000i\000z\000a\000t\000i\000o\000n\000\040\000a\000s\000\040\000a\000\040\000S\000e\000l\000f\000-\000C\000o\000n\000s\000i\000s\000t\000e\000n\000t\000\040\000E\000v\000a\000l\000u\000a\000t\000o\000r}{section.5}% 23
\BOOKMARK [2][-]{subsection.5.5}{\376\377\000S\000u\000m\000m\000a\000r\000y\000\040\000E\000q\000u\000a\000t\000i\000o\000n\000:\000\040\000T\000h\000e\000\040\000E\000v\000a\000l\000u\000a\000t\000i\000v\000e\000\040\000C\000o\000n\000t\000i\000n\000u\000u\000m}{section.5}% 24
\BOOKMARK [1][-]{section.6}{\376\377\000D\000i\000s\000c\000u\000s\000s\000i\000o\000n\000\040\000a\000n\000d\000\040\000F\000u\000t\000u\000r\000e\000\040\000D\000i\000r\000e\000c\000t\000i\000o\000n\000s}{}% 25
\BOOKMARK [2][-]{subsection.6.1}{\376\377\000U\000n\000i\000f\000i\000e\000d\000\040\000O\000n\000t\000o\000l\000o\000g\000y\000\040\000o\000f\000\040\000C\000o\000g\000n\000i\000t\000i\000o\000n\000\040\000a\000n\000d\000\040\000C\000i\000v\000i\000l\000i\000z\000a\000t\000i\000o\000n}{section.6}% 26
\BOOKMARK [2][-]{subsection.6.2}{\376\377\000P\000r\000e\000d\000i\000c\000t\000i\000v\000e\000\040\000C\000o\000n\000s\000e\000q\000u\000e\000n\000c\000e\000s}{section.6}% 27
\BOOKMARK [2][-]{subsection.6.3}{\376\377\000T\000h\000e\000\040\000A\000r\000r\000o\000w\000\040\000o\000f\000\040\000R\000e\000f\000l\000e\000c\000t\000i\000o\000n}{section.6}% 28
\BOOKMARK [2][-]{subsection.6.4}{\376\377\000T\000o\000w\000a\000r\000d\000\040\000a\000n\000\040\000E\000n\000t\000r\000o\000p\000i\000c\000\040\000E\000t\000h\000i\000c\000s}{section.6}% 29
\BOOKMARK [2][-]{subsection.6.5}{\376\377\000F\000u\000t\000u\000r\000e\000\040\000D\000i\000r\000e\000c\000t\000i\000o\000n\000s}{section.6}% 30
\BOOKMARK [1][-]{appendix.A}{\376\377\000M\000a\000t\000h\000e\000m\000a\000t\000i\000c\000a\000l\000\040\000F\000o\000r\000m\000a\000l\000i\000s\000m}{}% 31
\BOOKMARK [2][-]{subsection.A.1}{\376\377\000C\000o\000r\000e\000\040\000I\000n\000v\000a\000r\000i\000a\000n\000t\000s}{appendix.A}% 32
\BOOKMARK [2][-]{subsection.A.2}{\376\377\000F\000i\000x\000e\000d\000-\000P\000o\000i\000n\000t\000\040\000O\000p\000e\000r\000a\000t\000o\000r}{appendix.A}% 33
\BOOKMARK [2][-]{subsection.A.3}{\376\377\000H\000a\000m\000i\000l\000t\000o\000n\000i\000a\000n\000\040\000a\000n\000d\000\040\000L\000a\000g\000r\000a\000n\000g\000i\000a\000n\000\040\000F\000o\000r\000m\000s}{appendix.A}% 34
\BOOKMARK [2][-]{subsection.A.4}{\376\377\000E\000n\000t\000r\000o\000p\000i\000c\000\040\000P\000o\000t\000e\000n\000t\000i\000a\000l\000\040\000a\000n\000d\000\040\000G\000a\000u\000g\000e\000\040\000S\000t\000r\000u\000c\000t\000u\000r\000e}{appendix.A}% 35
\BOOKMARK [2][-]{subsection.A.5}{\376\377\000V\000a\000r\000i\000a\000t\000i\000o\000n\000a\000l\000\040\000C\000o\000u\000p\000l\000i\000n\000g\000\040\000o\000f\000\040\000C\000R\000T\000,\000\040\000F\000P\000C\000,\000\040\000a\000n\000d\000\040\000R\000S\000V\000P}{appendix.A}% 36
\BOOKMARK [2][-]{subsection.A.6}{\376\377\000H\000i\000e\000r\000a\000r\000c\000h\000y\000\040\000o\000f\000\040\000O\000p\000e\000r\000a\000t\000o\000r\000s}{appendix.A}% 37
\BOOKMARK [2][-]{subsection.A.7}{\376\377\000S\000c\000a\000l\000i\000n\000g\000\040\000L\000a\000w}{appendix.A}% 38
\BOOKMARK [1][-]{appendix.B}{\376\377\000E\000m\000p\000i\000r\000i\000c\000a\000l\000\040\000a\000n\000d\000\040\000C\000o\000m\000p\000u\000t\000a\000t\000i\000o\000n\000a\000l\000\040\000M\000e\000t\000h\000o\000d\000s}{}% 39
\BOOKMARK [2][-]{subsection.B.1}{\376\377\000E\000m\000p\000i\000r\000i\000c\000a\000l\000\040\000V\000a\000l\000i\000d\000a\000t\000i\000o\000n\000\040\000S\000t\000r\000a\000t\000e\000g\000y}{appendix.B}% 40
\BOOKMARK [2][-]{subsection.B.2}{\376\377\000C\000o\000m\000p\000u\000t\000a\000t\000i\000o\000n\000a\000l\000\040\000S\000i\000m\000u\000l\000a\000t\000i\000o\000n}{appendix.B}% 41
\BOOKMARK [2][-]{subsection.B.3}{\376\377\000D\000a\000t\000a\000\040\000A\000n\000a\000l\000y\000s\000i\000s\000\040\000a\000n\000d\000\040\000V\000i\000s\000u\000a\000l\000i\000z\000a\000t\000i\000o\000n}{appendix.B}% 42
\BOOKMARK [2][-]{subsection.B.4}{\376\377\000I\000n\000t\000e\000g\000r\000a\000t\000i\000o\000n\000\040\000w\000i\000t\000h\000\040\000C\000o\000g\000n\000i\000t\000i\000v\000e\000\040\000R\000e\000s\000o\000u\000r\000c\000e\000\040\000T\000h\000e\000o\000r\000y}{appendix.B}% 43
\BOOKMARK [2][-]{subsection.B.5}{\376\377\000F\000u\000t\000u\000r\000e\000\040\000E\000m\000p\000i\000r\000i\000c\000a\000l\000\040\000D\000i\000r\000e\000c\000t\000i\000o\000n\000s}{appendix.B}% 44
\BOOKMARK [1][-]{appendix.C}{\376\377\000E\000x\000p\000e\000r\000i\000m\000e\000n\000t\000a\000l\000\040\000D\000e\000s\000i\000g\000n\000\040\000P\000r\000o\000t\000o\000c\000o\000l\000s}{}% 45
\BOOKMARK [2][-]{subsection.C.1}{\376\377\000O\000v\000e\000r\000v\000i\000e\000w}{appendix.C}% 46
\BOOKMARK [2][-]{subsection.C.2}{\376\377\000V\000a\000r\000i\000a\000b\000l\000e\000\040\000O\000p\000e\000r\000a\000t\000i\000o\000n\000a\000l\000i\000z\000a\000t\000i\000o\000n}{appendix.C}% 47
\BOOKMARK [2][-]{subsection.C.3}{\376\377\000E\000x\000p\000e\000r\000i\000m\000e\000n\000t\000a\000l\000\040\000H\000y\000p\000o\000t\000h\000e\000s\000e\000s}{appendix.C}% 48
\BOOKMARK [2][-]{subsection.C.4}{\376\377\000E\000x\000p\000e\000r\000i\000m\000e\000n\000t\000a\000l\000\040\000P\000i\000p\000e\000l\000i\000n\000e\000s}{appendix.C}% 49
\BOOKMARK [2][-]{subsection.C.5}{\376\377\000M\000e\000t\000r\000i\000c\000s\000\040\000a\000n\000d\000\040\000A\000n\000a\000l\000y\000s\000i\000s}{appendix.C}% 50
\BOOKMARK [2][-]{subsection.C.6}{\376\377\000I\000m\000p\000l\000e\000m\000e\000n\000t\000a\000t\000i\000o\000n\000\040\000P\000l\000a\000t\000f\000o\000r\000m\000s}{appendix.C}% 51
\BOOKMARK [2][-]{subsection.C.7}{\376\377\000E\000t\000h\000i\000c\000a\000l\000\040\000a\000n\000d\000\040\000P\000r\000a\000c\000t\000i\000c\000a\000l\000\040\000C\000o\000n\000s\000i\000d\000e\000r\000a\000t\000i\000o\000n\000s}{appendix.C}% 52
\BOOKMARK [1][-]{appendix.D}{\376\377\000C\000o\000m\000p\000a\000r\000a\000t\000i\000v\000e\000\040\000T\000h\000e\000o\000r\000i\000e\000s\000\040\000T\000a\000b\000l\000e}{}% 53
\BOOKMARK [2][-]{subsection.D.1}{\376\377\000C\000o\000n\000t\000e\000x\000t}{appendix.D}% 54
\BOOKMARK [2][-]{subsection.D.2}{\376\377\000I\000n\000t\000e\000r\000p\000r\000e\000t\000i\000v\000e\000\040\000O\000v\000e\000r\000v\000i\000e\000w}{appendix.D}% 55
\BOOKMARK [2][-]{subsection.D.3}{\376\377\000U\000n\000i\000f\000i\000e\000d\000\040\000S\000u\000m\000m\000a\000r\000y\000\040\000E\000q\000u\000a\000t\000i\000o\000n}{appendix.D}% 56
\BOOKMARK [1][-]{appendix.E}{\376\377\000C\000o\000n\000c\000e\000p\000t\000u\000a\000l\000\040\000T\000i\000m\000e\000l\000i\000n\000e\000\040\000a\000n\000d\000\040\000T\000h\000e\000o\000r\000e\000t\000i\000c\000a\000l\000\040\000L\000i\000n\000e\000a\000g\000e}{}% 57
\BOOKMARK [2][-]{subsection.E.1}{\376\377\000O\000r\000i\000g\000i\000n\000s\000\040\000i\000n\000\040\000P\000h\000y\000s\000i\000c\000s}{appendix.E}% 58
\BOOKMARK [2][-]{subsection.E.2}{\376\377\000T\000h\000e\000\040\000C\000o\000g\000n\000i\000t\000i\000v\000e\000\040\000a\000n\000d\000\040\000C\000o\000m\000p\000u\000t\000a\000t\000i\000o\000n\000a\000l\000\040\000T\000u\000r\000n}{appendix.E}% 59
\BOOKMARK [2][-]{subsection.E.3}{\376\377\000T\000h\000e\000\040\000R\000e\000l\000a\000t\000i\000v\000i\000s\000t\000i\000c\000\040\000S\000c\000a\000l\000a\000r\040\023\000V\000e\000c\000t\000o\000r\000\040\000P\000l\000e\000n\000u\000m\000\040\000\050\000R\000S\000V\000P\000\051}{appendix.E}% 60
\BOOKMARK [2][-]{subsection.E.4}{\376\377\000F\000i\000x\000e\000d\000-\000P\000o\000i\000n\000t\000\040\000C\000a\000u\000s\000a\000l\000i\000t\000y\000\040\000\050\000F\000P\000C\000\051}{appendix.E}% 61
\BOOKMARK [2][-]{subsection.E.5}{\376\377\000C\000o\000g\000n\000i\000t\000i\000v\000e\000\040\000R\000e\000s\000o\000u\000r\000c\000e\000\040\000T\000h\000e\000o\000r\000y\000\040\000\050\000C\000R\000T\000\051}{appendix.E}% 62
\BOOKMARK [2][-]{subsection.E.6}{\376\377\000I\000n\000t\000e\000g\000r\000a\000t\000i\000v\000e\000\040\000C\000o\000n\000v\000e\000r\000g\000e\000n\000c\000e\000\040\000\050\0002\0000\0002\0005\000\040\041\222\000\040\0002\0000\0003\0000\000+\000\051}{appendix.E}% 63
\BOOKMARK [1][-]{appendix.F}{\376\377\000E\000p\000i\000l\000o\000g\000u\000e\000:\000\040\000C\000i\000v\000i\000l\000i\000z\000a\000t\000i\000o\000n\000\040\000a\000s\000\040\000a\000\040\000L\000e\000a\000r\000n\000i\000n\000g\000\040\000U\000n\000i\000v\000e\000r\000s\000e}{}% 64
