\BOOKMARK [1][-]{section.1}{\376\377\000I\000n\000t\000r\000o\000d\000u\000c\000t\000i\000o\000n}{}% 1
\BOOKMARK [2][-]{subsection.1.1}{\376\377\000H\000i\000s\000t\000o\000r\000i\000c\000a\000l\000\040\000c\000o\000n\000t\000e\000x\000t\000:\000\040\000f\000r\000o\000m\000\040\000e\000x\000p\000a\000n\000s\000i\000o\000n\000\040\000a\000n\000d\000\040\000r\000e\000p\000r\000e\000s\000e\000n\000t\000a\000t\000i\000o\000n\000\040\000t\000o\000\040\000e\000v\000a\000l\000u\000a\000t\000i\000o\000n}{section.1}% 2
\BOOKMARK [2][-]{subsection.1.2}{\376\377\000F\000r\000o\000m\000\040\000r\000e\000c\000u\000r\000s\000i\000o\000n\000\040\000t\000o\000\040\000c\000o\000n\000t\000i\000n\000u\000a\000t\000i\000o\000n\000:\000\040\000t\000h\000e\000\040\000g\000r\000a\000m\000m\000a\000r\000\040\000o\000f\000\040\000c\000l\000o\000s\000u\000r\000e}{section.1}% 3
\BOOKMARK [2][-]{subsection.1.3}{\376\377\000O\000u\000t\000l\000i\000n\000e\000\040\000a\000n\000d\000\040\000c\000o\000n\000t\000r\000i\000b\000u\000t\000i\000o\000n\000s}{section.1}% 4
\BOOKMARK [1][-]{section.2}{\376\377\000F\000i\000x\000e\000d\040\023\000P\000o\000i\000n\000t\000\040\000C\000a\000u\000s\000a\000l\000i\000t\000y\000\040\000\050\000F\000P\000C\000\051}{}% 5
\BOOKMARK [2][-]{subsection.2.1}{\376\377\000D\000e\000f\000i\000n\000i\000t\000i\000o\000n\000:\000\040\000c\000a\000u\000s\000a\000l\000i\000t\000y\000\040\000a\000s\000\040\000i\000n\000v\000a\000r\000i\000a\000n\000c\000e\000\040\000u\000n\000d\000e\000r\000\040\000e\000v\000a\000l\000u\000a\000t\000i\000o\000n}{section.2}% 6
\BOOKMARK [2][-]{subsection.2.2}{\376\377\000L\000a\000z\000y\000\040\000c\000o\000n\000t\000i\000n\000u\000a\000t\000i\000o\000n\000\040\000a\000n\000d\000\040\000p\000r\000o\000x\000i\000m\000a\000l\000\040\000s\000t\000a\000t\000i\000o\000n\000a\000r\000i\000t\000y}{section.2}% 7
\BOOKMARK [2][-]{subsection.2.3}{\376\377\000O\000n\000t\000o\000l\000o\000g\000i\000c\000a\000l\000\040\000a\000n\000d\000\040\000e\000p\000i\000s\000t\000e\000m\000i\000c\000\040\000r\000e\000a\000d\000i\000n\000g}{section.2}% 8
\BOOKMARK [2][-]{subsection.2.4}{\376\377\000C\000o\000m\000p\000a\000r\000a\000t\000i\000v\000e\000\040\000p\000a\000r\000a\000d\000i\000g\000m\000s}{section.2}% 9
\BOOKMARK [2][-]{subsection.2.5}{\376\377\000R\000e\000m\000a\000r\000k\000s\000\040\000o\000n\000\040\000c\000o\000m\000p\000u\000t\000a\000t\000i\000o\000n\000\040\000a\000n\000d\000\040\000u\000n\000d\000e\000c\000i\000d\000a\000b\000i\000l\000i\000t\000y}{section.2}% 10
\BOOKMARK [1][-]{section.3}{\376\377\000T\000h\000e\000\040\000R\000S\000V\000P\000\040\000F\000i\000e\000l\000d\000\040\000T\000h\000e\000o\000r\000y\000\040\000u\000n\000d\000e\000r\000\040\000F\000i\000x\000e\000d\040\023\000P\000o\000i\000n\000t\000\040\000C\000a\000u\000s\000a\000l\000i\000t\000y}{}% 11
\BOOKMARK [2][-]{subsection.3.1}{\376\377\000M\000o\000t\000i\000v\000a\000t\000i\000o\000n\000\040\000a\000n\000d\000\040\000s\000t\000r\000u\000c\000t\000u\000r\000e\000\040\000o\000f\000\040\000t\000h\000e\000\040\000p\000l\000e\000n\000u\000m}{section.3}% 12
\BOOKMARK [2][-]{subsection.3.2}{\376\377\000G\000o\000v\000e\000r\000n\000i\000n\000g\000\040\000e\000q\000u\000a\000t\000i\000o\000n\000s}{section.3}% 13
\BOOKMARK [2][-]{subsection.3.3}{\376\377\000V\000a\000r\000i\000a\000t\000i\000o\000n\000a\000l\000\040\000f\000o\000r\000m\000u\000l\000a\000t\000i\000o\000n}{section.3}% 14
\BOOKMARK [2][-]{subsection.3.4}{\376\377\000E\000n\000t\000r\000o\000p\000i\000c\000\040\000p\000o\000t\000e\000n\000t\000i\000a\000l\000\040\000a\000n\000d\000\040\000g\000a\000u\000g\000e\000\040\000i\000n\000v\000a\000r\000i\000a\000n\000c\000e}{section.3}% 15
\BOOKMARK [2][-]{subsection.3.5}{\376\377\000B\000o\000u\000n\000d\000a\000r\000y\000\040\000c\000o\000n\000d\000i\000t\000i\000o\000n\000s\000\040\000a\000n\000d\000\040\000t\000h\000e\000\040\000o\000b\000s\000e\000r\000v\000e\000r\000\040\000a\000s\000\040\000t\000e\000r\000m}{section.3}% 16
\BOOKMARK [2][-]{subsection.3.6}{\376\377\000F\000i\000x\000e\000d\000\040\000p\000o\000i\000n\000t\000s\000\040\000a\000s\000\040\000s\000p\000a\000c\000e\000t\000i\000m\000e\000\040\000g\000e\000o\000m\000e\000t\000r\000y}{section.3}% 17
\BOOKMARK [2][-]{subsection.3.7}{\376\377\000N\000u\000m\000e\000r\000i\000c\000a\000l\000\040\000v\000e\000r\000i\000f\000i\000c\000a\000t\000i\000o\000n\000\040\000a\000n\000d\000\040\000r\000e\000l\000a\000x\000a\000t\000i\000o\000n\000\040\000s\000i\000m\000u\000l\000a\000t\000i\000o\000n}{section.3}% 18
\BOOKMARK [2][-]{subsection.3.8}{\376\377\000I\000n\000t\000e\000r\000p\000r\000e\000t\000a\000t\000i\000o\000n\000\040\000a\000n\000d\000\040\000r\000e\000l\000a\000t\000i\000o\000n\000\040\000t\000o\000\040\000t\000h\000e\000r\000m\000o\000d\000y\000n\000a\000m\000i\000c\000\040\000g\000r\000a\000v\000i\000t\000y}{section.3}% 19
\BOOKMARK [2][-]{subsection.3.9}{\376\377\000S\000u\000m\000m\000a\000r\000y}{section.3}% 20
\BOOKMARK [1][-]{section.4}{\376\377\000O\000r\000i\000g\000i\000n\000s\000\040\000a\000n\000d\000\040\000M\000e\000t\000h\000o\000d\000o\000l\000o\000g\000i\000c\000a\000l\000\040\000N\000o\000t\000e\000s}{}% 21
\BOOKMARK [2][-]{subsection.4.1}{\376\377\000R\000e\000j\000e\000c\000t\000i\000o\000n\000\040\000o\000f\000\040\000e\000x\000p\000l\000i\000c\000i\000t\000\040\000r\000e\000c\000u\000r\000s\000i\000o\000n}{section.4}% 22
\BOOKMARK [2][-]{subsection.4.2}{\376\377\000E\000n\000v\000i\000r\000o\000n\000m\000e\000n\000t\000a\000l\000\040\000r\000e\000c\000u\000r\000s\000i\000o\000n\000\040\000a\000n\000d\000\040\000r\000e\000f\000l\000e\000c\000t\000i\000v\000e\000\040\000m\000e\000a\000s\000u\000r\000e\000m\000e\000n\000t}{section.4}% 23
\BOOKMARK [2][-]{subsection.4.3}{\376\377\000M\000e\000a\000s\000u\000r\000e\000m\000e\000n\000t\000\040\000a\000s\000\040\000e\000v\000a\000l\000u\000a\000t\000i\000v\000e\000\040\000c\000l\000o\000s\000u\000r\000e}{section.4}% 24
\BOOKMARK [2][-]{subsection.4.4}{\376\377\000C\000o\000n\000n\000e\000c\000t\000i\000o\000n\000\040\000t\000o\000\040\000t\000h\000e\000\040\000C\000L\000I\000O\000\040\000a\000r\000c\000h\000i\000t\000e\000c\000t\000u\000r\000e}{section.4}% 25
\BOOKMARK [2][-]{subsection.4.5}{\376\377\000I\000m\000p\000l\000i\000c\000a\000t\000i\000o\000n\000s\000\040\000f\000o\000r\000\040\000m\000o\000d\000e\000l\000\040\000d\000e\000s\000i\000g\000n\000\040\000a\000n\000d\000\040\000e\000v\000a\000l\000u\000a\000t\000i\000o\000n}{section.4}% 26
\BOOKMARK [2][-]{subsection.4.6}{\376\377\000S\000u\000m\000m\000a\000r\000y}{section.4}% 27
\BOOKMARK [1][-]{section.5}{\376\377\000C\000L\000I\000O\000:\000\040\000C\000o\000g\000n\000i\000t\000i\000v\000e\000\040\000I\000m\000p\000l\000e\000m\000e\000n\000t\000a\000t\000i\000o\000n\000\040\000o\000f\000\040\000F\000i\000x\000e\000d\040\023\000P\000o\000i\000n\000t\000\040\000C\000a\000u\000s\000a\000l\000i\000t\000y}{}% 28
\BOOKMARK [2][-]{subsection.5.1}{\376\377\000D\000e\000f\000i\000n\000i\000t\000i\000o\000n\000\040\000o\000f\000\040\000t\000h\000e\000\040\000C\000L\000I\000O\000\040\000f\000u\000n\000c\000t\000o\000r}{section.5}% 29
\BOOKMARK [2][-]{subsection.5.2}{\376\377\000V\000a\000r\000i\000a\000t\000i\000o\000n\000a\000l\000\040\000f\000o\000r\000m\000u\000l\000a\000t\000i\000o\000n\000:\000\040\000f\000r\000e\000e\000-\000e\000n\000e\000r\000g\000y\000\040\000m\000i\000n\000i\000m\000i\000z\000a\000t\000i\000o\000n}{section.5}% 30
\BOOKMARK [2][-]{subsection.5.3}{\376\377\000D\000e\000r\000i\000v\000a\000t\000i\000o\000n\000\040\000o\000f\000\040\000t\000h\000e\000\040\000g\000r\000a\000d\000i\000e\000n\000t\000\040\000f\000l\000o\000w}{section.5}% 31
\BOOKMARK [2][-]{subsection.5.4}{\376\377\000P\000r\000e\000d\000i\000c\000t\000i\000v\000e\000\040\000c\000l\000o\000s\000u\000r\000e\000\040\000a\000n\000d\000\040\000c\000o\000g\000n\000i\000t\000i\000v\000e\000\040\000h\000a\000l\000t\000i\000n\000g}{section.5}% 32
\BOOKMARK [2][-]{subsection.5.5}{\376\377\000R\000e\000m\000a\000r\000k\000s\000\040\000o\000n\000\040\000e\000m\000b\000o\000d\000i\000m\000e\000n\000t\000\040\000a\000n\000d\000\040\000a\000u\000t\000o\000p\000o\000i\000e\000s\000i\000s}{section.5}% 33
\BOOKMARK [2][-]{subsection.5.6}{\376\377\000A\000g\000e\000n\000t\000\040\000a\000r\000c\000h\000i\000t\000e\000c\000t\000u\000r\000e\000\040\000a\000n\000d\000\040\000t\000h\000e\000\040\000H\000Y\000D\000R\000A\000\040\000l\000i\000n\000k}{section.5}% 34
\BOOKMARK [2][-]{subsection.5.7}{\376\377\000N\000e\000u\000r\000o\000c\000o\000g\000n\000i\000t\000i\000v\000e\000\040\000p\000r\000e\000d\000i\000c\000t\000i\000o\000n\000s\000\040\000a\000n\000d\000\040\000e\000m\000p\000i\000r\000i\000c\000a\000l\000\040\000s\000i\000g\000n\000a\000t\000u\000r\000e\000s}{section.5}% 35
\BOOKMARK [2][-]{subsection.5.8}{\376\377\000S\000u\000m\000m\000a\000r\000y\000:\000\040\000c\000o\000g\000n\000i\000t\000i\000o\000n\000\040\000a\000s\000\040\000e\000v\000a\000l\000u\000a\000t\000i\000v\000e\000\040\000p\000h\000y\000s\000i\000c\000s}{section.5}% 36
\BOOKMARK [1][-]{section.6}{\376\377\000C\000o\000m\000p\000u\000t\000a\000t\000i\000o\000n\000a\000l\000\040\000F\000r\000a\000m\000i\000n\000g}{}% 37
\BOOKMARK [2][-]{subsection.6.1}{\376\377\000M\000o\000t\000i\000v\000a\000t\000i\000o\000n\000:\000\040\000c\000o\000m\000p\000u\000t\000a\000t\000i\000o\000n\000\040\000a\000s\000\040\000e\000v\000a\000l\000u\000a\000t\000i\000v\000e\000\040\000p\000r\000o\000c\000e\000s\000s}{section.6}% 38
\BOOKMARK [2][-]{subsection.6.2}{\376\377\000L\000a\000z\000y\000\040\000e\000v\000a\000l\000u\000a\000t\000i\000o\000n\000\040\000a\000n\000d\000\040\000r\000e\000c\000u\000r\000s\000i\000o\000n}{section.6}% 39
\BOOKMARK [2][-]{subsection.6.3}{\376\377\000F\000i\000x\000e\000d\000-\000p\000o\000i\000n\000t\000\040\000c\000o\000m\000b\000i\000n\000a\000t\000o\000r\000s\000\040\000a\000n\000d\000\040\000t\000o\000t\000a\000l\000\040\000f\000u\000n\000c\000t\000i\000o\000n\000s}{section.6}% 40
\BOOKMARK [2][-]{subsection.6.4}{\376\377\000E\000n\000t\000r\000o\000p\000y\000\040\000a\000s\000\040\000t\000h\000e\000\040\000h\000a\000l\000t\000i\000n\000g\000\040\000c\000r\000i\000t\000e\000r\000i\000o\000n}{section.6}% 41
\BOOKMARK [2][-]{subsection.6.5}{\376\377\000C\000o\000m\000p\000u\000t\000a\000t\000i\000o\000n\000a\000l\000\040\000t\000h\000e\000r\000m\000o\000d\000y\000n\000a\000m\000i\000c\000s\000\040\000a\000n\000d\000\040\000e\000f\000f\000i\000c\000i\000e\000n\000c\000y}{section.6}% 42
\BOOKMARK [2][-]{subsection.6.6}{\376\377\000I\000m\000p\000l\000e\000m\000e\000n\000t\000a\000t\000i\000o\000n\000\040\000s\000k\000e\000t\000c\000h\000e\000s}{section.6}% 43
\BOOKMARK [2][-]{subsection.6.7}{\376\377\000D\000a\000t\000a\000f\000l\000o\000w\000\040\000i\000n\000t\000e\000r\000p\000r\000e\000t\000a\000t\000i\000o\000n}{section.6}% 44
\BOOKMARK [2][-]{subsection.6.8}{\376\377\000R\000e\000l\000a\000t\000i\000o\000n\000\040\000t\000o\000\040\000c\000a\000t\000e\000g\000o\000r\000y\000-\000t\000h\000e\000o\000r\000e\000t\000i\000c\000\040\000s\000e\000m\000a\000n\000t\000i\000c\000s}{section.6}% 45
\BOOKMARK [2][-]{subsection.6.9}{\376\377\000S\000u\000m\000m\000a\000r\000y}{section.6}% 46
\BOOKMARK [1][-]{section.7}{\376\377\000C\000o\000m\000p\000a\000r\000a\000n\000d\000a\000:\000\040\000P\000l\000a\000t\000o\000n\000i\000c\000\040\000H\000y\000p\000o\000t\000h\000e\000s\000e\000s\000\040\000a\000n\000d\000\040\000B\000e\000h\000a\000v\000i\000o\000r\000a\000l\000\040\000A\000l\000i\000g\000n\000m\000e\000n\000t}{}% 47
\BOOKMARK [2][-]{subsection.7.1}{\376\377\000F\000r\000o\000m\000\040\000i\000d\000e\000a\000l\000\040\000f\000o\000r\000m\000s\000\040\000t\000o\000\040\000e\000v\000a\000l\000u\000a\000t\000i\000v\000e\000\040\000i\000n\000v\000a\000r\000i\000a\000n\000t\000s}{section.7}% 48
\BOOKMARK [2][-]{subsection.7.2}{\376\377\000M\000a\000t\000h\000e\000m\000a\000t\000i\000c\000a\000l\000\040\000e\000x\000p\000r\000e\000s\000s\000i\000o\000n\000\040\000o\000f\000\040\000e\000v\000a\000l\000u\000a\000t\000i\000v\000e\000\040\000i\000n\000v\000a\000r\000i\000a\000n\000t\000s}{section.7}% 49
\BOOKMARK [2][-]{subsection.7.3}{\376\377\000C\000r\000i\000t\000i\000q\000u\000e\000\040\000o\000f\000\040\000b\000e\000h\000a\000v\000i\000o\000r\000i\000s\000t\000\040\000a\000l\000i\000g\000n\000m\000e\000n\000t\000:\000\040\000t\000h\000e\000\040\000l\000i\000m\000i\000t\000s\000\040\000o\000f\000\040\000R\000L\000H\000F}{section.7}% 50
\BOOKMARK [2][-]{subsection.7.4}{\376\377\000V\000e\000c\000t\000o\000r\000\040\000t\000r\000a\000n\000s\000f\000o\000r\000m\000a\000t\000i\000o\000n\000s\000\040\000o\000n\000\040\000c\000o\000m\000p\000l\000e\000x\000\040\000m\000a\000n\000i\000f\000o\000l\000d\000s}{section.7}% 51
\BOOKMARK [2][-]{subsection.7.5}{\376\377\000S\000e\000l\000e\000c\000t\000i\000o\000n\000\040\000d\000y\000n\000a\000m\000i\000c\000s\000\040\000a\000n\000d\000\040\000a\000t\000t\000r\000a\000c\000t\000o\000r\000\040\000c\000o\000n\000v\000e\000r\000g\000e\000n\000c\000e}{section.7}% 52
\BOOKMARK [2][-]{subsection.7.6}{\376\377\000S\000y\000n\000t\000h\000e\000s\000i\000s\000\040\000a\000n\000d\000\040\000c\000o\000n\000s\000e\000q\000u\000e\000n\000c\000e\000s}{section.7}% 53
\BOOKMARK [1][-]{section.8}{\376\377\000T\000A\000R\000T\000A\000N\000\040\000a\000n\000d\000\040\000S\000e\000m\000a\000n\000t\000i\000c\000\040\000I\000n\000f\000r\000a\000s\000t\000r\000u\000c\000t\000u\000r\000e}{}% 54
\BOOKMARK [2][-]{subsection.8.1}{\376\377\000T\000A\000R\000T\000A\000N\000\040\000a\000s\000\040\000e\000n\000t\000r\000o\000p\000i\000c\000\040\000t\000i\000l\000i\000n\000g}{section.8}% 55
\BOOKMARK [2][-]{subsection.8.2}{\376\377\000A\000n\000n\000o\000t\000a\000t\000e\000d\000\040\000n\000o\000i\000s\000e\000\040\000a\000n\000d\000\040\000s\000e\000m\000a\000n\000t\000i\000c\000\040\000r\000e\000s\000o\000l\000u\000t\000i\000o\000n}{section.8}% 56
\BOOKMARK [2][-]{subsection.8.3}{\376\377\000H\000o\000m\000o\000t\000o\000p\000y\000\040\000c\000o\000l\000i\000m\000i\000t\000s\000\040\000a\000s\000\040\000s\000e\000m\000a\000n\000t\000i\000c\000\040\000m\000e\000r\000g\000e\000\040\000o\000p\000e\000r\000a\000t\000o\000r\000s}{section.8}% 57
\BOOKMARK [2][-]{subsection.8.4}{\376\377\000C\000a\000t\000e\000g\000o\000r\000y\000-\000t\000h\000e\000o\000r\000e\000t\000i\000c\000\040\000i\000n\000t\000e\000r\000p\000r\000e\000t\000a\000t\000i\000o\000n\000\040\000o\000f\000\040\000F\000P\000C}{section.8}% 58
\BOOKMARK [2][-]{subsection.8.5}{\376\377\000C\000o\000n\000t\000i\000n\000u\000a\000t\000i\000o\000n\000\040\000m\000o\000r\000p\000h\000i\000s\000m\000s\000\040\000i\000n\000\040\000s\000e\000m\000a\000n\000t\000i\000c\000\040\000i\000n\000f\000r\000a\000s\000t\000r\000u\000c\000t\000u\000r\000e}{section.8}% 59
\BOOKMARK [2][-]{subsection.8.6}{\376\377\000I\000n\000t\000e\000r\000p\000r\000e\000t\000a\000t\000i\000o\000n\000\040\000a\000n\000d\000\040\000i\000m\000p\000l\000i\000c\000a\000t\000i\000o\000n\000s}{section.8}% 60
\BOOKMARK [1][-]{section.9}{\376\377\000C\000o\000g\000n\000i\000t\000i\000v\000e\040\023\000P\000h\000y\000s\000i\000c\000a\000l\000\040\000I\000s\000o\000m\000o\000r\000p\000h\000i\000s\000m}{}% 61
\BOOKMARK [2][-]{subsection.9.1}{\376\377\000U\000n\000i\000f\000i\000e\000d\000\040\000g\000r\000a\000m\000m\000a\000r\000\040\000o\000f\000\040\000e\000v\000a\000l\000u\000a\000t\000i\000o\000n}{section.9}% 62
\BOOKMARK [2][-]{subsection.9.2}{\376\377\000P\000a\000r\000a\000l\000l\000e\000l\000\040\000s\000t\000r\000u\000c\000t\000u\000r\000e\000\040\000o\000f\000\040\000d\000o\000m\000a\000i\000n\000s}{section.9}% 63
\BOOKMARK [2][-]{subsection.9.3}{\376\377\000O\000b\000s\000e\000r\000v\000e\000r\000s\000\040\000a\000s\000\040\000b\000o\000u\000n\000d\000a\000r\000y\000\040\000c\000o\000n\000d\000i\000t\000i\000o\000n\000s}{section.9}% 64
\BOOKMARK [2][-]{subsection.9.4}{\376\377\000V\000i\000v\000i\000c\000e\000p\000t\000i\000o\000n\000\040\000a\000n\000d\000\040\000s\000e\000l\000f\000-\000c\000o\000n\000s\000i\000s\000t\000e\000n\000t\000\040\000o\000b\000s\000e\000r\000v\000a\000t\000i\000o\000n}{section.9}% 65
\BOOKMARK [2][-]{subsection.9.5}{\376\377\000E\000t\000h\000i\000c\000a\000l\000\040\000c\000l\000o\000s\000u\000r\000e\000\040\000a\000n\000d\000\040\000m\000u\000t\000u\000a\000l\000\040\000c\000o\000r\000r\000i\000g\000i\000b\000i\000l\000i\000t\000y}{section.9}% 66
\BOOKMARK [2][-]{subsection.9.6}{\376\377\000F\000o\000r\000m\000a\000l\000\040\000e\000q\000u\000i\000v\000a\000l\000e\000n\000c\000e\000\040\000o\000f\000\040\000a\000c\000t\000i\000o\000n\000\040\000p\000r\000i\000n\000c\000i\000p\000l\000e\000s}{section.9}% 67
\BOOKMARK [2][-]{subsection.9.7}{\376\377\000I\000n\000t\000e\000r\000p\000r\000e\000t\000i\000v\000e\000\040\000c\000o\000n\000s\000e\000q\000u\000e\000n\000c\000e\000s}{section.9}% 68
\BOOKMARK [2][-]{subsection.9.8}{\376\377\000E\000m\000p\000i\000r\000i\000c\000a\000l\000\040\000a\000n\000d\000\040\000t\000h\000e\000o\000r\000e\000t\000i\000c\000a\000l\000\040\000r\000a\000m\000i\000f\000i\000c\000a\000t\000i\000o\000n\000s}{section.9}% 69
\BOOKMARK [2][-]{subsection.9.9}{\376\377\000S\000u\000m\000m\000a\000r\000y}{section.9}% 70
\BOOKMARK [1][-]{section.10}{\376\377\000I\000m\000p\000l\000i\000c\000a\000t\000i\000o\000n\000s\000\040\000a\000n\000d\000\040\000F\000u\000t\000u\000r\000e\000\040\000W\000o\000r\000k}{}% 71
\BOOKMARK [2][-]{subsection.10.1}{\376\377\000T\000h\000e\000o\000r\000e\000t\000i\000c\000a\000l\000\040\000p\000a\000y\000o\000f\000f\000s}{section.10}% 72
\BOOKMARK [2][-]{subsection.10.2}{\376\377\000R\000e\000f\000o\000r\000m\000u\000l\000a\000t\000i\000o\000n\000\040\000o\000f\000\040\000c\000o\000s\000m\000o\000l\000o\000g\000i\000c\000a\000l\000\040\000t\000h\000e\000o\000r\000y}{section.10}% 73
\BOOKMARK [2][-]{subsection.10.3}{\376\377\000N\000e\000u\000r\000o\000c\000o\000g\000n\000i\000t\000i\000v\000e\000\040\000p\000r\000e\000d\000i\000c\000t\000i\000o\000n\000s}{section.10}% 74
\BOOKMARK [2][-]{subsection.10.4}{\376\377\000C\000o\000m\000p\000u\000t\000a\000t\000i\000o\000n\000a\000l\000\040\000a\000p\000p\000l\000i\000c\000a\000t\000i\000o\000n\000s}{section.10}% 75
\BOOKMARK [2][-]{subsection.10.5}{\376\377\000P\000h\000i\000l\000o\000s\000o\000p\000h\000i\000c\000a\000l\000\040\000c\000o\000n\000s\000e\000q\000u\000e\000n\000c\000e\000s}{section.10}% 76
\BOOKMARK [2][-]{subsection.10.6}{\376\377\000I\000n\000t\000e\000g\000r\000a\000t\000i\000o\000n\000\040\000w\000i\000t\000h\000\040\000e\000x\000i\000s\000t\000i\000n\000g\000\040\000p\000a\000r\000a\000d\000i\000g\000m\000s}{section.10}% 77
\BOOKMARK [2][-]{subsection.10.7}{\376\377\000O\000p\000e\000n\000\040\000p\000r\000o\000b\000l\000e\000m\000s}{section.10}% 78
\BOOKMARK [2][-]{subsection.10.8}{\376\377\000F\000u\000t\000u\000r\000e\000\040\000d\000i\000r\000e\000c\000t\000i\000o\000n\000s}{section.10}% 79
\BOOKMARK [2][-]{subsection.10.9}{\376\377\000L\000o\000n\000g\000-\000t\000e\000r\000m\000\040\000v\000i\000s\000i\000o\000n}{section.10}% 80
\BOOKMARK [2][-]{subsection.10.10}{\376\377\000S\000u\000m\000m\000a\000r\000y}{section.10}% 81
\BOOKMARK [1][-]{section.11}{\376\377\000C\000o\000n\000c\000l\000u\000s\000i\000o\000n}{}% 82
\BOOKMARK [2][-]{subsection.11.1}{\376\377\000F\000r\000o\000m\000\040\000e\000x\000p\000a\000n\000s\000i\000o\000n\000\040\000t\000o\000\040\000e\000v\000a\000l\000u\000a\000t\000i\000o\000n}{section.11}% 83
\BOOKMARK [2][-]{subsection.11.2}{\376\377\000F\000r\000o\000m\000\040\000r\000e\000c\000u\000r\000s\000i\000o\000n\000\040\000t\000o\000\040\000c\000l\000o\000s\000u\000r\000e}{section.11}% 84
\BOOKMARK [2][-]{subsection.11.3}{\376\377\000F\000r\000o\000m\000\040\000o\000b\000s\000e\000r\000v\000a\000t\000i\000o\000n\000\040\000t\000o\000\040\000i\000n\000v\000a\000r\000i\000a\000n\000c\000e}{section.11}% 85
\BOOKMARK [2][-]{subsection.11.4}{\376\377\000F\000r\000o\000m\000\040\000e\000t\000h\000i\000c\000s\000\040\000t\000o\000\040\000e\000q\000u\000i\000l\000i\000b\000r\000i\000u\000m}{section.11}% 86
\BOOKMARK [2][-]{subsection.11.5}{\376\377\000F\000r\000o\000m\000\040\000d\000u\000a\000l\000i\000s\000m\000\040\000t\000o\000\040\000e\000n\000t\000r\000o\000p\000i\000c\000\040\000m\000o\000n\000i\000s\000m}{section.11}% 87
\BOOKMARK [2][-]{subsection.11.6}{\376\377\000F\000r\000o\000m\000\040\000m\000e\000a\000n\000i\000n\000g\000\040\000t\000o\000\040\000m\000e\000a\000s\000u\000r\000e}{section.11}% 88
\BOOKMARK [2][-]{subsection.11.7}{\376\377\000T\000h\000e\000\040\000u\000n\000i\000t\000y\000\040\000o\000f\000\040\000f\000i\000x\000e\000d\000-\000p\000o\000i\000n\000t\000\040\000c\000a\000u\000s\000a\000l\000i\000t\000y}{section.11}% 89
\BOOKMARK [2][-]{subsection.11.8}{\376\377\000F\000u\000t\000u\000r\000e\000\040\000p\000e\000r\000s\000p\000e\000c\000t\000i\000v\000e}{section.11}% 90
\BOOKMARK [2][-]{subsection.11.9}{\376\377\000C\000l\000o\000s\000i\000n\000g\000\040\000r\000e\000f\000l\000e\000c\000t\000i\000o\000n}{section.11}% 91
\BOOKMARK [1][-]{appendix.A}{\376\377\000D\000e\000r\000i\000v\000e\000d\000\040\000G\000e\000o\000m\000e\000t\000r\000y\000\040\000o\000f\000\040\000t\000h\000e\000\040\000C\000o\000a\000r\000s\000e\040\023\000G\000r\000a\000i\000n\000i\000n\000g\000\040\000F\000u\000n\000c\000t\000o\000r}{}% 92
\BOOKMARK [2][-]{subsection.A.1}{\376\377\000O\000v\000e\000r\000v\000i\000e\000w}{appendix.A}% 93
\BOOKMARK [2][-]{subsection.A.2}{\376\377\000F\000u\000n\000c\000t\000o\000r\000i\000a\000l\000\040\000s\000t\000r\000u\000c\000t\000u\000r\000e}{appendix.A}% 94
\BOOKMARK [2][-]{subsection.A.3}{\376\377\000D\000e\000r\000i\000v\000e\000d\000\040\000s\000t\000a\000c\000k\000\040\000o\000f\000\040\000c\000o\000a\000r\000s\000e\000\040\000c\000o\000n\000f\000i\000g\000u\000r\000a\000t\000i\000o\000n\000s}{appendix.A}% 95
\BOOKMARK [2][-]{subsection.A.4}{\376\377\000P\000u\000s\000h\000f\000o\000r\000w\000a\000r\000d\000\040\000i\000n\000t\000e\000r\000p\000r\000e\000t\000a\000t\000i\000o\000n}{appendix.A}% 96
\BOOKMARK [2][-]{subsection.A.5}{\376\377\000P\000h\000y\000s\000i\000c\000a\000l\000\040\000i\000n\000t\000e\000r\000p\000r\000e\000t\000a\000t\000i\000o\000n}{appendix.A}% 97
\BOOKMARK [2][-]{subsection.A.6}{\376\377\000S\000u\000m\000m\000a\000r\000y}{appendix.A}% 98
\BOOKMARK [1][-]{appendix.B}{\376\377\000N\000u\000m\000e\000r\000i\000c\000a\000l\000\040\000V\000e\000r\000i\000f\000i\000c\000a\000t\000i\000o\000n\000\040\000o\000f\000\040\000U\000n\000i\000s\000t\000o\000c\000h\000a\000s\000t\000i\000c\000i\000t\000y}{}% 99
\BOOKMARK [2][-]{subsection.B.1}{\376\377\000C\000o\000n\000c\000e\000p\000t\000u\000a\000l\000\040\000b\000a\000c\000k\000g\000r\000o\000u\000n\000d}{appendix.B}% 100
\BOOKMARK [2][-]{subsection.B.2}{\376\377\000C\000o\000m\000p\000u\000t\000a\000t\000i\000o\000n\000a\000l\000\040\000s\000e\000t\000u\000p}{appendix.B}% 101
\BOOKMARK [2][-]{subsection.B.3}{\376\377\000V\000e\000r\000i\000f\000i\000c\000a\000t\000i\000o\000n\000\040\000p\000r\000o\000c\000e\000d\000u\000r\000e}{appendix.B}% 102
\BOOKMARK [2][-]{subsection.B.4}{\376\377\000E\000n\000t\000r\000o\000p\000y\000\040\000p\000r\000e\000s\000e\000r\000v\000a\000t\000i\000o\000n\000\040\000t\000e\000s\000t}{appendix.B}% 103
\BOOKMARK [2][-]{subsection.B.5}{\376\377\000I\000n\000t\000e\000r\000p\000r\000e\000t\000a\000t\000i\000o\000n}{appendix.B}% 104
\BOOKMARK [2][-]{subsection.B.6}{\376\377\000R\000e\000s\000u\000l\000t\000s\000\040\000a\000n\000d\000\040\000v\000i\000s\000u\000a\000l\000i\000z\000a\000t\000i\000o\000n}{appendix.B}% 105
\BOOKMARK [2][-]{subsection.B.7}{\376\377\000C\000o\000n\000c\000l\000u\000s\000i\000o\000n}{appendix.B}% 106
\BOOKMARK [1][-]{appendix.C}{\376\377\000H\000i\000s\000t\000o\000r\000i\000c\000a\000l\000\040\000D\000e\000v\000e\000l\000o\000p\000m\000e\000n\000t\000\040\000o\000f\000\040\000R\000o\000t\000a\000t\000i\000o\000n\000a\000l\000\040\000O\000n\000t\000o\000l\000o\000g\000y}{}% 107
\BOOKMARK [2][-]{subsection.C.1}{\376\377\000O\000v\000e\000r\000v\000i\000e\000w}{appendix.C}% 108
\BOOKMARK [2][-]{subsection.C.2}{\376\377\000C\000l\000a\000s\000s\000i\000c\000a\000l\000\040\000g\000e\000o\000m\000e\000t\000r\000y\000:\000\040\000E\000u\000c\000l\000i\000d\000\040\000a\000n\000d\000\040\000t\000h\000e\000\040\000b\000i\000r\000t\000h\000\040\000o\000f\000\040\000i\000n\000v\000a\000r\000i\000a\000n\000c\000e}{appendix.C}% 109
\BOOKMARK [2][-]{subsection.C.3}{\376\377\000H\000a\000m\000i\000l\000t\000o\000n\000i\000a\000n\000\040\000m\000e\000c\000h\000a\000n\000i\000c\000s\000\040\000a\000n\000d\000\040\000c\000o\000m\000p\000l\000e\000x\000\040\000r\000o\000t\000a\000t\000i\000o\000n}{appendix.C}% 110
\BOOKMARK [2][-]{subsection.C.4}{\376\377\000R\000e\000l\000a\000t\000i\000v\000i\000s\000t\000i\000c\000\040\000s\000y\000n\000t\000h\000e\000s\000i\000s\000:\000\040\000M\000i\000n\000k\000o\000w\000s\000k\000i\000\040\000a\000n\000d\000\040\000s\000p\000a\000c\000e\000t\000i\000m\000e\000\040\000r\000o\000t\000a\000t\000i\000o\000n}{appendix.C}% 111
\BOOKMARK [2][-]{subsection.C.5}{\376\377\000G\000a\000u\000g\000e\000\040\000f\000i\000e\000l\000d\000s\000\040\000a\000n\000d\000\040\000t\000h\000e\000\040\000g\000e\000n\000e\000r\000a\000l\000i\000z\000a\000t\000i\000o\000n\000\040\000o\000f\000\040\000r\000o\000t\000a\000t\000i\000o\000n}{appendix.C}% 112
\BOOKMARK [2][-]{subsection.C.6}{\376\377\000Q\000u\000a\000n\000t\000u\000m\000\040\000p\000h\000a\000s\000e\000\040\000a\000n\000d\000\040\000u\000n\000i\000s\000t\000o\000c\000h\000a\000s\000t\000i\000c\000\040\000r\000o\000t\000a\000t\000i\000o\000n}{appendix.C}% 113
\BOOKMARK [2][-]{subsection.C.7}{\376\377\000T\000o\000w\000a\000r\000d\000\040\000t\000h\000e\000\040\000p\000l\000e\000n\000u\000m\000:\000\040\000r\000o\000t\000a\000t\000i\000o\000n\000\040\000a\000s\000\040\000e\000v\000a\000l\000u\000a\000t\000i\000o\000n}{appendix.C}% 114
\BOOKMARK [2][-]{subsection.C.8}{\376\377\000P\000h\000i\000l\000o\000s\000o\000p\000h\000i\000c\000a\000l\000\040\000s\000y\000n\000t\000h\000e\000s\000i\000s}{appendix.C}% 115
\BOOKMARK [2][-]{subsection.C.9}{\376\377\000S\000u\000m\000m\000a\000r\000y}{appendix.C}% 116
\BOOKMARK [1][-]{appendix.D}{\376\377\000M\000a\000t\000h\000e\000m\000a\000t\000i\000c\000a\000l\000\040\000N\000o\000t\000e\000:\000\040\000F\000i\000x\000e\000d\040\023\000P\000o\000i\000n\000t\000\040\000O\000p\000e\000r\000a\000t\000o\000r}{}% 117
\BOOKMARK [2][-]{subsection.D.1}{\376\377\000D\000e\000f\000i\000n\000i\000t\000i\000o\000n}{appendix.D}% 118
\BOOKMARK [2][-]{subsection.D.2}{\376\377\000C\000o\000n\000t\000r\000a\000c\000t\000i\000o\000n\000\040\000p\000r\000o\000p\000e\000r\000t\000y}{appendix.D}% 119
\BOOKMARK [2][-]{subsection.D.3}{\376\377\000C\000o\000n\000n\000e\000c\000t\000i\000o\000n\000\040\000t\000o\000\040\000p\000r\000o\000x\000i\000m\000a\000l\000\040\000g\000r\000a\000d\000i\000e\000n\000t\000\040\000d\000e\000s\000c\000e\000n\000t}{appendix.D}% 120
\BOOKMARK [2][-]{subsection.D.4}{\376\377\000S\000p\000e\000c\000t\000r\000a\000l\000\040\000s\000t\000a\000b\000i\000l\000i\000t\000y\000\040\000a\000n\000a\000l\000y\000s\000i\000s}{appendix.D}% 121
\BOOKMARK [2][-]{subsection.D.5}{\376\377\000F\000i\000e\000l\000d\000-\000t\000h\000e\000o\000r\000e\000t\000i\000c\000\040\000g\000e\000n\000e\000r\000a\000l\000i\000z\000a\000t\000i\000o\000n}{appendix.D}% 122
\BOOKMARK [2][-]{subsection.D.6}{\376\377\000R\000e\000l\000a\000t\000i\000o\000n\000\040\000t\000o\000\040\000c\000a\000t\000e\000g\000o\000r\000i\000c\000a\000l\000\040\000f\000i\000x\000e\000d\000\040\000p\000o\000i\000n\000t\000s}{appendix.D}% 123
\BOOKMARK [2][-]{subsection.D.7}{\376\377\000S\000u\000m\000m\000a\000r\000y}{appendix.D}% 124
\BOOKMARK [1][-]{section*.9}{\376\377\000R\000e\000f\000e\000r\000e\000n\000c\000e\000s}{}% 125
\BOOKMARK [1][-]{section*.12}{\376\377\000A\000c\000k\000n\000o\000w\000l\000e\000d\000g\000m\000e\000n\000t\000s}{}% 126
\BOOKMARK [1][-]{section*.14}{\376\377\000T\000h\000e\000m\000a\000t\000i\000c\000\040\000I\000n\000d\000e\000x}{}% 127
